Command line invocation:
    /Applications/Xcode.app/Contents/Developer/usr/bin/xcodebuild -project /Users/anushka_sharma/Documents/FMS/FMS.xcodeproj -scheme FMS build -destination "generic/platform=iOS Simulator"

Resolve Package Graph


Resolved source packages:
  swift-asn1: https://github.com/apple/swift-asn1.git @ 1.7.0
  xctest-dynamic-overlay: https://github.com/pointfreeco/xctest-dynamic-overlay @ 1.9.0
  swift-clocks: https://github.com/pointfreeco/swift-clocks @ 1.0.6
  Supabase: https://github.com/supabase/supabase-swift @ 2.46.0
  swift-concurrency-extras: https://github.com/pointfreeco/swift-concurrency-extras @ 1.3.2
  swift-crypto: https://github.com/apple/swift-crypto.git @ 4.5.0
  swift-http-types: https://github.com/apple/swift-http-types.git @ 1.5.1

2026-05-29 10:07:07.810 xcodebuild[29733:517510] [MT] IDERunDestination: Supported platforms for the buildables in the current scheme is empty.
ComputePackagePrebuildTargetDependencyGraph

Prepare packages

CreateBuildRequest

SendProjectDescription

CreateBuildOperation

ComputeTargetDependencyGraph
note: Building targets in dependency order
note: Target dependency graph (23 targets)
    Target 'FMS' in project 'FMS'
        ➜ Explicit dependency on target 'Supabase' in project 'Supabase'
    Target 'Supabase' in project 'Supabase'
        ➜ Explicit dependency on target 'Supabase' in project 'Supabase'
        ➜ Explicit dependency on target 'Helpers' in project 'Supabase'
        ➜ Explicit dependency on target 'Auth' in project 'Supabase'
        ➜ Explicit dependency on target 'Functions' in project 'Supabase'
        ➜ Explicit dependency on target 'PostgREST' in project 'Supabase'
        ➜ Explicit dependency on target 'Realtime' in project 'Supabase'
        ➜ Explicit dependency on target 'Storage' in project 'Supabase'
        ➜ Explicit dependency on target 'ConcurrencyExtras' in project 'swift-concurrency-extras'
        ➜ Explicit dependency on target 'HTTPTypes' in project 'swift-http-types'
        ➜ Explicit dependency on target 'Clocks' in project 'swift-clocks'
        ➜ Explicit dependency on target 'XCTestDynamicOverlay' in project 'xctest-dynamic-overlay'
        ➜ Explicit dependency on target 'Crypto' in project 'swift-crypto'
        ➜ Explicit dependency on target 'IssueReporting' in project 'xctest-dynamic-overlay'
    Target 'Supabase' in project 'Supabase'
        ➜ Explicit dependency on target 'Helpers' in project 'Supabase'
        ➜ Explicit dependency on target 'Auth' in project 'Supabase'
        ➜ Explicit dependency on target 'Functions' in project 'Supabase'
        ➜ Explicit dependency on target 'PostgREST' in project 'Supabase'
        ➜ Explicit dependency on target 'Realtime' in project 'Supabase'
        ➜ Explicit dependency on target 'Storage' in project 'Supabase'
        ➜ Explicit dependency on target 'ConcurrencyExtras' in project 'swift-concurrency-extras'
        ➜ Explicit dependency on target 'HTTPTypes' in project 'swift-http-types'
        ➜ Explicit dependency on target 'Clocks' in project 'swift-clocks'
        ➜ Explicit dependency on target 'XCTestDynamicOverlay' in project 'xctest-dynamic-overlay'
        ➜ Explicit dependency on target 'Crypto' in project 'swift-crypto'
        ➜ Explicit dependency on target 'IssueReporting' in project 'xctest-dynamic-overlay'
    Target 'Storage' in project 'Supabase'
        ➜ Explicit dependency on target 'Helpers' in project 'Supabase'
        ➜ Explicit dependency on target 'ConcurrencyExtras' in project 'swift-concurrency-extras'
        ➜ Explicit dependency on target 'HTTPTypes' in project 'swift-http-types'
        ➜ Explicit dependency on target 'Clocks' in project 'swift-clocks'
        ➜ Explicit dependency on target 'XCTestDynamicOverlay' in project 'xctest-dynamic-overlay'
    Target 'Realtime' in project 'Supabase'
        ➜ Explicit dependency on target 'Helpers' in project 'Supabase'
        ➜ Explicit dependency on target 'ConcurrencyExtras' in project 'swift-concurrency-extras'
        ➜ Explicit dependency on target 'HTTPTypes' in project 'swift-http-types'
        ➜ Explicit dependency on target 'Clocks' in project 'swift-clocks'
        ➜ Explicit dependency on target 'XCTestDynamicOverlay' in project 'xctest-dynamic-overlay'
        ➜ Explicit dependency on target 'IssueReporting' in project 'xctest-dynamic-overlay'
    Target 'PostgREST' in project 'Supabase'
        ➜ Explicit dependency on target 'Helpers' in project 'Supabase'
        ➜ Explicit dependency on target 'ConcurrencyExtras' in project 'swift-concurrency-extras'
        ➜ Explicit dependency on target 'HTTPTypes' in project 'swift-http-types'
        ➜ Explicit dependency on target 'Clocks' in project 'swift-clocks'
        ➜ Explicit dependency on target 'XCTestDynamicOverlay' in project 'xctest-dynamic-overlay'
    Target 'Functions' in project 'Supabase'
        ➜ Explicit dependency on target 'Helpers' in project 'Supabase'
        ➜ Explicit dependency on target 'ConcurrencyExtras' in project 'swift-concurrency-extras'
        ➜ Explicit dependency on target 'HTTPTypes' in project 'swift-http-types'
        ➜ Explicit dependency on target 'Clocks' in project 'swift-clocks'
        ➜ Explicit dependency on target 'XCTestDynamicOverlay' in project 'xctest-dynamic-overlay'
    Target 'Auth' in project 'Supabase'
        ➜ Explicit dependency on target 'Helpers' in project 'Supabase'
        ➜ Explicit dependency on target 'ConcurrencyExtras' in project 'swift-concurrency-extras'
        ➜ Explicit dependency on target 'HTTPTypes' in project 'swift-http-types'
        ➜ Explicit dependency on target 'Clocks' in project 'swift-clocks'
        ➜ Explicit dependency on target 'XCTestDynamicOverlay' in project 'xctest-dynamic-overlay'
        ➜ Explicit dependency on target 'Crypto' in project 'swift-crypto'
    Target 'Crypto' in project 'swift-crypto'
        ➜ Explicit dependency on target 'Crypto' in project 'swift-crypto'
        ➜ Explicit dependency on target 'swift-crypto_Crypto' in project 'swift-crypto'
    Target 'Crypto' in project 'swift-crypto'
        ➜ Explicit dependency on target 'swift-crypto_Crypto' in project 'swift-crypto'
    Target 'swift-crypto_Crypto' in project 'swift-crypto' (no dependencies)
    Target 'Helpers' in project 'Supabase'
        ➜ Explicit dependency on target 'ConcurrencyExtras' in project 'swift-concurrency-extras'
        ➜ Explicit dependency on target 'HTTPTypes' in project 'swift-http-types'
        ➜ Explicit dependency on target 'Clocks' in project 'swift-clocks'
        ➜ Explicit dependency on target 'XCTestDynamicOverlay' in project 'xctest-dynamic-overlay'
    Target 'XCTestDynamicOverlay' in project 'xctest-dynamic-overlay'
        ➜ Explicit dependency on target 'XCTestDynamicOverlay' in project 'xctest-dynamic-overlay'
        ➜ Explicit dependency on target 'IssueReportingPackageSupport' in project 'xctest-dynamic-overlay'
        ➜ Explicit dependency on target 'IssueReporting' in project 'xctest-dynamic-overlay'
    Target 'XCTestDynamicOverlay' in project 'xctest-dynamic-overlay'
        ➜ Explicit dependency on target 'IssueReportingPackageSupport' in project 'xctest-dynamic-overlay'
        ➜ Explicit dependency on target 'IssueReporting' in project 'xctest-dynamic-overlay'
    Target 'Clocks' in project 'swift-clocks'
        ➜ Explicit dependency on target 'Clocks' in project 'swift-clocks'
        ➜ Explicit dependency on target 'ConcurrencyExtras' in project 'swift-concurrency-extras'
        ➜ Explicit dependency on target 'IssueReporting' in project 'xctest-dynamic-overlay'
    Target 'Clocks' in project 'swift-clocks'
        ➜ Explicit dependency on target 'ConcurrencyExtras' in project 'swift-concurrency-extras'
        ➜ Explicit dependency on target 'IssueReporting' in project 'xctest-dynamic-overlay'
    Target 'IssueReporting' in project 'xctest-dynamic-overlay'
        ➜ Explicit dependency on target 'IssueReporting' in project 'xctest-dynamic-overlay'
        ➜ Explicit dependency on target 'IssueReportingPackageSupport' in project 'xctest-dynamic-overlay'
    Target 'IssueReporting' in project 'xctest-dynamic-overlay'
        ➜ Explicit dependency on target 'IssueReportingPackageSupport' in project 'xctest-dynamic-overlay'
    Target 'IssueReportingPackageSupport' in project 'xctest-dynamic-overlay' (no dependencies)
    Target 'HTTPTypes' in project 'swift-http-types'
        ➜ Explicit dependency on target 'HTTPTypes' in project 'swift-http-types'
    Target 'HTTPTypes' in project 'swift-http-types' (no dependencies)
    Target 'ConcurrencyExtras' in project 'swift-concurrency-extras'
        ➜ Explicit dependency on target 'ConcurrencyExtras' in project 'swift-concurrency-extras'
    Target 'ConcurrencyExtras' in project 'swift-concurrency-extras' (no dependencies)

GatherProvisioningInputs

CreateBuildDescription

ExecuteExternalTool /Applications/Xcode.app/Contents/Developer/Toolchains/XcodeDefault.xctoolchain/usr/bin/swiftc --version

ExecuteExternalTool /Applications/Xcode.app/Contents/Developer/Toolchains/XcodeDefault.xctoolchain/usr/bin/clang -v -E -dM -isysroot /Applications/Xcode.app/Contents/Developer/Platforms/iPhoneSimulator.platform/Developer/SDKs/iPhoneSimulator26.2.sdk -x c -c /dev/null

ExecuteExternalTool /Applications/Xcode.app/Contents/Developer/usr/bin/actool --print-asset-tag-combinations --output-format xml1 /Users/anushka_sharma/Documents/FMS/FMS/Assets.xcassets

ExecuteExternalTool /Applications/Xcode.app/Contents/Developer/usr/bin/actool --version --output-format xml1

ExecuteExternalTool /Applications/Xcode.app/Contents/Developer/Toolchains/XcodeDefault.xctoolchain/usr/bin/ld -version_details

ReadFileContents /Applications/Xcode.app/Contents/Developer/Toolchains/XcodeDefault.xctoolchain/usr/share/docc/features.json

Build description signature: e28994771377c1a224ab71e4d0ae98f7
Build description path: /Users/anushka_sharma/Library/Developer/Xcode/DerivedData/FMS-cwjlkvbqxgbddsairyzxkfxaxriv/Build/Intermediates.noindex/XCBuildData/e28994771377c1a224ab71e4d0ae98f7.xcbuilddata
ClangStatCache /Applications/Xcode.app/Contents/Developer/Toolchains/XcodeDefault.xctoolchain/usr/bin/clang-stat-cache /Applications/Xcode.app/Contents/Developer/Platforms/iPhoneSimulator.platform/Developer/SDKs/iPhoneSimulator26.2.sdk /Users/anushka_sharma/Library/Developer/Xcode/DerivedData/SDKStatCaches.noindex/iphonesimulator26.2-23C53-7d00a8b37fbd7999ea79df8ebc024bf0.sdkstatcache
    cd /Users/anushka_sharma/Documents/FMS/FMS.xcodeproj
    /Applications/Xcode.app/Contents/Developer/Toolchains/XcodeDefault.xctoolchain/usr/bin/clang-stat-cache /Applications/Xcode.app/Contents/Developer/Platforms/iPhoneSimulator.platform/Developer/SDKs/iPhoneSimulator26.2.sdk -o /Users/anushka_sharma/Library/Developer/Xcode/DerivedData/SDKStatCaches.noindex/iphonesimulator26.2-23C53-7d00a8b37fbd7999ea79df8ebc024bf0.sdkstatcache

Copy /Users/anushka_sharma/Library/Developer/Xcode/DerivedData/FMS-cwjlkvbqxgbddsairyzxkfxaxriv/Build/Intermediates.noindex/GeneratedModuleMaps-iphonesimulator/Crypto.modulemap /Users/anushka_sharma/Library/Developer/Xcode/DerivedData/FMS-cwjlkvbqxgbddsairyzxkfxaxriv/Build/Intermediates.noindex/swift-crypto.build/Debug-iphonesimulator/Crypto.build/Crypto.modulemap (in target 'Crypto' from project 'swift-crypto')
    cd /Users/anushka_sharma/Library/Developer/Xcode/DerivedData/FMS-cwjlkvbqxgbddsairyzxkfxaxriv/SourcePackages/checkouts/swift-crypto
    builtin-copy -exclude .DS_Store -exclude CVS -exclude .svn -exclude .git -exclude .hg -resolve-src-symlinks /Users/anushka_sharma/Library/Developer/Xcode/DerivedData/FMS-cwjlkvbqxgbddsairyzxkfxaxriv/Build/Intermediates.noindex/swift-crypto.build/Debug-iphonesimulator/Crypto.build/Crypto.modulemap /Users/anushka_sharma/Library/Developer/Xcode/DerivedData/FMS-cwjlkvbqxgbddsairyzxkfxaxriv/Build/Intermediates.noindex/GeneratedModuleMaps-iphonesimulator

Copy /Users/anushka_sharma/Library/Developer/Xcode/DerivedData/FMS-cwjlkvbqxgbddsairyzxkfxaxriv/Build/Intermediates.noindex/GeneratedModuleMaps-iphonesimulator/XCTestDynamicOverlay.modulemap /Users/anushka_sharma/Library/Developer/Xcode/DerivedData/FMS-cwjlkvbqxgbddsairyzxkfxaxriv/Build/Intermediates.noindex/xctest-dynamic-overlay.build/Debug-iphonesimulator/XCTestDynamicOverlay.build/XCTestDynamicOverlay.modulemap (in target 'XCTestDynamicOverlay' from project 'xctest-dynamic-overlay')
    cd /Users/anushka_sharma/Library/Developer/Xcode/DerivedData/FMS-cwjlkvbqxgbddsairyzxkfxaxriv/SourcePackages/checkouts/xctest-dynamic-overlay
    builtin-copy -exclude .DS_Store -exclude CVS -exclude .svn -exclude .git -exclude .hg -resolve-src-symlinks /Users/anushka_sharma/Library/Developer/Xcode/DerivedData/FMS-cwjlkvbqxgbddsairyzxkfxaxriv/Build/Intermediates.noindex/xctest-dynamic-overlay.build/Debug-iphonesimulator/XCTestDynamicOverlay.build/XCTestDynamicOverlay.modulemap /Users/anushka_sharma/Library/Developer/Xcode/DerivedData/FMS-cwjlkvbqxgbddsairyzxkfxaxriv/Build/Intermediates.noindex/GeneratedModuleMaps-iphonesimulator

Copy /Users/anushka_sharma/Library/Developer/Xcode/DerivedData/FMS-cwjlkvbqxgbddsairyzxkfxaxriv/Build/Intermediates.noindex/GeneratedModuleMaps-iphonesimulator/Supabase.modulemap /Users/anushka_sharma/Library/Developer/Xcode/DerivedData/FMS-cwjlkvbqxgbddsairyzxkfxaxriv/Build/Intermediates.noindex/Supabase.build/Debug-iphonesimulator/Supabase.build/Supabase.modulemap (in target 'Supabase' from project 'Supabase')
    cd /Users/anushka_sharma/Library/Developer/Xcode/DerivedData/FMS-cwjlkvbqxgbddsairyzxkfxaxriv/SourcePackages/checkouts/supabase-swift
    builtin-copy -exclude .DS_Store -exclude CVS -exclude .svn -exclude .git -exclude .hg -resolve-src-symlinks /Users/anushka_sharma/Library/Developer/Xcode/DerivedData/FMS-cwjlkvbqxgbddsairyzxkfxaxriv/Build/Intermediates.noindex/Supabase.build/Debug-iphonesimulator/Supabase.build/Supabase.modulemap /Users/anushka_sharma/Library/Developer/Xcode/DerivedData/FMS-cwjlkvbqxgbddsairyzxkfxaxriv/Build/Intermediates.noindex/GeneratedModuleMaps-iphonesimulator

Copy /Users/anushka_sharma/Library/Developer/Xcode/DerivedData/FMS-cwjlkvbqxgbddsairyzxkfxaxriv/Build/Intermediates.noindex/GeneratedModuleMaps-iphonesimulator/Storage.modulemap /Users/anushka_sharma/Library/Developer/Xcode/DerivedData/FMS-cwjlkvbqxgbddsairyzxkfxaxriv/Build/Intermediates.noindex/Supabase.build/Debug-iphonesimulator/Storage.build/Storage.modulemap (in target 'Storage' from project 'Supabase')
    cd /Users/anushka_sharma/Library/Developer/Xcode/DerivedData/FMS-cwjlkvbqxgbddsairyzxkfxaxriv/SourcePackages/checkouts/supabase-swift
    builtin-copy -exclude .DS_Store -exclude CVS -exclude .svn -exclude .git -exclude .hg -resolve-src-symlinks /Users/anushka_sharma/Library/Developer/Xcode/DerivedData/FMS-cwjlkvbqxgbddsairyzxkfxaxriv/Build/Intermediates.noindex/Supabase.build/Debug-iphonesimulator/Storage.build/Storage.modulemap /Users/anushka_sharma/Library/Developer/Xcode/DerivedData/FMS-cwjlkvbqxgbddsairyzxkfxaxriv/Build/Intermediates.noindex/GeneratedModuleMaps-iphonesimulator

Copy /Users/anushka_sharma/Library/Developer/Xcode/DerivedData/FMS-cwjlkvbqxgbddsairyzxkfxaxriv/Build/Intermediates.noindex/GeneratedModuleMaps-iphonesimulator/PostgREST.modulemap /Users/anushka_sharma/Library/Developer/Xcode/DerivedData/FMS-cwjlkvbqxgbddsairyzxkfxaxriv/Build/Intermediates.noindex/Supabase.build/Debug-iphonesimulator/PostgREST.build/PostgREST.modulemap (in target 'PostgREST' from project 'Supabase')
    cd /Users/anushka_sharma/Library/Developer/Xcode/DerivedData/FMS-cwjlkvbqxgbddsairyzxkfxaxriv/SourcePackages/checkouts/supabase-swift
    builtin-copy -exclude .DS_Store -exclude CVS -exclude .svn -exclude .git -exclude .hg -resolve-src-symlinks /Users/anushka_sharma/Library/Developer/Xcode/DerivedData/FMS-cwjlkvbqxgbddsairyzxkfxaxriv/Build/Intermediates.noindex/Supabase.build/Debug-iphonesimulator/PostgREST.build/PostgREST.modulemap /Users/anushka_sharma/Library/Developer/Xcode/DerivedData/FMS-cwjlkvbqxgbddsairyzxkfxaxriv/Build/Intermediates.noindex/GeneratedModuleMaps-iphonesimulator

Copy /Users/anushka_sharma/Library/Developer/Xcode/DerivedData/FMS-cwjlkvbqxgbddsairyzxkfxaxriv/Build/Intermediates.noindex/GeneratedModuleMaps-iphonesimulator/IssueReportingPackageSupport.modulemap /Users/anushka_sharma/Library/Developer/Xcode/DerivedData/FMS-cwjlkvbqxgbddsairyzxkfxaxriv/Build/Intermediates.noindex/xctest-dynamic-overlay.build/Debug-iphonesimulator/IssueReportingPackageSupport.build/IssueReportingPackageSupport.modulemap (in target 'IssueReportingPackageSupport' from project 'xctest-dynamic-overlay')
    cd /Users/anushka_sharma/Library/Developer/Xcode/DerivedData/FMS-cwjlkvbqxgbddsairyzxkfxaxriv/SourcePackages/checkouts/xctest-dynamic-overlay
    builtin-copy -exclude .DS_Store -exclude CVS -exclude .svn -exclude .git -exclude .hg -resolve-src-symlinks /Users/anushka_sharma/Library/Developer/Xcode/DerivedData/FMS-cwjlkvbqxgbddsairyzxkfxaxriv/Build/Intermediates.noindex/xctest-dynamic-overlay.build/Debug-iphonesimulator/IssueReportingPackageSupport.build/IssueReportingPackageSupport.modulemap /Users/anushka_sharma/Library/Developer/Xcode/DerivedData/FMS-cwjlkvbqxgbddsairyzxkfxaxriv/Build/Intermediates.noindex/GeneratedModuleMaps-iphonesimulator

Copy /Users/anushka_sharma/Library/Developer/Xcode/DerivedData/FMS-cwjlkvbqxgbddsairyzxkfxaxriv/Build/Intermediates.noindex/GeneratedModuleMaps-iphonesimulator/IssueReporting.modulemap /Users/anushka_sharma/Library/Developer/Xcode/DerivedData/FMS-cwjlkvbqxgbddsairyzxkfxaxriv/Build/Intermediates.noindex/xctest-dynamic-overlay.build/Debug-iphonesimulator/IssueReporting.build/IssueReporting.modulemap (in target 'IssueReporting' from project 'xctest-dynamic-overlay')
    cd /Users/anushka_sharma/Library/Developer/Xcode/DerivedData/FMS-cwjlkvbqxgbddsairyzxkfxaxriv/SourcePackages/checkouts/xctest-dynamic-overlay
    builtin-copy -exclude .DS_Store -exclude CVS -exclude .svn -exclude .git -exclude .hg -resolve-src-symlinks /Users/anushka_sharma/Library/Developer/Xcode/DerivedData/FMS-cwjlkvbqxgbddsairyzxkfxaxriv/Build/Intermediates.noindex/xctest-dynamic-overlay.build/Debug-iphonesimulator/IssueReporting.build/IssueReporting.modulemap /Users/anushka_sharma/Library/Developer/Xcode/DerivedData/FMS-cwjlkvbqxgbddsairyzxkfxaxriv/Build/Intermediates.noindex/GeneratedModuleMaps-iphonesimulator

Copy /Users/anushka_sharma/Library/Developer/Xcode/DerivedData/FMS-cwjlkvbqxgbddsairyzxkfxaxriv/Build/Intermediates.noindex/GeneratedModuleMaps-iphonesimulator/Helpers.modulemap /Users/anushka_sharma/Library/Developer/Xcode/DerivedData/FMS-cwjlkvbqxgbddsairyzxkfxaxriv/Build/Intermediates.noindex/Supabase.build/Debug-iphonesimulator/Helpers.build/Helpers.modulemap (in target 'Helpers' from project 'Supabase')
    cd /Users/anushka_sharma/Library/Developer/Xcode/DerivedData/FMS-cwjlkvbqxgbddsairyzxkfxaxriv/SourcePackages/checkouts/supabase-swift
    builtin-copy -exclude .DS_Store -exclude CVS -exclude .svn -exclude .git -exclude .hg -resolve-src-symlinks /Users/anushka_sharma/Library/Developer/Xcode/DerivedData/FMS-cwjlkvbqxgbddsairyzxkfxaxriv/Build/Intermediates.noindex/Supabase.build/Debug-iphonesimulator/Helpers.build/Helpers.modulemap /Users/anushka_sharma/Library/Developer/Xcode/DerivedData/FMS-cwjlkvbqxgbddsairyzxkfxaxriv/Build/Intermediates.noindex/GeneratedModuleMaps-iphonesimulator

Copy /Users/anushka_sharma/Library/Developer/Xcode/DerivedData/FMS-cwjlkvbqxgbddsairyzxkfxaxriv/Build/Intermediates.noindex/GeneratedModuleMaps-iphonesimulator/Realtime.modulemap /Users/anushka_sharma/Library/Developer/Xcode/DerivedData/FMS-cwjlkvbqxgbddsairyzxkfxaxriv/Build/Intermediates.noindex/Supabase.build/Debug-iphonesimulator/Realtime.build/Realtime.modulemap (in target 'Realtime' from project 'Supabase')
    cd /Users/anushka_sharma/Library/Developer/Xcode/DerivedData/FMS-cwjlkvbqxgbddsairyzxkfxaxriv/SourcePackages/checkouts/supabase-swift
    builtin-copy -exclude .DS_Store -exclude CVS -exclude .svn -exclude .git -exclude .hg -resolve-src-symlinks /Users/anushka_sharma/Library/Developer/Xcode/DerivedData/FMS-cwjlkvbqxgbddsairyzxkfxaxriv/Build/Intermediates.noindex/Supabase.build/Debug-iphonesimulator/Realtime.build/Realtime.modulemap /Users/anushka_sharma/Library/Developer/Xcode/DerivedData/FMS-cwjlkvbqxgbddsairyzxkfxaxriv/Build/Intermediates.noindex/GeneratedModuleMaps-iphonesimulator

Copy /Users/anushka_sharma/Library/Developer/Xcode/DerivedData/FMS-cwjlkvbqxgbddsairyzxkfxaxriv/Build/Intermediates.noindex/GeneratedModuleMaps-iphonesimulator/HTTPTypes.modulemap /Users/anushka_sharma/Library/Developer/Xcode/DerivedData/FMS-cwjlkvbqxgbddsairyzxkfxaxriv/Build/Intermediates.noindex/swift-http-types.build/Debug-iphonesimulator/HTTPTypes.build/HTTPTypes.modulemap (in target 'HTTPTypes' from project 'swift-http-types')
    cd /Users/anushka_sharma/Library/Developer/Xcode/DerivedData/FMS-cwjlkvbqxgbddsairyzxkfxaxriv/SourcePackages/checkouts/swift-http-types
    builtin-copy -exclude .DS_Store -exclude CVS -exclude .svn -exclude .git -exclude .hg -resolve-src-symlinks /Users/anushka_sharma/Library/Developer/Xcode/DerivedData/FMS-cwjlkvbqxgbddsairyzxkfxaxriv/Build/Intermediates.noindex/swift-http-types.build/Debug-iphonesimulator/HTTPTypes.build/HTTPTypes.modulemap /Users/anushka_sharma/Library/Developer/Xcode/DerivedData/FMS-cwjlkvbqxgbddsairyzxkfxaxriv/Build/Intermediates.noindex/GeneratedModuleMaps-iphonesimulator

Copy /Users/anushka_sharma/Library/Developer/Xcode/DerivedData/FMS-cwjlkvbqxgbddsairyzxkfxaxriv/Build/Intermediates.noindex/GeneratedModuleMaps-iphonesimulator/Functions.modulemap /Users/anushka_sharma/Library/Developer/Xcode/DerivedData/FMS-cwjlkvbqxgbddsairyzxkfxaxriv/Build/Intermediates.noindex/Supabase.build/Debug-iphonesimulator/Functions.build/Functions.modulemap (in target 'Functions' from project 'Supabase')
    cd /Users/anushka_sharma/Library/Developer/Xcode/DerivedData/FMS-cwjlkvbqxgbddsairyzxkfxaxriv/SourcePackages/checkouts/supabase-swift
    builtin-copy -exclude .DS_Store -exclude CVS -exclude .svn -exclude .git -exclude .hg -resolve-src-symlinks /Users/anushka_sharma/Library/Developer/Xcode/DerivedData/FMS-cwjlkvbqxgbddsairyzxkfxaxriv/Build/Intermediates.noindex/Supabase.build/Debug-iphonesimulator/Functions.build/Functions.modulemap /Users/anushka_sharma/Library/Developer/Xcode/DerivedData/FMS-cwjlkvbqxgbddsairyzxkfxaxriv/Build/Intermediates.noindex/GeneratedModuleMaps-iphonesimulator

Copy /Users/anushka_sharma/Library/Developer/Xcode/DerivedData/FMS-cwjlkvbqxgbddsairyzxkfxaxriv/Build/Intermediates.noindex/GeneratedModuleMaps-iphonesimulator/ConcurrencyExtras.modulemap /Users/anushka_sharma/Library/Developer/Xcode/DerivedData/FMS-cwjlkvbqxgbddsairyzxkfxaxriv/Build/Intermediates.noindex/swift-concurrency-extras.build/Debug-iphonesimulator/ConcurrencyExtras.build/ConcurrencyExtras.modulemap (in target 'ConcurrencyExtras' from project 'swift-concurrency-extras')
    cd /Users/anushka_sharma/Library/Developer/Xcode/DerivedData/FMS-cwjlkvbqxgbddsairyzxkfxaxriv/SourcePackages/checkouts/swift-concurrency-extras
    builtin-copy -exclude .DS_Store -exclude CVS -exclude .svn -exclude .git -exclude .hg -resolve-src-symlinks /Users/anushka_sharma/Library/Developer/Xcode/DerivedData/FMS-cwjlkvbqxgbddsairyzxkfxaxriv/Build/Intermediates.noindex/swift-concurrency-extras.build/Debug-iphonesimulator/ConcurrencyExtras.build/ConcurrencyExtras.modulemap /Users/anushka_sharma/Library/Developer/Xcode/DerivedData/FMS-cwjlkvbqxgbddsairyzxkfxaxriv/Build/Intermediates.noindex/GeneratedModuleMaps-iphonesimulator

Copy /Users/anushka_sharma/Library/Developer/Xcode/DerivedData/FMS-cwjlkvbqxgbddsairyzxkfxaxriv/Build/Intermediates.noindex/GeneratedModuleMaps-iphonesimulator/Clocks.modulemap /Users/anushka_sharma/Library/Developer/Xcode/DerivedData/FMS-cwjlkvbqxgbddsairyzxkfxaxriv/Build/Intermediates.noindex/swift-clocks.build/Debug-iphonesimulator/Clocks.build/Clocks.modulemap (in target 'Clocks' from project 'swift-clocks')
    cd /Users/anushka_sharma/Library/Developer/Xcode/DerivedData/FMS-cwjlkvbqxgbddsairyzxkfxaxriv/SourcePackages/checkouts/swift-clocks
    builtin-copy -exclude .DS_Store -exclude CVS -exclude .svn -exclude .git -exclude .hg -resolve-src-symlinks /Users/anushka_sharma/Library/Developer/Xcode/DerivedData/FMS-cwjlkvbqxgbddsairyzxkfxaxriv/Build/Intermediates.noindex/swift-clocks.build/Debug-iphonesimulator/Clocks.build/Clocks.modulemap /Users/anushka_sharma/Library/Developer/Xcode/DerivedData/FMS-cwjlkvbqxgbddsairyzxkfxaxriv/Build/Intermediates.noindex/GeneratedModuleMaps-iphonesimulator

Copy /Users/anushka_sharma/Library/Developer/Xcode/DerivedData/FMS-cwjlkvbqxgbddsairyzxkfxaxriv/Build/Intermediates.noindex/GeneratedModuleMaps-iphonesimulator/Auth.modulemap /Users/anushka_sharma/Library/Developer/Xcode/DerivedData/FMS-cwjlkvbqxgbddsairyzxkfxaxriv/Build/Intermediates.noindex/Supabase.build/Debug-iphonesimulator/Auth.build/Auth.modulemap (in target 'Auth' from project 'Supabase')
    cd /Users/anushka_sharma/Library/Developer/Xcode/DerivedData/FMS-cwjlkvbqxgbddsairyzxkfxaxriv/SourcePackages/checkouts/supabase-swift
    builtin-copy -exclude .DS_Store -exclude CVS -exclude .svn -exclude .git -exclude .hg -resolve-src-symlinks /Users/anushka_sharma/Library/Developer/Xcode/DerivedData/FMS-cwjlkvbqxgbddsairyzxkfxaxriv/Build/Intermediates.noindex/Supabase.build/Debug-iphonesimulator/Auth.build/Auth.modulemap /Users/anushka_sharma/Library/Developer/Xcode/DerivedData/FMS-cwjlkvbqxgbddsairyzxkfxaxriv/Build/Intermediates.noindex/GeneratedModuleMaps-iphonesimulator

ProcessInfoPlistFile /Users/anushka_sharma/Library/Developer/Xcode/DerivedData/FMS-cwjlkvbqxgbddsairyzxkfxaxriv/Build/Products/Debug-iphonesimulator/swift-crypto_Crypto.bundle/Info.plist /Users/anushka_sharma/Library/Developer/Xcode/DerivedData/FMS-cwjlkvbqxgbddsairyzxkfxaxriv/Build/Intermediates.noindex/swift-crypto.build/Debug-iphonesimulator/swift-crypto_Crypto.build/empty-swift-crypto_Crypto.plist (in target 'swift-crypto_Crypto' from project 'swift-crypto')
    cd /Users/anushka_sharma/Library/Developer/Xcode/DerivedData/FMS-cwjlkvbqxgbddsairyzxkfxaxriv/SourcePackages/checkouts/swift-crypto
    builtin-infoPlistUtility /Users/anushka_sharma/Library/Developer/Xcode/DerivedData/FMS-cwjlkvbqxgbddsairyzxkfxaxriv/Build/Intermediates.noindex/swift-crypto.build/Debug-iphonesimulator/swift-crypto_Crypto.build/empty-swift-crypto_Crypto.plist -producttype com.apple.product-type.bundle -expandbuildsettings -format binary -platform iphonesimulator -o /Users/anushka_sharma/Library/Developer/Xcode/DerivedData/FMS-cwjlkvbqxgbddsairyzxkfxaxriv/Build/Products/Debug-iphonesimulator/swift-crypto_Crypto.bundle/Info.plist

WriteAuxiliaryFile /Users/anushka_sharma/Library/Developer/Xcode/DerivedData/FMS-cwjlkvbqxgbddsairyzxkfxaxriv/Build/Intermediates.noindex/FMS.build/Debug-iphonesimulator/FMS.build/Objects-normal/x86_64/FMS-OutputFileMap.json (in target 'FMS' from project 'FMS')
    cd /Users/anushka_sharma/Documents/FMS
    write-file /Users/anushka_sharma/Library/Developer/Xcode/DerivedData/FMS-cwjlkvbqxgbddsairyzxkfxaxriv/Build/Intermediates.noindex/FMS.build/Debug-iphonesimulator/FMS.build/Objects-normal/x86_64/FMS-OutputFileMap.json

WriteAuxiliaryFile /Users/anushka_sharma/Library/Developer/Xcode/DerivedData/FMS-cwjlkvbqxgbddsairyzxkfxaxriv/Build/Intermediates.noindex/FMS.build/Debug-iphonesimulator/FMS.build/Objects-normal/x86_64/FMS.SwiftConstValuesFileList (in target 'FMS' from project 'FMS')
    cd /Users/anushka_sharma/Documents/FMS
    write-file /Users/anushka_sharma/Library/Developer/Xcode/DerivedData/FMS-cwjlkvbqxgbddsairyzxkfxaxriv/Build/Intermediates.noindex/FMS.build/Debug-iphonesimulator/FMS.build/Objects-normal/x86_64/FMS.SwiftConstValuesFileList

WriteAuxiliaryFile /Users/anushka_sharma/Library/Developer/Xcode/DerivedData/FMS-cwjlkvbqxgbddsairyzxkfxaxriv/Build/Intermediates.noindex/FMS.build/Debug-iphonesimulator/FMS.build/Objects-normal/x86_64/FMS.LinkFileList (in target 'FMS' from project 'FMS')
    cd /Users/anushka_sharma/Documents/FMS
    write-file /Users/anushka_sharma/Library/Developer/Xcode/DerivedData/FMS-cwjlkvbqxgbddsairyzxkfxaxriv/Build/Intermediates.noindex/FMS.build/Debug-iphonesimulator/FMS.build/Objects-normal/x86_64/FMS.LinkFileList

WriteAuxiliaryFile /Users/anushka_sharma/Library/Developer/Xcode/DerivedData/FMS-cwjlkvbqxgbddsairyzxkfxaxriv/Build/Intermediates.noindex/FMS.build/Debug-iphonesimulator/FMS.build/Objects-normal/x86_64/FMS.SwiftFileList (in target 'FMS' from project 'FMS')
    cd /Users/anushka_sharma/Documents/FMS
    write-file /Users/anushka_sharma/Library/Developer/Xcode/DerivedData/FMS-cwjlkvbqxgbddsairyzxkfxaxriv/Build/Intermediates.noindex/FMS.build/Debug-iphonesimulator/FMS.build/Objects-normal/x86_64/FMS.SwiftFileList

WriteAuxiliaryFile /Users/anushka_sharma/Library/Developer/Xcode/DerivedData/FMS-cwjlkvbqxgbddsairyzxkfxaxriv/Build/Intermediates.noindex/FMS.build/Debug-iphonesimulator/FMS.build/Objects-normal/arm64/FMS.SwiftFileList (in target 'FMS' from project 'FMS')
    cd /Users/anushka_sharma/Documents/FMS
    write-file /Users/anushka_sharma/Library/Developer/Xcode/DerivedData/FMS-cwjlkvbqxgbddsairyzxkfxaxriv/Build/Intermediates.noindex/FMS.build/Debug-iphonesimulator/FMS.build/Objects-normal/arm64/FMS.SwiftFileList

WriteAuxiliaryFile /Users/anushka_sharma/Library/Developer/Xcode/DerivedData/FMS-cwjlkvbqxgbddsairyzxkfxaxriv/Build/Intermediates.noindex/FMS.build/Debug-iphonesimulator/FMS.build/Objects-normal/arm64/FMS.SwiftConstValuesFileList (in target 'FMS' from project 'FMS')
    cd /Users/anushka_sharma/Documents/FMS
    write-file /Users/anushka_sharma/Library/Developer/Xcode/DerivedData/FMS-cwjlkvbqxgbddsairyzxkfxaxriv/Build/Intermediates.noindex/FMS.build/Debug-iphonesimulator/FMS.build/Objects-normal/arm64/FMS.SwiftConstValuesFileList

WriteAuxiliaryFile /Users/anushka_sharma/Library/Developer/Xcode/DerivedData/FMS-cwjlkvbqxgbddsairyzxkfxaxriv/Build/Intermediates.noindex/FMS.build/Debug-iphonesimulator/FMS.build/Objects-normal/arm64/FMS.LinkFileList (in target 'FMS' from project 'FMS')
    cd /Users/anushka_sharma/Documents/FMS
    write-file /Users/anushka_sharma/Library/Developer/Xcode/DerivedData/FMS-cwjlkvbqxgbddsairyzxkfxaxriv/Build/Intermediates.noindex/FMS.build/Debug-iphonesimulator/FMS.build/Objects-normal/arm64/FMS.LinkFileList

SwiftDriver IssueReportingPackageSupport normal x86_64 com.apple.xcode.tools.swift.compiler (in target 'IssueReportingPackageSupport' from project 'xctest-dynamic-overlay')
    cd /Users/anushka_sharma/Documents/FMS/FMS.xcodeproj
    builtin-SwiftDriver -- /Applications/Xcode.app/Contents/Developer/Toolchains/XcodeDefault.xctoolchain/usr/bin/swiftc -module-name IssueReportingPackageSupport -Onone -enforce-exclusivity\=checked @/Users/anushka_sharma/Library/Developer/Xcode/DerivedData/FMS-cwjlkvbqxgbddsairyzxkfxaxriv/Build/Intermediates.noindex/xctest-dynamic-overlay.build/Debug-iphonesimulator/IssueReportingPackageSupport.build/Objects-normal/x86_64/IssueReportingPackageSupport.SwiftFileList -DSWIFT_PACKAGE -DDEBUG -DSWIFT_MODULE_RESOURCE_BUNDLE_UNAVAILABLE -DXcode -plugin-path /Applications/Xcode.app/Contents/Developer/Toolchains/XcodeDefault.xctoolchain/usr/lib/swift/host/plugins/testing -enable-experimental-feature DebugDescriptionMacro -sdk /Applications/Xcode.app/Contents/Developer/Platforms/iPhoneSimulator.platform/Developer/SDKs/iPhoneSimulator26.2.sdk -target x86_64-apple-ios13.0-simulator -g -module-cache-path /Users/anushka_sharma/Library/Developer/Xcode/DerivedData/ModuleCache.noindex -Xfrontend -serialize-debugging-options -enable-testing -suppress-warnings -index-store-path /Users/anushka_sharma/Library/Developer/Xcode/DerivedData/FMS-cwjlkvbqxgbddsairyzxkfxaxriv/Index.noindex/DataStore -Xcc -D_LIBCPP_HARDENING_MODE\=_LIBCPP_HARDENING_MODE_DEBUG -swift-version 6 -I /Users/anushka_sharma/Library/Developer/Xcode/DerivedData/FMS-cwjlkvbqxgbddsairyzxkfxaxriv/Build/Products/Debug-iphonesimulator -Isystem /Applications/Xcode.app/Contents/Developer/Platforms/iPhoneSimulator.platform/Developer/usr/lib -F /Users/anushka_sharma/Library/Developer/Xcode/DerivedData/FMS-cwjlkvbqxgbddsairyzxkfxaxriv/Build/Products/Debug-iphonesimulator -F /Applications/Xcode.app/Contents/Developer/Platforms/iPhoneSimulator.platform/Developer/Library/Frameworks -F /Applications/Xcode.app/Contents/Developer/Platforms/iPhoneSimulator.platform/Developer/SDKs/iPhoneSimulator26.2.sdk/Developer/Library/Frameworks -parse-as-library -c -j10 -enable-batch-mode -incremental -Xcc -ivfsstatcache -Xcc /Users/anushka_sharma/Library/Developer/Xcode/DerivedData/SDKStatCaches.noindex/iphonesimulator26.2-23C53-7d00a8b37fbd7999ea79df8ebc024bf0.sdkstatcache -output-file-map /Users/anushka_sharma/Library/Developer/Xcode/DerivedData/FMS-cwjlkvbqxgbddsairyzxkfxaxriv/Build/Intermediates.noindex/xctest-dynamic-overlay.build/Debug-iphonesimulator/IssueReportingPackageSupport.build/Objects-normal/x86_64/IssueReportingPackageSupport-OutputFileMap.json -use-frontend-parseable-output -save-temps -no-color-diagnostics -explicit-module-build -module-cache-path /Users/anushka_sharma/Library/Developer/Xcode/DerivedData/FMS-cwjlkvbqxgbddsairyzxkfxaxriv/Build/Intermediates.noindex/SwiftExplicitPrecompiledModules -clang-scanner-module-cache-path /Users/anushka_sharma/Library/Developer/Xcode/DerivedData/ModuleCache.noindex -sdk-module-cache-path /Users/anushka_sharma/Library/Developer/Xcode/DerivedData/ModuleCache.noindex -serialize-diagnostics -emit-dependencies -emit-module -emit-module-path /Users/anushka_sharma/Library/Developer/Xcode/DerivedData/FMS-cwjlkvbqxgbddsairyzxkfxaxriv/Build/Intermediates.noindex/xctest-dynamic-overlay.build/Debug-iphonesimulator/IssueReportingPackageSupport.build/Objects-normal/x86_64/IssueReportingPackageSupport.swiftmodule -user-module-version 1.9.0 -validate-clang-modules-once -clang-build-session-file /Users/anushka_sharma/Library/Developer/Xcode/DerivedData/ModuleCache.noindex/Session.modulevalidation -package-name xctest_dynamic_overlay -Xcc -I/Users/anushka_sharma/Library/Developer/Xcode/DerivedData/FMS-cwjlkvbqxgbddsairyzxkfxaxriv/Build/Intermediates.noindex/xctest-dynamic-overlay.build/Debug-iphonesimulator/IssueReportingPackageSupport.build/swift-overrides.hmap -emit-const-values -Xfrontend -const-gather-protocols-file -Xfrontend /Users/anushka_sharma/Library/Developer/Xcode/DerivedData/FMS-cwjlkvbqxgbddsairyzxkfxaxriv/Build/Intermediates.noindex/xctest-dynamic-overlay.build/Debug-iphonesimulator/IssueReportingPackageSupport.build/Objects-normal/x86_64/IssueReportingPackageSupport_const_extract_protocols.json -Xcc -I/Users/anushka_sharma/Library/Developer/Xcode/DerivedData/FMS-cwjlkvbqxgbddsairyzxkfxaxriv/Build/Products/Debug-iphonesimulator/include -Xcc -I/Users/anushka_sharma/Library/Developer/Xcode/DerivedData/FMS-cwjlkvbqxgbddsairyzxkfxaxriv/Build/Intermediates.noindex/xctest-dynamic-overlay.build/Debug-iphonesimulator/IssueReportingPackageSupport.build/DerivedSources-normal/x86_64 -Xcc -I/Users/anushka_sharma/Library/Developer/Xcode/DerivedData/FMS-cwjlkvbqxgbddsairyzxkfxaxriv/Build/Intermediates.noindex/xctest-dynamic-overlay.build/Debug-iphonesimulator/IssueReportingPackageSupport.build/DerivedSources/x86_64 -Xcc -I/Users/anushka_sharma/Library/Developer/Xcode/DerivedData/FMS-cwjlkvbqxgbddsairyzxkfxaxriv/Build/Intermediates.noindex/xctest-dynamic-overlay.build/Debug-iphonesimulator/IssueReportingPackageSupport.build/DerivedSources -Xcc -DSWIFT_PACKAGE -Xcc -DDEBUG\=1 -emit-objc-header -emit-objc-header-path /Users/anushka_sharma/Library/Developer/Xcode/DerivedData/FMS-cwjlkvbqxgbddsairyzxkfxaxriv/Build/Intermediates.noindex/xctest-dynamic-overlay.build/Debug-iphonesimulator/IssueReportingPackageSupport.build/Objects-normal/x86_64/IssueReportingPackageSupport-Swift.h -working-directory /Users/anushka_sharma/Documents/FMS/FMS.xcodeproj -experimental-emit-module-separately -disable-cmo

SwiftDriver IssueReportingPackageSupport normal arm64 com.apple.xcode.tools.swift.compiler (in target 'IssueReportingPackageSupport' from project 'xctest-dynamic-overlay')
    cd /Users/anushka_sharma/Documents/FMS/FMS.xcodeproj
    builtin-SwiftDriver -- /Applications/Xcode.app/Contents/Developer/Toolchains/XcodeDefault.xctoolchain/usr/bin/swiftc -module-name IssueReportingPackageSupport -Onone -enforce-exclusivity\=checked @/Users/anushka_sharma/Library/Developer/Xcode/DerivedData/FMS-cwjlkvbqxgbddsairyzxkfxaxriv/Build/Intermediates.noindex/xctest-dynamic-overlay.build/Debug-iphonesimulator/IssueReportingPackageSupport.build/Objects-normal/arm64/IssueReportingPackageSupport.SwiftFileList -DSWIFT_PACKAGE -DDEBUG -DSWIFT_MODULE_RESOURCE_BUNDLE_UNAVAILABLE -DXcode -plugin-path /Applications/Xcode.app/Contents/Developer/Toolchains/XcodeDefault.xctoolchain/usr/lib/swift/host/plugins/testing -enable-experimental-feature DebugDescriptionMacro -sdk /Applications/Xcode.app/Contents/Developer/Platforms/iPhoneSimulator.platform/Developer/SDKs/iPhoneSimulator26.2.sdk -target arm64-apple-ios13.0-simulator -g -module-cache-path /Users/anushka_sharma/Library/Developer/Xcode/DerivedData/ModuleCache.noindex -Xfrontend -serialize-debugging-options -enable-testing -suppress-warnings -index-store-path /Users/anushka_sharma/Library/Developer/Xcode/DerivedData/FMS-cwjlkvbqxgbddsairyzxkfxaxriv/Index.noindex/DataStore -Xcc -D_LIBCPP_HARDENING_MODE\=_LIBCPP_HARDENING_MODE_DEBUG -swift-version 6 -I /Users/anushka_sharma/Library/Developer/Xcode/DerivedData/FMS-cwjlkvbqxgbddsairyzxkfxaxriv/Build/Products/Debug-iphonesimulator -Isystem /Applications/Xcode.app/Contents/Developer/Platforms/iPhoneSimulator.platform/Developer/usr/lib -F /Users/anushka_sharma/Library/Developer/Xcode/DerivedData/FMS-cwjlkvbqxgbddsairyzxkfxaxriv/Build/Products/Debug-iphonesimulator -F /Applications/Xcode.app/Contents/Developer/Platforms/iPhoneSimulator.platform/Developer/Library/Frameworks -F /Applications/Xcode.app/Contents/Developer/Platforms/iPhoneSimulator.platform/Developer/SDKs/iPhoneSimulator26.2.sdk/Developer/Library/Frameworks -parse-as-library -c -j10 -enable-batch-mode -incremental -Xcc -ivfsstatcache -Xcc /Users/anushka_sharma/Library/Developer/Xcode/DerivedData/SDKStatCaches.noindex/iphonesimulator26.2-23C53-7d00a8b37fbd7999ea79df8ebc024bf0.sdkstatcache -output-file-map /Users/anushka_sharma/Library/Developer/Xcode/DerivedData/FMS-cwjlkvbqxgbddsairyzxkfxaxriv/Build/Intermediates.noindex/xctest-dynamic-overlay.build/Debug-iphonesimulator/IssueReportingPackageSupport.build/Objects-normal/arm64/IssueReportingPackageSupport-OutputFileMap.json -use-frontend-parseable-output -save-temps -no-color-diagnostics -explicit-module-build -module-cache-path /Users/anushka_sharma/Library/Developer/Xcode/DerivedData/FMS-cwjlkvbqxgbddsairyzxkfxaxriv/Build/Intermediates.noindex/SwiftExplicitPrecompiledModules -clang-scanner-module-cache-path /Users/anushka_sharma/Library/Developer/Xcode/DerivedData/ModuleCache.noindex -sdk-module-cache-path /Users/anushka_sharma/Library/Developer/Xcode/DerivedData/ModuleCache.noindex -serialize-diagnostics -emit-dependencies -emit-module -emit-module-path /Users/anushka_sharma/Library/Developer/Xcode/DerivedData/FMS-cwjlkvbqxgbddsairyzxkfxaxriv/Build/Intermediates.noindex/xctest-dynamic-overlay.build/Debug-iphonesimulator/IssueReportingPackageSupport.build/Objects-normal/arm64/IssueReportingPackageSupport.swiftmodule -user-module-version 1.9.0 -validate-clang-modules-once -clang-build-session-file /Users/anushka_sharma/Library/Developer/Xcode/DerivedData/ModuleCache.noindex/Session.modulevalidation -package-name xctest_dynamic_overlay -Xcc -I/Users/anushka_sharma/Library/Developer/Xcode/DerivedData/FMS-cwjlkvbqxgbddsairyzxkfxaxriv/Build/Intermediates.noindex/xctest-dynamic-overlay.build/Debug-iphonesimulator/IssueReportingPackageSupport.build/swift-overrides.hmap -emit-const-values -Xfrontend -const-gather-protocols-file -Xfrontend /Users/anushka_sharma/Library/Developer/Xcode/DerivedData/FMS-cwjlkvbqxgbddsairyzxkfxaxriv/Build/Intermediates.noindex/xctest-dynamic-overlay.build/Debug-iphonesimulator/IssueReportingPackageSupport.build/Objects-normal/arm64/IssueReportingPackageSupport_const_extract_protocols.json -Xcc -I/Users/anushka_sharma/Library/Developer/Xcode/DerivedData/FMS-cwjlkvbqxgbddsairyzxkfxaxriv/Build/Products/Debug-iphonesimulator/include -Xcc -I/Users/anushka_sharma/Library/Developer/Xcode/DerivedData/FMS-cwjlkvbqxgbddsairyzxkfxaxriv/Build/Intermediates.noindex/xctest-dynamic-overlay.build/Debug-iphonesimulator/IssueReportingPackageSupport.build/DerivedSources-normal/arm64 -Xcc -I/Users/anushka_sharma/Library/Developer/Xcode/DerivedData/FMS-cwjlkvbqxgbddsairyzxkfxaxriv/Build/Intermediates.noindex/xctest-dynamic-overlay.build/Debug-iphonesimulator/IssueReportingPackageSupport.build/DerivedSources/arm64 -Xcc -I/Users/anushka_sharma/Library/Developer/Xcode/DerivedData/FMS-cwjlkvbqxgbddsairyzxkfxaxriv/Build/Intermediates.noindex/xctest-dynamic-overlay.build/Debug-iphonesimulator/IssueReportingPackageSupport.build/DerivedSources -Xcc -DSWIFT_PACKAGE -Xcc -DDEBUG\=1 -emit-objc-header -emit-objc-header-path /Users/anushka_sharma/Library/Developer/Xcode/DerivedData/FMS-cwjlkvbqxgbddsairyzxkfxaxriv/Build/Intermediates.noindex/xctest-dynamic-overlay.build/Debug-iphonesimulator/IssueReportingPackageSupport.build/Objects-normal/arm64/IssueReportingPackageSupport-Swift.h -working-directory /Users/anushka_sharma/Documents/FMS/FMS.xcodeproj -experimental-emit-module-separately -disable-cmo

SwiftDriver HTTPTypes normal arm64 com.apple.xcode.tools.swift.compiler (in target 'HTTPTypes' from project 'swift-http-types')
    cd /Users/anushka_sharma/Documents/FMS/FMS.xcodeproj
    builtin-SwiftDriver -- /Applications/Xcode.app/Contents/Developer/Toolchains/XcodeDefault.xctoolchain/usr/bin/swiftc -module-name HTTPTypes -Onone -enforce-exclusivity\=checked @/Users/anushka_sharma/Library/Developer/Xcode/DerivedData/FMS-cwjlkvbqxgbddsairyzxkfxaxriv/Build/Intermediates.noindex/swift-http-types.build/Debug-iphonesimulator/HTTPTypes.build/Objects-normal/arm64/HTTPTypes.SwiftFileList -DSWIFT_PACKAGE -DDEBUG -DSWIFT_MODULE_RESOURCE_BUNDLE_UNAVAILABLE -DXcode -enable-experimental-feature StrictConcurrency\=complete -enable-upcoming-feature MemberImportVisibility -plugin-path /Applications/Xcode.app/Contents/Developer/Toolchains/XcodeDefault.xctoolchain/usr/lib/swift/host/plugins/testing -enable-experimental-feature DebugDescriptionMacro -sdk /Applications/Xcode.app/Contents/Developer/Platforms/iPhoneSimulator.platform/Developer/SDKs/iPhoneSimulator26.2.sdk -target arm64-apple-ios12.0-simulator -g -module-cache-path /Users/anushka_sharma/Library/Developer/Xcode/DerivedData/ModuleCache.noindex -Xfrontend -serialize-debugging-options -enable-testing -suppress-warnings -index-store-path /Users/anushka_sharma/Library/Developer/Xcode/DerivedData/FMS-cwjlkvbqxgbddsairyzxkfxaxriv/Index.noindex/DataStore -Xcc -D_LIBCPP_HARDENING_MODE\=_LIBCPP_HARDENING_MODE_DEBUG -swift-version 5 -I /Users/anushka_sharma/Library/Developer/Xcode/DerivedData/FMS-cwjlkvbqxgbddsairyzxkfxaxriv/Build/Products/Debug-iphonesimulator -Isystem /Applications/Xcode.app/Contents/Developer/Platforms/iPhoneSimulator.platform/Developer/usr/lib -F /Users/anushka_sharma/Library/Developer/Xcode/DerivedData/FMS-cwjlkvbqxgbddsairyzxkfxaxriv/Build/Products/Debug-iphonesimulator -F /Applications/Xcode.app/Contents/Developer/Platforms/iPhoneSimulator.platform/Developer/Library/Frameworks -F /Applications/Xcode.app/Contents/Developer/Platforms/iPhoneSimulator.platform/Developer/SDKs/iPhoneSimulator26.2.sdk/Developer/Library/Frameworks -c -j10 -enable-batch-mode -incremental -Xcc -ivfsstatcache -Xcc /Users/anushka_sharma/Library/Developer/Xcode/DerivedData/SDKStatCaches.noindex/iphonesimulator26.2-23C53-7d00a8b37fbd7999ea79df8ebc024bf0.sdkstatcache -output-file-map /Users/anushka_sharma/Library/Developer/Xcode/DerivedData/FMS-cwjlkvbqxgbddsairyzxkfxaxriv/Build/Intermediates.noindex/swift-http-types.build/Debug-iphonesimulator/HTTPTypes.build/Objects-normal/arm64/HTTPTypes-OutputFileMap.json -use-frontend-parseable-output -save-temps -no-color-diagnostics -explicit-module-build -module-cache-path /Users/anushka_sharma/Library/Developer/Xcode/DerivedData/FMS-cwjlkvbqxgbddsairyzxkfxaxriv/Build/Intermediates.noindex/SwiftExplicitPrecompiledModules -clang-scanner-module-cache-path /Users/anushka_sharma/Library/Developer/Xcode/DerivedData/ModuleCache.noindex -sdk-module-cache-path /Users/anushka_sharma/Library/Developer/Xcode/DerivedData/ModuleCache.noindex -serialize-diagnostics -emit-dependencies -emit-module -emit-module-path /Users/anushka_sharma/Library/Developer/Xcode/DerivedData/FMS-cwjlkvbqxgbddsairyzxkfxaxriv/Build/Intermediates.noindex/swift-http-types.build/Debug-iphonesimulator/HTTPTypes.build/Objects-normal/arm64/HTTPTypes.swiftmodule -validate-clang-modules-once -clang-build-session-file /Users/anushka_sharma/Library/Developer/Xcode/DerivedData/ModuleCache.noindex/Session.modulevalidation -package-name swift_http_types -Xcc -I/Users/anushka_sharma/Library/Developer/Xcode/DerivedData/FMS-cwjlkvbqxgbddsairyzxkfxaxriv/Build/Intermediates.noindex/swift-http-types.build/Debug-iphonesimulator/HTTPTypes.build/swift-overrides.hmap -emit-const-values -Xfrontend -const-gather-protocols-file -Xfrontend /Users/anushka_sharma/Library/Developer/Xcode/DerivedData/FMS-cwjlkvbqxgbddsairyzxkfxaxriv/Build/Intermediates.noindex/swift-http-types.build/Debug-iphonesimulator/HTTPTypes.build/Objects-normal/arm64/HTTPTypes_const_extract_protocols.json -Xcc -I/Users/anushka_sharma/Library/Developer/Xcode/DerivedData/FMS-cwjlkvbqxgbddsairyzxkfxaxriv/Build/Products/Debug-iphonesimulator/include -Xcc -I/Users/anushka_sharma/Library/Developer/Xcode/DerivedData/FMS-cwjlkvbqxgbddsairyzxkfxaxriv/Build/Intermediates.noindex/swift-http-types.build/Debug-iphonesimulator/HTTPTypes.build/DerivedSources-normal/arm64 -Xcc -I/Users/anushka_sharma/Library/Developer/Xcode/DerivedData/FMS-cwjlkvbqxgbddsairyzxkfxaxriv/Build/Intermediates.noindex/swift-http-types.build/Debug-iphonesimulator/HTTPTypes.build/DerivedSources/arm64 -Xcc -I/Users/anushka_sharma/Library/Developer/Xcode/DerivedData/FMS-cwjlkvbqxgbddsairyzxkfxaxriv/Build/Intermediates.noindex/swift-http-types.build/Debug-iphonesimulator/HTTPTypes.build/DerivedSources -Xcc -DSWIFT_PACKAGE -Xcc -DDEBUG\=1 -emit-objc-header -emit-objc-header-path /Users/anushka_sharma/Library/Developer/Xcode/DerivedData/FMS-cwjlkvbqxgbddsairyzxkfxaxriv/Build/Intermediates.noindex/swift-http-types.build/Debug-iphonesimulator/HTTPTypes.build/Objects-normal/arm64/HTTPTypes-Swift.h -working-directory /Users/anushka_sharma/Documents/FMS/FMS.xcodeproj -experimental-emit-module-separately -disable-cmo

SwiftDriver HTTPTypes normal x86_64 com.apple.xcode.tools.swift.compiler (in target 'HTTPTypes' from project 'swift-http-types')
    cd /Users/anushka_sharma/Documents/FMS/FMS.xcodeproj
    builtin-SwiftDriver -- /Applications/Xcode.app/Contents/Developer/Toolchains/XcodeDefault.xctoolchain/usr/bin/swiftc -module-name HTTPTypes -Onone -enforce-exclusivity\=checked @/Users/anushka_sharma/Library/Developer/Xcode/DerivedData/FMS-cwjlkvbqxgbddsairyzxkfxaxriv/Build/Intermediates.noindex/swift-http-types.build/Debug-iphonesimulator/HTTPTypes.build/Objects-normal/x86_64/HTTPTypes.SwiftFileList -DSWIFT_PACKAGE -DDEBUG -DSWIFT_MODULE_RESOURCE_BUNDLE_UNAVAILABLE -DXcode -enable-experimental-feature StrictConcurrency\=complete -enable-upcoming-feature MemberImportVisibility -plugin-path /Applications/Xcode.app/Contents/Developer/Toolchains/XcodeDefault.xctoolchain/usr/lib/swift/host/plugins/testing -enable-experimental-feature DebugDescriptionMacro -sdk /Applications/Xcode.app/Contents/Developer/Platforms/iPhoneSimulator.platform/Developer/SDKs/iPhoneSimulator26.2.sdk -target x86_64-apple-ios12.0-simulator -g -module-cache-path /Users/anushka_sharma/Library/Developer/Xcode/DerivedData/ModuleCache.noindex -Xfrontend -serialize-debugging-options -enable-testing -suppress-warnings -index-store-path /Users/anushka_sharma/Library/Developer/Xcode/DerivedData/FMS-cwjlkvbqxgbddsairyzxkfxaxriv/Index.noindex/DataStore -Xcc -D_LIBCPP_HARDENING_MODE\=_LIBCPP_HARDENING_MODE_DEBUG -swift-version 5 -I /Users/anushka_sharma/Library/Developer/Xcode/DerivedData/FMS-cwjlkvbqxgbddsairyzxkfxaxriv/Build/Products/Debug-iphonesimulator -Isystem /Applications/Xcode.app/Contents/Developer/Platforms/iPhoneSimulator.platform/Developer/usr/lib -F /Users/anushka_sharma/Library/Developer/Xcode/DerivedData/FMS-cwjlkvbqxgbddsairyzxkfxaxriv/Build/Products/Debug-iphonesimulator -F /Applications/Xcode.app/Contents/Developer/Platforms/iPhoneSimulator.platform/Developer/Library/Frameworks -F /Applications/Xcode.app/Contents/Developer/Platforms/iPhoneSimulator.platform/Developer/SDKs/iPhoneSimulator26.2.sdk/Developer/Library/Frameworks -c -j10 -enable-batch-mode -incremental -Xcc -ivfsstatcache -Xcc /Users/anushka_sharma/Library/Developer/Xcode/DerivedData/SDKStatCaches.noindex/iphonesimulator26.2-23C53-7d00a8b37fbd7999ea79df8ebc024bf0.sdkstatcache -output-file-map /Users/anushka_sharma/Library/Developer/Xcode/DerivedData/FMS-cwjlkvbqxgbddsairyzxkfxaxriv/Build/Intermediates.noindex/swift-http-types.build/Debug-iphonesimulator/HTTPTypes.build/Objects-normal/x86_64/HTTPTypes-OutputFileMap.json -use-frontend-parseable-output -save-temps -no-color-diagnostics -explicit-module-build -module-cache-path /Users/anushka_sharma/Library/Developer/Xcode/DerivedData/FMS-cwjlkvbqxgbddsairyzxkfxaxriv/Build/Intermediates.noindex/SwiftExplicitPrecompiledModules -clang-scanner-module-cache-path /Users/anushka_sharma/Library/Developer/Xcode/DerivedData/ModuleCache.noindex -sdk-module-cache-path /Users/anushka_sharma/Library/Developer/Xcode/DerivedData/ModuleCache.noindex -serialize-diagnostics -emit-dependencies -emit-module -emit-module-path /Users/anushka_sharma/Library/Developer/Xcode/DerivedData/FMS-cwjlkvbqxgbddsairyzxkfxaxriv/Build/Intermediates.noindex/swift-http-types.build/Debug-iphonesimulator/HTTPTypes.build/Objects-normal/x86_64/HTTPTypes.swiftmodule -validate-clang-modules-once -clang-build-session-file /Users/anushka_sharma/Library/Developer/Xcode/DerivedData/ModuleCache.noindex/Session.modulevalidation -package-name swift_http_types -Xcc -I/Users/anushka_sharma/Library/Developer/Xcode/DerivedData/FMS-cwjlkvbqxgbddsairyzxkfxaxriv/Build/Intermediates.noindex/swift-http-types.build/Debug-iphonesimulator/HTTPTypes.build/swift-overrides.hmap -emit-const-values -Xfrontend -const-gather-protocols-file -Xfrontend /Users/anushka_sharma/Library/Developer/Xcode/DerivedData/FMS-cwjlkvbqxgbddsairyzxkfxaxriv/Build/Intermediates.noindex/swift-http-types.build/Debug-iphonesimulator/HTTPTypes.build/Objects-normal/x86_64/HTTPTypes_const_extract_protocols.json -Xcc -I/Users/anushka_sharma/Library/Developer/Xcode/DerivedData/FMS-cwjlkvbqxgbddsairyzxkfxaxriv/Build/Products/Debug-iphonesimulator/include -Xcc -I/Users/anushka_sharma/Library/Developer/Xcode/DerivedData/FMS-cwjlkvbqxgbddsairyzxkfxaxriv/Build/Intermediates.noindex/swift-http-types.build/Debug-iphonesimulator/HTTPTypes.build/DerivedSources-normal/x86_64 -Xcc -I/Users/anushka_sharma/Library/Developer/Xcode/DerivedData/FMS-cwjlkvbqxgbddsairyzxkfxaxriv/Build/Intermediates.noindex/swift-http-types.build/Debug-iphonesimulator/HTTPTypes.build/DerivedSources/x86_64 -Xcc -I/Users/anushka_sharma/Library/Developer/Xcode/DerivedData/FMS-cwjlkvbqxgbddsairyzxkfxaxriv/Build/Intermediates.noindex/swift-http-types.build/Debug-iphonesimulator/HTTPTypes.build/DerivedSources -Xcc -DSWIFT_PACKAGE -Xcc -DDEBUG\=1 -emit-objc-header -emit-objc-header-path /Users/anushka_sharma/Library/Developer/Xcode/DerivedData/FMS-cwjlkvbqxgbddsairyzxkfxaxriv/Build/Intermediates.noindex/swift-http-types.build/Debug-iphonesimulator/HTTPTypes.build/Objects-normal/x86_64/HTTPTypes-Swift.h -working-directory /Users/anushka_sharma/Documents/FMS/FMS.xcodeproj -experimental-emit-module-separately -disable-cmo

SwiftDriver Crypto normal x86_64 com.apple.xcode.tools.swift.compiler (in target 'Crypto' from project 'swift-crypto')
    cd /Users/anushka_sharma/Documents/FMS/FMS.xcodeproj
    builtin-SwiftDriver -- /Applications/Xcode.app/Contents/Developer/Toolchains/XcodeDefault.xctoolchain/usr/bin/swiftc -module-name Crypto -Onone -enforce-exclusivity\=checked @/Users/anushka_sharma/Library/Developer/Xcode/DerivedData/FMS-cwjlkvbqxgbddsairyzxkfxaxriv/Build/Intermediates.noindex/swift-crypto.build/Debug-iphonesimulator/Crypto.build/Objects-normal/x86_64/Crypto.SwiftFileList -DSWIFT_PACKAGE -DDEBUG -DSWIFT_MODULE_RESOURCE_BUNDLE_AVAILABLE -DCRYPTO_IN_SWIFTPM -DXcode -enable-upcoming-feature MemberImportVisibility -plugin-path /Applications/Xcode.app/Contents/Developer/Toolchains/XcodeDefault.xctoolchain/usr/lib/swift/host/plugins/testing -enable-experimental-feature DebugDescriptionMacro -sdk /Applications/Xcode.app/Contents/Developer/Platforms/iPhoneSimulator.platform/Developer/SDKs/iPhoneSimulator26.2.sdk -target x86_64-apple-ios12.0-simulator -g -module-cache-path /Users/anushka_sharma/Library/Developer/Xcode/DerivedData/ModuleCache.noindex -Xfrontend -serialize-debugging-options -enable-testing -suppress-warnings -index-store-path /Users/anushka_sharma/Library/Developer/Xcode/DerivedData/FMS-cwjlkvbqxgbddsairyzxkfxaxriv/Index.noindex/DataStore -Xcc -D_LIBCPP_HARDENING_MODE\=_LIBCPP_HARDENING_MODE_DEBUG -swift-version 6 -I /Users/anushka_sharma/Library/Developer/Xcode/DerivedData/FMS-cwjlkvbqxgbddsairyzxkfxaxriv/Build/Products/Debug-iphonesimulator -Isystem /Applications/Xcode.app/Contents/Developer/Platforms/iPhoneSimulator.platform/Developer/usr/lib -F /Users/anushka_sharma/Library/Developer/Xcode/DerivedData/FMS-cwjlkvbqxgbddsairyzxkfxaxriv/Build/Products/Debug-iphonesimulator -F /Applications/Xcode.app/Contents/Developer/Platforms/iPhoneSimulator.platform/Developer/Library/Frameworks -F /Applications/Xcode.app/Contents/Developer/Platforms/iPhoneSimulator.platform/Developer/SDKs/iPhoneSimulator26.2.sdk/Developer/Library/Frameworks -c -j10 -enable-batch-mode -incremental -Xcc -ivfsstatcache -Xcc /Users/anushka_sharma/Library/Developer/Xcode/DerivedData/SDKStatCaches.noindex/iphonesimulator26.2-23C53-7d00a8b37fbd7999ea79df8ebc024bf0.sdkstatcache -output-file-map /Users/anushka_sharma/Library/Developer/Xcode/DerivedData/FMS-cwjlkvbqxgbddsairyzxkfxaxriv/Build/Intermediates.noindex/swift-crypto.build/Debug-iphonesimulator/Crypto.build/Objects-normal/x86_64/Crypto-OutputFileMap.json -use-frontend-parseable-output -save-temps -no-color-diagnostics -explicit-module-build -module-cache-path /Users/anushka_sharma/Library/Developer/Xcode/DerivedData/FMS-cwjlkvbqxgbddsairyzxkfxaxriv/Build/Intermediates.noindex/SwiftExplicitPrecompiledModules -clang-scanner-module-cache-path /Users/anushka_sharma/Library/Developer/Xcode/DerivedData/ModuleCache.noindex -sdk-module-cache-path /Users/anushka_sharma/Library/Developer/Xcode/DerivedData/ModuleCache.noindex -serialize-diagnostics -emit-dependencies -emit-module -emit-module-path /Users/anushka_sharma/Library/Developer/Xcode/DerivedData/FMS-cwjlkvbqxgbddsairyzxkfxaxriv/Build/Intermediates.noindex/swift-crypto.build/Debug-iphonesimulator/Crypto.build/Objects-normal/x86_64/Crypto.swiftmodule -user-module-version 4.5.0 -validate-clang-modules-once -clang-build-session-file /Users/anushka_sharma/Library/Developer/Xcode/DerivedData/ModuleCache.noindex/Session.modulevalidation -package-name swift_crypto -Xcc -I/Users/anushka_sharma/Library/Developer/Xcode/DerivedData/FMS-cwjlkvbqxgbddsairyzxkfxaxriv/Build/Intermediates.noindex/swift-crypto.build/Debug-iphonesimulator/Crypto.build/swift-overrides.hmap -emit-const-values -Xfrontend -const-gather-protocols-file -Xfrontend /Users/anushka_sharma/Library/Developer/Xcode/DerivedData/FMS-cwjlkvbqxgbddsairyzxkfxaxriv/Build/Intermediates.noindex/swift-crypto.build/Debug-iphonesimulator/Crypto.build/Objects-normal/x86_64/Crypto_const_extract_protocols.json -Xcc -I/Users/anushka_sharma/Library/Developer/Xcode/DerivedData/FMS-cwjlkvbqxgbddsairyzxkfxaxriv/Build/Products/Debug-iphonesimulator/include -Xcc -I/Users/anushka_sharma/Library/Developer/Xcode/DerivedData/FMS-cwjlkvbqxgbddsairyzxkfxaxriv/Build/Intermediates.noindex/swift-crypto.build/Debug-iphonesimulator/Crypto.build/DerivedSources-normal/x86_64 -Xcc -I/Users/anushka_sharma/Library/Developer/Xcode/DerivedData/FMS-cwjlkvbqxgbddsairyzxkfxaxriv/Build/Intermediates.noindex/swift-crypto.build/Debug-iphonesimulator/Crypto.build/DerivedSources/x86_64 -Xcc -I/Users/anushka_sharma/Library/Developer/Xcode/DerivedData/FMS-cwjlkvbqxgbddsairyzxkfxaxriv/Build/Intermediates.noindex/swift-crypto.build/Debug-iphonesimulator/Crypto.build/DerivedSources -Xcc -DSWIFT_PACKAGE -Xcc -DDEBUG\=1 -emit-objc-header -emit-objc-header-path /Users/anushka_sharma/Library/Developer/Xcode/DerivedData/FMS-cwjlkvbqxgbddsairyzxkfxaxriv/Build/Intermediates.noindex/swift-crypto.build/Debug-iphonesimulator/Crypto.build/Objects-normal/x86_64/Crypto-Swift.h -working-directory /Users/anushka_sharma/Documents/FMS/FMS.xcodeproj -experimental-emit-module-separately -disable-cmo

SwiftDriver Crypto normal arm64 com.apple.xcode.tools.swift.compiler (in target 'Crypto' from project 'swift-crypto')
    cd /Users/anushka_sharma/Documents/FMS/FMS.xcodeproj
    builtin-SwiftDriver -- /Applications/Xcode.app/Contents/Developer/Toolchains/XcodeDefault.xctoolchain/usr/bin/swiftc -module-name Crypto -Onone -enforce-exclusivity\=checked @/Users/anushka_sharma/Library/Developer/Xcode/DerivedData/FMS-cwjlkvbqxgbddsairyzxkfxaxriv/Build/Intermediates.noindex/swift-crypto.build/Debug-iphonesimulator/Crypto.build/Objects-normal/arm64/Crypto.SwiftFileList -DSWIFT_PACKAGE -DDEBUG -DSWIFT_MODULE_RESOURCE_BUNDLE_AVAILABLE -DCRYPTO_IN_SWIFTPM -DXcode -enable-upcoming-feature MemberImportVisibility -plugin-path /Applications/Xcode.app/Contents/Developer/Toolchains/XcodeDefault.xctoolchain/usr/lib/swift/host/plugins/testing -enable-experimental-feature DebugDescriptionMacro -sdk /Applications/Xcode.app/Contents/Developer/Platforms/iPhoneSimulator.platform/Developer/SDKs/iPhoneSimulator26.2.sdk -target arm64-apple-ios12.0-simulator -g -module-cache-path /Users/anushka_sharma/Library/Developer/Xcode/DerivedData/ModuleCache.noindex -Xfrontend -serialize-debugging-options -enable-testing -suppress-warnings -index-store-path /Users/anushka_sharma/Library/Developer/Xcode/DerivedData/FMS-cwjlkvbqxgbddsairyzxkfxaxriv/Index.noindex/DataStore -Xcc -D_LIBCPP_HARDENING_MODE\=_LIBCPP_HARDENING_MODE_DEBUG -swift-version 6 -I /Users/anushka_sharma/Library/Developer/Xcode/DerivedData/FMS-cwjlkvbqxgbddsairyzxkfxaxriv/Build/Products/Debug-iphonesimulator -Isystem /Applications/Xcode.app/Contents/Developer/Platforms/iPhoneSimulator.platform/Developer/usr/lib -F /Users/anushka_sharma/Library/Developer/Xcode/DerivedData/FMS-cwjlkvbqxgbddsairyzxkfxaxriv/Build/Products/Debug-iphonesimulator -F /Applications/Xcode.app/Contents/Developer/Platforms/iPhoneSimulator.platform/Developer/Library/Frameworks -F /Applications/Xcode.app/Contents/Developer/Platforms/iPhoneSimulator.platform/Developer/SDKs/iPhoneSimulator26.2.sdk/Developer/Library/Frameworks -c -j10 -enable-batch-mode -incremental -Xcc -ivfsstatcache -Xcc /Users/anushka_sharma/Library/Developer/Xcode/DerivedData/SDKStatCaches.noindex/iphonesimulator26.2-23C53-7d00a8b37fbd7999ea79df8ebc024bf0.sdkstatcache -output-file-map /Users/anushka_sharma/Library/Developer/Xcode/DerivedData/FMS-cwjlkvbqxgbddsairyzxkfxaxriv/Build/Intermediates.noindex/swift-crypto.build/Debug-iphonesimulator/Crypto.build/Objects-normal/arm64/Crypto-OutputFileMap.json -use-frontend-parseable-output -save-temps -no-color-diagnostics -explicit-module-build -module-cache-path /Users/anushka_sharma/Library/Developer/Xcode/DerivedData/FMS-cwjlkvbqxgbddsairyzxkfxaxriv/Build/Intermediates.noindex/SwiftExplicitPrecompiledModules -clang-scanner-module-cache-path /Users/anushka_sharma/Library/Developer/Xcode/DerivedData/ModuleCache.noindex -sdk-module-cache-path /Users/anushka_sharma/Library/Developer/Xcode/DerivedData/ModuleCache.noindex -serialize-diagnostics -emit-dependencies -emit-module -emit-module-path /Users/anushka_sharma/Library/Developer/Xcode/DerivedData/FMS-cwjlkvbqxgbddsairyzxkfxaxriv/Build/Intermediates.noindex/swift-crypto.build/Debug-iphonesimulator/Crypto.build/Objects-normal/arm64/Crypto.swiftmodule -user-module-version 4.5.0 -validate-clang-modules-once -clang-build-session-file /Users/anushka_sharma/Library/Developer/Xcode/DerivedData/ModuleCache.noindex/Session.modulevalidation -package-name swift_crypto -Xcc -I/Users/anushka_sharma/Library/Developer/Xcode/DerivedData/FMS-cwjlkvbqxgbddsairyzxkfxaxriv/Build/Intermediates.noindex/swift-crypto.build/Debug-iphonesimulator/Crypto.build/swift-overrides.hmap -emit-const-values -Xfrontend -const-gather-protocols-file -Xfrontend /Users/anushka_sharma/Library/Developer/Xcode/DerivedData/FMS-cwjlkvbqxgbddsairyzxkfxaxriv/Build/Intermediates.noindex/swift-crypto.build/Debug-iphonesimulator/Crypto.build/Objects-normal/arm64/Crypto_const_extract_protocols.json -Xcc -I/Users/anushka_sharma/Library/Developer/Xcode/DerivedData/FMS-cwjlkvbqxgbddsairyzxkfxaxriv/Build/Products/Debug-iphonesimulator/include -Xcc -I/Users/anushka_sharma/Library/Developer/Xcode/DerivedData/FMS-cwjlkvbqxgbddsairyzxkfxaxriv/Build/Intermediates.noindex/swift-crypto.build/Debug-iphonesimulator/Crypto.build/DerivedSources-normal/arm64 -Xcc -I/Users/anushka_sharma/Library/Developer/Xcode/DerivedData/FMS-cwjlkvbqxgbddsairyzxkfxaxriv/Build/Intermediates.noindex/swift-crypto.build/Debug-iphonesimulator/Crypto.build/DerivedSources/arm64 -Xcc -I/Users/anushka_sharma/Library/Developer/Xcode/DerivedData/FMS-cwjlkvbqxgbddsairyzxkfxaxriv/Build/Intermediates.noindex/swift-crypto.build/Debug-iphonesimulator/Crypto.build/DerivedSources -Xcc -DSWIFT_PACKAGE -Xcc -DDEBUG\=1 -emit-objc-header -emit-objc-header-path /Users/anushka_sharma/Library/Developer/Xcode/DerivedData/FMS-cwjlkvbqxgbddsairyzxkfxaxriv/Build/Intermediates.noindex/swift-crypto.build/Debug-iphonesimulator/Crypto.build/Objects-normal/arm64/Crypto-Swift.h -working-directory /Users/anushka_sharma/Documents/FMS/FMS.xcodeproj -experimental-emit-module-separately -disable-cmo

SwiftDriver ConcurrencyExtras normal x86_64 com.apple.xcode.tools.swift.compiler (in target 'ConcurrencyExtras' from project 'swift-concurrency-extras')
    cd /Users/anushka_sharma/Documents/FMS/FMS.xcodeproj
    builtin-SwiftDriver -- /Applications/Xcode.app/Contents/Developer/Toolchains/XcodeDefault.xctoolchain/usr/bin/swiftc -module-name ConcurrencyExtras -Onone -enforce-exclusivity\=checked @/Users/anushka_sharma/Library/Developer/Xcode/DerivedData/FMS-cwjlkvbqxgbddsairyzxkfxaxriv/Build/Intermediates.noindex/swift-concurrency-extras.build/Debug-iphonesimulator/ConcurrencyExtras.build/Objects-normal/x86_64/ConcurrencyExtras.SwiftFileList -DSWIFT_PACKAGE -DDEBUG -DSWIFT_MODULE_RESOURCE_BUNDLE_UNAVAILABLE -DXcode -plugin-path /Applications/Xcode.app/Contents/Developer/Toolchains/XcodeDefault.xctoolchain/usr/lib/swift/host/plugins/testing -enable-experimental-feature DebugDescriptionMacro -sdk /Applications/Xcode.app/Contents/Developer/Platforms/iPhoneSimulator.platform/Developer/SDKs/iPhoneSimulator26.2.sdk -target x86_64-apple-ios13.0-simulator -g -module-cache-path /Users/anushka_sharma/Library/Developer/Xcode/DerivedData/ModuleCache.noindex -Xfrontend -serialize-debugging-options -enable-testing -suppress-warnings -index-store-path /Users/anushka_sharma/Library/Developer/Xcode/DerivedData/FMS-cwjlkvbqxgbddsairyzxkfxaxriv/Index.noindex/DataStore -Xcc -D_LIBCPP_HARDENING_MODE\=_LIBCPP_HARDENING_MODE_DEBUG -swift-version 6 -I /Users/anushka_sharma/Library/Developer/Xcode/DerivedData/FMS-cwjlkvbqxgbddsairyzxkfxaxriv/Build/Products/Debug-iphonesimulator -Isystem /Applications/Xcode.app/Contents/Developer/Platforms/iPhoneSimulator.platform/Developer/usr/lib -F /Users/anushka_sharma/Library/Developer/Xcode/DerivedData/FMS-cwjlkvbqxgbddsairyzxkfxaxriv/Build/Products/Debug-iphonesimulator -F /Applications/Xcode.app/Contents/Developer/Platforms/iPhoneSimulator.platform/Developer/Library/Frameworks -F /Applications/Xcode.app/Contents/Developer/Platforms/iPhoneSimulator.platform/Developer/SDKs/iPhoneSimulator26.2.sdk/Developer/Library/Frameworks -c -j10 -enable-batch-mode -incremental -Xcc -ivfsstatcache -Xcc /Users/anushka_sharma/Library/Developer/Xcode/DerivedData/SDKStatCaches.noindex/iphonesimulator26.2-23C53-7d00a8b37fbd7999ea79df8ebc024bf0.sdkstatcache -output-file-map /Users/anushka_sharma/Library/Developer/Xcode/DerivedData/FMS-cwjlkvbqxgbddsairyzxkfxaxriv/Build/Intermediates.noindex/swift-concurrency-extras.build/Debug-iphonesimulator/ConcurrencyExtras.build/Objects-normal/x86_64/ConcurrencyExtras-OutputFileMap.json -use-frontend-parseable-output -save-temps -no-color-diagnostics -explicit-module-build -module-cache-path /Users/anushka_sharma/Library/Developer/Xcode/DerivedData/FMS-cwjlkvbqxgbddsairyzxkfxaxriv/Build/Intermediates.noindex/SwiftExplicitPrecompiledModules -clang-scanner-module-cache-path /Users/anushka_sharma/Library/Developer/Xcode/DerivedData/ModuleCache.noindex -sdk-module-cache-path /Users/anushka_sharma/Library/Developer/Xcode/DerivedData/ModuleCache.noindex -serialize-diagnostics -emit-dependencies -emit-module -emit-module-path /Users/anushka_sharma/Library/Developer/Xcode/DerivedData/FMS-cwjlkvbqxgbddsairyzxkfxaxriv/Build/Intermediates.noindex/swift-concurrency-extras.build/Debug-iphonesimulator/ConcurrencyExtras.build/Objects-normal/x86_64/ConcurrencyExtras.swiftmodule -user-module-version 1.3.2 -validate-clang-modules-once -clang-build-session-file /Users/anushka_sharma/Library/Developer/Xcode/DerivedData/ModuleCache.noindex/Session.modulevalidation -package-name swift_concurrency_extras -Xcc -I/Users/anushka_sharma/Library/Developer/Xcode/DerivedData/FMS-cwjlkvbqxgbddsairyzxkfxaxriv/Build/Intermediates.noindex/swift-concurrency-extras.build/Debug-iphonesimulator/ConcurrencyExtras.build/swift-overrides.hmap -emit-const-values -Xfrontend -const-gather-protocols-file -Xfrontend /Users/anushka_sharma/Library/Developer/Xcode/DerivedData/FMS-cwjlkvbqxgbddsairyzxkfxaxriv/Build/Intermediates.noindex/swift-concurrency-extras.build/Debug-iphonesimulator/ConcurrencyExtras.build/Objects-normal/x86_64/ConcurrencyExtras_const_extract_protocols.json -Xcc -I/Users/anushka_sharma/Library/Developer/Xcode/DerivedData/FMS-cwjlkvbqxgbddsairyzxkfxaxriv/Build/Products/Debug-iphonesimulator/include -Xcc -I/Users/anushka_sharma/Library/Developer/Xcode/DerivedData/FMS-cwjlkvbqxgbddsairyzxkfxaxriv/Build/Intermediates.noindex/swift-concurrency-extras.build/Debug-iphonesimulator/ConcurrencyExtras.build/DerivedSources-normal/x86_64 -Xcc -I/Users/anushka_sharma/Library/Developer/Xcode/DerivedData/FMS-cwjlkvbqxgbddsairyzxkfxaxriv/Build/Intermediates.noindex/swift-concurrency-extras.build/Debug-iphonesimulator/ConcurrencyExtras.build/DerivedSources/x86_64 -Xcc -I/Users/anushka_sharma/Library/Developer/Xcode/DerivedData/FMS-cwjlkvbqxgbddsairyzxkfxaxriv/Build/Intermediates.noindex/swift-concurrency-extras.build/Debug-iphonesimulator/ConcurrencyExtras.build/DerivedSources -Xcc -DSWIFT_PACKAGE -Xcc -DDEBUG\=1 -emit-objc-header -emit-objc-header-path /Users/anushka_sharma/Library/Developer/Xcode/DerivedData/FMS-cwjlkvbqxgbddsairyzxkfxaxriv/Build/Intermediates.noindex/swift-concurrency-extras.build/Debug-iphonesimulator/ConcurrencyExtras.build/Objects-normal/x86_64/ConcurrencyExtras-Swift.h -working-directory /Users/anushka_sharma/Documents/FMS/FMS.xcodeproj -experimental-emit-module-separately -disable-cmo

SwiftDriver ConcurrencyExtras normal arm64 com.apple.xcode.tools.swift.compiler (in target 'ConcurrencyExtras' from project 'swift-concurrency-extras')
    cd /Users/anushka_sharma/Documents/FMS/FMS.xcodeproj
    builtin-SwiftDriver -- /Applications/Xcode.app/Contents/Developer/Toolchains/XcodeDefault.xctoolchain/usr/bin/swiftc -module-name ConcurrencyExtras -Onone -enforce-exclusivity\=checked @/Users/anushka_sharma/Library/Developer/Xcode/DerivedData/FMS-cwjlkvbqxgbddsairyzxkfxaxriv/Build/Intermediates.noindex/swift-concurrency-extras.build/Debug-iphonesimulator/ConcurrencyExtras.build/Objects-normal/arm64/ConcurrencyExtras.SwiftFileList -DSWIFT_PACKAGE -DDEBUG -DSWIFT_MODULE_RESOURCE_BUNDLE_UNAVAILABLE -DXcode -plugin-path /Applications/Xcode.app/Contents/Developer/Toolchains/XcodeDefault.xctoolchain/usr/lib/swift/host/plugins/testing -enable-experimental-feature DebugDescriptionMacro -sdk /Applications/Xcode.app/Contents/Developer/Platforms/iPhoneSimulator.platform/Developer/SDKs/iPhoneSimulator26.2.sdk -target arm64-apple-ios13.0-simulator -g -module-cache-path /Users/anushka_sharma/Library/Developer/Xcode/DerivedData/ModuleCache.noindex -Xfrontend -serialize-debugging-options -enable-testing -suppress-warnings -index-store-path /Users/anushka_sharma/Library/Developer/Xcode/DerivedData/FMS-cwjlkvbqxgbddsairyzxkfxaxriv/Index.noindex/DataStore -Xcc -D_LIBCPP_HARDENING_MODE\=_LIBCPP_HARDENING_MODE_DEBUG -swift-version 6 -I /Users/anushka_sharma/Library/Developer/Xcode/DerivedData/FMS-cwjlkvbqxgbddsairyzxkfxaxriv/Build/Products/Debug-iphonesimulator -Isystem /Applications/Xcode.app/Contents/Developer/Platforms/iPhoneSimulator.platform/Developer/usr/lib -F /Users/anushka_sharma/Library/Developer/Xcode/DerivedData/FMS-cwjlkvbqxgbddsairyzxkfxaxriv/Build/Products/Debug-iphonesimulator -F /Applications/Xcode.app/Contents/Developer/Platforms/iPhoneSimulator.platform/Developer/Library/Frameworks -F /Applications/Xcode.app/Contents/Developer/Platforms/iPhoneSimulator.platform/Developer/SDKs/iPhoneSimulator26.2.sdk/Developer/Library/Frameworks -c -j10 -enable-batch-mode -incremental -Xcc -ivfsstatcache -Xcc /Users/anushka_sharma/Library/Developer/Xcode/DerivedData/SDKStatCaches.noindex/iphonesimulator26.2-23C53-7d00a8b37fbd7999ea79df8ebc024bf0.sdkstatcache -output-file-map /Users/anushka_sharma/Library/Developer/Xcode/DerivedData/FMS-cwjlkvbqxgbddsairyzxkfxaxriv/Build/Intermediates.noindex/swift-concurrency-extras.build/Debug-iphonesimulator/ConcurrencyExtras.build/Objects-normal/arm64/ConcurrencyExtras-OutputFileMap.json -use-frontend-parseable-output -save-temps -no-color-diagnostics -explicit-module-build -module-cache-path /Users/anushka_sharma/Library/Developer/Xcode/DerivedData/FMS-cwjlkvbqxgbddsairyzxkfxaxriv/Build/Intermediates.noindex/SwiftExplicitPrecompiledModules -clang-scanner-module-cache-path /Users/anushka_sharma/Library/Developer/Xcode/DerivedData/ModuleCache.noindex -sdk-module-cache-path /Users/anushka_sharma/Library/Developer/Xcode/DerivedData/ModuleCache.noindex -serialize-diagnostics -emit-dependencies -emit-module -emit-module-path /Users/anushka_sharma/Library/Developer/Xcode/DerivedData/FMS-cwjlkvbqxgbddsairyzxkfxaxriv/Build/Intermediates.noindex/swift-concurrency-extras.build/Debug-iphonesimulator/ConcurrencyExtras.build/Objects-normal/arm64/ConcurrencyExtras.swiftmodule -user-module-version 1.3.2 -validate-clang-modules-once -clang-build-session-file /Users/anushka_sharma/Library/Developer/Xcode/DerivedData/ModuleCache.noindex/Session.modulevalidation -package-name swift_concurrency_extras -Xcc -I/Users/anushka_sharma/Library/Developer/Xcode/DerivedData/FMS-cwjlkvbqxgbddsairyzxkfxaxriv/Build/Intermediates.noindex/swift-concurrency-extras.build/Debug-iphonesimulator/ConcurrencyExtras.build/swift-overrides.hmap -emit-const-values -Xfrontend -const-gather-protocols-file -Xfrontend /Users/anushka_sharma/Library/Developer/Xcode/DerivedData/FMS-cwjlkvbqxgbddsairyzxkfxaxriv/Build/Intermediates.noindex/swift-concurrency-extras.build/Debug-iphonesimulator/ConcurrencyExtras.build/Objects-normal/arm64/ConcurrencyExtras_const_extract_protocols.json -Xcc -I/Users/anushka_sharma/Library/Developer/Xcode/DerivedData/FMS-cwjlkvbqxgbddsairyzxkfxaxriv/Build/Products/Debug-iphonesimulator/include -Xcc -I/Users/anushka_sharma/Library/Developer/Xcode/DerivedData/FMS-cwjlkvbqxgbddsairyzxkfxaxriv/Build/Intermediates.noindex/swift-concurrency-extras.build/Debug-iphonesimulator/ConcurrencyExtras.build/DerivedSources-normal/arm64 -Xcc -I/Users/anushka_sharma/Library/Developer/Xcode/DerivedData/FMS-cwjlkvbqxgbddsairyzxkfxaxriv/Build/Intermediates.noindex/swift-concurrency-extras.build/Debug-iphonesimulator/ConcurrencyExtras.build/DerivedSources/arm64 -Xcc -I/Users/anushka_sharma/Library/Developer/Xcode/DerivedData/FMS-cwjlkvbqxgbddsairyzxkfxaxriv/Build/Intermediates.noindex/swift-concurrency-extras.build/Debug-iphonesimulator/ConcurrencyExtras.build/DerivedSources -Xcc -DSWIFT_PACKAGE -Xcc -DDEBUG\=1 -emit-objc-header -emit-objc-header-path /Users/anushka_sharma/Library/Developer/Xcode/DerivedData/FMS-cwjlkvbqxgbddsairyzxkfxaxriv/Build/Intermediates.noindex/swift-concurrency-extras.build/Debug-iphonesimulator/ConcurrencyExtras.build/Objects-normal/arm64/ConcurrencyExtras-Swift.h -working-directory /Users/anushka_sharma/Documents/FMS/FMS.xcodeproj -experimental-emit-module-separately -disable-cmo

CpResource /Users/anushka_sharma/Library/Developer/Xcode/DerivedData/FMS-cwjlkvbqxgbddsairyzxkfxaxriv/Build/Products/Debug-iphonesimulator/swift-crypto_Crypto.bundle/PrivacyInfo.xcprivacy /Users/anushka_sharma/Library/Developer/Xcode/DerivedData/FMS-cwjlkvbqxgbddsairyzxkfxaxriv/SourcePackages/checkouts/swift-crypto/Sources/Crypto/PrivacyInfo.xcprivacy (in target 'swift-crypto_Crypto' from project 'swift-crypto')
    cd /Users/anushka_sharma/Library/Developer/Xcode/DerivedData/FMS-cwjlkvbqxgbddsairyzxkfxaxriv/SourcePackages/checkouts/swift-crypto
    builtin-copy -exclude .DS_Store -exclude CVS -exclude .svn -exclude .git -exclude .hg -resolve-src-symlinks /Users/anushka_sharma/Library/Developer/Xcode/DerivedData/FMS-cwjlkvbqxgbddsairyzxkfxaxriv/SourcePackages/checkouts/swift-crypto/Sources/Crypto/PrivacyInfo.xcprivacy /Users/anushka_sharma/Library/Developer/Xcode/DerivedData/FMS-cwjlkvbqxgbddsairyzxkfxaxriv/Build/Products/Debug-iphonesimulator/swift-crypto_Crypto.bundle

SwiftDriver\ Compilation IssueReportingPackageSupport normal x86_64 com.apple.xcode.tools.swift.compiler (in target 'IssueReportingPackageSupport' from project 'xctest-dynamic-overlay')
    cd /Users/anushka_sharma/Documents/FMS/FMS.xcodeproj
    builtin-Swift-Compilation -- /Applications/Xcode.app/Contents/Developer/Toolchains/XcodeDefault.xctoolchain/usr/bin/swiftc -module-name IssueReportingPackageSupport -Onone -enforce-exclusivity\=checked @/Users/anushka_sharma/Library/Developer/Xcode/DerivedData/FMS-cwjlkvbqxgbddsairyzxkfxaxriv/Build/Intermediates.noindex/xctest-dynamic-overlay.build/Debug-iphonesimulator/IssueReportingPackageSupport.build/Objects-normal/x86_64/IssueReportingPackageSupport.SwiftFileList -DSWIFT_PACKAGE -DDEBUG -DSWIFT_MODULE_RESOURCE_BUNDLE_UNAVAILABLE -DXcode -plugin-path /Applications/Xcode.app/Contents/Developer/Toolchains/XcodeDefault.xctoolchain/usr/lib/swift/host/plugins/testing -enable-experimental-feature DebugDescriptionMacro -sdk /Applications/Xcode.app/Contents/Developer/Platforms/iPhoneSimulator.platform/Developer/SDKs/iPhoneSimulator26.2.sdk -target x86_64-apple-ios13.0-simulator -g -module-cache-path /Users/anushka_sharma/Library/Developer/Xcode/DerivedData/ModuleCache.noindex -Xfrontend -serialize-debugging-options -enable-testing -suppress-warnings -index-store-path /Users/anushka_sharma/Library/Developer/Xcode/DerivedData/FMS-cwjlkvbqxgbddsairyzxkfxaxriv/Index.noindex/DataStore -Xcc -D_LIBCPP_HARDENING_MODE\=_LIBCPP_HARDENING_MODE_DEBUG -swift-version 6 -I /Users/anushka_sharma/Library/Developer/Xcode/DerivedData/FMS-cwjlkvbqxgbddsairyzxkfxaxriv/Build/Products/Debug-iphonesimulator -Isystem /Applications/Xcode.app/Contents/Developer/Platforms/iPhoneSimulator.platform/Developer/usr/lib -F /Users/anushka_sharma/Library/Developer/Xcode/DerivedData/FMS-cwjlkvbqxgbddsairyzxkfxaxriv/Build/Products/Debug-iphonesimulator -F /Applications/Xcode.app/Contents/Developer/Platforms/iPhoneSimulator.platform/Developer/Library/Frameworks -F /Applications/Xcode.app/Contents/Developer/Platforms/iPhoneSimulator.platform/Developer/SDKs/iPhoneSimulator26.2.sdk/Developer/Library/Frameworks -parse-as-library -c -j10 -enable-batch-mode -incremental -Xcc -ivfsstatcache -Xcc /Users/anushka_sharma/Library/Developer/Xcode/DerivedData/SDKStatCaches.noindex/iphonesimulator26.2-23C53-7d00a8b37fbd7999ea79df8ebc024bf0.sdkstatcache -output-file-map /Users/anushka_sharma/Library/Developer/Xcode/DerivedData/FMS-cwjlkvbqxgbddsairyzxkfxaxriv/Build/Intermediates.noindex/xctest-dynamic-overlay.build/Debug-iphonesimulator/IssueReportingPackageSupport.build/Objects-normal/x86_64/IssueReportingPackageSupport-OutputFileMap.json -use-frontend-parseable-output -save-temps -no-color-diagnostics -explicit-module-build -module-cache-path /Users/anushka_sharma/Library/Developer/Xcode/DerivedData/FMS-cwjlkvbqxgbddsairyzxkfxaxriv/Build/Intermediates.noindex/SwiftExplicitPrecompiledModules -clang-scanner-module-cache-path /Users/anushka_sharma/Library/Developer/Xcode/DerivedData/ModuleCache.noindex -sdk-module-cache-path /Users/anushka_sharma/Library/Developer/Xcode/DerivedData/ModuleCache.noindex -serialize-diagnostics -emit-dependencies -emit-module -emit-module-path /Users/anushka_sharma/Library/Developer/Xcode/DerivedData/FMS-cwjlkvbqxgbddsairyzxkfxaxriv/Build/Intermediates.noindex/xctest-dynamic-overlay.build/Debug-iphonesimulator/IssueReportingPackageSupport.build/Objects-normal/x86_64/IssueReportingPackageSupport.swiftmodule -user-module-version 1.9.0 -validate-clang-modules-once -clang-build-session-file /Users/anushka_sharma/Library/Developer/Xcode/DerivedData/ModuleCache.noindex/Session.modulevalidation -package-name xctest_dynamic_overlay -Xcc -I/Users/anushka_sharma/Library/Developer/Xcode/DerivedData/FMS-cwjlkvbqxgbddsairyzxkfxaxriv/Build/Intermediates.noindex/xctest-dynamic-overlay.build/Debug-iphonesimulator/IssueReportingPackageSupport.build/swift-overrides.hmap -emit-const-values -Xfrontend -const-gather-protocols-file -Xfrontend /Users/anushka_sharma/Library/Developer/Xcode/DerivedData/FMS-cwjlkvbqxgbddsairyzxkfxaxriv/Build/Intermediates.noindex/xctest-dynamic-overlay.build/Debug-iphonesimulator/IssueReportingPackageSupport.build/Objects-normal/x86_64/IssueReportingPackageSupport_const_extract_protocols.json -Xcc -I/Users/anushka_sharma/Library/Developer/Xcode/DerivedData/FMS-cwjlkvbqxgbddsairyzxkfxaxriv/Build/Products/Debug-iphonesimulator/include -Xcc -I/Users/anushka_sharma/Library/Developer/Xcode/DerivedData/FMS-cwjlkvbqxgbddsairyzxkfxaxriv/Build/Intermediates.noindex/xctest-dynamic-overlay.build/Debug-iphonesimulator/IssueReportingPackageSupport.build/DerivedSources-normal/x86_64 -Xcc -I/Users/anushka_sharma/Library/Developer/Xcode/DerivedData/FMS-cwjlkvbqxgbddsairyzxkfxaxriv/Build/Intermediates.noindex/xctest-dynamic-overlay.build/Debug-iphonesimulator/IssueReportingPackageSupport.build/DerivedSources/x86_64 -Xcc -I/Users/anushka_sharma/Library/Developer/Xcode/DerivedData/FMS-cwjlkvbqxgbddsairyzxkfxaxriv/Build/Intermediates.noindex/xctest-dynamic-overlay.build/Debug-iphonesimulator/IssueReportingPackageSupport.build/DerivedSources -Xcc -DSWIFT_PACKAGE -Xcc -DDEBUG\=1 -emit-objc-header -emit-objc-header-path /Users/anushka_sharma/Library/Developer/Xcode/DerivedData/FMS-cwjlkvbqxgbddsairyzxkfxaxriv/Build/Intermediates.noindex/xctest-dynamic-overlay.build/Debug-iphonesimulator/IssueReportingPackageSupport.build/Objects-normal/x86_64/IssueReportingPackageSupport-Swift.h -working-directory /Users/anushka_sharma/Documents/FMS/FMS.xcodeproj -experimental-emit-module-separately -disable-cmo

SwiftDriver\ Compilation\ Requirements IssueReportingPackageSupport normal x86_64 com.apple.xcode.tools.swift.compiler (in target 'IssueReportingPackageSupport' from project 'xctest-dynamic-overlay')
    cd /Users/anushka_sharma/Documents/FMS/FMS.xcodeproj
    builtin-Swift-Compilation-Requirements -- /Applications/Xcode.app/Contents/Developer/Toolchains/XcodeDefault.xctoolchain/usr/bin/swiftc -module-name IssueReportingPackageSupport -Onone -enforce-exclusivity\=checked @/Users/anushka_sharma/Library/Developer/Xcode/DerivedData/FMS-cwjlkvbqxgbddsairyzxkfxaxriv/Build/Intermediates.noindex/xctest-dynamic-overlay.build/Debug-iphonesimulator/IssueReportingPackageSupport.build/Objects-normal/x86_64/IssueReportingPackageSupport.SwiftFileList -DSWIFT_PACKAGE -DDEBUG -DSWIFT_MODULE_RESOURCE_BUNDLE_UNAVAILABLE -DXcode -plugin-path /Applications/Xcode.app/Contents/Developer/Toolchains/XcodeDefault.xctoolchain/usr/lib/swift/host/plugins/testing -enable-experimental-feature DebugDescriptionMacro -sdk /Applications/Xcode.app/Contents/Developer/Platforms/iPhoneSimulator.platform/Developer/SDKs/iPhoneSimulator26.2.sdk -target x86_64-apple-ios13.0-simulator -g -module-cache-path /Users/anushka_sharma/Library/Developer/Xcode/DerivedData/ModuleCache.noindex -Xfrontend -serialize-debugging-options -enable-testing -suppress-warnings -index-store-path /Users/anushka_sharma/Library/Developer/Xcode/DerivedData/FMS-cwjlkvbqxgbddsairyzxkfxaxriv/Index.noindex/DataStore -Xcc -D_LIBCPP_HARDENING_MODE\=_LIBCPP_HARDENING_MODE_DEBUG -swift-version 6 -I /Users/anushka_sharma/Library/Developer/Xcode/DerivedData/FMS-cwjlkvbqxgbddsairyzxkfxaxriv/Build/Products/Debug-iphonesimulator -Isystem /Applications/Xcode.app/Contents/Developer/Platforms/iPhoneSimulator.platform/Developer/usr/lib -F /Users/anushka_sharma/Library/Developer/Xcode/DerivedData/FMS-cwjlkvbqxgbddsairyzxkfxaxriv/Build/Products/Debug-iphonesimulator -F /Applications/Xcode.app/Contents/Developer/Platforms/iPhoneSimulator.platform/Developer/Library/Frameworks -F /Applications/Xcode.app/Contents/Developer/Platforms/iPhoneSimulator.platform/Developer/SDKs/iPhoneSimulator26.2.sdk/Developer/Library/Frameworks -parse-as-library -c -j10 -enable-batch-mode -incremental -Xcc -ivfsstatcache -Xcc /Users/anushka_sharma/Library/Developer/Xcode/DerivedData/SDKStatCaches.noindex/iphonesimulator26.2-23C53-7d00a8b37fbd7999ea79df8ebc024bf0.sdkstatcache -output-file-map /Users/anushka_sharma/Library/Developer/Xcode/DerivedData/FMS-cwjlkvbqxgbddsairyzxkfxaxriv/Build/Intermediates.noindex/xctest-dynamic-overlay.build/Debug-iphonesimulator/IssueReportingPackageSupport.build/Objects-normal/x86_64/IssueReportingPackageSupport-OutputFileMap.json -use-frontend-parseable-output -save-temps -no-color-diagnostics -explicit-module-build -module-cache-path /Users/anushka_sharma/Library/Developer/Xcode/DerivedData/FMS-cwjlkvbqxgbddsairyzxkfxaxriv/Build/Intermediates.noindex/SwiftExplicitPrecompiledModules -clang-scanner-module-cache-path /Users/anushka_sharma/Library/Developer/Xcode/DerivedData/ModuleCache.noindex -sdk-module-cache-path /Users/anushka_sharma/Library/Developer/Xcode/DerivedData/ModuleCache.noindex -serialize-diagnostics -emit-dependencies -emit-module -emit-module-path /Users/anushka_sharma/Library/Developer/Xcode/DerivedData/FMS-cwjlkvbqxgbddsairyzxkfxaxriv/Build/Intermediates.noindex/xctest-dynamic-overlay.build/Debug-iphonesimulator/IssueReportingPackageSupport.build/Objects-normal/x86_64/IssueReportingPackageSupport.swiftmodule -user-module-version 1.9.0 -validate-clang-modules-once -clang-build-session-file /Users/anushka_sharma/Library/Developer/Xcode/DerivedData/ModuleCache.noindex/Session.modulevalidation -package-name xctest_dynamic_overlay -Xcc -I/Users/anushka_sharma/Library/Developer/Xcode/DerivedData/FMS-cwjlkvbqxgbddsairyzxkfxaxriv/Build/Intermediates.noindex/xctest-dynamic-overlay.build/Debug-iphonesimulator/IssueReportingPackageSupport.build/swift-overrides.hmap -emit-const-values -Xfrontend -const-gather-protocols-file -Xfrontend /Users/anushka_sharma/Library/Developer/Xcode/DerivedData/FMS-cwjlkvbqxgbddsairyzxkfxaxriv/Build/Intermediates.noindex/xctest-dynamic-overlay.build/Debug-iphonesimulator/IssueReportingPackageSupport.build/Objects-normal/x86_64/IssueReportingPackageSupport_const_extract_protocols.json -Xcc -I/Users/anushka_sharma/Library/Developer/Xcode/DerivedData/FMS-cwjlkvbqxgbddsairyzxkfxaxriv/Build/Products/Debug-iphonesimulator/include -Xcc -I/Users/anushka_sharma/Library/Developer/Xcode/DerivedData/FMS-cwjlkvbqxgbddsairyzxkfxaxriv/Build/Intermediates.noindex/xctest-dynamic-overlay.build/Debug-iphonesimulator/IssueReportingPackageSupport.build/DerivedSources-normal/x86_64 -Xcc -I/Users/anushka_sharma/Library/Developer/Xcode/DerivedData/FMS-cwjlkvbqxgbddsairyzxkfxaxriv/Build/Intermediates.noindex/xctest-dynamic-overlay.build/Debug-iphonesimulator/IssueReportingPackageSupport.build/DerivedSources/x86_64 -Xcc -I/Users/anushka_sharma/Library/Developer/Xcode/DerivedData/FMS-cwjlkvbqxgbddsairyzxkfxaxriv/Build/Intermediates.noindex/xctest-dynamic-overlay.build/Debug-iphonesimulator/IssueReportingPackageSupport.build/DerivedSources -Xcc -DSWIFT_PACKAGE -Xcc -DDEBUG\=1 -emit-objc-header -emit-objc-header-path /Users/anushka_sharma/Library/Developer/Xcode/DerivedData/FMS-cwjlkvbqxgbddsairyzxkfxaxriv/Build/Intermediates.noindex/xctest-dynamic-overlay.build/Debug-iphonesimulator/IssueReportingPackageSupport.build/Objects-normal/x86_64/IssueReportingPackageSupport-Swift.h -working-directory /Users/anushka_sharma/Documents/FMS/FMS.xcodeproj -experimental-emit-module-separately -disable-cmo

SwiftDriver\ Compilation IssueReportingPackageSupport normal arm64 com.apple.xcode.tools.swift.compiler (in target 'IssueReportingPackageSupport' from project 'xctest-dynamic-overlay')
    cd /Users/anushka_sharma/Documents/FMS/FMS.xcodeproj
    builtin-Swift-Compilation -- /Applications/Xcode.app/Contents/Developer/Toolchains/XcodeDefault.xctoolchain/usr/bin/swiftc -module-name IssueReportingPackageSupport -Onone -enforce-exclusivity\=checked @/Users/anushka_sharma/Library/Developer/Xcode/DerivedData/FMS-cwjlkvbqxgbddsairyzxkfxaxriv/Build/Intermediates.noindex/xctest-dynamic-overlay.build/Debug-iphonesimulator/IssueReportingPackageSupport.build/Objects-normal/arm64/IssueReportingPackageSupport.SwiftFileList -DSWIFT_PACKAGE -DDEBUG -DSWIFT_MODULE_RESOURCE_BUNDLE_UNAVAILABLE -DXcode -plugin-path /Applications/Xcode.app/Contents/Developer/Toolchains/XcodeDefault.xctoolchain/usr/lib/swift/host/plugins/testing -enable-experimental-feature DebugDescriptionMacro -sdk /Applications/Xcode.app/Contents/Developer/Platforms/iPhoneSimulator.platform/Developer/SDKs/iPhoneSimulator26.2.sdk -target arm64-apple-ios13.0-simulator -g -module-cache-path /Users/anushka_sharma/Library/Developer/Xcode/DerivedData/ModuleCache.noindex -Xfrontend -serialize-debugging-options -enable-testing -suppress-warnings -index-store-path /Users/anushka_sharma/Library/Developer/Xcode/DerivedData/FMS-cwjlkvbqxgbddsairyzxkfxaxriv/Index.noindex/DataStore -Xcc -D_LIBCPP_HARDENING_MODE\=_LIBCPP_HARDENING_MODE_DEBUG -swift-version 6 -I /Users/anushka_sharma/Library/Developer/Xcode/DerivedData/FMS-cwjlkvbqxgbddsairyzxkfxaxriv/Build/Products/Debug-iphonesimulator -Isystem /Applications/Xcode.app/Contents/Developer/Platforms/iPhoneSimulator.platform/Developer/usr/lib -F /Users/anushka_sharma/Library/Developer/Xcode/DerivedData/FMS-cwjlkvbqxgbddsairyzxkfxaxriv/Build/Products/Debug-iphonesimulator -F /Applications/Xcode.app/Contents/Developer/Platforms/iPhoneSimulator.platform/Developer/Library/Frameworks -F /Applications/Xcode.app/Contents/Developer/Platforms/iPhoneSimulator.platform/Developer/SDKs/iPhoneSimulator26.2.sdk/Developer/Library/Frameworks -parse-as-library -c -j10 -enable-batch-mode -incremental -Xcc -ivfsstatcache -Xcc /Users/anushka_sharma/Library/Developer/Xcode/DerivedData/SDKStatCaches.noindex/iphonesimulator26.2-23C53-7d00a8b37fbd7999ea79df8ebc024bf0.sdkstatcache -output-file-map /Users/anushka_sharma/Library/Developer/Xcode/DerivedData/FMS-cwjlkvbqxgbddsairyzxkfxaxriv/Build/Intermediates.noindex/xctest-dynamic-overlay.build/Debug-iphonesimulator/IssueReportingPackageSupport.build/Objects-normal/arm64/IssueReportingPackageSupport-OutputFileMap.json -use-frontend-parseable-output -save-temps -no-color-diagnostics -explicit-module-build -module-cache-path /Users/anushka_sharma/Library/Developer/Xcode/DerivedData/FMS-cwjlkvbqxgbddsairyzxkfxaxriv/Build/Intermediates.noindex/SwiftExplicitPrecompiledModules -clang-scanner-module-cache-path /Users/anushka_sharma/Library/Developer/Xcode/DerivedData/ModuleCache.noindex -sdk-module-cache-path /Users/anushka_sharma/Library/Developer/Xcode/DerivedData/ModuleCache.noindex -serialize-diagnostics -emit-dependencies -emit-module -emit-module-path /Users/anushka_sharma/Library/Developer/Xcode/DerivedData/FMS-cwjlkvbqxgbddsairyzxkfxaxriv/Build/Intermediates.noindex/xctest-dynamic-overlay.build/Debug-iphonesimulator/IssueReportingPackageSupport.build/Objects-normal/arm64/IssueReportingPackageSupport.swiftmodule -user-module-version 1.9.0 -validate-clang-modules-once -clang-build-session-file /Users/anushka_sharma/Library/Developer/Xcode/DerivedData/ModuleCache.noindex/Session.modulevalidation -package-name xctest_dynamic_overlay -Xcc -I/Users/anushka_sharma/Library/Developer/Xcode/DerivedData/FMS-cwjlkvbqxgbddsairyzxkfxaxriv/Build/Intermediates.noindex/xctest-dynamic-overlay.build/Debug-iphonesimulator/IssueReportingPackageSupport.build/swift-overrides.hmap -emit-const-values -Xfrontend -const-gather-protocols-file -Xfrontend /Users/anushka_sharma/Library/Developer/Xcode/DerivedData/FMS-cwjlkvbqxgbddsairyzxkfxaxriv/Build/Intermediates.noindex/xctest-dynamic-overlay.build/Debug-iphonesimulator/IssueReportingPackageSupport.build/Objects-normal/arm64/IssueReportingPackageSupport_const_extract_protocols.json -Xcc -I/Users/anushka_sharma/Library/Developer/Xcode/DerivedData/FMS-cwjlkvbqxgbddsairyzxkfxaxriv/Build/Products/Debug-iphonesimulator/include -Xcc -I/Users/anushka_sharma/Library/Developer/Xcode/DerivedData/FMS-cwjlkvbqxgbddsairyzxkfxaxriv/Build/Intermediates.noindex/xctest-dynamic-overlay.build/Debug-iphonesimulator/IssueReportingPackageSupport.build/DerivedSources-normal/arm64 -Xcc -I/Users/anushka_sharma/Library/Developer/Xcode/DerivedData/FMS-cwjlkvbqxgbddsairyzxkfxaxriv/Build/Intermediates.noindex/xctest-dynamic-overlay.build/Debug-iphonesimulator/IssueReportingPackageSupport.build/DerivedSources/arm64 -Xcc -I/Users/anushka_sharma/Library/Developer/Xcode/DerivedData/FMS-cwjlkvbqxgbddsairyzxkfxaxriv/Build/Intermediates.noindex/xctest-dynamic-overlay.build/Debug-iphonesimulator/IssueReportingPackageSupport.build/DerivedSources -Xcc -DSWIFT_PACKAGE -Xcc -DDEBUG\=1 -emit-objc-header -emit-objc-header-path /Users/anushka_sharma/Library/Developer/Xcode/DerivedData/FMS-cwjlkvbqxgbddsairyzxkfxaxriv/Build/Intermediates.noindex/xctest-dynamic-overlay.build/Debug-iphonesimulator/IssueReportingPackageSupport.build/Objects-normal/arm64/IssueReportingPackageSupport-Swift.h -working-directory /Users/anushka_sharma/Documents/FMS/FMS.xcodeproj -experimental-emit-module-separately -disable-cmo

SwiftDriver\ Compilation\ Requirements IssueReportingPackageSupport normal arm64 com.apple.xcode.tools.swift.compiler (in target 'IssueReportingPackageSupport' from project 'xctest-dynamic-overlay')
    cd /Users/anushka_sharma/Documents/FMS/FMS.xcodeproj
    builtin-Swift-Compilation-Requirements -- /Applications/Xcode.app/Contents/Developer/Toolchains/XcodeDefault.xctoolchain/usr/bin/swiftc -module-name IssueReportingPackageSupport -Onone -enforce-exclusivity\=checked @/Users/anushka_sharma/Library/Developer/Xcode/DerivedData/FMS-cwjlkvbqxgbddsairyzxkfxaxriv/Build/Intermediates.noindex/xctest-dynamic-overlay.build/Debug-iphonesimulator/IssueReportingPackageSupport.build/Objects-normal/arm64/IssueReportingPackageSupport.SwiftFileList -DSWIFT_PACKAGE -DDEBUG -DSWIFT_MODULE_RESOURCE_BUNDLE_UNAVAILABLE -DXcode -plugin-path /Applications/Xcode.app/Contents/Developer/Toolchains/XcodeDefault.xctoolchain/usr/lib/swift/host/plugins/testing -enable-experimental-feature DebugDescriptionMacro -sdk /Applications/Xcode.app/Contents/Developer/Platforms/iPhoneSimulator.platform/Developer/SDKs/iPhoneSimulator26.2.sdk -target arm64-apple-ios13.0-simulator -g -module-cache-path /Users/anushka_sharma/Library/Developer/Xcode/DerivedData/ModuleCache.noindex -Xfrontend -serialize-debugging-options -enable-testing -suppress-warnings -index-store-path /Users/anushka_sharma/Library/Developer/Xcode/DerivedData/FMS-cwjlkvbqxgbddsairyzxkfxaxriv/Index.noindex/DataStore -Xcc -D_LIBCPP_HARDENING_MODE\=_LIBCPP_HARDENING_MODE_DEBUG -swift-version 6 -I /Users/anushka_sharma/Library/Developer/Xcode/DerivedData/FMS-cwjlkvbqxgbddsairyzxkfxaxriv/Build/Products/Debug-iphonesimulator -Isystem /Applications/Xcode.app/Contents/Developer/Platforms/iPhoneSimulator.platform/Developer/usr/lib -F /Users/anushka_sharma/Library/Developer/Xcode/DerivedData/FMS-cwjlkvbqxgbddsairyzxkfxaxriv/Build/Products/Debug-iphonesimulator -F /Applications/Xcode.app/Contents/Developer/Platforms/iPhoneSimulator.platform/Developer/Library/Frameworks -F /Applications/Xcode.app/Contents/Developer/Platforms/iPhoneSimulator.platform/Developer/SDKs/iPhoneSimulator26.2.sdk/Developer/Library/Frameworks -parse-as-library -c -j10 -enable-batch-mode -incremental -Xcc -ivfsstatcache -Xcc /Users/anushka_sharma/Library/Developer/Xcode/DerivedData/SDKStatCaches.noindex/iphonesimulator26.2-23C53-7d00a8b37fbd7999ea79df8ebc024bf0.sdkstatcache -output-file-map /Users/anushka_sharma/Library/Developer/Xcode/DerivedData/FMS-cwjlkvbqxgbddsairyzxkfxaxriv/Build/Intermediates.noindex/xctest-dynamic-overlay.build/Debug-iphonesimulator/IssueReportingPackageSupport.build/Objects-normal/arm64/IssueReportingPackageSupport-OutputFileMap.json -use-frontend-parseable-output -save-temps -no-color-diagnostics -explicit-module-build -module-cache-path /Users/anushka_sharma/Library/Developer/Xcode/DerivedData/FMS-cwjlkvbqxgbddsairyzxkfxaxriv/Build/Intermediates.noindex/SwiftExplicitPrecompiledModules -clang-scanner-module-cache-path /Users/anushka_sharma/Library/Developer/Xcode/DerivedData/ModuleCache.noindex -sdk-module-cache-path /Users/anushka_sharma/Library/Developer/Xcode/DerivedData/ModuleCache.noindex -serialize-diagnostics -emit-dependencies -emit-module -emit-module-path /Users/anushka_sharma/Library/Developer/Xcode/DerivedData/FMS-cwjlkvbqxgbddsairyzxkfxaxriv/Build/Intermediates.noindex/xctest-dynamic-overlay.build/Debug-iphonesimulator/IssueReportingPackageSupport.build/Objects-normal/arm64/IssueReportingPackageSupport.swiftmodule -user-module-version 1.9.0 -validate-clang-modules-once -clang-build-session-file /Users/anushka_sharma/Library/Developer/Xcode/DerivedData/ModuleCache.noindex/Session.modulevalidation -package-name xctest_dynamic_overlay -Xcc -I/Users/anushka_sharma/Library/Developer/Xcode/DerivedData/FMS-cwjlkvbqxgbddsairyzxkfxaxriv/Build/Intermediates.noindex/xctest-dynamic-overlay.build/Debug-iphonesimulator/IssueReportingPackageSupport.build/swift-overrides.hmap -emit-const-values -Xfrontend -const-gather-protocols-file -Xfrontend /Users/anushka_sharma/Library/Developer/Xcode/DerivedData/FMS-cwjlkvbqxgbddsairyzxkfxaxriv/Build/Intermediates.noindex/xctest-dynamic-overlay.build/Debug-iphonesimulator/IssueReportingPackageSupport.build/Objects-normal/arm64/IssueReportingPackageSupport_const_extract_protocols.json -Xcc -I/Users/anushka_sharma/Library/Developer/Xcode/DerivedData/FMS-cwjlkvbqxgbddsairyzxkfxaxriv/Build/Products/Debug-iphonesimulator/include -Xcc -I/Users/anushka_sharma/Library/Developer/Xcode/DerivedData/FMS-cwjlkvbqxgbddsairyzxkfxaxriv/Build/Intermediates.noindex/xctest-dynamic-overlay.build/Debug-iphonesimulator/IssueReportingPackageSupport.build/DerivedSources-normal/arm64 -Xcc -I/Users/anushka_sharma/Library/Developer/Xcode/DerivedData/FMS-cwjlkvbqxgbddsairyzxkfxaxriv/Build/Intermediates.noindex/xctest-dynamic-overlay.build/Debug-iphonesimulator/IssueReportingPackageSupport.build/DerivedSources/arm64 -Xcc -I/Users/anushka_sharma/Library/Developer/Xcode/DerivedData/FMS-cwjlkvbqxgbddsairyzxkfxaxriv/Build/Intermediates.noindex/xctest-dynamic-overlay.build/Debug-iphonesimulator/IssueReportingPackageSupport.build/DerivedSources -Xcc -DSWIFT_PACKAGE -Xcc -DDEBUG\=1 -emit-objc-header -emit-objc-header-path /Users/anushka_sharma/Library/Developer/Xcode/DerivedData/FMS-cwjlkvbqxgbddsairyzxkfxaxriv/Build/Intermediates.noindex/xctest-dynamic-overlay.build/Debug-iphonesimulator/IssueReportingPackageSupport.build/Objects-normal/arm64/IssueReportingPackageSupport-Swift.h -working-directory /Users/anushka_sharma/Documents/FMS/FMS.xcodeproj -experimental-emit-module-separately -disable-cmo

SwiftMergeGeneratedHeaders /Users/anushka_sharma/Library/Developer/Xcode/DerivedData/FMS-cwjlkvbqxgbddsairyzxkfxaxriv/Build/Intermediates.noindex/GeneratedModuleMaps-iphonesimulator/IssueReportingPackageSupport-Swift.h /Users/anushka_sharma/Library/Developer/Xcode/DerivedData/FMS-cwjlkvbqxgbddsairyzxkfxaxriv/Build/Intermediates.noindex/xctest-dynamic-overlay.build/Debug-iphonesimulator/IssueReportingPackageSupport.build/Objects-normal/arm64/IssueReportingPackageSupport-Swift.h /Users/anushka_sharma/Library/Developer/Xcode/DerivedData/FMS-cwjlkvbqxgbddsairyzxkfxaxriv/Build/Intermediates.noindex/xctest-dynamic-overlay.build/Debug-iphonesimulator/IssueReportingPackageSupport.build/Objects-normal/x86_64/IssueReportingPackageSupport-Swift.h (in target 'IssueReportingPackageSupport' from project 'xctest-dynamic-overlay')
    cd /Users/anushka_sharma/Library/Developer/Xcode/DerivedData/FMS-cwjlkvbqxgbddsairyzxkfxaxriv/SourcePackages/checkouts/xctest-dynamic-overlay
    builtin-swiftHeaderTool -arch arm64 /Users/anushka_sharma/Library/Developer/Xcode/DerivedData/FMS-cwjlkvbqxgbddsairyzxkfxaxriv/Build/Intermediates.noindex/xctest-dynamic-overlay.build/Debug-iphonesimulator/IssueReportingPackageSupport.build/Objects-normal/arm64/IssueReportingPackageSupport-Swift.h -arch x86_64 /Users/anushka_sharma/Library/Developer/Xcode/DerivedData/FMS-cwjlkvbqxgbddsairyzxkfxaxriv/Build/Intermediates.noindex/xctest-dynamic-overlay.build/Debug-iphonesimulator/IssueReportingPackageSupport.build/Objects-normal/x86_64/IssueReportingPackageSupport-Swift.h -o /Users/anushka_sharma/Library/Developer/Xcode/DerivedData/FMS-cwjlkvbqxgbddsairyzxkfxaxriv/Build/Intermediates.noindex/GeneratedModuleMaps-iphonesimulator/IssueReportingPackageSupport-Swift.h

Copy /Users/anushka_sharma/Library/Developer/Xcode/DerivedData/FMS-cwjlkvbqxgbddsairyzxkfxaxriv/Build/Products/Debug-iphonesimulator/IssueReportingPackageSupport.swiftmodule/arm64-apple-ios-simulator.swiftmodule /Users/anushka_sharma/Library/Developer/Xcode/DerivedData/FMS-cwjlkvbqxgbddsairyzxkfxaxriv/Build/Intermediates.noindex/xctest-dynamic-overlay.build/Debug-iphonesimulator/IssueReportingPackageSupport.build/Objects-normal/arm64/IssueReportingPackageSupport.swiftmodule (in target 'IssueReportingPackageSupport' from project 'xctest-dynamic-overlay')
    cd /Users/anushka_sharma/Library/Developer/Xcode/DerivedData/FMS-cwjlkvbqxgbddsairyzxkfxaxriv/SourcePackages/checkouts/xctest-dynamic-overlay
    builtin-copy -exclude .DS_Store -exclude CVS -exclude .svn -exclude .git -exclude .hg -resolve-src-symlinks -rename /Users/anushka_sharma/Library/Developer/Xcode/DerivedData/FMS-cwjlkvbqxgbddsairyzxkfxaxriv/Build/Intermediates.noindex/xctest-dynamic-overlay.build/Debug-iphonesimulator/IssueReportingPackageSupport.build/Objects-normal/arm64/IssueReportingPackageSupport.swiftmodule /Users/anushka_sharma/Library/Developer/Xcode/DerivedData/FMS-cwjlkvbqxgbddsairyzxkfxaxriv/Build/Products/Debug-iphonesimulator/IssueReportingPackageSupport.swiftmodule/arm64-apple-ios-simulator.swiftmodule

Copy /Users/anushka_sharma/Library/Developer/Xcode/DerivedData/FMS-cwjlkvbqxgbddsairyzxkfxaxriv/Build/Products/Debug-iphonesimulator/IssueReportingPackageSupport.swiftmodule/arm64-apple-ios-simulator.swiftdoc /Users/anushka_sharma/Library/Developer/Xcode/DerivedData/FMS-cwjlkvbqxgbddsairyzxkfxaxriv/Build/Intermediates.noindex/xctest-dynamic-overlay.build/Debug-iphonesimulator/IssueReportingPackageSupport.build/Objects-normal/arm64/IssueReportingPackageSupport.swiftdoc (in target 'IssueReportingPackageSupport' from project 'xctest-dynamic-overlay')
    cd /Users/anushka_sharma/Library/Developer/Xcode/DerivedData/FMS-cwjlkvbqxgbddsairyzxkfxaxriv/SourcePackages/checkouts/xctest-dynamic-overlay
    builtin-copy -exclude .DS_Store -exclude CVS -exclude .svn -exclude .git -exclude .hg -resolve-src-symlinks -rename /Users/anushka_sharma/Library/Developer/Xcode/DerivedData/FMS-cwjlkvbqxgbddsairyzxkfxaxriv/Build/Intermediates.noindex/xctest-dynamic-overlay.build/Debug-iphonesimulator/IssueReportingPackageSupport.build/Objects-normal/arm64/IssueReportingPackageSupport.swiftdoc /Users/anushka_sharma/Library/Developer/Xcode/DerivedData/FMS-cwjlkvbqxgbddsairyzxkfxaxriv/Build/Products/Debug-iphonesimulator/IssueReportingPackageSupport.swiftmodule/arm64-apple-ios-simulator.swiftdoc

Copy /Users/anushka_sharma/Library/Developer/Xcode/DerivedData/FMS-cwjlkvbqxgbddsairyzxkfxaxriv/Build/Products/Debug-iphonesimulator/IssueReportingPackageSupport.swiftmodule/arm64-apple-ios-simulator.abi.json /Users/anushka_sharma/Library/Developer/Xcode/DerivedData/FMS-cwjlkvbqxgbddsairyzxkfxaxriv/Build/Intermediates.noindex/xctest-dynamic-overlay.build/Debug-iphonesimulator/IssueReportingPackageSupport.build/Objects-normal/arm64/IssueReportingPackageSupport.abi.json (in target 'IssueReportingPackageSupport' from project 'xctest-dynamic-overlay')
    cd /Users/anushka_sharma/Library/Developer/Xcode/DerivedData/FMS-cwjlkvbqxgbddsairyzxkfxaxriv/SourcePackages/checkouts/xctest-dynamic-overlay
    builtin-copy -exclude .DS_Store -exclude CVS -exclude .svn -exclude .git -exclude .hg -resolve-src-symlinks -rename /Users/anushka_sharma/Library/Developer/Xcode/DerivedData/FMS-cwjlkvbqxgbddsairyzxkfxaxriv/Build/Intermediates.noindex/xctest-dynamic-overlay.build/Debug-iphonesimulator/IssueReportingPackageSupport.build/Objects-normal/arm64/IssueReportingPackageSupport.abi.json /Users/anushka_sharma/Library/Developer/Xcode/DerivedData/FMS-cwjlkvbqxgbddsairyzxkfxaxriv/Build/Products/Debug-iphonesimulator/IssueReportingPackageSupport.swiftmodule/arm64-apple-ios-simulator.abi.json

Copy /Users/anushka_sharma/Library/Developer/Xcode/DerivedData/FMS-cwjlkvbqxgbddsairyzxkfxaxriv/Build/Products/Debug-iphonesimulator/IssueReportingPackageSupport.swiftmodule/Project/arm64-apple-ios-simulator.swiftsourceinfo /Users/anushka_sharma/Library/Developer/Xcode/DerivedData/FMS-cwjlkvbqxgbddsairyzxkfxaxriv/Build/Intermediates.noindex/xctest-dynamic-overlay.build/Debug-iphonesimulator/IssueReportingPackageSupport.build/Objects-normal/arm64/IssueReportingPackageSupport.swiftsourceinfo (in target 'IssueReportingPackageSupport' from project 'xctest-dynamic-overlay')
    cd /Users/anushka_sharma/Library/Developer/Xcode/DerivedData/FMS-cwjlkvbqxgbddsairyzxkfxaxriv/SourcePackages/checkouts/xctest-dynamic-overlay
    builtin-copy -exclude .DS_Store -exclude CVS -exclude .svn -exclude .git -exclude .hg -resolve-src-symlinks -rename /Users/anushka_sharma/Library/Developer/Xcode/DerivedData/FMS-cwjlkvbqxgbddsairyzxkfxaxriv/Build/Intermediates.noindex/xctest-dynamic-overlay.build/Debug-iphonesimulator/IssueReportingPackageSupport.build/Objects-normal/arm64/IssueReportingPackageSupport.swiftsourceinfo /Users/anushka_sharma/Library/Developer/Xcode/DerivedData/FMS-cwjlkvbqxgbddsairyzxkfxaxriv/Build/Products/Debug-iphonesimulator/IssueReportingPackageSupport.swiftmodule/Project/arm64-apple-ios-simulator.swiftsourceinfo

Ld /Users/anushka_sharma/Library/Developer/Xcode/DerivedData/FMS-cwjlkvbqxgbddsairyzxkfxaxriv/Build/Intermediates.noindex/xctest-dynamic-overlay.build/Debug-iphonesimulator/IssueReportingPackageSupport.build/Objects-normal/arm64/Binary/IssueReportingPackageSupport.o normal arm64 (in target 'IssueReportingPackageSupport' from project 'xctest-dynamic-overlay')
    cd /Users/anushka_sharma/Library/Developer/Xcode/DerivedData/FMS-cwjlkvbqxgbddsairyzxkfxaxriv/SourcePackages/checkouts/xctest-dynamic-overlay
    /Applications/Xcode.app/Contents/Developer/Toolchains/XcodeDefault.xctoolchain/usr/bin/clang -Xlinker -reproducible -target arm64-apple-ios13.0-simulator -r -isysroot /Applications/Xcode.app/Contents/Developer/Platforms/iPhoneSimulator.platform/Developer/SDKs/iPhoneSimulator26.2.sdk -O0 -w -L/Users/anushka_sharma/Library/Developer/Xcode/DerivedData/FMS-cwjlkvbqxgbddsairyzxkfxaxriv/Build/Intermediates.noindex/EagerLinkingTBDs/Debug-iphonesimulator -L/Users/anushka_sharma/Library/Developer/Xcode/DerivedData/FMS-cwjlkvbqxgbddsairyzxkfxaxriv/Build/Products/Debug-iphonesimulator -L/Applications/Xcode.app/Contents/Developer/Platforms/iPhoneSimulator.platform/Developer/usr/lib -F/Users/anushka_sharma/Library/Developer/Xcode/DerivedData/FMS-cwjlkvbqxgbddsairyzxkfxaxriv/Build/Intermediates.noindex/EagerLinkingTBDs/Debug-iphonesimulator -F/Users/anushka_sharma/Library/Developer/Xcode/DerivedData/FMS-cwjlkvbqxgbddsairyzxkfxaxriv/Build/Products/Debug-iphonesimulator -iframework /Applications/Xcode.app/Contents/Developer/Platforms/iPhoneSimulator.platform/Developer/Library/Frameworks -iframework /Applications/Xcode.app/Contents/Developer/Platforms/iPhoneSimulator.platform/Developer/SDKs/iPhoneSimulator26.2.sdk/Developer/Library/Frameworks -filelist /Users/anushka_sharma/Library/Developer/Xcode/DerivedData/FMS-cwjlkvbqxgbddsairyzxkfxaxriv/Build/Intermediates.noindex/xctest-dynamic-overlay.build/Debug-iphonesimulator/IssueReportingPackageSupport.build/Objects-normal/arm64/IssueReportingPackageSupport.LinkFileList -nostdlib -Xlinker -object_path_lto -Xlinker /Users/anushka_sharma/Library/Developer/Xcode/DerivedData/FMS-cwjlkvbqxgbddsairyzxkfxaxriv/Build/Intermediates.noindex/xctest-dynamic-overlay.build/Debug-iphonesimulator/IssueReportingPackageSupport.build/Objects-normal/arm64/IssueReportingPackageSupport_lto.o -rdynamic -Xlinker -no_deduplicate -Xlinker -objc_abi_version -Xlinker 2 -Xlinker -dependency_info -Xlinker /Users/anushka_sharma/Library/Developer/Xcode/DerivedData/FMS-cwjlkvbqxgbddsairyzxkfxaxriv/Build/Intermediates.noindex/xctest-dynamic-overlay.build/Debug-iphonesimulator/IssueReportingPackageSupport.build/Objects-normal/arm64/IssueReportingPackageSupport_dependency_info.dat -fobjc-link-runtime -L/Applications/Xcode.app/Contents/Developer/Toolchains/XcodeDefault.xctoolchain/usr/lib/swift/iphonesimulator -L/usr/lib/swift -Xlinker -add_ast_path -Xlinker /Users/anushka_sharma/Library/Developer/Xcode/DerivedData/FMS-cwjlkvbqxgbddsairyzxkfxaxriv/Build/Intermediates.noindex/xctest-dynamic-overlay.build/Debug-iphonesimulator/IssueReportingPackageSupport.build/Objects-normal/arm64/IssueReportingPackageSupport.swiftmodule @/Users/anushka_sharma/Library/Developer/Xcode/DerivedData/FMS-cwjlkvbqxgbddsairyzxkfxaxriv/Build/Intermediates.noindex/xctest-dynamic-overlay.build/Debug-iphonesimulator/IssueReportingPackageSupport.build/Objects-normal/arm64/IssueReportingPackageSupport-linker-args.resp -o /Users/anushka_sharma/Library/Developer/Xcode/DerivedData/FMS-cwjlkvbqxgbddsairyzxkfxaxriv/Build/Intermediates.noindex/xctest-dynamic-overlay.build/Debug-iphonesimulator/IssueReportingPackageSupport.build/Objects-normal/arm64/Binary/IssueReportingPackageSupport.o

SwiftDriver IssueReporting normal arm64 com.apple.xcode.tools.swift.compiler (in target 'IssueReporting' from project 'xctest-dynamic-overlay')
    cd /Users/anushka_sharma/Documents/FMS/FMS.xcodeproj
    builtin-SwiftDriver -- /Applications/Xcode.app/Contents/Developer/Toolchains/XcodeDefault.xctoolchain/usr/bin/swiftc -module-name IssueReporting -Onone -enforce-exclusivity\=checked @/Users/anushka_sharma/Library/Developer/Xcode/DerivedData/FMS-cwjlkvbqxgbddsairyzxkfxaxriv/Build/Intermediates.noindex/xctest-dynamic-overlay.build/Debug-iphonesimulator/IssueReporting.build/Objects-normal/arm64/IssueReporting.SwiftFileList -DSWIFT_PACKAGE -DDEBUG -DSWIFT_MODULE_RESOURCE_BUNDLE_UNAVAILABLE -DXcode -plugin-path /Applications/Xcode.app/Contents/Developer/Toolchains/XcodeDefault.xctoolchain/usr/lib/swift/host/plugins/testing -enable-experimental-feature DebugDescriptionMacro -sdk /Applications/Xcode.app/Contents/Developer/Platforms/iPhoneSimulator.platform/Developer/SDKs/iPhoneSimulator26.2.sdk -target arm64-apple-ios13.0-simulator -g -module-cache-path /Users/anushka_sharma/Library/Developer/Xcode/DerivedData/ModuleCache.noindex -Xfrontend -serialize-debugging-options -enable-testing -suppress-warnings -index-store-path /Users/anushka_sharma/Library/Developer/Xcode/DerivedData/FMS-cwjlkvbqxgbddsairyzxkfxaxriv/Index.noindex/DataStore -Xcc -D_LIBCPP_HARDENING_MODE\=_LIBCPP_HARDENING_MODE_DEBUG -swift-version 6 -I /Users/anushka_sharma/Library/Developer/Xcode/DerivedData/FMS-cwjlkvbqxgbddsairyzxkfxaxriv/Build/Products/Debug-iphonesimulator -Isystem /Applications/Xcode.app/Contents/Developer/Platforms/iPhoneSimulator.platform/Developer/usr/lib -F /Users/anushka_sharma/Library/Developer/Xcode/DerivedData/FMS-cwjlkvbqxgbddsairyzxkfxaxriv/Build/Products/Debug-iphonesimulator/PackageFrameworks -F /Users/anushka_sharma/Library/Developer/Xcode/DerivedData/FMS-cwjlkvbqxgbddsairyzxkfxaxriv/Build/Products/Debug-iphonesimulator -F /Applications/Xcode.app/Contents/Developer/Platforms/iPhoneSimulator.platform/Developer/Library/Frameworks -F /Applications/Xcode.app/Contents/Developer/Platforms/iPhoneSimulator.platform/Developer/SDKs/iPhoneSimulator26.2.sdk/Developer/Library/Frameworks -c -j10 -enable-batch-mode -incremental -Xcc -ivfsstatcache -Xcc /Users/anushka_sharma/Library/Developer/Xcode/DerivedData/SDKStatCaches.noindex/iphonesimulator26.2-23C53-7d00a8b37fbd7999ea79df8ebc024bf0.sdkstatcache -output-file-map /Users/anushka_sharma/Library/Developer/Xcode/DerivedData/FMS-cwjlkvbqxgbddsairyzxkfxaxriv/Build/Intermediates.noindex/xctest-dynamic-overlay.build/Debug-iphonesimulator/IssueReporting.build/Objects-normal/arm64/IssueReporting-OutputFileMap.json -use-frontend-parseable-output -save-temps -no-color-diagnostics -explicit-module-build -module-cache-path /Users/anushka_sharma/Library/Developer/Xcode/DerivedData/FMS-cwjlkvbqxgbddsairyzxkfxaxriv/Build/Intermediates.noindex/SwiftExplicitPrecompiledModules -clang-scanner-module-cache-path /Users/anushka_sharma/Library/Developer/Xcode/DerivedData/ModuleCache.noindex -sdk-module-cache-path /Users/anushka_sharma/Library/Developer/Xcode/DerivedData/ModuleCache.noindex -serialize-diagnostics -emit-dependencies -emit-module -emit-module-path /Users/anushka_sharma/Library/Developer/Xcode/DerivedData/FMS-cwjlkvbqxgbddsairyzxkfxaxriv/Build/Intermediates.noindex/xctest-dynamic-overlay.build/Debug-iphonesimulator/IssueReporting.build/Objects-normal/arm64/IssueReporting.swiftmodule -user-module-version 1.9.0 -validate-clang-modules-once -clang-build-session-file /Users/anushka_sharma/Library/Developer/Xcode/DerivedData/ModuleCache.noindex/Session.modulevalidation -package-name xctest_dynamic_overlay -Xcc -I/Users/anushka_sharma/Library/Developer/Xcode/DerivedData/FMS-cwjlkvbqxgbddsairyzxkfxaxriv/Build/Intermediates.noindex/xctest-dynamic-overlay.build/Debug-iphonesimulator/IssueReporting.build/swift-overrides.hmap -emit-const-values -Xfrontend -const-gather-protocols-file -Xfrontend /Users/anushka_sharma/Library/Developer/Xcode/DerivedData/FMS-cwjlkvbqxgbddsairyzxkfxaxriv/Build/Intermediates.noindex/xctest-dynamic-overlay.build/Debug-iphonesimulator/IssueReporting.build/Objects-normal/arm64/IssueReporting_const_extract_protocols.json -Xcc -I/Users/anushka_sharma/Library/Developer/Xcode/DerivedData/FMS-cwjlkvbqxgbddsairyzxkfxaxriv/Build/Products/Debug-iphonesimulator/include -Xcc -I/Users/anushka_sharma/Library/Developer/Xcode/DerivedData/FMS-cwjlkvbqxgbddsairyzxkfxaxriv/Build/Intermediates.noindex/xctest-dynamic-overlay.build/Debug-iphonesimulator/IssueReporting.build/DerivedSources-normal/arm64 -Xcc -I/Users/anushka_sharma/Library/Developer/Xcode/DerivedData/FMS-cwjlkvbqxgbddsairyzxkfxaxriv/Build/Intermediates.noindex/xctest-dynamic-overlay.build/Debug-iphonesimulator/IssueReporting.build/DerivedSources/arm64 -Xcc -I/Users/anushka_sharma/Library/Developer/Xcode/DerivedData/FMS-cwjlkvbqxgbddsairyzxkfxaxriv/Build/Intermediates.noindex/xctest-dynamic-overlay.build/Debug-iphonesimulator/IssueReporting.build/DerivedSources -Xcc -DSWIFT_PACKAGE -Xcc -DDEBUG\=1 -emit-objc-header -emit-objc-header-path /Users/anushka_sharma/Library/Developer/Xcode/DerivedData/FMS-cwjlkvbqxgbddsairyzxkfxaxriv/Build/Intermediates.noindex/xctest-dynamic-overlay.build/Debug-iphonesimulator/IssueReporting.build/Objects-normal/arm64/IssueReporting-Swift.h -working-directory /Users/anushka_sharma/Documents/FMS/FMS.xcodeproj -experimental-emit-module-separately -disable-cmo

SwiftDriver IssueReporting normal x86_64 com.apple.xcode.tools.swift.compiler (in target 'IssueReporting' from project 'xctest-dynamic-overlay')
    cd /Users/anushka_sharma/Documents/FMS/FMS.xcodeproj
    builtin-SwiftDriver -- /Applications/Xcode.app/Contents/Developer/Toolchains/XcodeDefault.xctoolchain/usr/bin/swiftc -module-name IssueReporting -Onone -enforce-exclusivity\=checked @/Users/anushka_sharma/Library/Developer/Xcode/DerivedData/FMS-cwjlkvbqxgbddsairyzxkfxaxriv/Build/Intermediates.noindex/xctest-dynamic-overlay.build/Debug-iphonesimulator/IssueReporting.build/Objects-normal/x86_64/IssueReporting.SwiftFileList -DSWIFT_PACKAGE -DDEBUG -DSWIFT_MODULE_RESOURCE_BUNDLE_UNAVAILABLE -DXcode -plugin-path /Applications/Xcode.app/Contents/Developer/Toolchains/XcodeDefault.xctoolchain/usr/lib/swift/host/plugins/testing -enable-experimental-feature DebugDescriptionMacro -sdk /Applications/Xcode.app/Contents/Developer/Platforms/iPhoneSimulator.platform/Developer/SDKs/iPhoneSimulator26.2.sdk -target x86_64-apple-ios13.0-simulator -g -module-cache-path /Users/anushka_sharma/Library/Developer/Xcode/DerivedData/ModuleCache.noindex -Xfrontend -serialize-debugging-options -enable-testing -suppress-warnings -index-store-path /Users/anushka_sharma/Library/Developer/Xcode/DerivedData/FMS-cwjlkvbqxgbddsairyzxkfxaxriv/Index.noindex/DataStore -Xcc -D_LIBCPP_HARDENING_MODE\=_LIBCPP_HARDENING_MODE_DEBUG -swift-version 6 -I /Users/anushka_sharma/Library/Developer/Xcode/DerivedData/FMS-cwjlkvbqxgbddsairyzxkfxaxriv/Build/Products/Debug-iphonesimulator -Isystem /Applications/Xcode.app/Contents/Developer/Platforms/iPhoneSimulator.platform/Developer/usr/lib -F /Users/anushka_sharma/Library/Developer/Xcode/DerivedData/FMS-cwjlkvbqxgbddsairyzxkfxaxriv/Build/Products/Debug-iphonesimulator/PackageFrameworks -F /Users/anushka_sharma/Library/Developer/Xcode/DerivedData/FMS-cwjlkvbqxgbddsairyzxkfxaxriv/Build/Products/Debug-iphonesimulator -F /Applications/Xcode.app/Contents/Developer/Platforms/iPhoneSimulator.platform/Developer/Library/Frameworks -F /Applications/Xcode.app/Contents/Developer/Platforms/iPhoneSimulator.platform/Developer/SDKs/iPhoneSimulator26.2.sdk/Developer/Library/Frameworks -c -j10 -enable-batch-mode -incremental -Xcc -ivfsstatcache -Xcc /Users/anushka_sharma/Library/Developer/Xcode/DerivedData/SDKStatCaches.noindex/iphonesimulator26.2-23C53-7d00a8b37fbd7999ea79df8ebc024bf0.sdkstatcache -output-file-map /Users/anushka_sharma/Library/Developer/Xcode/DerivedData/FMS-cwjlkvbqxgbddsairyzxkfxaxriv/Build/Intermediates.noindex/xctest-dynamic-overlay.build/Debug-iphonesimulator/IssueReporting.build/Objects-normal/x86_64/IssueReporting-OutputFileMap.json -use-frontend-parseable-output -save-temps -no-color-diagnostics -explicit-module-build -module-cache-path /Users/anushka_sharma/Library/Developer/Xcode/DerivedData/FMS-cwjlkvbqxgbddsairyzxkfxaxriv/Build/Intermediates.noindex/SwiftExplicitPrecompiledModules -clang-scanner-module-cache-path /Users/anushka_sharma/Library/Developer/Xcode/DerivedData/ModuleCache.noindex -sdk-module-cache-path /Users/anushka_sharma/Library/Developer/Xcode/DerivedData/ModuleCache.noindex -serialize-diagnostics -emit-dependencies -emit-module -emit-module-path /Users/anushka_sharma/Library/Developer/Xcode/DerivedData/FMS-cwjlkvbqxgbddsairyzxkfxaxriv/Build/Intermediates.noindex/xctest-dynamic-overlay.build/Debug-iphonesimulator/IssueReporting.build/Objects-normal/x86_64/IssueReporting.swiftmodule -user-module-version 1.9.0 -validate-clang-modules-once -clang-build-session-file /Users/anushka_sharma/Library/Developer/Xcode/DerivedData/ModuleCache.noindex/Session.modulevalidation -package-name xctest_dynamic_overlay -Xcc -I/Users/anushka_sharma/Library/Developer/Xcode/DerivedData/FMS-cwjlkvbqxgbddsairyzxkfxaxriv/Build/Intermediates.noindex/xctest-dynamic-overlay.build/Debug-iphonesimulator/IssueReporting.build/swift-overrides.hmap -emit-const-values -Xfrontend -const-gather-protocols-file -Xfrontend /Users/anushka_sharma/Library/Developer/Xcode/DerivedData/FMS-cwjlkvbqxgbddsairyzxkfxaxriv/Build/Intermediates.noindex/xctest-dynamic-overlay.build/Debug-iphonesimulator/IssueReporting.build/Objects-normal/x86_64/IssueReporting_const_extract_protocols.json -Xcc -I/Users/anushka_sharma/Library/Developer/Xcode/DerivedData/FMS-cwjlkvbqxgbddsairyzxkfxaxriv/Build/Products/Debug-iphonesimulator/include -Xcc -I/Users/anushka_sharma/Library/Developer/Xcode/DerivedData/FMS-cwjlkvbqxgbddsairyzxkfxaxriv/Build/Intermediates.noindex/xctest-dynamic-overlay.build/Debug-iphonesimulator/IssueReporting.build/DerivedSources-normal/x86_64 -Xcc -I/Users/anushka_sharma/Library/Developer/Xcode/DerivedData/FMS-cwjlkvbqxgbddsairyzxkfxaxriv/Build/Intermediates.noindex/xctest-dynamic-overlay.build/Debug-iphonesimulator/IssueReporting.build/DerivedSources/x86_64 -Xcc -I/Users/anushka_sharma/Library/Developer/Xcode/DerivedData/FMS-cwjlkvbqxgbddsairyzxkfxaxriv/Build/Intermediates.noindex/xctest-dynamic-overlay.build/Debug-iphonesimulator/IssueReporting.build/DerivedSources -Xcc -DSWIFT_PACKAGE -Xcc -DDEBUG\=1 -emit-objc-header -emit-objc-header-path /Users/anushka_sharma/Library/Developer/Xcode/DerivedData/FMS-cwjlkvbqxgbddsairyzxkfxaxriv/Build/Intermediates.noindex/xctest-dynamic-overlay.build/Debug-iphonesimulator/IssueReporting.build/Objects-normal/x86_64/IssueReporting-Swift.h -working-directory /Users/anushka_sharma/Documents/FMS/FMS.xcodeproj -experimental-emit-module-separately -disable-cmo

CreateUniversalBinary /Users/anushka_sharma/Library/Developer/Xcode/DerivedData/FMS-cwjlkvbqxgbddsairyzxkfxaxriv/Build/Products/Debug-iphonesimulator/IssueReportingPackageSupport.o normal arm64\ x86_64 (in target 'IssueReportingPackageSupport' from project 'xctest-dynamic-overlay')
    cd /Users/anushka_sharma/Library/Developer/Xcode/DerivedData/FMS-cwjlkvbqxgbddsairyzxkfxaxriv/SourcePackages/checkouts/xctest-dynamic-overlay
    /Applications/Xcode.app/Contents/Developer/Toolchains/XcodeDefault.xctoolchain/usr/bin/lipo -create /Users/anushka_sharma/Library/Developer/Xcode/DerivedData/FMS-cwjlkvbqxgbddsairyzxkfxaxriv/Build/Intermediates.noindex/xctest-dynamic-overlay.build/Debug-iphonesimulator/IssueReportingPackageSupport.build/Objects-normal/arm64/Binary/IssueReportingPackageSupport.o /Users/anushka_sharma/Library/Developer/Xcode/DerivedData/FMS-cwjlkvbqxgbddsairyzxkfxaxriv/Build/Intermediates.noindex/xctest-dynamic-overlay.build/Debug-iphonesimulator/IssueReportingPackageSupport.build/Objects-normal/x86_64/Binary/IssueReportingPackageSupport.o -output /Users/anushka_sharma/Library/Developer/Xcode/DerivedData/FMS-cwjlkvbqxgbddsairyzxkfxaxriv/Build/Products/Debug-iphonesimulator/IssueReportingPackageSupport.o

ExtractAppIntentsMetadata (in target 'IssueReportingPackageSupport' from project 'xctest-dynamic-overlay')
    cd /Users/anushka_sharma/Library/Developer/Xcode/DerivedData/FMS-cwjlkvbqxgbddsairyzxkfxaxriv/SourcePackages/checkouts/xctest-dynamic-overlay
    /Applications/Xcode.app/Contents/Developer/Toolchains/XcodeDefault.xctoolchain/usr/bin/appintentsmetadataprocessor --toolchain-dir /Applications/Xcode.app/Contents/Developer/Toolchains/XcodeDefault.xctoolchain --module-name IssueReportingPackageSupport --sdk-root /Applications/Xcode.app/Contents/Developer/Platforms/iPhoneSimulator.platform/Developer/SDKs/iPhoneSimulator26.2.sdk --xcode-version 17C52 --platform-family iOS --deployment-target 13.0 --bundle-identifier xctest-dynamic-overlay.IssueReportingPackageSupport --output /Users/anushka_sharma/Library/Developer/Xcode/DerivedData/FMS-cwjlkvbqxgbddsairyzxkfxaxriv/Build/Products/Debug-iphonesimulator/IssueReportingPackageSupport.appintents --target-triple arm64-apple-ios13.0-simulator --target-triple x86_64-apple-ios13.0-simulator --binary-file /Users/anushka_sharma/Library/Developer/Xcode/DerivedData/FMS-cwjlkvbqxgbddsairyzxkfxaxriv/Build/Products/Debug-iphonesimulator/IssueReportingPackageSupport.o --dependency-file /Users/anushka_sharma/Library/Developer/Xcode/DerivedData/FMS-cwjlkvbqxgbddsairyzxkfxaxriv/Build/Intermediates.noindex/xctest-dynamic-overlay.build/Debug-iphonesimulator/IssueReportingPackageSupport.build/Objects-normal/arm64/IssueReportingPackageSupport_dependency_info.dat --dependency-file /Users/anushka_sharma/Library/Developer/Xcode/DerivedData/FMS-cwjlkvbqxgbddsairyzxkfxaxriv/Build/Intermediates.noindex/xctest-dynamic-overlay.build/Debug-iphonesimulator/IssueReportingPackageSupport.build/Objects-normal/x86_64/IssueReportingPackageSupport_dependency_info.dat --stringsdata-file /Users/anushka_sharma/Library/Developer/Xcode/DerivedData/FMS-cwjlkvbqxgbddsairyzxkfxaxriv/Build/Intermediates.noindex/xctest-dynamic-overlay.build/Debug-iphonesimulator/IssueReportingPackageSupport.build/Objects-normal/arm64/ExtractedAppShortcutsMetadata.stringsdata --stringsdata-file /Users/anushka_sharma/Library/Developer/Xcode/DerivedData/FMS-cwjlkvbqxgbddsairyzxkfxaxriv/Build/Intermediates.noindex/xctest-dynamic-overlay.build/Debug-iphonesimulator/IssueReportingPackageSupport.build/Objects-normal/x86_64/ExtractedAppShortcutsMetadata.stringsdata --source-file-list /Users/anushka_sharma/Library/Developer/Xcode/DerivedData/FMS-cwjlkvbqxgbddsairyzxkfxaxriv/Build/Intermediates.noindex/xctest-dynamic-overlay.build/Debug-iphonesimulator/IssueReportingPackageSupport.build/Objects-normal/arm64/IssueReportingPackageSupport.SwiftFileList --source-file-list /Users/anushka_sharma/Library/Developer/Xcode/DerivedData/FMS-cwjlkvbqxgbddsairyzxkfxaxriv/Build/Intermediates.noindex/xctest-dynamic-overlay.build/Debug-iphonesimulator/IssueReportingPackageSupport.build/Objects-normal/x86_64/IssueReportingPackageSupport.SwiftFileList --metadata-file-list /Users/anushka_sharma/Library/Developer/Xcode/DerivedData/FMS-cwjlkvbqxgbddsairyzxkfxaxriv/Build/Intermediates.noindex/xctest-dynamic-overlay.build/Debug-iphonesimulator/IssueReportingPackageSupport.build/IssueReportingPackageSupport.DependencyMetadataFileList --static-metadata-file-list /Users/anushka_sharma/Library/Developer/Xcode/DerivedData/FMS-cwjlkvbqxgbddsairyzxkfxaxriv/Build/Intermediates.noindex/xctest-dynamic-overlay.build/Debug-iphonesimulator/IssueReportingPackageSupport.build/IssueReportingPackageSupport.DependencyStaticMetadataFileList --swift-const-vals-list /Users/anushka_sharma/Library/Developer/Xcode/DerivedData/FMS-cwjlkvbqxgbddsairyzxkfxaxriv/Build/Intermediates.noindex/xctest-dynamic-overlay.build/Debug-iphonesimulator/IssueReportingPackageSupport.build/Objects-normal/arm64/IssueReportingPackageSupport.SwiftConstValuesFileList --swift-const-vals-list /Users/anushka_sharma/Library/Developer/Xcode/DerivedData/FMS-cwjlkvbqxgbddsairyzxkfxaxriv/Build/Intermediates.noindex/xctest-dynamic-overlay.build/Debug-iphonesimulator/IssueReportingPackageSupport.build/Objects-normal/x86_64/IssueReportingPackageSupport.SwiftConstValuesFileList --force --compile-time-extraction --deployment-aware-processing --validate-assistant-intents --no-app-shortcuts-localization
2026-05-29 10:07:09.656 appintentsmetadataprocessor[29848:518455] Starting appintentsmetadataprocessor export
2026-05-29 10:07:10.032 appintentsmetadataprocessor[29848:518455] Extracted no relevant App Intents symbols, skipping writing output

SwiftDriver\ Compilation\ Requirements ConcurrencyExtras normal x86_64 com.apple.xcode.tools.swift.compiler (in target 'ConcurrencyExtras' from project 'swift-concurrency-extras')
    cd /Users/anushka_sharma/Documents/FMS/FMS.xcodeproj
    builtin-Swift-Compilation-Requirements -- /Applications/Xcode.app/Contents/Developer/Toolchains/XcodeDefault.xctoolchain/usr/bin/swiftc -module-name ConcurrencyExtras -Onone -enforce-exclusivity\=checked @/Users/anushka_sharma/Library/Developer/Xcode/DerivedData/FMS-cwjlkvbqxgbddsairyzxkfxaxriv/Build/Intermediates.noindex/swift-concurrency-extras.build/Debug-iphonesimulator/ConcurrencyExtras.build/Objects-normal/x86_64/ConcurrencyExtras.SwiftFileList -DSWIFT_PACKAGE -DDEBUG -DSWIFT_MODULE_RESOURCE_BUNDLE_UNAVAILABLE -DXcode -plugin-path /Applications/Xcode.app/Contents/Developer/Toolchains/XcodeDefault.xctoolchain/usr/lib/swift/host/plugins/testing -enable-experimental-feature DebugDescriptionMacro -sdk /Applications/Xcode.app/Contents/Developer/Platforms/iPhoneSimulator.platform/Developer/SDKs/iPhoneSimulator26.2.sdk -target x86_64-apple-ios13.0-simulator -g -module-cache-path /Users/anushka_sharma/Library/Developer/Xcode/DerivedData/ModuleCache.noindex -Xfrontend -serialize-debugging-options -enable-testing -suppress-warnings -index-store-path /Users/anushka_sharma/Library/Developer/Xcode/DerivedData/FMS-cwjlkvbqxgbddsairyzxkfxaxriv/Index.noindex/DataStore -Xcc -D_LIBCPP_HARDENING_MODE\=_LIBCPP_HARDENING_MODE_DEBUG -swift-version 6 -I /Users/anushka_sharma/Library/Developer/Xcode/DerivedData/FMS-cwjlkvbqxgbddsairyzxkfxaxriv/Build/Products/Debug-iphonesimulator -Isystem /Applications/Xcode.app/Contents/Developer/Platforms/iPhoneSimulator.platform/Developer/usr/lib -F /Users/anushka_sharma/Library/Developer/Xcode/DerivedData/FMS-cwjlkvbqxgbddsairyzxkfxaxriv/Build/Products/Debug-iphonesimulator -F /Applications/Xcode.app/Contents/Developer/Platforms/iPhoneSimulator.platform/Developer/Library/Frameworks -F /Applications/Xcode.app/Contents/Developer/Platforms/iPhoneSimulator.platform/Developer/SDKs/iPhoneSimulator26.2.sdk/Developer/Library/Frameworks -c -j10 -enable-batch-mode -incremental -Xcc -ivfsstatcache -Xcc /Users/anushka_sharma/Library/Developer/Xcode/DerivedData/SDKStatCaches.noindex/iphonesimulator26.2-23C53-7d00a8b37fbd7999ea79df8ebc024bf0.sdkstatcache -output-file-map /Users/anushka_sharma/Library/Developer/Xcode/DerivedData/FMS-cwjlkvbqxgbddsairyzxkfxaxriv/Build/Intermediates.noindex/swift-concurrency-extras.build/Debug-iphonesimulator/ConcurrencyExtras.build/Objects-normal/x86_64/ConcurrencyExtras-OutputFileMap.json -use-frontend-parseable-output -save-temps -no-color-diagnostics -explicit-module-build -module-cache-path /Users/anushka_sharma/Library/Developer/Xcode/DerivedData/FMS-cwjlkvbqxgbddsairyzxkfxaxriv/Build/Intermediates.noindex/SwiftExplicitPrecompiledModules -clang-scanner-module-cache-path /Users/anushka_sharma/Library/Developer/Xcode/DerivedData/ModuleCache.noindex -sdk-module-cache-path /Users/anushka_sharma/Library/Developer/Xcode/DerivedData/ModuleCache.noindex -serialize-diagnostics -emit-dependencies -emit-module -emit-module-path /Users/anushka_sharma/Library/Developer/Xcode/DerivedData/FMS-cwjlkvbqxgbddsairyzxkfxaxriv/Build/Intermediates.noindex/swift-concurrency-extras.build/Debug-iphonesimulator/ConcurrencyExtras.build/Objects-normal/x86_64/ConcurrencyExtras.swiftmodule -user-module-version 1.3.2 -validate-clang-modules-once -clang-build-session-file /Users/anushka_sharma/Library/Developer/Xcode/DerivedData/ModuleCache.noindex/Session.modulevalidation -package-name swift_concurrency_extras -Xcc -I/Users/anushka_sharma/Library/Developer/Xcode/DerivedData/FMS-cwjlkvbqxgbddsairyzxkfxaxriv/Build/Intermediates.noindex/swift-concurrency-extras.build/Debug-iphonesimulator/ConcurrencyExtras.build/swift-overrides.hmap -emit-const-values -Xfrontend -const-gather-protocols-file -Xfrontend /Users/anushka_sharma/Library/Developer/Xcode/DerivedData/FMS-cwjlkvbqxgbddsairyzxkfxaxriv/Build/Intermediates.noindex/swift-concurrency-extras.build/Debug-iphonesimulator/ConcurrencyExtras.build/Objects-normal/x86_64/ConcurrencyExtras_const_extract_protocols.json -Xcc -I/Users/anushka_sharma/Library/Developer/Xcode/DerivedData/FMS-cwjlkvbqxgbddsairyzxkfxaxriv/Build/Products/Debug-iphonesimulator/include -Xcc -I/Users/anushka_sharma/Library/Developer/Xcode/DerivedData/FMS-cwjlkvbqxgbddsairyzxkfxaxriv/Build/Intermediates.noindex/swift-concurrency-extras.build/Debug-iphonesimulator/ConcurrencyExtras.build/DerivedSources-normal/x86_64 -Xcc -I/Users/anushka_sharma/Library/Developer/Xcode/DerivedData/FMS-cwjlkvbqxgbddsairyzxkfxaxriv/Build/Intermediates.noindex/swift-concurrency-extras.build/Debug-iphonesimulator/ConcurrencyExtras.build/DerivedSources/x86_64 -Xcc -I/Users/anushka_sharma/Library/Developer/Xcode/DerivedData/FMS-cwjlkvbqxgbddsairyzxkfxaxriv/Build/Intermediates.noindex/swift-concurrency-extras.build/Debug-iphonesimulator/ConcurrencyExtras.build/DerivedSources -Xcc -DSWIFT_PACKAGE -Xcc -DDEBUG\=1 -emit-objc-header -emit-objc-header-path /Users/anushka_sharma/Library/Developer/Xcode/DerivedData/FMS-cwjlkvbqxgbddsairyzxkfxaxriv/Build/Intermediates.noindex/swift-concurrency-extras.build/Debug-iphonesimulator/ConcurrencyExtras.build/Objects-normal/x86_64/ConcurrencyExtras-Swift.h -working-directory /Users/anushka_sharma/Documents/FMS/FMS.xcodeproj -experimental-emit-module-separately -disable-cmo

SwiftDriver\ Compilation\ Requirements ConcurrencyExtras normal arm64 com.apple.xcode.tools.swift.compiler (in target 'ConcurrencyExtras' from project 'swift-concurrency-extras')
    cd /Users/anushka_sharma/Documents/FMS/FMS.xcodeproj
    builtin-Swift-Compilation-Requirements -- /Applications/Xcode.app/Contents/Developer/Toolchains/XcodeDefault.xctoolchain/usr/bin/swiftc -module-name ConcurrencyExtras -Onone -enforce-exclusivity\=checked @/Users/anushka_sharma/Library/Developer/Xcode/DerivedData/FMS-cwjlkvbqxgbddsairyzxkfxaxriv/Build/Intermediates.noindex/swift-concurrency-extras.build/Debug-iphonesimulator/ConcurrencyExtras.build/Objects-normal/arm64/ConcurrencyExtras.SwiftFileList -DSWIFT_PACKAGE -DDEBUG -DSWIFT_MODULE_RESOURCE_BUNDLE_UNAVAILABLE -DXcode -plugin-path /Applications/Xcode.app/Contents/Developer/Toolchains/XcodeDefault.xctoolchain/usr/lib/swift/host/plugins/testing -enable-experimental-feature DebugDescriptionMacro -sdk /Applications/Xcode.app/Contents/Developer/Platforms/iPhoneSimulator.platform/Developer/SDKs/iPhoneSimulator26.2.sdk -target arm64-apple-ios13.0-simulator -g -module-cache-path /Users/anushka_sharma/Library/Developer/Xcode/DerivedData/ModuleCache.noindex -Xfrontend -serialize-debugging-options -enable-testing -suppress-warnings -index-store-path /Users/anushka_sharma/Library/Developer/Xcode/DerivedData/FMS-cwjlkvbqxgbddsairyzxkfxaxriv/Index.noindex/DataStore -Xcc -D_LIBCPP_HARDENING_MODE\=_LIBCPP_HARDENING_MODE_DEBUG -swift-version 6 -I /Users/anushka_sharma/Library/Developer/Xcode/DerivedData/FMS-cwjlkvbqxgbddsairyzxkfxaxriv/Build/Products/Debug-iphonesimulator -Isystem /Applications/Xcode.app/Contents/Developer/Platforms/iPhoneSimulator.platform/Developer/usr/lib -F /Users/anushka_sharma/Library/Developer/Xcode/DerivedData/FMS-cwjlkvbqxgbddsairyzxkfxaxriv/Build/Products/Debug-iphonesimulator -F /Applications/Xcode.app/Contents/Developer/Platforms/iPhoneSimulator.platform/Developer/Library/Frameworks -F /Applications/Xcode.app/Contents/Developer/Platforms/iPhoneSimulator.platform/Developer/SDKs/iPhoneSimulator26.2.sdk/Developer/Library/Frameworks -c -j10 -enable-batch-mode -incremental -Xcc -ivfsstatcache -Xcc /Users/anushka_sharma/Library/Developer/Xcode/DerivedData/SDKStatCaches.noindex/iphonesimulator26.2-23C53-7d00a8b37fbd7999ea79df8ebc024bf0.sdkstatcache -output-file-map /Users/anushka_sharma/Library/Developer/Xcode/DerivedData/FMS-cwjlkvbqxgbddsairyzxkfxaxriv/Build/Intermediates.noindex/swift-concurrency-extras.build/Debug-iphonesimulator/ConcurrencyExtras.build/Objects-normal/arm64/ConcurrencyExtras-OutputFileMap.json -use-frontend-parseable-output -save-temps -no-color-diagnostics -explicit-module-build -module-cache-path /Users/anushka_sharma/Library/Developer/Xcode/DerivedData/FMS-cwjlkvbqxgbddsairyzxkfxaxriv/Build/Intermediates.noindex/SwiftExplicitPrecompiledModules -clang-scanner-module-cache-path /Users/anushka_sharma/Library/Developer/Xcode/DerivedData/ModuleCache.noindex -sdk-module-cache-path /Users/anushka_sharma/Library/Developer/Xcode/DerivedData/ModuleCache.noindex -serialize-diagnostics -emit-dependencies -emit-module -emit-module-path /Users/anushka_sharma/Library/Developer/Xcode/DerivedData/FMS-cwjlkvbqxgbddsairyzxkfxaxriv/Build/Intermediates.noindex/swift-concurrency-extras.build/Debug-iphonesimulator/ConcurrencyExtras.build/Objects-normal/arm64/ConcurrencyExtras.swiftmodule -user-module-version 1.3.2 -validate-clang-modules-once -clang-build-session-file /Users/anushka_sharma/Library/Developer/Xcode/DerivedData/ModuleCache.noindex/Session.modulevalidation -package-name swift_concurrency_extras -Xcc -I/Users/anushka_sharma/Library/Developer/Xcode/DerivedData/FMS-cwjlkvbqxgbddsairyzxkfxaxriv/Build/Intermediates.noindex/swift-concurrency-extras.build/Debug-iphonesimulator/ConcurrencyExtras.build/swift-overrides.hmap -emit-const-values -Xfrontend -const-gather-protocols-file -Xfrontend /Users/anushka_sharma/Library/Developer/Xcode/DerivedData/FMS-cwjlkvbqxgbddsairyzxkfxaxriv/Build/Intermediates.noindex/swift-concurrency-extras.build/Debug-iphonesimulator/ConcurrencyExtras.build/Objects-normal/arm64/ConcurrencyExtras_const_extract_protocols.json -Xcc -I/Users/anushka_sharma/Library/Developer/Xcode/DerivedData/FMS-cwjlkvbqxgbddsairyzxkfxaxriv/Build/Products/Debug-iphonesimulator/include -Xcc -I/Users/anushka_sharma/Library/Developer/Xcode/DerivedData/FMS-cwjlkvbqxgbddsairyzxkfxaxriv/Build/Intermediates.noindex/swift-concurrency-extras.build/Debug-iphonesimulator/ConcurrencyExtras.build/DerivedSources-normal/arm64 -Xcc -I/Users/anushka_sharma/Library/Developer/Xcode/DerivedData/FMS-cwjlkvbqxgbddsairyzxkfxaxriv/Build/Intermediates.noindex/swift-concurrency-extras.build/Debug-iphonesimulator/ConcurrencyExtras.build/DerivedSources/arm64 -Xcc -I/Users/anushka_sharma/Library/Developer/Xcode/DerivedData/FMS-cwjlkvbqxgbddsairyzxkfxaxriv/Build/Intermediates.noindex/swift-concurrency-extras.build/Debug-iphonesimulator/ConcurrencyExtras.build/DerivedSources -Xcc -DSWIFT_PACKAGE -Xcc -DDEBUG\=1 -emit-objc-header -emit-objc-header-path /Users/anushka_sharma/Library/Developer/Xcode/DerivedData/FMS-cwjlkvbqxgbddsairyzxkfxaxriv/Build/Intermediates.noindex/swift-concurrency-extras.build/Debug-iphonesimulator/ConcurrencyExtras.build/Objects-normal/arm64/ConcurrencyExtras-Swift.h -working-directory /Users/anushka_sharma/Documents/FMS/FMS.xcodeproj -experimental-emit-module-separately -disable-cmo

SwiftDriver\ Compilation ConcurrencyExtras normal x86_64 com.apple.xcode.tools.swift.compiler (in target 'ConcurrencyExtras' from project 'swift-concurrency-extras')
    cd /Users/anushka_sharma/Documents/FMS/FMS.xcodeproj
    builtin-Swift-Compilation -- /Applications/Xcode.app/Contents/Developer/Toolchains/XcodeDefault.xctoolchain/usr/bin/swiftc -module-name ConcurrencyExtras -Onone -enforce-exclusivity\=checked @/Users/anushka_sharma/Library/Developer/Xcode/DerivedData/FMS-cwjlkvbqxgbddsairyzxkfxaxriv/Build/Intermediates.noindex/swift-concurrency-extras.build/Debug-iphonesimulator/ConcurrencyExtras.build/Objects-normal/x86_64/ConcurrencyExtras.SwiftFileList -DSWIFT_PACKAGE -DDEBUG -DSWIFT_MODULE_RESOURCE_BUNDLE_UNAVAILABLE -DXcode -plugin-path /Applications/Xcode.app/Contents/Developer/Toolchains/XcodeDefault.xctoolchain/usr/lib/swift/host/plugins/testing -enable-experimental-feature DebugDescriptionMacro -sdk /Applications/Xcode.app/Contents/Developer/Platforms/iPhoneSimulator.platform/Developer/SDKs/iPhoneSimulator26.2.sdk -target x86_64-apple-ios13.0-simulator -g -module-cache-path /Users/anushka_sharma/Library/Developer/Xcode/DerivedData/ModuleCache.noindex -Xfrontend -serialize-debugging-options -enable-testing -suppress-warnings -index-store-path /Users/anushka_sharma/Library/Developer/Xcode/DerivedData/FMS-cwjlkvbqxgbddsairyzxkfxaxriv/Index.noindex/DataStore -Xcc -D_LIBCPP_HARDENING_MODE\=_LIBCPP_HARDENING_MODE_DEBUG -swift-version 6 -I /Users/anushka_sharma/Library/Developer/Xcode/DerivedData/FMS-cwjlkvbqxgbddsairyzxkfxaxriv/Build/Products/Debug-iphonesimulator -Isystem /Applications/Xcode.app/Contents/Developer/Platforms/iPhoneSimulator.platform/Developer/usr/lib -F /Users/anushka_sharma/Library/Developer/Xcode/DerivedData/FMS-cwjlkvbqxgbddsairyzxkfxaxriv/Build/Products/Debug-iphonesimulator -F /Applications/Xcode.app/Contents/Developer/Platforms/iPhoneSimulator.platform/Developer/Library/Frameworks -F /Applications/Xcode.app/Contents/Developer/Platforms/iPhoneSimulator.platform/Developer/SDKs/iPhoneSimulator26.2.sdk/Developer/Library/Frameworks -c -j10 -enable-batch-mode -incremental -Xcc -ivfsstatcache -Xcc /Users/anushka_sharma/Library/Developer/Xcode/DerivedData/SDKStatCaches.noindex/iphonesimulator26.2-23C53-7d00a8b37fbd7999ea79df8ebc024bf0.sdkstatcache -output-file-map /Users/anushka_sharma/Library/Developer/Xcode/DerivedData/FMS-cwjlkvbqxgbddsairyzxkfxaxriv/Build/Intermediates.noindex/swift-concurrency-extras.build/Debug-iphonesimulator/ConcurrencyExtras.build/Objects-normal/x86_64/ConcurrencyExtras-OutputFileMap.json -use-frontend-parseable-output -save-temps -no-color-diagnostics -explicit-module-build -module-cache-path /Users/anushka_sharma/Library/Developer/Xcode/DerivedData/FMS-cwjlkvbqxgbddsairyzxkfxaxriv/Build/Intermediates.noindex/SwiftExplicitPrecompiledModules -clang-scanner-module-cache-path /Users/anushka_sharma/Library/Developer/Xcode/DerivedData/ModuleCache.noindex -sdk-module-cache-path /Users/anushka_sharma/Library/Developer/Xcode/DerivedData/ModuleCache.noindex -serialize-diagnostics -emit-dependencies -emit-module -emit-module-path /Users/anushka_sharma/Library/Developer/Xcode/DerivedData/FMS-cwjlkvbqxgbddsairyzxkfxaxriv/Build/Intermediates.noindex/swift-concurrency-extras.build/Debug-iphonesimulator/ConcurrencyExtras.build/Objects-normal/x86_64/ConcurrencyExtras.swiftmodule -user-module-version 1.3.2 -validate-clang-modules-once -clang-build-session-file /Users/anushka_sharma/Library/Developer/Xcode/DerivedData/ModuleCache.noindex/Session.modulevalidation -package-name swift_concurrency_extras -Xcc -I/Users/anushka_sharma/Library/Developer/Xcode/DerivedData/FMS-cwjlkvbqxgbddsairyzxkfxaxriv/Build/Intermediates.noindex/swift-concurrency-extras.build/Debug-iphonesimulator/ConcurrencyExtras.build/swift-overrides.hmap -emit-const-values -Xfrontend -const-gather-protocols-file -Xfrontend /Users/anushka_sharma/Library/Developer/Xcode/DerivedData/FMS-cwjlkvbqxgbddsairyzxkfxaxriv/Build/Intermediates.noindex/swift-concurrency-extras.build/Debug-iphonesimulator/ConcurrencyExtras.build/Objects-normal/x86_64/ConcurrencyExtras_const_extract_protocols.json -Xcc -I/Users/anushka_sharma/Library/Developer/Xcode/DerivedData/FMS-cwjlkvbqxgbddsairyzxkfxaxriv/Build/Products/Debug-iphonesimulator/include -Xcc -I/Users/anushka_sharma/Library/Developer/Xcode/DerivedData/FMS-cwjlkvbqxgbddsairyzxkfxaxriv/Build/Intermediates.noindex/swift-concurrency-extras.build/Debug-iphonesimulator/ConcurrencyExtras.build/DerivedSources-normal/x86_64 -Xcc -I/Users/anushka_sharma/Library/Developer/Xcode/DerivedData/FMS-cwjlkvbqxgbddsairyzxkfxaxriv/Build/Intermediates.noindex/swift-concurrency-extras.build/Debug-iphonesimulator/ConcurrencyExtras.build/DerivedSources/x86_64 -Xcc -I/Users/anushka_sharma/Library/Developer/Xcode/DerivedData/FMS-cwjlkvbqxgbddsairyzxkfxaxriv/Build/Intermediates.noindex/swift-concurrency-extras.build/Debug-iphonesimulator/ConcurrencyExtras.build/DerivedSources -Xcc -DSWIFT_PACKAGE -Xcc -DDEBUG\=1 -emit-objc-header -emit-objc-header-path /Users/anushka_sharma/Library/Developer/Xcode/DerivedData/FMS-cwjlkvbqxgbddsairyzxkfxaxriv/Build/Intermediates.noindex/swift-concurrency-extras.build/Debug-iphonesimulator/ConcurrencyExtras.build/Objects-normal/x86_64/ConcurrencyExtras-Swift.h -working-directory /Users/anushka_sharma/Documents/FMS/FMS.xcodeproj -experimental-emit-module-separately -disable-cmo

SwiftDriver\ Compilation ConcurrencyExtras normal arm64 com.apple.xcode.tools.swift.compiler (in target 'ConcurrencyExtras' from project 'swift-concurrency-extras')
    cd /Users/anushka_sharma/Documents/FMS/FMS.xcodeproj
    builtin-Swift-Compilation -- /Applications/Xcode.app/Contents/Developer/Toolchains/XcodeDefault.xctoolchain/usr/bin/swiftc -module-name ConcurrencyExtras -Onone -enforce-exclusivity\=checked @/Users/anushka_sharma/Library/Developer/Xcode/DerivedData/FMS-cwjlkvbqxgbddsairyzxkfxaxriv/Build/Intermediates.noindex/swift-concurrency-extras.build/Debug-iphonesimulator/ConcurrencyExtras.build/Objects-normal/arm64/ConcurrencyExtras.SwiftFileList -DSWIFT_PACKAGE -DDEBUG -DSWIFT_MODULE_RESOURCE_BUNDLE_UNAVAILABLE -DXcode -plugin-path /Applications/Xcode.app/Contents/Developer/Toolchains/XcodeDefault.xctoolchain/usr/lib/swift/host/plugins/testing -enable-experimental-feature DebugDescriptionMacro -sdk /Applications/Xcode.app/Contents/Developer/Platforms/iPhoneSimulator.platform/Developer/SDKs/iPhoneSimulator26.2.sdk -target arm64-apple-ios13.0-simulator -g -module-cache-path /Users/anushka_sharma/Library/Developer/Xcode/DerivedData/ModuleCache.noindex -Xfrontend -serialize-debugging-options -enable-testing -suppress-warnings -index-store-path /Users/anushka_sharma/Library/Developer/Xcode/DerivedData/FMS-cwjlkvbqxgbddsairyzxkfxaxriv/Index.noindex/DataStore -Xcc -D_LIBCPP_HARDENING_MODE\=_LIBCPP_HARDENING_MODE_DEBUG -swift-version 6 -I /Users/anushka_sharma/Library/Developer/Xcode/DerivedData/FMS-cwjlkvbqxgbddsairyzxkfxaxriv/Build/Products/Debug-iphonesimulator -Isystem /Applications/Xcode.app/Contents/Developer/Platforms/iPhoneSimulator.platform/Developer/usr/lib -F /Users/anushka_sharma/Library/Developer/Xcode/DerivedData/FMS-cwjlkvbqxgbddsairyzxkfxaxriv/Build/Products/Debug-iphonesimulator -F /Applications/Xcode.app/Contents/Developer/Platforms/iPhoneSimulator.platform/Developer/Library/Frameworks -F /Applications/Xcode.app/Contents/Developer/Platforms/iPhoneSimulator.platform/Developer/SDKs/iPhoneSimulator26.2.sdk/Developer/Library/Frameworks -c -j10 -enable-batch-mode -incremental -Xcc -ivfsstatcache -Xcc /Users/anushka_sharma/Library/Developer/Xcode/DerivedData/SDKStatCaches.noindex/iphonesimulator26.2-23C53-7d00a8b37fbd7999ea79df8ebc024bf0.sdkstatcache -output-file-map /Users/anushka_sharma/Library/Developer/Xcode/DerivedData/FMS-cwjlkvbqxgbddsairyzxkfxaxriv/Build/Intermediates.noindex/swift-concurrency-extras.build/Debug-iphonesimulator/ConcurrencyExtras.build/Objects-normal/arm64/ConcurrencyExtras-OutputFileMap.json -use-frontend-parseable-output -save-temps -no-color-diagnostics -explicit-module-build -module-cache-path /Users/anushka_sharma/Library/Developer/Xcode/DerivedData/FMS-cwjlkvbqxgbddsairyzxkfxaxriv/Build/Intermediates.noindex/SwiftExplicitPrecompiledModules -clang-scanner-module-cache-path /Users/anushka_sharma/Library/Developer/Xcode/DerivedData/ModuleCache.noindex -sdk-module-cache-path /Users/anushka_sharma/Library/Developer/Xcode/DerivedData/ModuleCache.noindex -serialize-diagnostics -emit-dependencies -emit-module -emit-module-path /Users/anushka_sharma/Library/Developer/Xcode/DerivedData/FMS-cwjlkvbqxgbddsairyzxkfxaxriv/Build/Intermediates.noindex/swift-concurrency-extras.build/Debug-iphonesimulator/ConcurrencyExtras.build/Objects-normal/arm64/ConcurrencyExtras.swiftmodule -user-module-version 1.3.2 -validate-clang-modules-once -clang-build-session-file /Users/anushka_sharma/Library/Developer/Xcode/DerivedData/ModuleCache.noindex/Session.modulevalidation -package-name swift_concurrency_extras -Xcc -I/Users/anushka_sharma/Library/Developer/Xcode/DerivedData/FMS-cwjlkvbqxgbddsairyzxkfxaxriv/Build/Intermediates.noindex/swift-concurrency-extras.build/Debug-iphonesimulator/ConcurrencyExtras.build/swift-overrides.hmap -emit-const-values -Xfrontend -const-gather-protocols-file -Xfrontend /Users/anushka_sharma/Library/Developer/Xcode/DerivedData/FMS-cwjlkvbqxgbddsairyzxkfxaxriv/Build/Intermediates.noindex/swift-concurrency-extras.build/Debug-iphonesimulator/ConcurrencyExtras.build/Objects-normal/arm64/ConcurrencyExtras_const_extract_protocols.json -Xcc -I/Users/anushka_sharma/Library/Developer/Xcode/DerivedData/FMS-cwjlkvbqxgbddsairyzxkfxaxriv/Build/Products/Debug-iphonesimulator/include -Xcc -I/Users/anushka_sharma/Library/Developer/Xcode/DerivedData/FMS-cwjlkvbqxgbddsairyzxkfxaxriv/Build/Intermediates.noindex/swift-concurrency-extras.build/Debug-iphonesimulator/ConcurrencyExtras.build/DerivedSources-normal/arm64 -Xcc -I/Users/anushka_sharma/Library/Developer/Xcode/DerivedData/FMS-cwjlkvbqxgbddsairyzxkfxaxriv/Build/Intermediates.noindex/swift-concurrency-extras.build/Debug-iphonesimulator/ConcurrencyExtras.build/DerivedSources/arm64 -Xcc -I/Users/anushka_sharma/Library/Developer/Xcode/DerivedData/FMS-cwjlkvbqxgbddsairyzxkfxaxriv/Build/Intermediates.noindex/swift-concurrency-extras.build/Debug-iphonesimulator/ConcurrencyExtras.build/DerivedSources -Xcc -DSWIFT_PACKAGE -Xcc -DDEBUG\=1 -emit-objc-header -emit-objc-header-path /Users/anushka_sharma/Library/Developer/Xcode/DerivedData/FMS-cwjlkvbqxgbddsairyzxkfxaxriv/Build/Intermediates.noindex/swift-concurrency-extras.build/Debug-iphonesimulator/ConcurrencyExtras.build/Objects-normal/arm64/ConcurrencyExtras-Swift.h -working-directory /Users/anushka_sharma/Documents/FMS/FMS.xcodeproj -experimental-emit-module-separately -disable-cmo

Copy /Users/anushka_sharma/Library/Developer/Xcode/DerivedData/FMS-cwjlkvbqxgbddsairyzxkfxaxriv/Build/Products/Debug-iphonesimulator/ConcurrencyExtras.swiftmodule/arm64-apple-ios-simulator.swiftmodule /Users/anushka_sharma/Library/Developer/Xcode/DerivedData/FMS-cwjlkvbqxgbddsairyzxkfxaxriv/Build/Intermediates.noindex/swift-concurrency-extras.build/Debug-iphonesimulator/ConcurrencyExtras.build/Objects-normal/arm64/ConcurrencyExtras.swiftmodule (in target 'ConcurrencyExtras' from project 'swift-concurrency-extras')
    cd /Users/anushka_sharma/Library/Developer/Xcode/DerivedData/FMS-cwjlkvbqxgbddsairyzxkfxaxriv/SourcePackages/checkouts/swift-concurrency-extras
    builtin-copy -exclude .DS_Store -exclude CVS -exclude .svn -exclude .git -exclude .hg -resolve-src-symlinks -rename /Users/anushka_sharma/Library/Developer/Xcode/DerivedData/FMS-cwjlkvbqxgbddsairyzxkfxaxriv/Build/Intermediates.noindex/swift-concurrency-extras.build/Debug-iphonesimulator/ConcurrencyExtras.build/Objects-normal/arm64/ConcurrencyExtras.swiftmodule /Users/anushka_sharma/Library/Developer/Xcode/DerivedData/FMS-cwjlkvbqxgbddsairyzxkfxaxriv/Build/Products/Debug-iphonesimulator/ConcurrencyExtras.swiftmodule/arm64-apple-ios-simulator.swiftmodule

Copy /Users/anushka_sharma/Library/Developer/Xcode/DerivedData/FMS-cwjlkvbqxgbddsairyzxkfxaxriv/Build/Products/Debug-iphonesimulator/ConcurrencyExtras.swiftmodule/arm64-apple-ios-simulator.swiftdoc /Users/anushka_sharma/Library/Developer/Xcode/DerivedData/FMS-cwjlkvbqxgbddsairyzxkfxaxriv/Build/Intermediates.noindex/swift-concurrency-extras.build/Debug-iphonesimulator/ConcurrencyExtras.build/Objects-normal/arm64/ConcurrencyExtras.swiftdoc (in target 'ConcurrencyExtras' from project 'swift-concurrency-extras')
    cd /Users/anushka_sharma/Library/Developer/Xcode/DerivedData/FMS-cwjlkvbqxgbddsairyzxkfxaxriv/SourcePackages/checkouts/swift-concurrency-extras
    builtin-copy -exclude .DS_Store -exclude CVS -exclude .svn -exclude .git -exclude .hg -resolve-src-symlinks -rename /Users/anushka_sharma/Library/Developer/Xcode/DerivedData/FMS-cwjlkvbqxgbddsairyzxkfxaxriv/Build/Intermediates.noindex/swift-concurrency-extras.build/Debug-iphonesimulator/ConcurrencyExtras.build/Objects-normal/arm64/ConcurrencyExtras.swiftdoc /Users/anushka_sharma/Library/Developer/Xcode/DerivedData/FMS-cwjlkvbqxgbddsairyzxkfxaxriv/Build/Products/Debug-iphonesimulator/ConcurrencyExtras.swiftmodule/arm64-apple-ios-simulator.swiftdoc

Copy /Users/anushka_sharma/Library/Developer/Xcode/DerivedData/FMS-cwjlkvbqxgbddsairyzxkfxaxriv/Build/Products/Debug-iphonesimulator/ConcurrencyExtras.swiftmodule/arm64-apple-ios-simulator.abi.json /Users/anushka_sharma/Library/Developer/Xcode/DerivedData/FMS-cwjlkvbqxgbddsairyzxkfxaxriv/Build/Intermediates.noindex/swift-concurrency-extras.build/Debug-iphonesimulator/ConcurrencyExtras.build/Objects-normal/arm64/ConcurrencyExtras.abi.json (in target 'ConcurrencyExtras' from project 'swift-concurrency-extras')
    cd /Users/anushka_sharma/Library/Developer/Xcode/DerivedData/FMS-cwjlkvbqxgbddsairyzxkfxaxriv/SourcePackages/checkouts/swift-concurrency-extras
    builtin-copy -exclude .DS_Store -exclude CVS -exclude .svn -exclude .git -exclude .hg -resolve-src-symlinks -rename /Users/anushka_sharma/Library/Developer/Xcode/DerivedData/FMS-cwjlkvbqxgbddsairyzxkfxaxriv/Build/Intermediates.noindex/swift-concurrency-extras.build/Debug-iphonesimulator/ConcurrencyExtras.build/Objects-normal/arm64/ConcurrencyExtras.abi.json /Users/anushka_sharma/Library/Developer/Xcode/DerivedData/FMS-cwjlkvbqxgbddsairyzxkfxaxriv/Build/Products/Debug-iphonesimulator/ConcurrencyExtras.swiftmodule/arm64-apple-ios-simulator.abi.json

Copy /Users/anushka_sharma/Library/Developer/Xcode/DerivedData/FMS-cwjlkvbqxgbddsairyzxkfxaxriv/Build/Products/Debug-iphonesimulator/ConcurrencyExtras.swiftmodule/Project/arm64-apple-ios-simulator.swiftsourceinfo /Users/anushka_sharma/Library/Developer/Xcode/DerivedData/FMS-cwjlkvbqxgbddsairyzxkfxaxriv/Build/Intermediates.noindex/swift-concurrency-extras.build/Debug-iphonesimulator/ConcurrencyExtras.build/Objects-normal/arm64/ConcurrencyExtras.swiftsourceinfo (in target 'ConcurrencyExtras' from project 'swift-concurrency-extras')
    cd /Users/anushka_sharma/Library/Developer/Xcode/DerivedData/FMS-cwjlkvbqxgbddsairyzxkfxaxriv/SourcePackages/checkouts/swift-concurrency-extras
    builtin-copy -exclude .DS_Store -exclude CVS -exclude .svn -exclude .git -exclude .hg -resolve-src-symlinks -rename /Users/anushka_sharma/Library/Developer/Xcode/DerivedData/FMS-cwjlkvbqxgbddsairyzxkfxaxriv/Build/Intermediates.noindex/swift-concurrency-extras.build/Debug-iphonesimulator/ConcurrencyExtras.build/Objects-normal/arm64/ConcurrencyExtras.swiftsourceinfo /Users/anushka_sharma/Library/Developer/Xcode/DerivedData/FMS-cwjlkvbqxgbddsairyzxkfxaxriv/Build/Products/Debug-iphonesimulator/ConcurrencyExtras.swiftmodule/Project/arm64-apple-ios-simulator.swiftsourceinfo

SwiftMergeGeneratedHeaders /Users/anushka_sharma/Library/Developer/Xcode/DerivedData/FMS-cwjlkvbqxgbddsairyzxkfxaxriv/Build/Intermediates.noindex/GeneratedModuleMaps-iphonesimulator/ConcurrencyExtras-Swift.h /Users/anushka_sharma/Library/Developer/Xcode/DerivedData/FMS-cwjlkvbqxgbddsairyzxkfxaxriv/Build/Intermediates.noindex/swift-concurrency-extras.build/Debug-iphonesimulator/ConcurrencyExtras.build/Objects-normal/arm64/ConcurrencyExtras-Swift.h /Users/anushka_sharma/Library/Developer/Xcode/DerivedData/FMS-cwjlkvbqxgbddsairyzxkfxaxriv/Build/Intermediates.noindex/swift-concurrency-extras.build/Debug-iphonesimulator/ConcurrencyExtras.build/Objects-normal/x86_64/ConcurrencyExtras-Swift.h (in target 'ConcurrencyExtras' from project 'swift-concurrency-extras')
    cd /Users/anushka_sharma/Library/Developer/Xcode/DerivedData/FMS-cwjlkvbqxgbddsairyzxkfxaxriv/SourcePackages/checkouts/swift-concurrency-extras
    builtin-swiftHeaderTool -arch arm64 /Users/anushka_sharma/Library/Developer/Xcode/DerivedData/FMS-cwjlkvbqxgbddsairyzxkfxaxriv/Build/Intermediates.noindex/swift-concurrency-extras.build/Debug-iphonesimulator/ConcurrencyExtras.build/Objects-normal/arm64/ConcurrencyExtras-Swift.h -arch x86_64 /Users/anushka_sharma/Library/Developer/Xcode/DerivedData/FMS-cwjlkvbqxgbddsairyzxkfxaxriv/Build/Intermediates.noindex/swift-concurrency-extras.build/Debug-iphonesimulator/ConcurrencyExtras.build/Objects-normal/x86_64/ConcurrencyExtras-Swift.h -o /Users/anushka_sharma/Library/Developer/Xcode/DerivedData/FMS-cwjlkvbqxgbddsairyzxkfxaxriv/Build/Intermediates.noindex/GeneratedModuleMaps-iphonesimulator/ConcurrencyExtras-Swift.h

Ld /Users/anushka_sharma/Library/Developer/Xcode/DerivedData/FMS-cwjlkvbqxgbddsairyzxkfxaxriv/Build/Intermediates.noindex/swift-concurrency-extras.build/Debug-iphonesimulator/ConcurrencyExtras.build/Objects-normal/arm64/Binary/ConcurrencyExtras.o normal arm64 (in target 'ConcurrencyExtras' from project 'swift-concurrency-extras')
    cd /Users/anushka_sharma/Library/Developer/Xcode/DerivedData/FMS-cwjlkvbqxgbddsairyzxkfxaxriv/SourcePackages/checkouts/swift-concurrency-extras
    /Applications/Xcode.app/Contents/Developer/Toolchains/XcodeDefault.xctoolchain/usr/bin/clang -Xlinker -reproducible -target arm64-apple-ios13.0-simulator -r -isysroot /Applications/Xcode.app/Contents/Developer/Platforms/iPhoneSimulator.platform/Developer/SDKs/iPhoneSimulator26.2.sdk -O0 -w -L/Users/anushka_sharma/Library/Developer/Xcode/DerivedData/FMS-cwjlkvbqxgbddsairyzxkfxaxriv/Build/Intermediates.noindex/EagerLinkingTBDs/Debug-iphonesimulator -L/Users/anushka_sharma/Library/Developer/Xcode/DerivedData/FMS-cwjlkvbqxgbddsairyzxkfxaxriv/Build/Products/Debug-iphonesimulator -L/Applications/Xcode.app/Contents/Developer/Platforms/iPhoneSimulator.platform/Developer/usr/lib -F/Users/anushka_sharma/Library/Developer/Xcode/DerivedData/FMS-cwjlkvbqxgbddsairyzxkfxaxriv/Build/Intermediates.noindex/EagerLinkingTBDs/Debug-iphonesimulator -F/Users/anushka_sharma/Library/Developer/Xcode/DerivedData/FMS-cwjlkvbqxgbddsairyzxkfxaxriv/Build/Products/Debug-iphonesimulator -iframework /Applications/Xcode.app/Contents/Developer/Platforms/iPhoneSimulator.platform/Developer/Library/Frameworks -iframework /Applications/Xcode.app/Contents/Developer/Platforms/iPhoneSimulator.platform/Developer/SDKs/iPhoneSimulator26.2.sdk/Developer/Library/Frameworks -filelist /Users/anushka_sharma/Library/Developer/Xcode/DerivedData/FMS-cwjlkvbqxgbddsairyzxkfxaxriv/Build/Intermediates.noindex/swift-concurrency-extras.build/Debug-iphonesimulator/ConcurrencyExtras.build/Objects-normal/arm64/ConcurrencyExtras.LinkFileList -nostdlib -Xlinker -object_path_lto -Xlinker /Users/anushka_sharma/Library/Developer/Xcode/DerivedData/FMS-cwjlkvbqxgbddsairyzxkfxaxriv/Build/Intermediates.noindex/swift-concurrency-extras.build/Debug-iphonesimulator/ConcurrencyExtras.build/Objects-normal/arm64/ConcurrencyExtras_lto.o -rdynamic -Xlinker -no_deduplicate -Xlinker -objc_abi_version -Xlinker 2 -Xlinker -dependency_info -Xlinker /Users/anushka_sharma/Library/Developer/Xcode/DerivedData/FMS-cwjlkvbqxgbddsairyzxkfxaxriv/Build/Intermediates.noindex/swift-concurrency-extras.build/Debug-iphonesimulator/ConcurrencyExtras.build/Objects-normal/arm64/ConcurrencyExtras_dependency_info.dat -fobjc-link-runtime -L/Applications/Xcode.app/Contents/Developer/Toolchains/XcodeDefault.xctoolchain/usr/lib/swift/iphonesimulator -L/usr/lib/swift -Xlinker -add_ast_path -Xlinker /Users/anushka_sharma/Library/Developer/Xcode/DerivedData/FMS-cwjlkvbqxgbddsairyzxkfxaxriv/Build/Intermediates.noindex/swift-concurrency-extras.build/Debug-iphonesimulator/ConcurrencyExtras.build/Objects-normal/arm64/ConcurrencyExtras.swiftmodule @/Users/anushka_sharma/Library/Developer/Xcode/DerivedData/FMS-cwjlkvbqxgbddsairyzxkfxaxriv/Build/Intermediates.noindex/swift-concurrency-extras.build/Debug-iphonesimulator/ConcurrencyExtras.build/Objects-normal/arm64/ConcurrencyExtras-linker-args.resp -o /Users/anushka_sharma/Library/Developer/Xcode/DerivedData/FMS-cwjlkvbqxgbddsairyzxkfxaxriv/Build/Intermediates.noindex/swift-concurrency-extras.build/Debug-iphonesimulator/ConcurrencyExtras.build/Objects-normal/arm64/Binary/ConcurrencyExtras.o

SwiftDriver\ Compilation\ Requirements HTTPTypes normal arm64 com.apple.xcode.tools.swift.compiler (in target 'HTTPTypes' from project 'swift-http-types')
    cd /Users/anushka_sharma/Documents/FMS/FMS.xcodeproj
    builtin-Swift-Compilation-Requirements -- /Applications/Xcode.app/Contents/Developer/Toolchains/XcodeDefault.xctoolchain/usr/bin/swiftc -module-name HTTPTypes -Onone -enforce-exclusivity\=checked @/Users/anushka_sharma/Library/Developer/Xcode/DerivedData/FMS-cwjlkvbqxgbddsairyzxkfxaxriv/Build/Intermediates.noindex/swift-http-types.build/Debug-iphonesimulator/HTTPTypes.build/Objects-normal/arm64/HTTPTypes.SwiftFileList -DSWIFT_PACKAGE -DDEBUG -DSWIFT_MODULE_RESOURCE_BUNDLE_UNAVAILABLE -DXcode -enable-experimental-feature StrictConcurrency\=complete -enable-upcoming-feature MemberImportVisibility -plugin-path /Applications/Xcode.app/Contents/Developer/Toolchains/XcodeDefault.xctoolchain/usr/lib/swift/host/plugins/testing -enable-experimental-feature DebugDescriptionMacro -sdk /Applications/Xcode.app/Contents/Developer/Platforms/iPhoneSimulator.platform/Developer/SDKs/iPhoneSimulator26.2.sdk -target arm64-apple-ios12.0-simulator -g -module-cache-path /Users/anushka_sharma/Library/Developer/Xcode/DerivedData/ModuleCache.noindex -Xfrontend -serialize-debugging-options -enable-testing -suppress-warnings -index-store-path /Users/anushka_sharma/Library/Developer/Xcode/DerivedData/FMS-cwjlkvbqxgbddsairyzxkfxaxriv/Index.noindex/DataStore -Xcc -D_LIBCPP_HARDENING_MODE\=_LIBCPP_HARDENING_MODE_DEBUG -swift-version 5 -I /Users/anushka_sharma/Library/Developer/Xcode/DerivedData/FMS-cwjlkvbqxgbddsairyzxkfxaxriv/Build/Products/Debug-iphonesimulator -Isystem /Applications/Xcode.app/Contents/Developer/Platforms/iPhoneSimulator.platform/Developer/usr/lib -F /Users/anushka_sharma/Library/Developer/Xcode/DerivedData/FMS-cwjlkvbqxgbddsairyzxkfxaxriv/Build/Products/Debug-iphonesimulator -F /Applications/Xcode.app/Contents/Developer/Platforms/iPhoneSimulator.platform/Developer/Library/Frameworks -F /Applications/Xcode.app/Contents/Developer/Platforms/iPhoneSimulator.platform/Developer/SDKs/iPhoneSimulator26.2.sdk/Developer/Library/Frameworks -c -j10 -enable-batch-mode -incremental -Xcc -ivfsstatcache -Xcc /Users/anushka_sharma/Library/Developer/Xcode/DerivedData/SDKStatCaches.noindex/iphonesimulator26.2-23C53-7d00a8b37fbd7999ea79df8ebc024bf0.sdkstatcache -output-file-map /Users/anushka_sharma/Library/Developer/Xcode/DerivedData/FMS-cwjlkvbqxgbddsairyzxkfxaxriv/Build/Intermediates.noindex/swift-http-types.build/Debug-iphonesimulator/HTTPTypes.build/Objects-normal/arm64/HTTPTypes-OutputFileMap.json -use-frontend-parseable-output -save-temps -no-color-diagnostics -explicit-module-build -module-cache-path /Users/anushka_sharma/Library/Developer/Xcode/DerivedData/FMS-cwjlkvbqxgbddsairyzxkfxaxriv/Build/Intermediates.noindex/SwiftExplicitPrecompiledModules -clang-scanner-module-cache-path /Users/anushka_sharma/Library/Developer/Xcode/DerivedData/ModuleCache.noindex -sdk-module-cache-path /Users/anushka_sharma/Library/Developer/Xcode/DerivedData/ModuleCache.noindex -serialize-diagnostics -emit-dependencies -emit-module -emit-module-path /Users/anushka_sharma/Library/Developer/Xcode/DerivedData/FMS-cwjlkvbqxgbddsairyzxkfxaxriv/Build/Intermediates.noindex/swift-http-types.build/Debug-iphonesimulator/HTTPTypes.build/Objects-normal/arm64/HTTPTypes.swiftmodule -validate-clang-modules-once -clang-build-session-file /Users/anushka_sharma/Library/Developer/Xcode/DerivedData/ModuleCache.noindex/Session.modulevalidation -package-name swift_http_types -Xcc -I/Users/anushka_sharma/Library/Developer/Xcode/DerivedData/FMS-cwjlkvbqxgbddsairyzxkfxaxriv/Build/Intermediates.noindex/swift-http-types.build/Debug-iphonesimulator/HTTPTypes.build/swift-overrides.hmap -emit-const-values -Xfrontend -const-gather-protocols-file -Xfrontend /Users/anushka_sharma/Library/Developer/Xcode/DerivedData/FMS-cwjlkvbqxgbddsairyzxkfxaxriv/Build/Intermediates.noindex/swift-http-types.build/Debug-iphonesimulator/HTTPTypes.build/Objects-normal/arm64/HTTPTypes_const_extract_protocols.json -Xcc -I/Users/anushka_sharma/Library/Developer/Xcode/DerivedData/FMS-cwjlkvbqxgbddsairyzxkfxaxriv/Build/Products/Debug-iphonesimulator/include -Xcc -I/Users/anushka_sharma/Library/Developer/Xcode/DerivedData/FMS-cwjlkvbqxgbddsairyzxkfxaxriv/Build/Intermediates.noindex/swift-http-types.build/Debug-iphonesimulator/HTTPTypes.build/DerivedSources-normal/arm64 -Xcc -I/Users/anushka_sharma/Library/Developer/Xcode/DerivedData/FMS-cwjlkvbqxgbddsairyzxkfxaxriv/Build/Intermediates.noindex/swift-http-types.build/Debug-iphonesimulator/HTTPTypes.build/DerivedSources/arm64 -Xcc -I/Users/anushka_sharma/Library/Developer/Xcode/DerivedData/FMS-cwjlkvbqxgbddsairyzxkfxaxriv/Build/Intermediates.noindex/swift-http-types.build/Debug-iphonesimulator/HTTPTypes.build/DerivedSources -Xcc -DSWIFT_PACKAGE -Xcc -DDEBUG\=1 -emit-objc-header -emit-objc-header-path /Users/anushka_sharma/Library/Developer/Xcode/DerivedData/FMS-cwjlkvbqxgbddsairyzxkfxaxriv/Build/Intermediates.noindex/swift-http-types.build/Debug-iphonesimulator/HTTPTypes.build/Objects-normal/arm64/HTTPTypes-Swift.h -working-directory /Users/anushka_sharma/Documents/FMS/FMS.xcodeproj -experimental-emit-module-separately -disable-cmo

SwiftDriver\ Compilation HTTPTypes normal arm64 com.apple.xcode.tools.swift.compiler (in target 'HTTPTypes' from project 'swift-http-types')
    cd /Users/anushka_sharma/Documents/FMS/FMS.xcodeproj
    builtin-Swift-Compilation -- /Applications/Xcode.app/Contents/Developer/Toolchains/XcodeDefault.xctoolchain/usr/bin/swiftc -module-name HTTPTypes -Onone -enforce-exclusivity\=checked @/Users/anushka_sharma/Library/Developer/Xcode/DerivedData/FMS-cwjlkvbqxgbddsairyzxkfxaxriv/Build/Intermediates.noindex/swift-http-types.build/Debug-iphonesimulator/HTTPTypes.build/Objects-normal/arm64/HTTPTypes.SwiftFileList -DSWIFT_PACKAGE -DDEBUG -DSWIFT_MODULE_RESOURCE_BUNDLE_UNAVAILABLE -DXcode -enable-experimental-feature StrictConcurrency\=complete -enable-upcoming-feature MemberImportVisibility -plugin-path /Applications/Xcode.app/Contents/Developer/Toolchains/XcodeDefault.xctoolchain/usr/lib/swift/host/plugins/testing -enable-experimental-feature DebugDescriptionMacro -sdk /Applications/Xcode.app/Contents/Developer/Platforms/iPhoneSimulator.platform/Developer/SDKs/iPhoneSimulator26.2.sdk -target arm64-apple-ios12.0-simulator -g -module-cache-path /Users/anushka_sharma/Library/Developer/Xcode/DerivedData/ModuleCache.noindex -Xfrontend -serialize-debugging-options -enable-testing -suppress-warnings -index-store-path /Users/anushka_sharma/Library/Developer/Xcode/DerivedData/FMS-cwjlkvbqxgbddsairyzxkfxaxriv/Index.noindex/DataStore -Xcc -D_LIBCPP_HARDENING_MODE\=_LIBCPP_HARDENING_MODE_DEBUG -swift-version 5 -I /Users/anushka_sharma/Library/Developer/Xcode/DerivedData/FMS-cwjlkvbqxgbddsairyzxkfxaxriv/Build/Products/Debug-iphonesimulator -Isystem /Applications/Xcode.app/Contents/Developer/Platforms/iPhoneSimulator.platform/Developer/usr/lib -F /Users/anushka_sharma/Library/Developer/Xcode/DerivedData/FMS-cwjlkvbqxgbddsairyzxkfxaxriv/Build/Products/Debug-iphonesimulator -F /Applications/Xcode.app/Contents/Developer/Platforms/iPhoneSimulator.platform/Developer/Library/Frameworks -F /Applications/Xcode.app/Contents/Developer/Platforms/iPhoneSimulator.platform/Developer/SDKs/iPhoneSimulator26.2.sdk/Developer/Library/Frameworks -c -j10 -enable-batch-mode -incremental -Xcc -ivfsstatcache -Xcc /Users/anushka_sharma/Library/Developer/Xcode/DerivedData/SDKStatCaches.noindex/iphonesimulator26.2-23C53-7d00a8b37fbd7999ea79df8ebc024bf0.sdkstatcache -output-file-map /Users/anushka_sharma/Library/Developer/Xcode/DerivedData/FMS-cwjlkvbqxgbddsairyzxkfxaxriv/Build/Intermediates.noindex/swift-http-types.build/Debug-iphonesimulator/HTTPTypes.build/Objects-normal/arm64/HTTPTypes-OutputFileMap.json -use-frontend-parseable-output -save-temps -no-color-diagnostics -explicit-module-build -module-cache-path /Users/anushka_sharma/Library/Developer/Xcode/DerivedData/FMS-cwjlkvbqxgbddsairyzxkfxaxriv/Build/Intermediates.noindex/SwiftExplicitPrecompiledModules -clang-scanner-module-cache-path /Users/anushka_sharma/Library/Developer/Xcode/DerivedData/ModuleCache.noindex -sdk-module-cache-path /Users/anushka_sharma/Library/Developer/Xcode/DerivedData/ModuleCache.noindex -serialize-diagnostics -emit-dependencies -emit-module -emit-module-path /Users/anushka_sharma/Library/Developer/Xcode/DerivedData/FMS-cwjlkvbqxgbddsairyzxkfxaxriv/Build/Intermediates.noindex/swift-http-types.build/Debug-iphonesimulator/HTTPTypes.build/Objects-normal/arm64/HTTPTypes.swiftmodule -validate-clang-modules-once -clang-build-session-file /Users/anushka_sharma/Library/Developer/Xcode/DerivedData/ModuleCache.noindex/Session.modulevalidation -package-name swift_http_types -Xcc -I/Users/anushka_sharma/Library/Developer/Xcode/DerivedData/FMS-cwjlkvbqxgbddsairyzxkfxaxriv/Build/Intermediates.noindex/swift-http-types.build/Debug-iphonesimulator/HTTPTypes.build/swift-overrides.hmap -emit-const-values -Xfrontend -const-gather-protocols-file -Xfrontend /Users/anushka_sharma/Library/Developer/Xcode/DerivedData/FMS-cwjlkvbqxgbddsairyzxkfxaxriv/Build/Intermediates.noindex/swift-http-types.build/Debug-iphonesimulator/HTTPTypes.build/Objects-normal/arm64/HTTPTypes_const_extract_protocols.json -Xcc -I/Users/anushka_sharma/Library/Developer/Xcode/DerivedData/FMS-cwjlkvbqxgbddsairyzxkfxaxriv/Build/Products/Debug-iphonesimulator/include -Xcc -I/Users/anushka_sharma/Library/Developer/Xcode/DerivedData/FMS-cwjlkvbqxgbddsairyzxkfxaxriv/Build/Intermediates.noindex/swift-http-types.build/Debug-iphonesimulator/HTTPTypes.build/DerivedSources-normal/arm64 -Xcc -I/Users/anushka_sharma/Library/Developer/Xcode/DerivedData/FMS-cwjlkvbqxgbddsairyzxkfxaxriv/Build/Intermediates.noindex/swift-http-types.build/Debug-iphonesimulator/HTTPTypes.build/DerivedSources/arm64 -Xcc -I/Users/anushka_sharma/Library/Developer/Xcode/DerivedData/FMS-cwjlkvbqxgbddsairyzxkfxaxriv/Build/Intermediates.noindex/swift-http-types.build/Debug-iphonesimulator/HTTPTypes.build/DerivedSources -Xcc -DSWIFT_PACKAGE -Xcc -DDEBUG\=1 -emit-objc-header -emit-objc-header-path /Users/anushka_sharma/Library/Developer/Xcode/DerivedData/FMS-cwjlkvbqxgbddsairyzxkfxaxriv/Build/Intermediates.noindex/swift-http-types.build/Debug-iphonesimulator/HTTPTypes.build/Objects-normal/arm64/HTTPTypes-Swift.h -working-directory /Users/anushka_sharma/Documents/FMS/FMS.xcodeproj -experimental-emit-module-separately -disable-cmo

SwiftDriver\ Compilation\ Requirements HTTPTypes normal x86_64 com.apple.xcode.tools.swift.compiler (in target 'HTTPTypes' from project 'swift-http-types')
    cd /Users/anushka_sharma/Documents/FMS/FMS.xcodeproj
    builtin-Swift-Compilation-Requirements -- /Applications/Xcode.app/Contents/Developer/Toolchains/XcodeDefault.xctoolchain/usr/bin/swiftc -module-name HTTPTypes -Onone -enforce-exclusivity\=checked @/Users/anushka_sharma/Library/Developer/Xcode/DerivedData/FMS-cwjlkvbqxgbddsairyzxkfxaxriv/Build/Intermediates.noindex/swift-http-types.build/Debug-iphonesimulator/HTTPTypes.build/Objects-normal/x86_64/HTTPTypes.SwiftFileList -DSWIFT_PACKAGE -DDEBUG -DSWIFT_MODULE_RESOURCE_BUNDLE_UNAVAILABLE -DXcode -enable-experimental-feature StrictConcurrency\=complete -enable-upcoming-feature MemberImportVisibility -plugin-path /Applications/Xcode.app/Contents/Developer/Toolchains/XcodeDefault.xctoolchain/usr/lib/swift/host/plugins/testing -enable-experimental-feature DebugDescriptionMacro -sdk /Applications/Xcode.app/Contents/Developer/Platforms/iPhoneSimulator.platform/Developer/SDKs/iPhoneSimulator26.2.sdk -target x86_64-apple-ios12.0-simulator -g -module-cache-path /Users/anushka_sharma/Library/Developer/Xcode/DerivedData/ModuleCache.noindex -Xfrontend -serialize-debugging-options -enable-testing -suppress-warnings -index-store-path /Users/anushka_sharma/Library/Developer/Xcode/DerivedData/FMS-cwjlkvbqxgbddsairyzxkfxaxriv/Index.noindex/DataStore -Xcc -D_LIBCPP_HARDENING_MODE\=_LIBCPP_HARDENING_MODE_DEBUG -swift-version 5 -I /Users/anushka_sharma/Library/Developer/Xcode/DerivedData/FMS-cwjlkvbqxgbddsairyzxkfxaxriv/Build/Products/Debug-iphonesimulator -Isystem /Applications/Xcode.app/Contents/Developer/Platforms/iPhoneSimulator.platform/Developer/usr/lib -F /Users/anushka_sharma/Library/Developer/Xcode/DerivedData/FMS-cwjlkvbqxgbddsairyzxkfxaxriv/Build/Products/Debug-iphonesimulator -F /Applications/Xcode.app/Contents/Developer/Platforms/iPhoneSimulator.platform/Developer/Library/Frameworks -F /Applications/Xcode.app/Contents/Developer/Platforms/iPhoneSimulator.platform/Developer/SDKs/iPhoneSimulator26.2.sdk/Developer/Library/Frameworks -c -j10 -enable-batch-mode -incremental -Xcc -ivfsstatcache -Xcc /Users/anushka_sharma/Library/Developer/Xcode/DerivedData/SDKStatCaches.noindex/iphonesimulator26.2-23C53-7d00a8b37fbd7999ea79df8ebc024bf0.sdkstatcache -output-file-map /Users/anushka_sharma/Library/Developer/Xcode/DerivedData/FMS-cwjlkvbqxgbddsairyzxkfxaxriv/Build/Intermediates.noindex/swift-http-types.build/Debug-iphonesimulator/HTTPTypes.build/Objects-normal/x86_64/HTTPTypes-OutputFileMap.json -use-frontend-parseable-output -save-temps -no-color-diagnostics -explicit-module-build -module-cache-path /Users/anushka_sharma/Library/Developer/Xcode/DerivedData/FMS-cwjlkvbqxgbddsairyzxkfxaxriv/Build/Intermediates.noindex/SwiftExplicitPrecompiledModules -clang-scanner-module-cache-path /Users/anushka_sharma/Library/Developer/Xcode/DerivedData/ModuleCache.noindex -sdk-module-cache-path /Users/anushka_sharma/Library/Developer/Xcode/DerivedData/ModuleCache.noindex -serialize-diagnostics -emit-dependencies -emit-module -emit-module-path /Users/anushka_sharma/Library/Developer/Xcode/DerivedData/FMS-cwjlkvbqxgbddsairyzxkfxaxriv/Build/Intermediates.noindex/swift-http-types.build/Debug-iphonesimulator/HTTPTypes.build/Objects-normal/x86_64/HTTPTypes.swiftmodule -validate-clang-modules-once -clang-build-session-file /Users/anushka_sharma/Library/Developer/Xcode/DerivedData/ModuleCache.noindex/Session.modulevalidation -package-name swift_http_types -Xcc -I/Users/anushka_sharma/Library/Developer/Xcode/DerivedData/FMS-cwjlkvbqxgbddsairyzxkfxaxriv/Build/Intermediates.noindex/swift-http-types.build/Debug-iphonesimulator/HTTPTypes.build/swift-overrides.hmap -emit-const-values -Xfrontend -const-gather-protocols-file -Xfrontend /Users/anushka_sharma/Library/Developer/Xcode/DerivedData/FMS-cwjlkvbqxgbddsairyzxkfxaxriv/Build/Intermediates.noindex/swift-http-types.build/Debug-iphonesimulator/HTTPTypes.build/Objects-normal/x86_64/HTTPTypes_const_extract_protocols.json -Xcc -I/Users/anushka_sharma/Library/Developer/Xcode/DerivedData/FMS-cwjlkvbqxgbddsairyzxkfxaxriv/Build/Products/Debug-iphonesimulator/include -Xcc -I/Users/anushka_sharma/Library/Developer/Xcode/DerivedData/FMS-cwjlkvbqxgbddsairyzxkfxaxriv/Build/Intermediates.noindex/swift-http-types.build/Debug-iphonesimulator/HTTPTypes.build/DerivedSources-normal/x86_64 -Xcc -I/Users/anushka_sharma/Library/Developer/Xcode/DerivedData/FMS-cwjlkvbqxgbddsairyzxkfxaxriv/Build/Intermediates.noindex/swift-http-types.build/Debug-iphonesimulator/HTTPTypes.build/DerivedSources/x86_64 -Xcc -I/Users/anushka_sharma/Library/Developer/Xcode/DerivedData/FMS-cwjlkvbqxgbddsairyzxkfxaxriv/Build/Intermediates.noindex/swift-http-types.build/Debug-iphonesimulator/HTTPTypes.build/DerivedSources -Xcc -DSWIFT_PACKAGE -Xcc -DDEBUG\=1 -emit-objc-header -emit-objc-header-path /Users/anushka_sharma/Library/Developer/Xcode/DerivedData/FMS-cwjlkvbqxgbddsairyzxkfxaxriv/Build/Intermediates.noindex/swift-http-types.build/Debug-iphonesimulator/HTTPTypes.build/Objects-normal/x86_64/HTTPTypes-Swift.h -working-directory /Users/anushka_sharma/Documents/FMS/FMS.xcodeproj -experimental-emit-module-separately -disable-cmo

SwiftDriver\ Compilation HTTPTypes normal x86_64 com.apple.xcode.tools.swift.compiler (in target 'HTTPTypes' from project 'swift-http-types')
    cd /Users/anushka_sharma/Documents/FMS/FMS.xcodeproj
    builtin-Swift-Compilation -- /Applications/Xcode.app/Contents/Developer/Toolchains/XcodeDefault.xctoolchain/usr/bin/swiftc -module-name HTTPTypes -Onone -enforce-exclusivity\=checked @/Users/anushka_sharma/Library/Developer/Xcode/DerivedData/FMS-cwjlkvbqxgbddsairyzxkfxaxriv/Build/Intermediates.noindex/swift-http-types.build/Debug-iphonesimulator/HTTPTypes.build/Objects-normal/x86_64/HTTPTypes.SwiftFileList -DSWIFT_PACKAGE -DDEBUG -DSWIFT_MODULE_RESOURCE_BUNDLE_UNAVAILABLE -DXcode -enable-experimental-feature StrictConcurrency\=complete -enable-upcoming-feature MemberImportVisibility -plugin-path /Applications/Xcode.app/Contents/Developer/Toolchains/XcodeDefault.xctoolchain/usr/lib/swift/host/plugins/testing -enable-experimental-feature DebugDescriptionMacro -sdk /Applications/Xcode.app/Contents/Developer/Platforms/iPhoneSimulator.platform/Developer/SDKs/iPhoneSimulator26.2.sdk -target x86_64-apple-ios12.0-simulator -g -module-cache-path /Users/anushka_sharma/Library/Developer/Xcode/DerivedData/ModuleCache.noindex -Xfrontend -serialize-debugging-options -enable-testing -suppress-warnings -index-store-path /Users/anushka_sharma/Library/Developer/Xcode/DerivedData/FMS-cwjlkvbqxgbddsairyzxkfxaxriv/Index.noindex/DataStore -Xcc -D_LIBCPP_HARDENING_MODE\=_LIBCPP_HARDENING_MODE_DEBUG -swift-version 5 -I /Users/anushka_sharma/Library/Developer/Xcode/DerivedData/FMS-cwjlkvbqxgbddsairyzxkfxaxriv/Build/Products/Debug-iphonesimulator -Isystem /Applications/Xcode.app/Contents/Developer/Platforms/iPhoneSimulator.platform/Developer/usr/lib -F /Users/anushka_sharma/Library/Developer/Xcode/DerivedData/FMS-cwjlkvbqxgbddsairyzxkfxaxriv/Build/Products/Debug-iphonesimulator -F /Applications/Xcode.app/Contents/Developer/Platforms/iPhoneSimulator.platform/Developer/Library/Frameworks -F /Applications/Xcode.app/Contents/Developer/Platforms/iPhoneSimulator.platform/Developer/SDKs/iPhoneSimulator26.2.sdk/Developer/Library/Frameworks -c -j10 -enable-batch-mode -incremental -Xcc -ivfsstatcache -Xcc /Users/anushka_sharma/Library/Developer/Xcode/DerivedData/SDKStatCaches.noindex/iphonesimulator26.2-23C53-7d00a8b37fbd7999ea79df8ebc024bf0.sdkstatcache -output-file-map /Users/anushka_sharma/Library/Developer/Xcode/DerivedData/FMS-cwjlkvbqxgbddsairyzxkfxaxriv/Build/Intermediates.noindex/swift-http-types.build/Debug-iphonesimulator/HTTPTypes.build/Objects-normal/x86_64/HTTPTypes-OutputFileMap.json -use-frontend-parseable-output -save-temps -no-color-diagnostics -explicit-module-build -module-cache-path /Users/anushka_sharma/Library/Developer/Xcode/DerivedData/FMS-cwjlkvbqxgbddsairyzxkfxaxriv/Build/Intermediates.noindex/SwiftExplicitPrecompiledModules -clang-scanner-module-cache-path /Users/anushka_sharma/Library/Developer/Xcode/DerivedData/ModuleCache.noindex -sdk-module-cache-path /Users/anushka_sharma/Library/Developer/Xcode/DerivedData/ModuleCache.noindex -serialize-diagnostics -emit-dependencies -emit-module -emit-module-path /Users/anushka_sharma/Library/Developer/Xcode/DerivedData/FMS-cwjlkvbqxgbddsairyzxkfxaxriv/Build/Intermediates.noindex/swift-http-types.build/Debug-iphonesimulator/HTTPTypes.build/Objects-normal/x86_64/HTTPTypes.swiftmodule -validate-clang-modules-once -clang-build-session-file /Users/anushka_sharma/Library/Developer/Xcode/DerivedData/ModuleCache.noindex/Session.modulevalidation -package-name swift_http_types -Xcc -I/Users/anushka_sharma/Library/Developer/Xcode/DerivedData/FMS-cwjlkvbqxgbddsairyzxkfxaxriv/Build/Intermediates.noindex/swift-http-types.build/Debug-iphonesimulator/HTTPTypes.build/swift-overrides.hmap -emit-const-values -Xfrontend -const-gather-protocols-file -Xfrontend /Users/anushka_sharma/Library/Developer/Xcode/DerivedData/FMS-cwjlkvbqxgbddsairyzxkfxaxriv/Build/Intermediates.noindex/swift-http-types.build/Debug-iphonesimulator/HTTPTypes.build/Objects-normal/x86_64/HTTPTypes_const_extract_protocols.json -Xcc -I/Users/anushka_sharma/Library/Developer/Xcode/DerivedData/FMS-cwjlkvbqxgbddsairyzxkfxaxriv/Build/Products/Debug-iphonesimulator/include -Xcc -I/Users/anushka_sharma/Library/Developer/Xcode/DerivedData/FMS-cwjlkvbqxgbddsairyzxkfxaxriv/Build/Intermediates.noindex/swift-http-types.build/Debug-iphonesimulator/HTTPTypes.build/DerivedSources-normal/x86_64 -Xcc -I/Users/anushka_sharma/Library/Developer/Xcode/DerivedData/FMS-cwjlkvbqxgbddsairyzxkfxaxriv/Build/Intermediates.noindex/swift-http-types.build/Debug-iphonesimulator/HTTPTypes.build/DerivedSources/x86_64 -Xcc -I/Users/anushka_sharma/Library/Developer/Xcode/DerivedData/FMS-cwjlkvbqxgbddsairyzxkfxaxriv/Build/Intermediates.noindex/swift-http-types.build/Debug-iphonesimulator/HTTPTypes.build/DerivedSources -Xcc -DSWIFT_PACKAGE -Xcc -DDEBUG\=1 -emit-objc-header -emit-objc-header-path /Users/anushka_sharma/Library/Developer/Xcode/DerivedData/FMS-cwjlkvbqxgbddsairyzxkfxaxriv/Build/Intermediates.noindex/swift-http-types.build/Debug-iphonesimulator/HTTPTypes.build/Objects-normal/x86_64/HTTPTypes-Swift.h -working-directory /Users/anushka_sharma/Documents/FMS/FMS.xcodeproj -experimental-emit-module-separately -disable-cmo

Copy /Users/anushka_sharma/Library/Developer/Xcode/DerivedData/FMS-cwjlkvbqxgbddsairyzxkfxaxriv/Build/Products/Debug-iphonesimulator/HTTPTypes.swiftmodule/arm64-apple-ios-simulator.swiftmodule /Users/anushka_sharma/Library/Developer/Xcode/DerivedData/FMS-cwjlkvbqxgbddsairyzxkfxaxriv/Build/Intermediates.noindex/swift-http-types.build/Debug-iphonesimulator/HTTPTypes.build/Objects-normal/arm64/HTTPTypes.swiftmodule (in target 'HTTPTypes' from project 'swift-http-types')
    cd /Users/anushka_sharma/Library/Developer/Xcode/DerivedData/FMS-cwjlkvbqxgbddsairyzxkfxaxriv/SourcePackages/checkouts/swift-http-types
    builtin-copy -exclude .DS_Store -exclude CVS -exclude .svn -exclude .git -exclude .hg -resolve-src-symlinks -rename /Users/anushka_sharma/Library/Developer/Xcode/DerivedData/FMS-cwjlkvbqxgbddsairyzxkfxaxriv/Build/Intermediates.noindex/swift-http-types.build/Debug-iphonesimulator/HTTPTypes.build/Objects-normal/arm64/HTTPTypes.swiftmodule /Users/anushka_sharma/Library/Developer/Xcode/DerivedData/FMS-cwjlkvbqxgbddsairyzxkfxaxriv/Build/Products/Debug-iphonesimulator/HTTPTypes.swiftmodule/arm64-apple-ios-simulator.swiftmodule

Copy /Users/anushka_sharma/Library/Developer/Xcode/DerivedData/FMS-cwjlkvbqxgbddsairyzxkfxaxriv/Build/Products/Debug-iphonesimulator/HTTPTypes.swiftmodule/arm64-apple-ios-simulator.swiftdoc /Users/anushka_sharma/Library/Developer/Xcode/DerivedData/FMS-cwjlkvbqxgbddsairyzxkfxaxriv/Build/Intermediates.noindex/swift-http-types.build/Debug-iphonesimulator/HTTPTypes.build/Objects-normal/arm64/HTTPTypes.swiftdoc (in target 'HTTPTypes' from project 'swift-http-types')
    cd /Users/anushka_sharma/Library/Developer/Xcode/DerivedData/FMS-cwjlkvbqxgbddsairyzxkfxaxriv/SourcePackages/checkouts/swift-http-types
    builtin-copy -exclude .DS_Store -exclude CVS -exclude .svn -exclude .git -exclude .hg -resolve-src-symlinks -rename /Users/anushka_sharma/Library/Developer/Xcode/DerivedData/FMS-cwjlkvbqxgbddsairyzxkfxaxriv/Build/Intermediates.noindex/swift-http-types.build/Debug-iphonesimulator/HTTPTypes.build/Objects-normal/arm64/HTTPTypes.swiftdoc /Users/anushka_sharma/Library/Developer/Xcode/DerivedData/FMS-cwjlkvbqxgbddsairyzxkfxaxriv/Build/Products/Debug-iphonesimulator/HTTPTypes.swiftmodule/arm64-apple-ios-simulator.swiftdoc

Copy /Users/anushka_sharma/Library/Developer/Xcode/DerivedData/FMS-cwjlkvbqxgbddsairyzxkfxaxriv/Build/Products/Debug-iphonesimulator/HTTPTypes.swiftmodule/arm64-apple-ios-simulator.abi.json /Users/anushka_sharma/Library/Developer/Xcode/DerivedData/FMS-cwjlkvbqxgbddsairyzxkfxaxriv/Build/Intermediates.noindex/swift-http-types.build/Debug-iphonesimulator/HTTPTypes.build/Objects-normal/arm64/HTTPTypes.abi.json (in target 'HTTPTypes' from project 'swift-http-types')
    cd /Users/anushka_sharma/Library/Developer/Xcode/DerivedData/FMS-cwjlkvbqxgbddsairyzxkfxaxriv/SourcePackages/checkouts/swift-http-types
    builtin-copy -exclude .DS_Store -exclude CVS -exclude .svn -exclude .git -exclude .hg -resolve-src-symlinks -rename /Users/anushka_sharma/Library/Developer/Xcode/DerivedData/FMS-cwjlkvbqxgbddsairyzxkfxaxriv/Build/Intermediates.noindex/swift-http-types.build/Debug-iphonesimulator/HTTPTypes.build/Objects-normal/arm64/HTTPTypes.abi.json /Users/anushka_sharma/Library/Developer/Xcode/DerivedData/FMS-cwjlkvbqxgbddsairyzxkfxaxriv/Build/Products/Debug-iphonesimulator/HTTPTypes.swiftmodule/arm64-apple-ios-simulator.abi.json

Copy /Users/anushka_sharma/Library/Developer/Xcode/DerivedData/FMS-cwjlkvbqxgbddsairyzxkfxaxriv/Build/Products/Debug-iphonesimulator/HTTPTypes.swiftmodule/Project/arm64-apple-ios-simulator.swiftsourceinfo /Users/anushka_sharma/Library/Developer/Xcode/DerivedData/FMS-cwjlkvbqxgbddsairyzxkfxaxriv/Build/Intermediates.noindex/swift-http-types.build/Debug-iphonesimulator/HTTPTypes.build/Objects-normal/arm64/HTTPTypes.swiftsourceinfo (in target 'HTTPTypes' from project 'swift-http-types')
    cd /Users/anushka_sharma/Library/Developer/Xcode/DerivedData/FMS-cwjlkvbqxgbddsairyzxkfxaxriv/SourcePackages/checkouts/swift-http-types
    builtin-copy -exclude .DS_Store -exclude CVS -exclude .svn -exclude .git -exclude .hg -resolve-src-symlinks -rename /Users/anushka_sharma/Library/Developer/Xcode/DerivedData/FMS-cwjlkvbqxgbddsairyzxkfxaxriv/Build/Intermediates.noindex/swift-http-types.build/Debug-iphonesimulator/HTTPTypes.build/Objects-normal/arm64/HTTPTypes.swiftsourceinfo /Users/anushka_sharma/Library/Developer/Xcode/DerivedData/FMS-cwjlkvbqxgbddsairyzxkfxaxriv/Build/Products/Debug-iphonesimulator/HTTPTypes.swiftmodule/Project/arm64-apple-ios-simulator.swiftsourceinfo

SwiftMergeGeneratedHeaders /Users/anushka_sharma/Library/Developer/Xcode/DerivedData/FMS-cwjlkvbqxgbddsairyzxkfxaxriv/Build/Intermediates.noindex/GeneratedModuleMaps-iphonesimulator/HTTPTypes-Swift.h /Users/anushka_sharma/Library/Developer/Xcode/DerivedData/FMS-cwjlkvbqxgbddsairyzxkfxaxriv/Build/Intermediates.noindex/swift-http-types.build/Debug-iphonesimulator/HTTPTypes.build/Objects-normal/arm64/HTTPTypes-Swift.h /Users/anushka_sharma/Library/Developer/Xcode/DerivedData/FMS-cwjlkvbqxgbddsairyzxkfxaxriv/Build/Intermediates.noindex/swift-http-types.build/Debug-iphonesimulator/HTTPTypes.build/Objects-normal/x86_64/HTTPTypes-Swift.h (in target 'HTTPTypes' from project 'swift-http-types')
    cd /Users/anushka_sharma/Library/Developer/Xcode/DerivedData/FMS-cwjlkvbqxgbddsairyzxkfxaxriv/SourcePackages/checkouts/swift-http-types
    builtin-swiftHeaderTool -arch arm64 /Users/anushka_sharma/Library/Developer/Xcode/DerivedData/FMS-cwjlkvbqxgbddsairyzxkfxaxriv/Build/Intermediates.noindex/swift-http-types.build/Debug-iphonesimulator/HTTPTypes.build/Objects-normal/arm64/HTTPTypes-Swift.h -arch x86_64 /Users/anushka_sharma/Library/Developer/Xcode/DerivedData/FMS-cwjlkvbqxgbddsairyzxkfxaxriv/Build/Intermediates.noindex/swift-http-types.build/Debug-iphonesimulator/HTTPTypes.build/Objects-normal/x86_64/HTTPTypes-Swift.h -o /Users/anushka_sharma/Library/Developer/Xcode/DerivedData/FMS-cwjlkvbqxgbddsairyzxkfxaxriv/Build/Intermediates.noindex/GeneratedModuleMaps-iphonesimulator/HTTPTypes-Swift.h

Ld /Users/anushka_sharma/Library/Developer/Xcode/DerivedData/FMS-cwjlkvbqxgbddsairyzxkfxaxriv/Build/Intermediates.noindex/swift-http-types.build/Debug-iphonesimulator/HTTPTypes.build/Objects-normal/arm64/Binary/HTTPTypes.o normal arm64 (in target 'HTTPTypes' from project 'swift-http-types')
    cd /Users/anushka_sharma/Library/Developer/Xcode/DerivedData/FMS-cwjlkvbqxgbddsairyzxkfxaxriv/SourcePackages/checkouts/swift-http-types
    /Applications/Xcode.app/Contents/Developer/Toolchains/XcodeDefault.xctoolchain/usr/bin/clang -Xlinker -reproducible -target arm64-apple-ios12.0-simulator -r -isysroot /Applications/Xcode.app/Contents/Developer/Platforms/iPhoneSimulator.platform/Developer/SDKs/iPhoneSimulator26.2.sdk -O0 -w -L/Users/anushka_sharma/Library/Developer/Xcode/DerivedData/FMS-cwjlkvbqxgbddsairyzxkfxaxriv/Build/Intermediates.noindex/EagerLinkingTBDs/Debug-iphonesimulator -L/Users/anushka_sharma/Library/Developer/Xcode/DerivedData/FMS-cwjlkvbqxgbddsairyzxkfxaxriv/Build/Products/Debug-iphonesimulator -L/Applications/Xcode.app/Contents/Developer/Platforms/iPhoneSimulator.platform/Developer/usr/lib -F/Users/anushka_sharma/Library/Developer/Xcode/DerivedData/FMS-cwjlkvbqxgbddsairyzxkfxaxriv/Build/Intermediates.noindex/EagerLinkingTBDs/Debug-iphonesimulator -F/Users/anushka_sharma/Library/Developer/Xcode/DerivedData/FMS-cwjlkvbqxgbddsairyzxkfxaxriv/Build/Products/Debug-iphonesimulator -iframework /Applications/Xcode.app/Contents/Developer/Platforms/iPhoneSimulator.platform/Developer/Library/Frameworks -iframework /Applications/Xcode.app/Contents/Developer/Platforms/iPhoneSimulator.platform/Developer/SDKs/iPhoneSimulator26.2.sdk/Developer/Library/Frameworks -filelist /Users/anushka_sharma/Library/Developer/Xcode/DerivedData/FMS-cwjlkvbqxgbddsairyzxkfxaxriv/Build/Intermediates.noindex/swift-http-types.build/Debug-iphonesimulator/HTTPTypes.build/Objects-normal/arm64/HTTPTypes.LinkFileList -nostdlib -Xlinker -object_path_lto -Xlinker /Users/anushka_sharma/Library/Developer/Xcode/DerivedData/FMS-cwjlkvbqxgbddsairyzxkfxaxriv/Build/Intermediates.noindex/swift-http-types.build/Debug-iphonesimulator/HTTPTypes.build/Objects-normal/arm64/HTTPTypes_lto.o -rdynamic -Xlinker -no_deduplicate -Xlinker -objc_abi_version -Xlinker 2 -Xlinker -dependency_info -Xlinker /Users/anushka_sharma/Library/Developer/Xcode/DerivedData/FMS-cwjlkvbqxgbddsairyzxkfxaxriv/Build/Intermediates.noindex/swift-http-types.build/Debug-iphonesimulator/HTTPTypes.build/Objects-normal/arm64/HTTPTypes_dependency_info.dat -fobjc-link-runtime -L/Applications/Xcode.app/Contents/Developer/Toolchains/XcodeDefault.xctoolchain/usr/lib/swift/iphonesimulator -L/usr/lib/swift -Xlinker -add_ast_path -Xlinker /Users/anushka_sharma/Library/Developer/Xcode/DerivedData/FMS-cwjlkvbqxgbddsairyzxkfxaxriv/Build/Intermediates.noindex/swift-http-types.build/Debug-iphonesimulator/HTTPTypes.build/Objects-normal/arm64/HTTPTypes.swiftmodule @/Users/anushka_sharma/Library/Developer/Xcode/DerivedData/FMS-cwjlkvbqxgbddsairyzxkfxaxriv/Build/Intermediates.noindex/swift-http-types.build/Debug-iphonesimulator/HTTPTypes.build/Objects-normal/arm64/HTTPTypes-linker-args.resp -o /Users/anushka_sharma/Library/Developer/Xcode/DerivedData/FMS-cwjlkvbqxgbddsairyzxkfxaxriv/Build/Intermediates.noindex/swift-http-types.build/Debug-iphonesimulator/HTTPTypes.build/Objects-normal/arm64/Binary/HTTPTypes.o

CreateUniversalBinary /Users/anushka_sharma/Library/Developer/Xcode/DerivedData/FMS-cwjlkvbqxgbddsairyzxkfxaxriv/Build/Products/Debug-iphonesimulator/ConcurrencyExtras.o normal arm64\ x86_64 (in target 'ConcurrencyExtras' from project 'swift-concurrency-extras')
    cd /Users/anushka_sharma/Library/Developer/Xcode/DerivedData/FMS-cwjlkvbqxgbddsairyzxkfxaxriv/SourcePackages/checkouts/swift-concurrency-extras
    /Applications/Xcode.app/Contents/Developer/Toolchains/XcodeDefault.xctoolchain/usr/bin/lipo -create /Users/anushka_sharma/Library/Developer/Xcode/DerivedData/FMS-cwjlkvbqxgbddsairyzxkfxaxriv/Build/Intermediates.noindex/swift-concurrency-extras.build/Debug-iphonesimulator/ConcurrencyExtras.build/Objects-normal/arm64/Binary/ConcurrencyExtras.o /Users/anushka_sharma/Library/Developer/Xcode/DerivedData/FMS-cwjlkvbqxgbddsairyzxkfxaxriv/Build/Intermediates.noindex/swift-concurrency-extras.build/Debug-iphonesimulator/ConcurrencyExtras.build/Objects-normal/x86_64/Binary/ConcurrencyExtras.o -output /Users/anushka_sharma/Library/Developer/Xcode/DerivedData/FMS-cwjlkvbqxgbddsairyzxkfxaxriv/Build/Products/Debug-iphonesimulator/ConcurrencyExtras.o

ExtractAppIntentsMetadata (in target 'ConcurrencyExtras' from project 'swift-concurrency-extras')
    cd /Users/anushka_sharma/Library/Developer/Xcode/DerivedData/FMS-cwjlkvbqxgbddsairyzxkfxaxriv/SourcePackages/checkouts/swift-concurrency-extras
    /Applications/Xcode.app/Contents/Developer/Toolchains/XcodeDefault.xctoolchain/usr/bin/appintentsmetadataprocessor --toolchain-dir /Applications/Xcode.app/Contents/Developer/Toolchains/XcodeDefault.xctoolchain --module-name ConcurrencyExtras --sdk-root /Applications/Xcode.app/Contents/Developer/Platforms/iPhoneSimulator.platform/Developer/SDKs/iPhoneSimulator26.2.sdk --xcode-version 17C52 --platform-family iOS --deployment-target 13.0 --bundle-identifier swift-concurrency-extras.ConcurrencyExtras --output /Users/anushka_sharma/Library/Developer/Xcode/DerivedData/FMS-cwjlkvbqxgbddsairyzxkfxaxriv/Build/Products/Debug-iphonesimulator/ConcurrencyExtras.appintents --target-triple arm64-apple-ios13.0-simulator --target-triple x86_64-apple-ios13.0-simulator --binary-file /Users/anushka_sharma/Library/Developer/Xcode/DerivedData/FMS-cwjlkvbqxgbddsairyzxkfxaxriv/Build/Products/Debug-iphonesimulator/ConcurrencyExtras.o --dependency-file /Users/anushka_sharma/Library/Developer/Xcode/DerivedData/FMS-cwjlkvbqxgbddsairyzxkfxaxriv/Build/Intermediates.noindex/swift-concurrency-extras.build/Debug-iphonesimulator/ConcurrencyExtras.build/Objects-normal/arm64/ConcurrencyExtras_dependency_info.dat --dependency-file /Users/anushka_sharma/Library/Developer/Xcode/DerivedData/FMS-cwjlkvbqxgbddsairyzxkfxaxriv/Build/Intermediates.noindex/swift-concurrency-extras.build/Debug-iphonesimulator/ConcurrencyExtras.build/Objects-normal/x86_64/ConcurrencyExtras_dependency_info.dat --stringsdata-file /Users/anushka_sharma/Library/Developer/Xcode/DerivedData/FMS-cwjlkvbqxgbddsairyzxkfxaxriv/Build/Intermediates.noindex/swift-concurrency-extras.build/Debug-iphonesimulator/ConcurrencyExtras.build/Objects-normal/arm64/ExtractedAppShortcutsMetadata.stringsdata --stringsdata-file /Users/anushka_sharma/Library/Developer/Xcode/DerivedData/FMS-cwjlkvbqxgbddsairyzxkfxaxriv/Build/Intermediates.noindex/swift-concurrency-extras.build/Debug-iphonesimulator/ConcurrencyExtras.build/Objects-normal/x86_64/ExtractedAppShortcutsMetadata.stringsdata --source-file-list /Users/anushka_sharma/Library/Developer/Xcode/DerivedData/FMS-cwjlkvbqxgbddsairyzxkfxaxriv/Build/Intermediates.noindex/swift-concurrency-extras.build/Debug-iphonesimulator/ConcurrencyExtras.build/Objects-normal/arm64/ConcurrencyExtras.SwiftFileList --source-file-list /Users/anushka_sharma/Library/Developer/Xcode/DerivedData/FMS-cwjlkvbqxgbddsairyzxkfxaxriv/Build/Intermediates.noindex/swift-concurrency-extras.build/Debug-iphonesimulator/ConcurrencyExtras.build/Objects-normal/x86_64/ConcurrencyExtras.SwiftFileList --metadata-file-list /Users/anushka_sharma/Library/Developer/Xcode/DerivedData/FMS-cwjlkvbqxgbddsairyzxkfxaxriv/Build/Intermediates.noindex/swift-concurrency-extras.build/Debug-iphonesimulator/ConcurrencyExtras.build/ConcurrencyExtras.DependencyMetadataFileList --static-metadata-file-list /Users/anushka_sharma/Library/Developer/Xcode/DerivedData/FMS-cwjlkvbqxgbddsairyzxkfxaxriv/Build/Intermediates.noindex/swift-concurrency-extras.build/Debug-iphonesimulator/ConcurrencyExtras.build/ConcurrencyExtras.DependencyStaticMetadataFileList --swift-const-vals-list /Users/anushka_sharma/Library/Developer/Xcode/DerivedData/FMS-cwjlkvbqxgbddsairyzxkfxaxriv/Build/Intermediates.noindex/swift-concurrency-extras.build/Debug-iphonesimulator/ConcurrencyExtras.build/Objects-normal/arm64/ConcurrencyExtras.SwiftConstValuesFileList --swift-const-vals-list /Users/anushka_sharma/Library/Developer/Xcode/DerivedData/FMS-cwjlkvbqxgbddsairyzxkfxaxriv/Build/Intermediates.noindex/swift-concurrency-extras.build/Debug-iphonesimulator/ConcurrencyExtras.build/Objects-normal/x86_64/ConcurrencyExtras.SwiftConstValuesFileList --force --compile-time-extraction --deployment-aware-processing --validate-assistant-intents --no-app-shortcuts-localization
2026-05-29 10:07:10.072 appintentsmetadataprocessor[29857:518542] Starting appintentsmetadataprocessor export
2026-05-29 10:07:10.302 appintentsmetadataprocessor[29857:518542] Extracted no relevant App Intents symbols, skipping writing output

SwiftDriver\ Compilation\ Requirements IssueReporting normal x86_64 com.apple.xcode.tools.swift.compiler (in target 'IssueReporting' from project 'xctest-dynamic-overlay')
    cd /Users/anushka_sharma/Documents/FMS/FMS.xcodeproj
    builtin-Swift-Compilation-Requirements -- /Applications/Xcode.app/Contents/Developer/Toolchains/XcodeDefault.xctoolchain/usr/bin/swiftc -module-name IssueReporting -Onone -enforce-exclusivity\=checked @/Users/anushka_sharma/Library/Developer/Xcode/DerivedData/FMS-cwjlkvbqxgbddsairyzxkfxaxriv/Build/Intermediates.noindex/xctest-dynamic-overlay.build/Debug-iphonesimulator/IssueReporting.build/Objects-normal/x86_64/IssueReporting.SwiftFileList -DSWIFT_PACKAGE -DDEBUG -DSWIFT_MODULE_RESOURCE_BUNDLE_UNAVAILABLE -DXcode -plugin-path /Applications/Xcode.app/Contents/Developer/Toolchains/XcodeDefault.xctoolchain/usr/lib/swift/host/plugins/testing -enable-experimental-feature DebugDescriptionMacro -sdk /Applications/Xcode.app/Contents/Developer/Platforms/iPhoneSimulator.platform/Developer/SDKs/iPhoneSimulator26.2.sdk -target x86_64-apple-ios13.0-simulator -g -module-cache-path /Users/anushka_sharma/Library/Developer/Xcode/DerivedData/ModuleCache.noindex -Xfrontend -serialize-debugging-options -enable-testing -suppress-warnings -index-store-path /Users/anushka_sharma/Library/Developer/Xcode/DerivedData/FMS-cwjlkvbqxgbddsairyzxkfxaxriv/Index.noindex/DataStore -Xcc -D_LIBCPP_HARDENING_MODE\=_LIBCPP_HARDENING_MODE_DEBUG -swift-version 6 -I /Users/anushka_sharma/Library/Developer/Xcode/DerivedData/FMS-cwjlkvbqxgbddsairyzxkfxaxriv/Build/Products/Debug-iphonesimulator -Isystem /Applications/Xcode.app/Contents/Developer/Platforms/iPhoneSimulator.platform/Developer/usr/lib -F /Users/anushka_sharma/Library/Developer/Xcode/DerivedData/FMS-cwjlkvbqxgbddsairyzxkfxaxriv/Build/Products/Debug-iphonesimulator/PackageFrameworks -F /Users/anushka_sharma/Library/Developer/Xcode/DerivedData/FMS-cwjlkvbqxgbddsairyzxkfxaxriv/Build/Products/Debug-iphonesimulator -F /Applications/Xcode.app/Contents/Developer/Platforms/iPhoneSimulator.platform/Developer/Library/Frameworks -F /Applications/Xcode.app/Contents/Developer/Platforms/iPhoneSimulator.platform/Developer/SDKs/iPhoneSimulator26.2.sdk/Developer/Library/Frameworks -c -j10 -enable-batch-mode -incremental -Xcc -ivfsstatcache -Xcc /Users/anushka_sharma/Library/Developer/Xcode/DerivedData/SDKStatCaches.noindex/iphonesimulator26.2-23C53-7d00a8b37fbd7999ea79df8ebc024bf0.sdkstatcache -output-file-map /Users/anushka_sharma/Library/Developer/Xcode/DerivedData/FMS-cwjlkvbqxgbddsairyzxkfxaxriv/Build/Intermediates.noindex/xctest-dynamic-overlay.build/Debug-iphonesimulator/IssueReporting.build/Objects-normal/x86_64/IssueReporting-OutputFileMap.json -use-frontend-parseable-output -save-temps -no-color-diagnostics -explicit-module-build -module-cache-path /Users/anushka_sharma/Library/Developer/Xcode/DerivedData/FMS-cwjlkvbqxgbddsairyzxkfxaxriv/Build/Intermediates.noindex/SwiftExplicitPrecompiledModules -clang-scanner-module-cache-path /Users/anushka_sharma/Library/Developer/Xcode/DerivedData/ModuleCache.noindex -sdk-module-cache-path /Users/anushka_sharma/Library/Developer/Xcode/DerivedData/ModuleCache.noindex -serialize-diagnostics -emit-dependencies -emit-module -emit-module-path /Users/anushka_sharma/Library/Developer/Xcode/DerivedData/FMS-cwjlkvbqxgbddsairyzxkfxaxriv/Build/Intermediates.noindex/xctest-dynamic-overlay.build/Debug-iphonesimulator/IssueReporting.build/Objects-normal/x86_64/IssueReporting.swiftmodule -user-module-version 1.9.0 -validate-clang-modules-once -clang-build-session-file /Users/anushka_sharma/Library/Developer/Xcode/DerivedData/ModuleCache.noindex/Session.modulevalidation -package-name xctest_dynamic_overlay -Xcc -I/Users/anushka_sharma/Library/Developer/Xcode/DerivedData/FMS-cwjlkvbqxgbddsairyzxkfxaxriv/Build/Intermediates.noindex/xctest-dynamic-overlay.build/Debug-iphonesimulator/IssueReporting.build/swift-overrides.hmap -emit-const-values -Xfrontend -const-gather-protocols-file -Xfrontend /Users/anushka_sharma/Library/Developer/Xcode/DerivedData/FMS-cwjlkvbqxgbddsairyzxkfxaxriv/Build/Intermediates.noindex/xctest-dynamic-overlay.build/Debug-iphonesimulator/IssueReporting.build/Objects-normal/x86_64/IssueReporting_const_extract_protocols.json -Xcc -I/Users/anushka_sharma/Library/Developer/Xcode/DerivedData/FMS-cwjlkvbqxgbddsairyzxkfxaxriv/Build/Products/Debug-iphonesimulator/include -Xcc -I/Users/anushka_sharma/Library/Developer/Xcode/DerivedData/FMS-cwjlkvbqxgbddsairyzxkfxaxriv/Build/Intermediates.noindex/xctest-dynamic-overlay.build/Debug-iphonesimulator/IssueReporting.build/DerivedSources-normal/x86_64 -Xcc -I/Users/anushka_sharma/Library/Developer/Xcode/DerivedData/FMS-cwjlkvbqxgbddsairyzxkfxaxriv/Build/Intermediates.noindex/xctest-dynamic-overlay.build/Debug-iphonesimulator/IssueReporting.build/DerivedSources/x86_64 -Xcc -I/Users/anushka_sharma/Library/Developer/Xcode/DerivedData/FMS-cwjlkvbqxgbddsairyzxkfxaxriv/Build/Intermediates.noindex/xctest-dynamic-overlay.build/Debug-iphonesimulator/IssueReporting.build/DerivedSources -Xcc -DSWIFT_PACKAGE -Xcc -DDEBUG\=1 -emit-objc-header -emit-objc-header-path /Users/anushka_sharma/Library/Developer/Xcode/DerivedData/FMS-cwjlkvbqxgbddsairyzxkfxaxriv/Build/Intermediates.noindex/xctest-dynamic-overlay.build/Debug-iphonesimulator/IssueReporting.build/Objects-normal/x86_64/IssueReporting-Swift.h -working-directory /Users/anushka_sharma/Documents/FMS/FMS.xcodeproj -experimental-emit-module-separately -disable-cmo

SwiftDriver\ Compilation IssueReporting normal x86_64 com.apple.xcode.tools.swift.compiler (in target 'IssueReporting' from project 'xctest-dynamic-overlay')
    cd /Users/anushka_sharma/Documents/FMS/FMS.xcodeproj
    builtin-Swift-Compilation -- /Applications/Xcode.app/Contents/Developer/Toolchains/XcodeDefault.xctoolchain/usr/bin/swiftc -module-name IssueReporting -Onone -enforce-exclusivity\=checked @/Users/anushka_sharma/Library/Developer/Xcode/DerivedData/FMS-cwjlkvbqxgbddsairyzxkfxaxriv/Build/Intermediates.noindex/xctest-dynamic-overlay.build/Debug-iphonesimulator/IssueReporting.build/Objects-normal/x86_64/IssueReporting.SwiftFileList -DSWIFT_PACKAGE -DDEBUG -DSWIFT_MODULE_RESOURCE_BUNDLE_UNAVAILABLE -DXcode -plugin-path /Applications/Xcode.app/Contents/Developer/Toolchains/XcodeDefault.xctoolchain/usr/lib/swift/host/plugins/testing -enable-experimental-feature DebugDescriptionMacro -sdk /Applications/Xcode.app/Contents/Developer/Platforms/iPhoneSimulator.platform/Developer/SDKs/iPhoneSimulator26.2.sdk -target x86_64-apple-ios13.0-simulator -g -module-cache-path /Users/anushka_sharma/Library/Developer/Xcode/DerivedData/ModuleCache.noindex -Xfrontend -serialize-debugging-options -enable-testing -suppress-warnings -index-store-path /Users/anushka_sharma/Library/Developer/Xcode/DerivedData/FMS-cwjlkvbqxgbddsairyzxkfxaxriv/Index.noindex/DataStore -Xcc -D_LIBCPP_HARDENING_MODE\=_LIBCPP_HARDENING_MODE_DEBUG -swift-version 6 -I /Users/anushka_sharma/Library/Developer/Xcode/DerivedData/FMS-cwjlkvbqxgbddsairyzxkfxaxriv/Build/Products/Debug-iphonesimulator -Isystem /Applications/Xcode.app/Contents/Developer/Platforms/iPhoneSimulator.platform/Developer/usr/lib -F /Users/anushka_sharma/Library/Developer/Xcode/DerivedData/FMS-cwjlkvbqxgbddsairyzxkfxaxriv/Build/Products/Debug-iphonesimulator/PackageFrameworks -F /Users/anushka_sharma/Library/Developer/Xcode/DerivedData/FMS-cwjlkvbqxgbddsairyzxkfxaxriv/Build/Products/Debug-iphonesimulator -F /Applications/Xcode.app/Contents/Developer/Platforms/iPhoneSimulator.platform/Developer/Library/Frameworks -F /Applications/Xcode.app/Contents/Developer/Platforms/iPhoneSimulator.platform/Developer/SDKs/iPhoneSimulator26.2.sdk/Developer/Library/Frameworks -c -j10 -enable-batch-mode -incremental -Xcc -ivfsstatcache -Xcc /Users/anushka_sharma/Library/Developer/Xcode/DerivedData/SDKStatCaches.noindex/iphonesimulator26.2-23C53-7d00a8b37fbd7999ea79df8ebc024bf0.sdkstatcache -output-file-map /Users/anushka_sharma/Library/Developer/Xcode/DerivedData/FMS-cwjlkvbqxgbddsairyzxkfxaxriv/Build/Intermediates.noindex/xctest-dynamic-overlay.build/Debug-iphonesimulator/IssueReporting.build/Objects-normal/x86_64/IssueReporting-OutputFileMap.json -use-frontend-parseable-output -save-temps -no-color-diagnostics -explicit-module-build -module-cache-path /Users/anushka_sharma/Library/Developer/Xcode/DerivedData/FMS-cwjlkvbqxgbddsairyzxkfxaxriv/Build/Intermediates.noindex/SwiftExplicitPrecompiledModules -clang-scanner-module-cache-path /Users/anushka_sharma/Library/Developer/Xcode/DerivedData/ModuleCache.noindex -sdk-module-cache-path /Users/anushka_sharma/Library/Developer/Xcode/DerivedData/ModuleCache.noindex -serialize-diagnostics -emit-dependencies -emit-module -emit-module-path /Users/anushka_sharma/Library/Developer/Xcode/DerivedData/FMS-cwjlkvbqxgbddsairyzxkfxaxriv/Build/Intermediates.noindex/xctest-dynamic-overlay.build/Debug-iphonesimulator/IssueReporting.build/Objects-normal/x86_64/IssueReporting.swiftmodule -user-module-version 1.9.0 -validate-clang-modules-once -clang-build-session-file /Users/anushka_sharma/Library/Developer/Xcode/DerivedData/ModuleCache.noindex/Session.modulevalidation -package-name xctest_dynamic_overlay -Xcc -I/Users/anushka_sharma/Library/Developer/Xcode/DerivedData/FMS-cwjlkvbqxgbddsairyzxkfxaxriv/Build/Intermediates.noindex/xctest-dynamic-overlay.build/Debug-iphonesimulator/IssueReporting.build/swift-overrides.hmap -emit-const-values -Xfrontend -const-gather-protocols-file -Xfrontend /Users/anushka_sharma/Library/Developer/Xcode/DerivedData/FMS-cwjlkvbqxgbddsairyzxkfxaxriv/Build/Intermediates.noindex/xctest-dynamic-overlay.build/Debug-iphonesimulator/IssueReporting.build/Objects-normal/x86_64/IssueReporting_const_extract_protocols.json -Xcc -I/Users/anushka_sharma/Library/Developer/Xcode/DerivedData/FMS-cwjlkvbqxgbddsairyzxkfxaxriv/Build/Products/Debug-iphonesimulator/include -Xcc -I/Users/anushka_sharma/Library/Developer/Xcode/DerivedData/FMS-cwjlkvbqxgbddsairyzxkfxaxriv/Build/Intermediates.noindex/xctest-dynamic-overlay.build/Debug-iphonesimulator/IssueReporting.build/DerivedSources-normal/x86_64 -Xcc -I/Users/anushka_sharma/Library/Developer/Xcode/DerivedData/FMS-cwjlkvbqxgbddsairyzxkfxaxriv/Build/Intermediates.noindex/xctest-dynamic-overlay.build/Debug-iphonesimulator/IssueReporting.build/DerivedSources/x86_64 -Xcc -I/Users/anushka_sharma/Library/Developer/Xcode/DerivedData/FMS-cwjlkvbqxgbddsairyzxkfxaxriv/Build/Intermediates.noindex/xctest-dynamic-overlay.build/Debug-iphonesimulator/IssueReporting.build/DerivedSources -Xcc -DSWIFT_PACKAGE -Xcc -DDEBUG\=1 -emit-objc-header -emit-objc-header-path /Users/anushka_sharma/Library/Developer/Xcode/DerivedData/FMS-cwjlkvbqxgbddsairyzxkfxaxriv/Build/Intermediates.noindex/xctest-dynamic-overlay.build/Debug-iphonesimulator/IssueReporting.build/Objects-normal/x86_64/IssueReporting-Swift.h -working-directory /Users/anushka_sharma/Documents/FMS/FMS.xcodeproj -experimental-emit-module-separately -disable-cmo

CreateUniversalBinary /Users/anushka_sharma/Library/Developer/Xcode/DerivedData/FMS-cwjlkvbqxgbddsairyzxkfxaxriv/Build/Products/Debug-iphonesimulator/HTTPTypes.o normal arm64\ x86_64 (in target 'HTTPTypes' from project 'swift-http-types')
    cd /Users/anushka_sharma/Library/Developer/Xcode/DerivedData/FMS-cwjlkvbqxgbddsairyzxkfxaxriv/SourcePackages/checkouts/swift-http-types
    /Applications/Xcode.app/Contents/Developer/Toolchains/XcodeDefault.xctoolchain/usr/bin/lipo -create /Users/anushka_sharma/Library/Developer/Xcode/DerivedData/FMS-cwjlkvbqxgbddsairyzxkfxaxriv/Build/Intermediates.noindex/swift-http-types.build/Debug-iphonesimulator/HTTPTypes.build/Objects-normal/arm64/Binary/HTTPTypes.o /Users/anushka_sharma/Library/Developer/Xcode/DerivedData/FMS-cwjlkvbqxgbddsairyzxkfxaxriv/Build/Intermediates.noindex/swift-http-types.build/Debug-iphonesimulator/HTTPTypes.build/Objects-normal/x86_64/Binary/HTTPTypes.o -output /Users/anushka_sharma/Library/Developer/Xcode/DerivedData/FMS-cwjlkvbqxgbddsairyzxkfxaxriv/Build/Products/Debug-iphonesimulator/HTTPTypes.o

RegisterExecutionPolicyException /Users/anushka_sharma/Library/Developer/Xcode/DerivedData/FMS-cwjlkvbqxgbddsairyzxkfxaxriv/Build/Products/Debug-iphonesimulator/IssueReportingPackageSupport.o (in target 'IssueReportingPackageSupport' from project 'xctest-dynamic-overlay')
    cd /Users/anushka_sharma/Library/Developer/Xcode/DerivedData/FMS-cwjlkvbqxgbddsairyzxkfxaxriv/SourcePackages/checkouts/xctest-dynamic-overlay
    builtin-RegisterExecutionPolicyException /Users/anushka_sharma/Library/Developer/Xcode/DerivedData/FMS-cwjlkvbqxgbddsairyzxkfxaxriv/Build/Products/Debug-iphonesimulator/IssueReportingPackageSupport.o

ExtractAppIntentsMetadata (in target 'HTTPTypes' from project 'swift-http-types')
    cd /Users/anushka_sharma/Library/Developer/Xcode/DerivedData/FMS-cwjlkvbqxgbddsairyzxkfxaxriv/SourcePackages/checkouts/swift-http-types
    /Applications/Xcode.app/Contents/Developer/Toolchains/XcodeDefault.xctoolchain/usr/bin/appintentsmetadataprocessor --toolchain-dir /Applications/Xcode.app/Contents/Developer/Toolchains/XcodeDefault.xctoolchain --module-name HTTPTypes --sdk-root /Applications/Xcode.app/Contents/Developer/Platforms/iPhoneSimulator.platform/Developer/SDKs/iPhoneSimulator26.2.sdk --xcode-version 17C52 --platform-family iOS --deployment-target 12.0 --bundle-identifier swift-http-types.HTTPTypes --output /Users/anushka_sharma/Library/Developer/Xcode/DerivedData/FMS-cwjlkvbqxgbddsairyzxkfxaxriv/Build/Products/Debug-iphonesimulator/HTTPTypes.appintents --target-triple arm64-apple-ios12.0-simulator --target-triple x86_64-apple-ios12.0-simulator --binary-file /Users/anushka_sharma/Library/Developer/Xcode/DerivedData/FMS-cwjlkvbqxgbddsairyzxkfxaxriv/Build/Products/Debug-iphonesimulator/HTTPTypes.o --dependency-file /Users/anushka_sharma/Library/Developer/Xcode/DerivedData/FMS-cwjlkvbqxgbddsairyzxkfxaxriv/Build/Intermediates.noindex/swift-http-types.build/Debug-iphonesimulator/HTTPTypes.build/Objects-normal/arm64/HTTPTypes_dependency_info.dat --dependency-file /Users/anushka_sharma/Library/Developer/Xcode/DerivedData/FMS-cwjlkvbqxgbddsairyzxkfxaxriv/Build/Intermediates.noindex/swift-http-types.build/Debug-iphonesimulator/HTTPTypes.build/Objects-normal/x86_64/HTTPTypes_dependency_info.dat --stringsdata-file /Users/anushka_sharma/Library/Developer/Xcode/DerivedData/FMS-cwjlkvbqxgbddsairyzxkfxaxriv/Build/Intermediates.noindex/swift-http-types.build/Debug-iphonesimulator/HTTPTypes.build/Objects-normal/arm64/ExtractedAppShortcutsMetadata.stringsdata --stringsdata-file /Users/anushka_sharma/Library/Developer/Xcode/DerivedData/FMS-cwjlkvbqxgbddsairyzxkfxaxriv/Build/Intermediates.noindex/swift-http-types.build/Debug-iphonesimulator/HTTPTypes.build/Objects-normal/x86_64/ExtractedAppShortcutsMetadata.stringsdata --source-file-list /Users/anushka_sharma/Library/Developer/Xcode/DerivedData/FMS-cwjlkvbqxgbddsairyzxkfxaxriv/Build/Intermediates.noindex/swift-http-types.build/Debug-iphonesimulator/HTTPTypes.build/Objects-normal/arm64/HTTPTypes.SwiftFileList --source-file-list /Users/anushka_sharma/Library/Developer/Xcode/DerivedData/FMS-cwjlkvbqxgbddsairyzxkfxaxriv/Build/Intermediates.noindex/swift-http-types.build/Debug-iphonesimulator/HTTPTypes.build/Objects-normal/x86_64/HTTPTypes.SwiftFileList --metadata-file-list /Users/anushka_sharma/Library/Developer/Xcode/DerivedData/FMS-cwjlkvbqxgbddsairyzxkfxaxriv/Build/Intermediates.noindex/swift-http-types.build/Debug-iphonesimulator/HTTPTypes.build/HTTPTypes.DependencyMetadataFileList --static-metadata-file-list /Users/anushka_sharma/Library/Developer/Xcode/DerivedData/FMS-cwjlkvbqxgbddsairyzxkfxaxriv/Build/Intermediates.noindex/swift-http-types.build/Debug-iphonesimulator/HTTPTypes.build/HTTPTypes.DependencyStaticMetadataFileList --swift-const-vals-list /Users/anushka_sharma/Library/Developer/Xcode/DerivedData/FMS-cwjlkvbqxgbddsairyzxkfxaxriv/Build/Intermediates.noindex/swift-http-types.build/Debug-iphonesimulator/HTTPTypes.build/Objects-normal/arm64/HTTPTypes.SwiftConstValuesFileList --swift-const-vals-list /Users/anushka_sharma/Library/Developer/Xcode/DerivedData/FMS-cwjlkvbqxgbddsairyzxkfxaxriv/Build/Intermediates.noindex/swift-http-types.build/Debug-iphonesimulator/HTTPTypes.build/Objects-normal/x86_64/HTTPTypes.SwiftConstValuesFileList --force --compile-time-extraction --deployment-aware-processing --validate-assistant-intents --no-app-shortcuts-localization
2026-05-29 10:07:10.116 appintentsmetadataprocessor[29859:518564] Starting appintentsmetadataprocessor export
2026-05-29 10:07:10.393 appintentsmetadataprocessor[29859:518564] Extracted no relevant App Intents symbols, skipping writing output

SwiftDriver\ Compilation\ Requirements IssueReporting normal arm64 com.apple.xcode.tools.swift.compiler (in target 'IssueReporting' from project 'xctest-dynamic-overlay')
    cd /Users/anushka_sharma/Documents/FMS/FMS.xcodeproj
    builtin-Swift-Compilation-Requirements -- /Applications/Xcode.app/Contents/Developer/Toolchains/XcodeDefault.xctoolchain/usr/bin/swiftc -module-name IssueReporting -Onone -enforce-exclusivity\=checked @/Users/anushka_sharma/Library/Developer/Xcode/DerivedData/FMS-cwjlkvbqxgbddsairyzxkfxaxriv/Build/Intermediates.noindex/xctest-dynamic-overlay.build/Debug-iphonesimulator/IssueReporting.build/Objects-normal/arm64/IssueReporting.SwiftFileList -DSWIFT_PACKAGE -DDEBUG -DSWIFT_MODULE_RESOURCE_BUNDLE_UNAVAILABLE -DXcode -plugin-path /Applications/Xcode.app/Contents/Developer/Toolchains/XcodeDefault.xctoolchain/usr/lib/swift/host/plugins/testing -enable-experimental-feature DebugDescriptionMacro -sdk /Applications/Xcode.app/Contents/Developer/Platforms/iPhoneSimulator.platform/Developer/SDKs/iPhoneSimulator26.2.sdk -target arm64-apple-ios13.0-simulator -g -module-cache-path /Users/anushka_sharma/Library/Developer/Xcode/DerivedData/ModuleCache.noindex -Xfrontend -serialize-debugging-options -enable-testing -suppress-warnings -index-store-path /Users/anushka_sharma/Library/Developer/Xcode/DerivedData/FMS-cwjlkvbqxgbddsairyzxkfxaxriv/Index.noindex/DataStore -Xcc -D_LIBCPP_HARDENING_MODE\=_LIBCPP_HARDENING_MODE_DEBUG -swift-version 6 -I /Users/anushka_sharma/Library/Developer/Xcode/DerivedData/FMS-cwjlkvbqxgbddsairyzxkfxaxriv/Build/Products/Debug-iphonesimulator -Isystem /Applications/Xcode.app/Contents/Developer/Platforms/iPhoneSimulator.platform/Developer/usr/lib -F /Users/anushka_sharma/Library/Developer/Xcode/DerivedData/FMS-cwjlkvbqxgbddsairyzxkfxaxriv/Build/Products/Debug-iphonesimulator/PackageFrameworks -F /Users/anushka_sharma/Library/Developer/Xcode/DerivedData/FMS-cwjlkvbqxgbddsairyzxkfxaxriv/Build/Products/Debug-iphonesimulator -F /Applications/Xcode.app/Contents/Developer/Platforms/iPhoneSimulator.platform/Developer/Library/Frameworks -F /Applications/Xcode.app/Contents/Developer/Platforms/iPhoneSimulator.platform/Developer/SDKs/iPhoneSimulator26.2.sdk/Developer/Library/Frameworks -c -j10 -enable-batch-mode -incremental -Xcc -ivfsstatcache -Xcc /Users/anushka_sharma/Library/Developer/Xcode/DerivedData/SDKStatCaches.noindex/iphonesimulator26.2-23C53-7d00a8b37fbd7999ea79df8ebc024bf0.sdkstatcache -output-file-map /Users/anushka_sharma/Library/Developer/Xcode/DerivedData/FMS-cwjlkvbqxgbddsairyzxkfxaxriv/Build/Intermediates.noindex/xctest-dynamic-overlay.build/Debug-iphonesimulator/IssueReporting.build/Objects-normal/arm64/IssueReporting-OutputFileMap.json -use-frontend-parseable-output -save-temps -no-color-diagnostics -explicit-module-build -module-cache-path /Users/anushka_sharma/Library/Developer/Xcode/DerivedData/FMS-cwjlkvbqxgbddsairyzxkfxaxriv/Build/Intermediates.noindex/SwiftExplicitPrecompiledModules -clang-scanner-module-cache-path /Users/anushka_sharma/Library/Developer/Xcode/DerivedData/ModuleCache.noindex -sdk-module-cache-path /Users/anushka_sharma/Library/Developer/Xcode/DerivedData/ModuleCache.noindex -serialize-diagnostics -emit-dependencies -emit-module -emit-module-path /Users/anushka_sharma/Library/Developer/Xcode/DerivedData/FMS-cwjlkvbqxgbddsairyzxkfxaxriv/Build/Intermediates.noindex/xctest-dynamic-overlay.build/Debug-iphonesimulator/IssueReporting.build/Objects-normal/arm64/IssueReporting.swiftmodule -user-module-version 1.9.0 -validate-clang-modules-once -clang-build-session-file /Users/anushka_sharma/Library/Developer/Xcode/DerivedData/ModuleCache.noindex/Session.modulevalidation -package-name xctest_dynamic_overlay -Xcc -I/Users/anushka_sharma/Library/Developer/Xcode/DerivedData/FMS-cwjlkvbqxgbddsairyzxkfxaxriv/Build/Intermediates.noindex/xctest-dynamic-overlay.build/Debug-iphonesimulator/IssueReporting.build/swift-overrides.hmap -emit-const-values -Xfrontend -const-gather-protocols-file -Xfrontend /Users/anushka_sharma/Library/Developer/Xcode/DerivedData/FMS-cwjlkvbqxgbddsairyzxkfxaxriv/Build/Intermediates.noindex/xctest-dynamic-overlay.build/Debug-iphonesimulator/IssueReporting.build/Objects-normal/arm64/IssueReporting_const_extract_protocols.json -Xcc -I/Users/anushka_sharma/Library/Developer/Xcode/DerivedData/FMS-cwjlkvbqxgbddsairyzxkfxaxriv/Build/Products/Debug-iphonesimulator/include -Xcc -I/Users/anushka_sharma/Library/Developer/Xcode/DerivedData/FMS-cwjlkvbqxgbddsairyzxkfxaxriv/Build/Intermediates.noindex/xctest-dynamic-overlay.build/Debug-iphonesimulator/IssueReporting.build/DerivedSources-normal/arm64 -Xcc -I/Users/anushka_sharma/Library/Developer/Xcode/DerivedData/FMS-cwjlkvbqxgbddsairyzxkfxaxriv/Build/Intermediates.noindex/xctest-dynamic-overlay.build/Debug-iphonesimulator/IssueReporting.build/DerivedSources/arm64 -Xcc -I/Users/anushka_sharma/Library/Developer/Xcode/DerivedData/FMS-cwjlkvbqxgbddsairyzxkfxaxriv/Build/Intermediates.noindex/xctest-dynamic-overlay.build/Debug-iphonesimulator/IssueReporting.build/DerivedSources -Xcc -DSWIFT_PACKAGE -Xcc -DDEBUG\=1 -emit-objc-header -emit-objc-header-path /Users/anushka_sharma/Library/Developer/Xcode/DerivedData/FMS-cwjlkvbqxgbddsairyzxkfxaxriv/Build/Intermediates.noindex/xctest-dynamic-overlay.build/Debug-iphonesimulator/IssueReporting.build/Objects-normal/arm64/IssueReporting-Swift.h -working-directory /Users/anushka_sharma/Documents/FMS/FMS.xcodeproj -experimental-emit-module-separately -disable-cmo

SwiftDriver\ Compilation IssueReporting normal arm64 com.apple.xcode.tools.swift.compiler (in target 'IssueReporting' from project 'xctest-dynamic-overlay')
    cd /Users/anushka_sharma/Documents/FMS/FMS.xcodeproj
    builtin-Swift-Compilation -- /Applications/Xcode.app/Contents/Developer/Toolchains/XcodeDefault.xctoolchain/usr/bin/swiftc -module-name IssueReporting -Onone -enforce-exclusivity\=checked @/Users/anushka_sharma/Library/Developer/Xcode/DerivedData/FMS-cwjlkvbqxgbddsairyzxkfxaxriv/Build/Intermediates.noindex/xctest-dynamic-overlay.build/Debug-iphonesimulator/IssueReporting.build/Objects-normal/arm64/IssueReporting.SwiftFileList -DSWIFT_PACKAGE -DDEBUG -DSWIFT_MODULE_RESOURCE_BUNDLE_UNAVAILABLE -DXcode -plugin-path /Applications/Xcode.app/Contents/Developer/Toolchains/XcodeDefault.xctoolchain/usr/lib/swift/host/plugins/testing -enable-experimental-feature DebugDescriptionMacro -sdk /Applications/Xcode.app/Contents/Developer/Platforms/iPhoneSimulator.platform/Developer/SDKs/iPhoneSimulator26.2.sdk -target arm64-apple-ios13.0-simulator -g -module-cache-path /Users/anushka_sharma/Library/Developer/Xcode/DerivedData/ModuleCache.noindex -Xfrontend -serialize-debugging-options -enable-testing -suppress-warnings -index-store-path /Users/anushka_sharma/Library/Developer/Xcode/DerivedData/FMS-cwjlkvbqxgbddsairyzxkfxaxriv/Index.noindex/DataStore -Xcc -D_LIBCPP_HARDENING_MODE\=_LIBCPP_HARDENING_MODE_DEBUG -swift-version 6 -I /Users/anushka_sharma/Library/Developer/Xcode/DerivedData/FMS-cwjlkvbqxgbddsairyzxkfxaxriv/Build/Products/Debug-iphonesimulator -Isystem /Applications/Xcode.app/Contents/Developer/Platforms/iPhoneSimulator.platform/Developer/usr/lib -F /Users/anushka_sharma/Library/Developer/Xcode/DerivedData/FMS-cwjlkvbqxgbddsairyzxkfxaxriv/Build/Products/Debug-iphonesimulator/PackageFrameworks -F /Users/anushka_sharma/Library/Developer/Xcode/DerivedData/FMS-cwjlkvbqxgbddsairyzxkfxaxriv/Build/Products/Debug-iphonesimulator -F /Applications/Xcode.app/Contents/Developer/Platforms/iPhoneSimulator.platform/Developer/Library/Frameworks -F /Applications/Xcode.app/Contents/Developer/Platforms/iPhoneSimulator.platform/Developer/SDKs/iPhoneSimulator26.2.sdk/Developer/Library/Frameworks -c -j10 -enable-batch-mode -incremental -Xcc -ivfsstatcache -Xcc /Users/anushka_sharma/Library/Developer/Xcode/DerivedData/SDKStatCaches.noindex/iphonesimulator26.2-23C53-7d00a8b37fbd7999ea79df8ebc024bf0.sdkstatcache -output-file-map /Users/anushka_sharma/Library/Developer/Xcode/DerivedData/FMS-cwjlkvbqxgbddsairyzxkfxaxriv/Build/Intermediates.noindex/xctest-dynamic-overlay.build/Debug-iphonesimulator/IssueReporting.build/Objects-normal/arm64/IssueReporting-OutputFileMap.json -use-frontend-parseable-output -save-temps -no-color-diagnostics -explicit-module-build -module-cache-path /Users/anushka_sharma/Library/Developer/Xcode/DerivedData/FMS-cwjlkvbqxgbddsairyzxkfxaxriv/Build/Intermediates.noindex/SwiftExplicitPrecompiledModules -clang-scanner-module-cache-path /Users/anushka_sharma/Library/Developer/Xcode/DerivedData/ModuleCache.noindex -sdk-module-cache-path /Users/anushka_sharma/Library/Developer/Xcode/DerivedData/ModuleCache.noindex -serialize-diagnostics -emit-dependencies -emit-module -emit-module-path /Users/anushka_sharma/Library/Developer/Xcode/DerivedData/FMS-cwjlkvbqxgbddsairyzxkfxaxriv/Build/Intermediates.noindex/xctest-dynamic-overlay.build/Debug-iphonesimulator/IssueReporting.build/Objects-normal/arm64/IssueReporting.swiftmodule -user-module-version 1.9.0 -validate-clang-modules-once -clang-build-session-file /Users/anushka_sharma/Library/Developer/Xcode/DerivedData/ModuleCache.noindex/Session.modulevalidation -package-name xctest_dynamic_overlay -Xcc -I/Users/anushka_sharma/Library/Developer/Xcode/DerivedData/FMS-cwjlkvbqxgbddsairyzxkfxaxriv/Build/Intermediates.noindex/xctest-dynamic-overlay.build/Debug-iphonesimulator/IssueReporting.build/swift-overrides.hmap -emit-const-values -Xfrontend -const-gather-protocols-file -Xfrontend /Users/anushka_sharma/Library/Developer/Xcode/DerivedData/FMS-cwjlkvbqxgbddsairyzxkfxaxriv/Build/Intermediates.noindex/xctest-dynamic-overlay.build/Debug-iphonesimulator/IssueReporting.build/Objects-normal/arm64/IssueReporting_const_extract_protocols.json -Xcc -I/Users/anushka_sharma/Library/Developer/Xcode/DerivedData/FMS-cwjlkvbqxgbddsairyzxkfxaxriv/Build/Products/Debug-iphonesimulator/include -Xcc -I/Users/anushka_sharma/Library/Developer/Xcode/DerivedData/FMS-cwjlkvbqxgbddsairyzxkfxaxriv/Build/Intermediates.noindex/xctest-dynamic-overlay.build/Debug-iphonesimulator/IssueReporting.build/DerivedSources-normal/arm64 -Xcc -I/Users/anushka_sharma/Library/Developer/Xcode/DerivedData/FMS-cwjlkvbqxgbddsairyzxkfxaxriv/Build/Intermediates.noindex/xctest-dynamic-overlay.build/Debug-iphonesimulator/IssueReporting.build/DerivedSources/arm64 -Xcc -I/Users/anushka_sharma/Library/Developer/Xcode/DerivedData/FMS-cwjlkvbqxgbddsairyzxkfxaxriv/Build/Intermediates.noindex/xctest-dynamic-overlay.build/Debug-iphonesimulator/IssueReporting.build/DerivedSources -Xcc -DSWIFT_PACKAGE -Xcc -DDEBUG\=1 -emit-objc-header -emit-objc-header-path /Users/anushka_sharma/Library/Developer/Xcode/DerivedData/FMS-cwjlkvbqxgbddsairyzxkfxaxriv/Build/Intermediates.noindex/xctest-dynamic-overlay.build/Debug-iphonesimulator/IssueReporting.build/Objects-normal/arm64/IssueReporting-Swift.h -working-directory /Users/anushka_sharma/Documents/FMS/FMS.xcodeproj -experimental-emit-module-separately -disable-cmo

Copy /Users/anushka_sharma/Library/Developer/Xcode/DerivedData/FMS-cwjlkvbqxgbddsairyzxkfxaxriv/Build/Products/Debug-iphonesimulator/IssueReporting.swiftmodule/arm64-apple-ios-simulator.swiftmodule /Users/anushka_sharma/Library/Developer/Xcode/DerivedData/FMS-cwjlkvbqxgbddsairyzxkfxaxriv/Build/Intermediates.noindex/xctest-dynamic-overlay.build/Debug-iphonesimulator/IssueReporting.build/Objects-normal/arm64/IssueReporting.swiftmodule (in target 'IssueReporting' from project 'xctest-dynamic-overlay')
    cd /Users/anushka_sharma/Library/Developer/Xcode/DerivedData/FMS-cwjlkvbqxgbddsairyzxkfxaxriv/SourcePackages/checkouts/xctest-dynamic-overlay
    builtin-copy -exclude .DS_Store -exclude CVS -exclude .svn -exclude .git -exclude .hg -resolve-src-symlinks -rename /Users/anushka_sharma/Library/Developer/Xcode/DerivedData/FMS-cwjlkvbqxgbddsairyzxkfxaxriv/Build/Intermediates.noindex/xctest-dynamic-overlay.build/Debug-iphonesimulator/IssueReporting.build/Objects-normal/arm64/IssueReporting.swiftmodule /Users/anushka_sharma/Library/Developer/Xcode/DerivedData/FMS-cwjlkvbqxgbddsairyzxkfxaxriv/Build/Products/Debug-iphonesimulator/IssueReporting.swiftmodule/arm64-apple-ios-simulator.swiftmodule

Copy /Users/anushka_sharma/Library/Developer/Xcode/DerivedData/FMS-cwjlkvbqxgbddsairyzxkfxaxriv/Build/Products/Debug-iphonesimulator/IssueReporting.swiftmodule/arm64-apple-ios-simulator.swiftdoc /Users/anushka_sharma/Library/Developer/Xcode/DerivedData/FMS-cwjlkvbqxgbddsairyzxkfxaxriv/Build/Intermediates.noindex/xctest-dynamic-overlay.build/Debug-iphonesimulator/IssueReporting.build/Objects-normal/arm64/IssueReporting.swiftdoc (in target 'IssueReporting' from project 'xctest-dynamic-overlay')
    cd /Users/anushka_sharma/Library/Developer/Xcode/DerivedData/FMS-cwjlkvbqxgbddsairyzxkfxaxriv/SourcePackages/checkouts/xctest-dynamic-overlay
    builtin-copy -exclude .DS_Store -exclude CVS -exclude .svn -exclude .git -exclude .hg -resolve-src-symlinks -rename /Users/anushka_sharma/Library/Developer/Xcode/DerivedData/FMS-cwjlkvbqxgbddsairyzxkfxaxriv/Build/Intermediates.noindex/xctest-dynamic-overlay.build/Debug-iphonesimulator/IssueReporting.build/Objects-normal/arm64/IssueReporting.swiftdoc /Users/anushka_sharma/Library/Developer/Xcode/DerivedData/FMS-cwjlkvbqxgbddsairyzxkfxaxriv/Build/Products/Debug-iphonesimulator/IssueReporting.swiftmodule/arm64-apple-ios-simulator.swiftdoc

SwiftMergeGeneratedHeaders /Users/anushka_sharma/Library/Developer/Xcode/DerivedData/FMS-cwjlkvbqxgbddsairyzxkfxaxriv/Build/Intermediates.noindex/GeneratedModuleMaps-iphonesimulator/IssueReporting-Swift.h /Users/anushka_sharma/Library/Developer/Xcode/DerivedData/FMS-cwjlkvbqxgbddsairyzxkfxaxriv/Build/Intermediates.noindex/xctest-dynamic-overlay.build/Debug-iphonesimulator/IssueReporting.build/Objects-normal/arm64/IssueReporting-Swift.h /Users/anushka_sharma/Library/Developer/Xcode/DerivedData/FMS-cwjlkvbqxgbddsairyzxkfxaxriv/Build/Intermediates.noindex/xctest-dynamic-overlay.build/Debug-iphonesimulator/IssueReporting.build/Objects-normal/x86_64/IssueReporting-Swift.h (in target 'IssueReporting' from project 'xctest-dynamic-overlay')
    cd /Users/anushka_sharma/Library/Developer/Xcode/DerivedData/FMS-cwjlkvbqxgbddsairyzxkfxaxriv/SourcePackages/checkouts/xctest-dynamic-overlay
    builtin-swiftHeaderTool -arch arm64 /Users/anushka_sharma/Library/Developer/Xcode/DerivedData/FMS-cwjlkvbqxgbddsairyzxkfxaxriv/Build/Intermediates.noindex/xctest-dynamic-overlay.build/Debug-iphonesimulator/IssueReporting.build/Objects-normal/arm64/IssueReporting-Swift.h -arch x86_64 /Users/anushka_sharma/Library/Developer/Xcode/DerivedData/FMS-cwjlkvbqxgbddsairyzxkfxaxriv/Build/Intermediates.noindex/xctest-dynamic-overlay.build/Debug-iphonesimulator/IssueReporting.build/Objects-normal/x86_64/IssueReporting-Swift.h -o /Users/anushka_sharma/Library/Developer/Xcode/DerivedData/FMS-cwjlkvbqxgbddsairyzxkfxaxriv/Build/Intermediates.noindex/GeneratedModuleMaps-iphonesimulator/IssueReporting-Swift.h

Copy /Users/anushka_sharma/Library/Developer/Xcode/DerivedData/FMS-cwjlkvbqxgbddsairyzxkfxaxriv/Build/Products/Debug-iphonesimulator/IssueReporting.swiftmodule/arm64-apple-ios-simulator.abi.json /Users/anushka_sharma/Library/Developer/Xcode/DerivedData/FMS-cwjlkvbqxgbddsairyzxkfxaxriv/Build/Intermediates.noindex/xctest-dynamic-overlay.build/Debug-iphonesimulator/IssueReporting.build/Objects-normal/arm64/IssueReporting.abi.json (in target 'IssueReporting' from project 'xctest-dynamic-overlay')
    cd /Users/anushka_sharma/Library/Developer/Xcode/DerivedData/FMS-cwjlkvbqxgbddsairyzxkfxaxriv/SourcePackages/checkouts/xctest-dynamic-overlay
    builtin-copy -exclude .DS_Store -exclude CVS -exclude .svn -exclude .git -exclude .hg -resolve-src-symlinks -rename /Users/anushka_sharma/Library/Developer/Xcode/DerivedData/FMS-cwjlkvbqxgbddsairyzxkfxaxriv/Build/Intermediates.noindex/xctest-dynamic-overlay.build/Debug-iphonesimulator/IssueReporting.build/Objects-normal/arm64/IssueReporting.abi.json /Users/anushka_sharma/Library/Developer/Xcode/DerivedData/FMS-cwjlkvbqxgbddsairyzxkfxaxriv/Build/Products/Debug-iphonesimulator/IssueReporting.swiftmodule/arm64-apple-ios-simulator.abi.json

Copy /Users/anushka_sharma/Library/Developer/Xcode/DerivedData/FMS-cwjlkvbqxgbddsairyzxkfxaxriv/Build/Products/Debug-iphonesimulator/IssueReporting.swiftmodule/Project/arm64-apple-ios-simulator.swiftsourceinfo /Users/anushka_sharma/Library/Developer/Xcode/DerivedData/FMS-cwjlkvbqxgbddsairyzxkfxaxriv/Build/Intermediates.noindex/xctest-dynamic-overlay.build/Debug-iphonesimulator/IssueReporting.build/Objects-normal/arm64/IssueReporting.swiftsourceinfo (in target 'IssueReporting' from project 'xctest-dynamic-overlay')
    cd /Users/anushka_sharma/Library/Developer/Xcode/DerivedData/FMS-cwjlkvbqxgbddsairyzxkfxaxriv/SourcePackages/checkouts/xctest-dynamic-overlay
    builtin-copy -exclude .DS_Store -exclude CVS -exclude .svn -exclude .git -exclude .hg -resolve-src-symlinks -rename /Users/anushka_sharma/Library/Developer/Xcode/DerivedData/FMS-cwjlkvbqxgbddsairyzxkfxaxriv/Build/Intermediates.noindex/xctest-dynamic-overlay.build/Debug-iphonesimulator/IssueReporting.build/Objects-normal/arm64/IssueReporting.swiftsourceinfo /Users/anushka_sharma/Library/Developer/Xcode/DerivedData/FMS-cwjlkvbqxgbddsairyzxkfxaxriv/Build/Products/Debug-iphonesimulator/IssueReporting.swiftmodule/Project/arm64-apple-ios-simulator.swiftsourceinfo

SwiftDriver XCTestDynamicOverlay normal x86_64 com.apple.xcode.tools.swift.compiler (in target 'XCTestDynamicOverlay' from project 'xctest-dynamic-overlay')
    cd /Users/anushka_sharma/Documents/FMS/FMS.xcodeproj
    builtin-SwiftDriver -- /Applications/Xcode.app/Contents/Developer/Toolchains/XcodeDefault.xctoolchain/usr/bin/swiftc -module-name XCTestDynamicOverlay -Onone -enforce-exclusivity\=checked @/Users/anushka_sharma/Library/Developer/Xcode/DerivedData/FMS-cwjlkvbqxgbddsairyzxkfxaxriv/Build/Intermediates.noindex/xctest-dynamic-overlay.build/Debug-iphonesimulator/XCTestDynamicOverlay.build/Objects-normal/x86_64/XCTestDynamicOverlay.SwiftFileList -DSWIFT_PACKAGE -DDEBUG -DSWIFT_MODULE_RESOURCE_BUNDLE_UNAVAILABLE -DXcode -plugin-path /Applications/Xcode.app/Contents/Developer/Toolchains/XcodeDefault.xctoolchain/usr/lib/swift/host/plugins/testing -enable-experimental-feature DebugDescriptionMacro -sdk /Applications/Xcode.app/Contents/Developer/Platforms/iPhoneSimulator.platform/Developer/SDKs/iPhoneSimulator26.2.sdk -target x86_64-apple-ios13.0-simulator -g -module-cache-path /Users/anushka_sharma/Library/Developer/Xcode/DerivedData/ModuleCache.noindex -Xfrontend -serialize-debugging-options -enable-testing -suppress-warnings -index-store-path /Users/anushka_sharma/Library/Developer/Xcode/DerivedData/FMS-cwjlkvbqxgbddsairyzxkfxaxriv/Index.noindex/DataStore -Xcc -D_LIBCPP_HARDENING_MODE\=_LIBCPP_HARDENING_MODE_DEBUG -swift-version 6 -I /Users/anushka_sharma/Library/Developer/Xcode/DerivedData/FMS-cwjlkvbqxgbddsairyzxkfxaxriv/Build/Products/Debug-iphonesimulator -Isystem /Applications/Xcode.app/Contents/Developer/Platforms/iPhoneSimulator.platform/Developer/usr/lib -F /Users/anushka_sharma/Library/Developer/Xcode/DerivedData/FMS-cwjlkvbqxgbddsairyzxkfxaxriv/Build/Products/Debug-iphonesimulator/PackageFrameworks -F /Users/anushka_sharma/Library/Developer/Xcode/DerivedData/FMS-cwjlkvbqxgbddsairyzxkfxaxriv/Build/Products/Debug-iphonesimulator/PackageFrameworks -F /Users/anushka_sharma/Library/Developer/Xcode/DerivedData/FMS-cwjlkvbqxgbddsairyzxkfxaxriv/Build/Products/Debug-iphonesimulator -F /Applications/Xcode.app/Contents/Developer/Platforms/iPhoneSimulator.platform/Developer/Library/Frameworks -F /Applications/Xcode.app/Contents/Developer/Platforms/iPhoneSimulator.platform/Developer/SDKs/iPhoneSimulator26.2.sdk/Developer/Library/Frameworks -c -j10 -enable-batch-mode -incremental -Xcc -ivfsstatcache -Xcc /Users/anushka_sharma/Library/Developer/Xcode/DerivedData/SDKStatCaches.noindex/iphonesimulator26.2-23C53-7d00a8b37fbd7999ea79df8ebc024bf0.sdkstatcache -output-file-map /Users/anushka_sharma/Library/Developer/Xcode/DerivedData/FMS-cwjlkvbqxgbddsairyzxkfxaxriv/Build/Intermediates.noindex/xctest-dynamic-overlay.build/Debug-iphonesimulator/XCTestDynamicOverlay.build/Objects-normal/x86_64/XCTestDynamicOverlay-OutputFileMap.json -use-frontend-parseable-output -save-temps -no-color-diagnostics -explicit-module-build -module-cache-path /Users/anushka_sharma/Library/Developer/Xcode/DerivedData/FMS-cwjlkvbqxgbddsairyzxkfxaxriv/Build/Intermediates.noindex/SwiftExplicitPrecompiledModules -clang-scanner-module-cache-path /Users/anushka_sharma/Library/Developer/Xcode/DerivedData/ModuleCache.noindex -sdk-module-cache-path /Users/anushka_sharma/Library/Developer/Xcode/DerivedData/ModuleCache.noindex -serialize-diagnostics -emit-dependencies -emit-module -emit-module-path /Users/anushka_sharma/Library/Developer/Xcode/DerivedData/FMS-cwjlkvbqxgbddsairyzxkfxaxriv/Build/Intermediates.noindex/xctest-dynamic-overlay.build/Debug-iphonesimulator/XCTestDynamicOverlay.build/Objects-normal/x86_64/XCTestDynamicOverlay.swiftmodule -user-module-version 1.9.0 -validate-clang-modules-once -clang-build-session-file /Users/anushka_sharma/Library/Developer/Xcode/DerivedData/ModuleCache.noindex/Session.modulevalidation -package-name xctest_dynamic_overlay -Xcc -I/Users/anushka_sharma/Library/Developer/Xcode/DerivedData/FMS-cwjlkvbqxgbddsairyzxkfxaxriv/Build/Intermediates.noindex/xctest-dynamic-overlay.build/Debug-iphonesimulator/XCTestDynamicOverlay.build/swift-overrides.hmap -emit-const-values -Xfrontend -const-gather-protocols-file -Xfrontend /Users/anushka_sharma/Library/Developer/Xcode/DerivedData/FMS-cwjlkvbqxgbddsairyzxkfxaxriv/Build/Intermediates.noindex/xctest-dynamic-overlay.build/Debug-iphonesimulator/XCTestDynamicOverlay.build/Objects-normal/x86_64/XCTestDynamicOverlay_const_extract_protocols.json -Xcc -I/Users/anushka_sharma/Library/Developer/Xcode/DerivedData/FMS-cwjlkvbqxgbddsairyzxkfxaxriv/Build/Products/Debug-iphonesimulator/include -Xcc -I/Users/anushka_sharma/Library/Developer/Xcode/DerivedData/FMS-cwjlkvbqxgbddsairyzxkfxaxriv/Build/Intermediates.noindex/xctest-dynamic-overlay.build/Debug-iphonesimulator/XCTestDynamicOverlay.build/DerivedSources-normal/x86_64 -Xcc -I/Users/anushka_sharma/Library/Developer/Xcode/DerivedData/FMS-cwjlkvbqxgbddsairyzxkfxaxriv/Build/Intermediates.noindex/xctest-dynamic-overlay.build/Debug-iphonesimulator/XCTestDynamicOverlay.build/DerivedSources/x86_64 -Xcc -I/Users/anushka_sharma/Library/Developer/Xcode/DerivedData/FMS-cwjlkvbqxgbddsairyzxkfxaxriv/Build/Intermediates.noindex/xctest-dynamic-overlay.build/Debug-iphonesimulator/XCTestDynamicOverlay.build/DerivedSources -Xcc -DSWIFT_PACKAGE -Xcc -DDEBUG\=1 -emit-objc-header -emit-objc-header-path /Users/anushka_sharma/Library/Developer/Xcode/DerivedData/FMS-cwjlkvbqxgbddsairyzxkfxaxriv/Build/Intermediates.noindex/xctest-dynamic-overlay.build/Debug-iphonesimulator/XCTestDynamicOverlay.build/Objects-normal/x86_64/XCTestDynamicOverlay-Swift.h -working-directory /Users/anushka_sharma/Documents/FMS/FMS.xcodeproj -experimental-emit-module-separately -disable-cmo

SwiftDriver XCTestDynamicOverlay normal arm64 com.apple.xcode.tools.swift.compiler (in target 'XCTestDynamicOverlay' from project 'xctest-dynamic-overlay')
    cd /Users/anushka_sharma/Documents/FMS/FMS.xcodeproj
    builtin-SwiftDriver -- /Applications/Xcode.app/Contents/Developer/Toolchains/XcodeDefault.xctoolchain/usr/bin/swiftc -module-name XCTestDynamicOverlay -Onone -enforce-exclusivity\=checked @/Users/anushka_sharma/Library/Developer/Xcode/DerivedData/FMS-cwjlkvbqxgbddsairyzxkfxaxriv/Build/Intermediates.noindex/xctest-dynamic-overlay.build/Debug-iphonesimulator/XCTestDynamicOverlay.build/Objects-normal/arm64/XCTestDynamicOverlay.SwiftFileList -DSWIFT_PACKAGE -DDEBUG -DSWIFT_MODULE_RESOURCE_BUNDLE_UNAVAILABLE -DXcode -plugin-path /Applications/Xcode.app/Contents/Developer/Toolchains/XcodeDefault.xctoolchain/usr/lib/swift/host/plugins/testing -enable-experimental-feature DebugDescriptionMacro -sdk /Applications/Xcode.app/Contents/Developer/Platforms/iPhoneSimulator.platform/Developer/SDKs/iPhoneSimulator26.2.sdk -target arm64-apple-ios13.0-simulator -g -module-cache-path /Users/anushka_sharma/Library/Developer/Xcode/DerivedData/ModuleCache.noindex -Xfrontend -serialize-debugging-options -enable-testing -suppress-warnings -index-store-path /Users/anushka_sharma/Library/Developer/Xcode/DerivedData/FMS-cwjlkvbqxgbddsairyzxkfxaxriv/Index.noindex/DataStore -Xcc -D_LIBCPP_HARDENING_MODE\=_LIBCPP_HARDENING_MODE_DEBUG -swift-version 6 -I /Users/anushka_sharma/Library/Developer/Xcode/DerivedData/FMS-cwjlkvbqxgbddsairyzxkfxaxriv/Build/Products/Debug-iphonesimulator -Isystem /Applications/Xcode.app/Contents/Developer/Platforms/iPhoneSimulator.platform/Developer/usr/lib -F /Users/anushka_sharma/Library/Developer/Xcode/DerivedData/FMS-cwjlkvbqxgbddsairyzxkfxaxriv/Build/Products/Debug-iphonesimulator/PackageFrameworks -F /Users/anushka_sharma/Library/Developer/Xcode/DerivedData/FMS-cwjlkvbqxgbddsairyzxkfxaxriv/Build/Products/Debug-iphonesimulator/PackageFrameworks -F /Users/anushka_sharma/Library/Developer/Xcode/DerivedData/FMS-cwjlkvbqxgbddsairyzxkfxaxriv/Build/Products/Debug-iphonesimulator -F /Applications/Xcode.app/Contents/Developer/Platforms/iPhoneSimulator.platform/Developer/Library/Frameworks -F /Applications/Xcode.app/Contents/Developer/Platforms/iPhoneSimulator.platform/Developer/SDKs/iPhoneSimulator26.2.sdk/Developer/Library/Frameworks -c -j10 -enable-batch-mode -incremental -Xcc -ivfsstatcache -Xcc /Users/anushka_sharma/Library/Developer/Xcode/DerivedData/SDKStatCaches.noindex/iphonesimulator26.2-23C53-7d00a8b37fbd7999ea79df8ebc024bf0.sdkstatcache -output-file-map /Users/anushka_sharma/Library/Developer/Xcode/DerivedData/FMS-cwjlkvbqxgbddsairyzxkfxaxriv/Build/Intermediates.noindex/xctest-dynamic-overlay.build/Debug-iphonesimulator/XCTestDynamicOverlay.build/Objects-normal/arm64/XCTestDynamicOverlay-OutputFileMap.json -use-frontend-parseable-output -save-temps -no-color-diagnostics -explicit-module-build -module-cache-path /Users/anushka_sharma/Library/Developer/Xcode/DerivedData/FMS-cwjlkvbqxgbddsairyzxkfxaxriv/Build/Intermediates.noindex/SwiftExplicitPrecompiledModules -clang-scanner-module-cache-path /Users/anushka_sharma/Library/Developer/Xcode/DerivedData/ModuleCache.noindex -sdk-module-cache-path /Users/anushka_sharma/Library/Developer/Xcode/DerivedData/ModuleCache.noindex -serialize-diagnostics -emit-dependencies -emit-module -emit-module-path /Users/anushka_sharma/Library/Developer/Xcode/DerivedData/FMS-cwjlkvbqxgbddsairyzxkfxaxriv/Build/Intermediates.noindex/xctest-dynamic-overlay.build/Debug-iphonesimulator/XCTestDynamicOverlay.build/Objects-normal/arm64/XCTestDynamicOverlay.swiftmodule -user-module-version 1.9.0 -validate-clang-modules-once -clang-build-session-file /Users/anushka_sharma/Library/Developer/Xcode/DerivedData/ModuleCache.noindex/Session.modulevalidation -package-name xctest_dynamic_overlay -Xcc -I/Users/anushka_sharma/Library/Developer/Xcode/DerivedData/FMS-cwjlkvbqxgbddsairyzxkfxaxriv/Build/Intermediates.noindex/xctest-dynamic-overlay.build/Debug-iphonesimulator/XCTestDynamicOverlay.build/swift-overrides.hmap -emit-const-values -Xfrontend -const-gather-protocols-file -Xfrontend /Users/anushka_sharma/Library/Developer/Xcode/DerivedData/FMS-cwjlkvbqxgbddsairyzxkfxaxriv/Build/Intermediates.noindex/xctest-dynamic-overlay.build/Debug-iphonesimulator/XCTestDynamicOverlay.build/Objects-normal/arm64/XCTestDynamicOverlay_const_extract_protocols.json -Xcc -I/Users/anushka_sharma/Library/Developer/Xcode/DerivedData/FMS-cwjlkvbqxgbddsairyzxkfxaxriv/Build/Products/Debug-iphonesimulator/include -Xcc -I/Users/anushka_sharma/Library/Developer/Xcode/DerivedData/FMS-cwjlkvbqxgbddsairyzxkfxaxriv/Build/Intermediates.noindex/xctest-dynamic-overlay.build/Debug-iphonesimulator/XCTestDynamicOverlay.build/DerivedSources-normal/arm64 -Xcc -I/Users/anushka_sharma/Library/Developer/Xcode/DerivedData/FMS-cwjlkvbqxgbddsairyzxkfxaxriv/Build/Intermediates.noindex/xctest-dynamic-overlay.build/Debug-iphonesimulator/XCTestDynamicOverlay.build/DerivedSources/arm64 -Xcc -I/Users/anushka_sharma/Library/Developer/Xcode/DerivedData/FMS-cwjlkvbqxgbddsairyzxkfxaxriv/Build/Intermediates.noindex/xctest-dynamic-overlay.build/Debug-iphonesimulator/XCTestDynamicOverlay.build/DerivedSources -Xcc -DSWIFT_PACKAGE -Xcc -DDEBUG\=1 -emit-objc-header -emit-objc-header-path /Users/anushka_sharma/Library/Developer/Xcode/DerivedData/FMS-cwjlkvbqxgbddsairyzxkfxaxriv/Build/Intermediates.noindex/xctest-dynamic-overlay.build/Debug-iphonesimulator/XCTestDynamicOverlay.build/Objects-normal/arm64/XCTestDynamicOverlay-Swift.h -working-directory /Users/anushka_sharma/Documents/FMS/FMS.xcodeproj -experimental-emit-module-separately -disable-cmo

SwiftDriver Clocks normal arm64 com.apple.xcode.tools.swift.compiler (in target 'Clocks' from project 'swift-clocks')
    cd /Users/anushka_sharma/Documents/FMS/FMS.xcodeproj
    builtin-SwiftDriver -- /Applications/Xcode.app/Contents/Developer/Toolchains/XcodeDefault.xctoolchain/usr/bin/swiftc -module-name Clocks -Onone -enforce-exclusivity\=checked @/Users/anushka_sharma/Library/Developer/Xcode/DerivedData/FMS-cwjlkvbqxgbddsairyzxkfxaxriv/Build/Intermediates.noindex/swift-clocks.build/Debug-iphonesimulator/Clocks.build/Objects-normal/arm64/Clocks.SwiftFileList -DSWIFT_PACKAGE -DDEBUG -DSWIFT_MODULE_RESOURCE_BUNDLE_UNAVAILABLE -DXcode -plugin-path /Applications/Xcode.app/Contents/Developer/Toolchains/XcodeDefault.xctoolchain/usr/lib/swift/host/plugins/testing -enable-experimental-feature DebugDescriptionMacro -sdk /Applications/Xcode.app/Contents/Developer/Platforms/iPhoneSimulator.platform/Developer/SDKs/iPhoneSimulator26.2.sdk -target arm64-apple-ios13.0-simulator -g -module-cache-path /Users/anushka_sharma/Library/Developer/Xcode/DerivedData/ModuleCache.noindex -Xfrontend -serialize-debugging-options -enable-testing -suppress-warnings -index-store-path /Users/anushka_sharma/Library/Developer/Xcode/DerivedData/FMS-cwjlkvbqxgbddsairyzxkfxaxriv/Index.noindex/DataStore -Xcc -D_LIBCPP_HARDENING_MODE\=_LIBCPP_HARDENING_MODE_DEBUG -swift-version 6 -I /Users/anushka_sharma/Library/Developer/Xcode/DerivedData/FMS-cwjlkvbqxgbddsairyzxkfxaxriv/Build/Products/Debug-iphonesimulator -Isystem /Applications/Xcode.app/Contents/Developer/Platforms/iPhoneSimulator.platform/Developer/usr/lib -F /Users/anushka_sharma/Library/Developer/Xcode/DerivedData/FMS-cwjlkvbqxgbddsairyzxkfxaxriv/Build/Products/Debug-iphonesimulator/PackageFrameworks -F /Users/anushka_sharma/Library/Developer/Xcode/DerivedData/FMS-cwjlkvbqxgbddsairyzxkfxaxriv/Build/Products/Debug-iphonesimulator/PackageFrameworks -F /Users/anushka_sharma/Library/Developer/Xcode/DerivedData/FMS-cwjlkvbqxgbddsairyzxkfxaxriv/Build/Products/Debug-iphonesimulator/PackageFrameworks -F /Users/anushka_sharma/Library/Developer/Xcode/DerivedData/FMS-cwjlkvbqxgbddsairyzxkfxaxriv/Build/Products/Debug-iphonesimulator -F /Applications/Xcode.app/Contents/Developer/Platforms/iPhoneSimulator.platform/Developer/Library/Frameworks -F /Applications/Xcode.app/Contents/Developer/Platforms/iPhoneSimulator.platform/Developer/SDKs/iPhoneSimulator26.2.sdk/Developer/Library/Frameworks -c -j10 -enable-batch-mode -incremental -Xcc -ivfsstatcache -Xcc /Users/anushka_sharma/Library/Developer/Xcode/DerivedData/SDKStatCaches.noindex/iphonesimulator26.2-23C53-7d00a8b37fbd7999ea79df8ebc024bf0.sdkstatcache -output-file-map /Users/anushka_sharma/Library/Developer/Xcode/DerivedData/FMS-cwjlkvbqxgbddsairyzxkfxaxriv/Build/Intermediates.noindex/swift-clocks.build/Debug-iphonesimulator/Clocks.build/Objects-normal/arm64/Clocks-OutputFileMap.json -use-frontend-parseable-output -save-temps -no-color-diagnostics -explicit-module-build -module-cache-path /Users/anushka_sharma/Library/Developer/Xcode/DerivedData/FMS-cwjlkvbqxgbddsairyzxkfxaxriv/Build/Intermediates.noindex/SwiftExplicitPrecompiledModules -clang-scanner-module-cache-path /Users/anushka_sharma/Library/Developer/Xcode/DerivedData/ModuleCache.noindex -sdk-module-cache-path /Users/anushka_sharma/Library/Developer/Xcode/DerivedData/ModuleCache.noindex -serialize-diagnostics -emit-dependencies -emit-module -emit-module-path /Users/anushka_sharma/Library/Developer/Xcode/DerivedData/FMS-cwjlkvbqxgbddsairyzxkfxaxriv/Build/Intermediates.noindex/swift-clocks.build/Debug-iphonesimulator/Clocks.build/Objects-normal/arm64/Clocks.swiftmodule -user-module-version 1.0.6 -validate-clang-modules-once -clang-build-session-file /Users/anushka_sharma/Library/Developer/Xcode/DerivedData/ModuleCache.noindex/Session.modulevalidation -package-name swift_clocks -Xcc -I/Users/anushka_sharma/Library/Developer/Xcode/DerivedData/FMS-cwjlkvbqxgbddsairyzxkfxaxriv/Build/Intermediates.noindex/swift-clocks.build/Debug-iphonesimulator/Clocks.build/swift-overrides.hmap -emit-const-values -Xfrontend -const-gather-protocols-file -Xfrontend /Users/anushka_sharma/Library/Developer/Xcode/DerivedData/FMS-cwjlkvbqxgbddsairyzxkfxaxriv/Build/Intermediates.noindex/swift-clocks.build/Debug-iphonesimulator/Clocks.build/Objects-normal/arm64/Clocks_const_extract_protocols.json -Xcc -I/Users/anushka_sharma/Library/Developer/Xcode/DerivedData/FMS-cwjlkvbqxgbddsairyzxkfxaxriv/Build/Products/Debug-iphonesimulator/include -Xcc -I/Users/anushka_sharma/Library/Developer/Xcode/DerivedData/FMS-cwjlkvbqxgbddsairyzxkfxaxriv/Build/Intermediates.noindex/swift-clocks.build/Debug-iphonesimulator/Clocks.build/DerivedSources-normal/arm64 -Xcc -I/Users/anushka_sharma/Library/Developer/Xcode/DerivedData/FMS-cwjlkvbqxgbddsairyzxkfxaxriv/Build/Intermediates.noindex/swift-clocks.build/Debug-iphonesimulator/Clocks.build/DerivedSources/arm64 -Xcc -I/Users/anushka_sharma/Library/Developer/Xcode/DerivedData/FMS-cwjlkvbqxgbddsairyzxkfxaxriv/Build/Intermediates.noindex/swift-clocks.build/Debug-iphonesimulator/Clocks.build/DerivedSources -Xcc -DSWIFT_PACKAGE -Xcc -DDEBUG\=1 -emit-objc-header -emit-objc-header-path /Users/anushka_sharma/Library/Developer/Xcode/DerivedData/FMS-cwjlkvbqxgbddsairyzxkfxaxriv/Build/Intermediates.noindex/swift-clocks.build/Debug-iphonesimulator/Clocks.build/Objects-normal/arm64/Clocks-Swift.h -working-directory /Users/anushka_sharma/Documents/FMS/FMS.xcodeproj -experimental-emit-module-separately -disable-cmo

SwiftDriver Clocks normal x86_64 com.apple.xcode.tools.swift.compiler (in target 'Clocks' from project 'swift-clocks')
    cd /Users/anushka_sharma/Documents/FMS/FMS.xcodeproj
    builtin-SwiftDriver -- /Applications/Xcode.app/Contents/Developer/Toolchains/XcodeDefault.xctoolchain/usr/bin/swiftc -module-name Clocks -Onone -enforce-exclusivity\=checked @/Users/anushka_sharma/Library/Developer/Xcode/DerivedData/FMS-cwjlkvbqxgbddsairyzxkfxaxriv/Build/Intermediates.noindex/swift-clocks.build/Debug-iphonesimulator/Clocks.build/Objects-normal/x86_64/Clocks.SwiftFileList -DSWIFT_PACKAGE -DDEBUG -DSWIFT_MODULE_RESOURCE_BUNDLE_UNAVAILABLE -DXcode -plugin-path /Applications/Xcode.app/Contents/Developer/Toolchains/XcodeDefault.xctoolchain/usr/lib/swift/host/plugins/testing -enable-experimental-feature DebugDescriptionMacro -sdk /Applications/Xcode.app/Contents/Developer/Platforms/iPhoneSimulator.platform/Developer/SDKs/iPhoneSimulator26.2.sdk -target x86_64-apple-ios13.0-simulator -g -module-cache-path /Users/anushka_sharma/Library/Developer/Xcode/DerivedData/ModuleCache.noindex -Xfrontend -serialize-debugging-options -enable-testing -suppress-warnings -index-store-path /Users/anushka_sharma/Library/Developer/Xcode/DerivedData/FMS-cwjlkvbqxgbddsairyzxkfxaxriv/Index.noindex/DataStore -Xcc -D_LIBCPP_HARDENING_MODE\=_LIBCPP_HARDENING_MODE_DEBUG -swift-version 6 -I /Users/anushka_sharma/Library/Developer/Xcode/DerivedData/FMS-cwjlkvbqxgbddsairyzxkfxaxriv/Build/Products/Debug-iphonesimulator -Isystem /Applications/Xcode.app/Contents/Developer/Platforms/iPhoneSimulator.platform/Developer/usr/lib -F /Users/anushka_sharma/Library/Developer/Xcode/DerivedData/FMS-cwjlkvbqxgbddsairyzxkfxaxriv/Build/Products/Debug-iphonesimulator/PackageFrameworks -F /Users/anushka_sharma/Library/Developer/Xcode/DerivedData/FMS-cwjlkvbqxgbddsairyzxkfxaxriv/Build/Products/Debug-iphonesimulator/PackageFrameworks -F /Users/anushka_sharma/Library/Developer/Xcode/DerivedData/FMS-cwjlkvbqxgbddsairyzxkfxaxriv/Build/Products/Debug-iphonesimulator/PackageFrameworks -F /Users/anushka_sharma/Library/Developer/Xcode/DerivedData/FMS-cwjlkvbqxgbddsairyzxkfxaxriv/Build/Products/Debug-iphonesimulator -F /Applications/Xcode.app/Contents/Developer/Platforms/iPhoneSimulator.platform/Developer/Library/Frameworks -F /Applications/Xcode.app/Contents/Developer/Platforms/iPhoneSimulator.platform/Developer/SDKs/iPhoneSimulator26.2.sdk/Developer/Library/Frameworks -c -j10 -enable-batch-mode -incremental -Xcc -ivfsstatcache -Xcc /Users/anushka_sharma/Library/Developer/Xcode/DerivedData/SDKStatCaches.noindex/iphonesimulator26.2-23C53-7d00a8b37fbd7999ea79df8ebc024bf0.sdkstatcache -output-file-map /Users/anushka_sharma/Library/Developer/Xcode/DerivedData/FMS-cwjlkvbqxgbddsairyzxkfxaxriv/Build/Intermediates.noindex/swift-clocks.build/Debug-iphonesimulator/Clocks.build/Objects-normal/x86_64/Clocks-OutputFileMap.json -use-frontend-parseable-output -save-temps -no-color-diagnostics -explicit-module-build -module-cache-path /Users/anushka_sharma/Library/Developer/Xcode/DerivedData/FMS-cwjlkvbqxgbddsairyzxkfxaxriv/Build/Intermediates.noindex/SwiftExplicitPrecompiledModules -clang-scanner-module-cache-path /Users/anushka_sharma/Library/Developer/Xcode/DerivedData/ModuleCache.noindex -sdk-module-cache-path /Users/anushka_sharma/Library/Developer/Xcode/DerivedData/ModuleCache.noindex -serialize-diagnostics -emit-dependencies -emit-module -emit-module-path /Users/anushka_sharma/Library/Developer/Xcode/DerivedData/FMS-cwjlkvbqxgbddsairyzxkfxaxriv/Build/Intermediates.noindex/swift-clocks.build/Debug-iphonesimulator/Clocks.build/Objects-normal/x86_64/Clocks.swiftmodule -user-module-version 1.0.6 -validate-clang-modules-once -clang-build-session-file /Users/anushka_sharma/Library/Developer/Xcode/DerivedData/ModuleCache.noindex/Session.modulevalidation -package-name swift_clocks -Xcc -I/Users/anushka_sharma/Library/Developer/Xcode/DerivedData/FMS-cwjlkvbqxgbddsairyzxkfxaxriv/Build/Intermediates.noindex/swift-clocks.build/Debug-iphonesimulator/Clocks.build/swift-overrides.hmap -emit-const-values -Xfrontend -const-gather-protocols-file -Xfrontend /Users/anushka_sharma/Library/Developer/Xcode/DerivedData/FMS-cwjlkvbqxgbddsairyzxkfxaxriv/Build/Intermediates.noindex/swift-clocks.build/Debug-iphonesimulator/Clocks.build/Objects-normal/x86_64/Clocks_const_extract_protocols.json -Xcc -I/Users/anushka_sharma/Library/Developer/Xcode/DerivedData/FMS-cwjlkvbqxgbddsairyzxkfxaxriv/Build/Products/Debug-iphonesimulator/include -Xcc -I/Users/anushka_sharma/Library/Developer/Xcode/DerivedData/FMS-cwjlkvbqxgbddsairyzxkfxaxriv/Build/Intermediates.noindex/swift-clocks.build/Debug-iphonesimulator/Clocks.build/DerivedSources-normal/x86_64 -Xcc -I/Users/anushka_sharma/Library/Developer/Xcode/DerivedData/FMS-cwjlkvbqxgbddsairyzxkfxaxriv/Build/Intermediates.noindex/swift-clocks.build/Debug-iphonesimulator/Clocks.build/DerivedSources/x86_64 -Xcc -I/Users/anushka_sharma/Library/Developer/Xcode/DerivedData/FMS-cwjlkvbqxgbddsairyzxkfxaxriv/Build/Intermediates.noindex/swift-clocks.build/Debug-iphonesimulator/Clocks.build/DerivedSources -Xcc -DSWIFT_PACKAGE -Xcc -DDEBUG\=1 -emit-objc-header -emit-objc-header-path /Users/anushka_sharma/Library/Developer/Xcode/DerivedData/FMS-cwjlkvbqxgbddsairyzxkfxaxriv/Build/Intermediates.noindex/swift-clocks.build/Debug-iphonesimulator/Clocks.build/Objects-normal/x86_64/Clocks-Swift.h -working-directory /Users/anushka_sharma/Documents/FMS/FMS.xcodeproj -experimental-emit-module-separately -disable-cmo

Ld /Users/anushka_sharma/Library/Developer/Xcode/DerivedData/FMS-cwjlkvbqxgbddsairyzxkfxaxriv/Build/Intermediates.noindex/xctest-dynamic-overlay.build/Debug-iphonesimulator/IssueReporting.build/Objects-normal/arm64/Binary/IssueReporting.o normal arm64 (in target 'IssueReporting' from project 'xctest-dynamic-overlay')
    cd /Users/anushka_sharma/Library/Developer/Xcode/DerivedData/FMS-cwjlkvbqxgbddsairyzxkfxaxriv/SourcePackages/checkouts/xctest-dynamic-overlay
    /Applications/Xcode.app/Contents/Developer/Toolchains/XcodeDefault.xctoolchain/usr/bin/clang -Xlinker -reproducible -target arm64-apple-ios13.0-simulator -r -isysroot /Applications/Xcode.app/Contents/Developer/Platforms/iPhoneSimulator.platform/Developer/SDKs/iPhoneSimulator26.2.sdk -O0 -w -L/Users/anushka_sharma/Library/Developer/Xcode/DerivedData/FMS-cwjlkvbqxgbddsairyzxkfxaxriv/Build/Intermediates.noindex/EagerLinkingTBDs/Debug-iphonesimulator -L/Users/anushka_sharma/Library/Developer/Xcode/DerivedData/FMS-cwjlkvbqxgbddsairyzxkfxaxriv/Build/Products/Debug-iphonesimulator -L/Applications/Xcode.app/Contents/Developer/Platforms/iPhoneSimulator.platform/Developer/usr/lib -F/Users/anushka_sharma/Library/Developer/Xcode/DerivedData/FMS-cwjlkvbqxgbddsairyzxkfxaxriv/Build/Intermediates.noindex/EagerLinkingTBDs/Debug-iphonesimulator -F/Users/anushka_sharma/Library/Developer/Xcode/DerivedData/FMS-cwjlkvbqxgbddsairyzxkfxaxriv/Build/Products/Debug-iphonesimulator/PackageFrameworks -F/Users/anushka_sharma/Library/Developer/Xcode/DerivedData/FMS-cwjlkvbqxgbddsairyzxkfxaxriv/Build/Products/Debug-iphonesimulator -iframework /Applications/Xcode.app/Contents/Developer/Platforms/iPhoneSimulator.platform/Developer/Library/Frameworks -iframework /Applications/Xcode.app/Contents/Developer/Platforms/iPhoneSimulator.platform/Developer/SDKs/iPhoneSimulator26.2.sdk/Developer/Library/Frameworks -filelist /Users/anushka_sharma/Library/Developer/Xcode/DerivedData/FMS-cwjlkvbqxgbddsairyzxkfxaxriv/Build/Intermediates.noindex/xctest-dynamic-overlay.build/Debug-iphonesimulator/IssueReporting.build/Objects-normal/arm64/IssueReporting.LinkFileList -nostdlib -Xlinker -object_path_lto -Xlinker /Users/anushka_sharma/Library/Developer/Xcode/DerivedData/FMS-cwjlkvbqxgbddsairyzxkfxaxriv/Build/Intermediates.noindex/xctest-dynamic-overlay.build/Debug-iphonesimulator/IssueReporting.build/Objects-normal/arm64/IssueReporting_lto.o -rdynamic -Xlinker -no_deduplicate -Xlinker -objc_abi_version -Xlinker 2 -Xlinker -dependency_info -Xlinker /Users/anushka_sharma/Library/Developer/Xcode/DerivedData/FMS-cwjlkvbqxgbddsairyzxkfxaxriv/Build/Intermediates.noindex/xctest-dynamic-overlay.build/Debug-iphonesimulator/IssueReporting.build/Objects-normal/arm64/IssueReporting_dependency_info.dat -fobjc-link-runtime -L/Applications/Xcode.app/Contents/Developer/Toolchains/XcodeDefault.xctoolchain/usr/lib/swift/iphonesimulator -L/usr/lib/swift -Xlinker -add_ast_path -Xlinker /Users/anushka_sharma/Library/Developer/Xcode/DerivedData/FMS-cwjlkvbqxgbddsairyzxkfxaxriv/Build/Intermediates.noindex/xctest-dynamic-overlay.build/Debug-iphonesimulator/IssueReporting.build/Objects-normal/arm64/IssueReporting.swiftmodule @/Users/anushka_sharma/Library/Developer/Xcode/DerivedData/FMS-cwjlkvbqxgbddsairyzxkfxaxriv/Build/Intermediates.noindex/xctest-dynamic-overlay.build/Debug-iphonesimulator/IssueReporting.build/Objects-normal/arm64/IssueReporting-linker-args.resp -o /Users/anushka_sharma/Library/Developer/Xcode/DerivedData/FMS-cwjlkvbqxgbddsairyzxkfxaxriv/Build/Intermediates.noindex/xctest-dynamic-overlay.build/Debug-iphonesimulator/IssueReporting.build/Objects-normal/arm64/Binary/IssueReporting.o

CreateUniversalBinary /Users/anushka_sharma/Library/Developer/Xcode/DerivedData/FMS-cwjlkvbqxgbddsairyzxkfxaxriv/Build/Products/Debug-iphonesimulator/IssueReporting.o normal arm64\ x86_64 (in target 'IssueReporting' from project 'xctest-dynamic-overlay')
    cd /Users/anushka_sharma/Library/Developer/Xcode/DerivedData/FMS-cwjlkvbqxgbddsairyzxkfxaxriv/SourcePackages/checkouts/xctest-dynamic-overlay
    /Applications/Xcode.app/Contents/Developer/Toolchains/XcodeDefault.xctoolchain/usr/bin/lipo -create /Users/anushka_sharma/Library/Developer/Xcode/DerivedData/FMS-cwjlkvbqxgbddsairyzxkfxaxriv/Build/Intermediates.noindex/xctest-dynamic-overlay.build/Debug-iphonesimulator/IssueReporting.build/Objects-normal/arm64/Binary/IssueReporting.o /Users/anushka_sharma/Library/Developer/Xcode/DerivedData/FMS-cwjlkvbqxgbddsairyzxkfxaxriv/Build/Intermediates.noindex/xctest-dynamic-overlay.build/Debug-iphonesimulator/IssueReporting.build/Objects-normal/x86_64/Binary/IssueReporting.o -output /Users/anushka_sharma/Library/Developer/Xcode/DerivedData/FMS-cwjlkvbqxgbddsairyzxkfxaxriv/Build/Products/Debug-iphonesimulator/IssueReporting.o

ExtractAppIntentsMetadata (in target 'IssueReporting' from project 'xctest-dynamic-overlay')
    cd /Users/anushka_sharma/Library/Developer/Xcode/DerivedData/FMS-cwjlkvbqxgbddsairyzxkfxaxriv/SourcePackages/checkouts/xctest-dynamic-overlay
    /Applications/Xcode.app/Contents/Developer/Toolchains/XcodeDefault.xctoolchain/usr/bin/appintentsmetadataprocessor --toolchain-dir /Applications/Xcode.app/Contents/Developer/Toolchains/XcodeDefault.xctoolchain --module-name IssueReporting --sdk-root /Applications/Xcode.app/Contents/Developer/Platforms/iPhoneSimulator.platform/Developer/SDKs/iPhoneSimulator26.2.sdk --xcode-version 17C52 --platform-family iOS --deployment-target 13.0 --bundle-identifier xctest-dynamic-overlay.IssueReporting --output /Users/anushka_sharma/Library/Developer/Xcode/DerivedData/FMS-cwjlkvbqxgbddsairyzxkfxaxriv/Build/Products/Debug-iphonesimulator/IssueReporting.appintents --target-triple arm64-apple-ios13.0-simulator --target-triple x86_64-apple-ios13.0-simulator --binary-file /Users/anushka_sharma/Library/Developer/Xcode/DerivedData/FMS-cwjlkvbqxgbddsairyzxkfxaxriv/Build/Products/Debug-iphonesimulator/IssueReporting.o --dependency-file /Users/anushka_sharma/Library/Developer/Xcode/DerivedData/FMS-cwjlkvbqxgbddsairyzxkfxaxriv/Build/Intermediates.noindex/xctest-dynamic-overlay.build/Debug-iphonesimulator/IssueReporting.build/Objects-normal/arm64/IssueReporting_dependency_info.dat --dependency-file /Users/anushka_sharma/Library/Developer/Xcode/DerivedData/FMS-cwjlkvbqxgbddsairyzxkfxaxriv/Build/Intermediates.noindex/xctest-dynamic-overlay.build/Debug-iphonesimulator/IssueReporting.build/Objects-normal/x86_64/IssueReporting_dependency_info.dat --stringsdata-file /Users/anushka_sharma/Library/Developer/Xcode/DerivedData/FMS-cwjlkvbqxgbddsairyzxkfxaxriv/Build/Intermediates.noindex/xctest-dynamic-overlay.build/Debug-iphonesimulator/IssueReporting.build/Objects-normal/arm64/ExtractedAppShortcutsMetadata.stringsdata --stringsdata-file /Users/anushka_sharma/Library/Developer/Xcode/DerivedData/FMS-cwjlkvbqxgbddsairyzxkfxaxriv/Build/Intermediates.noindex/xctest-dynamic-overlay.build/Debug-iphonesimulator/IssueReporting.build/Objects-normal/x86_64/ExtractedAppShortcutsMetadata.stringsdata --source-file-list /Users/anushka_sharma/Library/Developer/Xcode/DerivedData/FMS-cwjlkvbqxgbddsairyzxkfxaxriv/Build/Intermediates.noindex/xctest-dynamic-overlay.build/Debug-iphonesimulator/IssueReporting.build/Objects-normal/arm64/IssueReporting.SwiftFileList --source-file-list /Users/anushka_sharma/Library/Developer/Xcode/DerivedData/FMS-cwjlkvbqxgbddsairyzxkfxaxriv/Build/Intermediates.noindex/xctest-dynamic-overlay.build/Debug-iphonesimulator/IssueReporting.build/Objects-normal/x86_64/IssueReporting.SwiftFileList --metadata-file-list /Users/anushka_sharma/Library/Developer/Xcode/DerivedData/FMS-cwjlkvbqxgbddsairyzxkfxaxriv/Build/Intermediates.noindex/xctest-dynamic-overlay.build/Debug-iphonesimulator/IssueReporting.build/IssueReporting.DependencyMetadataFileList --static-metadata-file-list /Users/anushka_sharma/Library/Developer/Xcode/DerivedData/FMS-cwjlkvbqxgbddsairyzxkfxaxriv/Build/Intermediates.noindex/xctest-dynamic-overlay.build/Debug-iphonesimulator/IssueReporting.build/IssueReporting.DependencyStaticMetadataFileList --swift-const-vals-list /Users/anushka_sharma/Library/Developer/Xcode/DerivedData/FMS-cwjlkvbqxgbddsairyzxkfxaxriv/Build/Intermediates.noindex/xctest-dynamic-overlay.build/Debug-iphonesimulator/IssueReporting.build/Objects-normal/arm64/IssueReporting.SwiftConstValuesFileList --swift-const-vals-list /Users/anushka_sharma/Library/Developer/Xcode/DerivedData/FMS-cwjlkvbqxgbddsairyzxkfxaxriv/Build/Intermediates.noindex/xctest-dynamic-overlay.build/Debug-iphonesimulator/IssueReporting.build/Objects-normal/x86_64/IssueReporting.SwiftConstValuesFileList --force --compile-time-extraction --deployment-aware-processing --validate-assistant-intents --no-app-shortcuts-localization
2026-05-29 10:07:10.216 appintentsmetadataprocessor[29865:518594] Starting appintentsmetadataprocessor export
2026-05-29 10:07:10.744 appintentsmetadataprocessor[29865:518594] Extracted no relevant App Intents symbols, skipping writing output

SwiftDriver\ Compilation\ Requirements Crypto normal arm64 com.apple.xcode.tools.swift.compiler (in target 'Crypto' from project 'swift-crypto')
    cd /Users/anushka_sharma/Documents/FMS/FMS.xcodeproj
    builtin-Swift-Compilation-Requirements -- /Applications/Xcode.app/Contents/Developer/Toolchains/XcodeDefault.xctoolchain/usr/bin/swiftc -module-name Crypto -Onone -enforce-exclusivity\=checked @/Users/anushka_sharma/Library/Developer/Xcode/DerivedData/FMS-cwjlkvbqxgbddsairyzxkfxaxriv/Build/Intermediates.noindex/swift-crypto.build/Debug-iphonesimulator/Crypto.build/Objects-normal/arm64/Crypto.SwiftFileList -DSWIFT_PACKAGE -DDEBUG -DSWIFT_MODULE_RESOURCE_BUNDLE_AVAILABLE -DCRYPTO_IN_SWIFTPM -DXcode -enable-upcoming-feature MemberImportVisibility -plugin-path /Applications/Xcode.app/Contents/Developer/Toolchains/XcodeDefault.xctoolchain/usr/lib/swift/host/plugins/testing -enable-experimental-feature DebugDescriptionMacro -sdk /Applications/Xcode.app/Contents/Developer/Platforms/iPhoneSimulator.platform/Developer/SDKs/iPhoneSimulator26.2.sdk -target arm64-apple-ios12.0-simulator -g -module-cache-path /Users/anushka_sharma/Library/Developer/Xcode/DerivedData/ModuleCache.noindex -Xfrontend -serialize-debugging-options -enable-testing -suppress-warnings -index-store-path /Users/anushka_sharma/Library/Developer/Xcode/DerivedData/FMS-cwjlkvbqxgbddsairyzxkfxaxriv/Index.noindex/DataStore -Xcc -D_LIBCPP_HARDENING_MODE\=_LIBCPP_HARDENING_MODE_DEBUG -swift-version 6 -I /Users/anushka_sharma/Library/Developer/Xcode/DerivedData/FMS-cwjlkvbqxgbddsairyzxkfxaxriv/Build/Products/Debug-iphonesimulator -Isystem /Applications/Xcode.app/Contents/Developer/Platforms/iPhoneSimulator.platform/Developer/usr/lib -F /Users/anushka_sharma/Library/Developer/Xcode/DerivedData/FMS-cwjlkvbqxgbddsairyzxkfxaxriv/Build/Products/Debug-iphonesimulator -F /Applications/Xcode.app/Contents/Developer/Platforms/iPhoneSimulator.platform/Developer/Library/Frameworks -F /Applications/Xcode.app/Contents/Developer/Platforms/iPhoneSimulator.platform/Developer/SDKs/iPhoneSimulator26.2.sdk/Developer/Library/Frameworks -c -j10 -enable-batch-mode -incremental -Xcc -ivfsstatcache -Xcc /Users/anushka_sharma/Library/Developer/Xcode/DerivedData/SDKStatCaches.noindex/iphonesimulator26.2-23C53-7d00a8b37fbd7999ea79df8ebc024bf0.sdkstatcache -output-file-map /Users/anushka_sharma/Library/Developer/Xcode/DerivedData/FMS-cwjlkvbqxgbddsairyzxkfxaxriv/Build/Intermediates.noindex/swift-crypto.build/Debug-iphonesimulator/Crypto.build/Objects-normal/arm64/Crypto-OutputFileMap.json -use-frontend-parseable-output -save-temps -no-color-diagnostics -explicit-module-build -module-cache-path /Users/anushka_sharma/Library/Developer/Xcode/DerivedData/FMS-cwjlkvbqxgbddsairyzxkfxaxriv/Build/Intermediates.noindex/SwiftExplicitPrecompiledModules -clang-scanner-module-cache-path /Users/anushka_sharma/Library/Developer/Xcode/DerivedData/ModuleCache.noindex -sdk-module-cache-path /Users/anushka_sharma/Library/Developer/Xcode/DerivedData/ModuleCache.noindex -serialize-diagnostics -emit-dependencies -emit-module -emit-module-path /Users/anushka_sharma/Library/Developer/Xcode/DerivedData/FMS-cwjlkvbqxgbddsairyzxkfxaxriv/Build/Intermediates.noindex/swift-crypto.build/Debug-iphonesimulator/Crypto.build/Objects-normal/arm64/Crypto.swiftmodule -user-module-version 4.5.0 -validate-clang-modules-once -clang-build-session-file /Users/anushka_sharma/Library/Developer/Xcode/DerivedData/ModuleCache.noindex/Session.modulevalidation -package-name swift_crypto -Xcc -I/Users/anushka_sharma/Library/Developer/Xcode/DerivedData/FMS-cwjlkvbqxgbddsairyzxkfxaxriv/Build/Intermediates.noindex/swift-crypto.build/Debug-iphonesimulator/Crypto.build/swift-overrides.hmap -emit-const-values -Xfrontend -const-gather-protocols-file -Xfrontend /Users/anushka_sharma/Library/Developer/Xcode/DerivedData/FMS-cwjlkvbqxgbddsairyzxkfxaxriv/Build/Intermediates.noindex/swift-crypto.build/Debug-iphonesimulator/Crypto.build/Objects-normal/arm64/Crypto_const_extract_protocols.json -Xcc -I/Users/anushka_sharma/Library/Developer/Xcode/DerivedData/FMS-cwjlkvbqxgbddsairyzxkfxaxriv/Build/Products/Debug-iphonesimulator/include -Xcc -I/Users/anushka_sharma/Library/Developer/Xcode/DerivedData/FMS-cwjlkvbqxgbddsairyzxkfxaxriv/Build/Intermediates.noindex/swift-crypto.build/Debug-iphonesimulator/Crypto.build/DerivedSources-normal/arm64 -Xcc -I/Users/anushka_sharma/Library/Developer/Xcode/DerivedData/FMS-cwjlkvbqxgbddsairyzxkfxaxriv/Build/Intermediates.noindex/swift-crypto.build/Debug-iphonesimulator/Crypto.build/DerivedSources/arm64 -Xcc -I/Users/anushka_sharma/Library/Developer/Xcode/DerivedData/FMS-cwjlkvbqxgbddsairyzxkfxaxriv/Build/Intermediates.noindex/swift-crypto.build/Debug-iphonesimulator/Crypto.build/DerivedSources -Xcc -DSWIFT_PACKAGE -Xcc -DDEBUG\=1 -emit-objc-header -emit-objc-header-path /Users/anushka_sharma/Library/Developer/Xcode/DerivedData/FMS-cwjlkvbqxgbddsairyzxkfxaxriv/Build/Intermediates.noindex/swift-crypto.build/Debug-iphonesimulator/Crypto.build/Objects-normal/arm64/Crypto-Swift.h -working-directory /Users/anushka_sharma/Documents/FMS/FMS.xcodeproj -experimental-emit-module-separately -disable-cmo

SwiftDriver\ Compilation Crypto normal arm64 com.apple.xcode.tools.swift.compiler (in target 'Crypto' from project 'swift-crypto')
    cd /Users/anushka_sharma/Documents/FMS/FMS.xcodeproj
    builtin-Swift-Compilation -- /Applications/Xcode.app/Contents/Developer/Toolchains/XcodeDefault.xctoolchain/usr/bin/swiftc -module-name Crypto -Onone -enforce-exclusivity\=checked @/Users/anushka_sharma/Library/Developer/Xcode/DerivedData/FMS-cwjlkvbqxgbddsairyzxkfxaxriv/Build/Intermediates.noindex/swift-crypto.build/Debug-iphonesimulator/Crypto.build/Objects-normal/arm64/Crypto.SwiftFileList -DSWIFT_PACKAGE -DDEBUG -DSWIFT_MODULE_RESOURCE_BUNDLE_AVAILABLE -DCRYPTO_IN_SWIFTPM -DXcode -enable-upcoming-feature MemberImportVisibility -plugin-path /Applications/Xcode.app/Contents/Developer/Toolchains/XcodeDefault.xctoolchain/usr/lib/swift/host/plugins/testing -enable-experimental-feature DebugDescriptionMacro -sdk /Applications/Xcode.app/Contents/Developer/Platforms/iPhoneSimulator.platform/Developer/SDKs/iPhoneSimulator26.2.sdk -target arm64-apple-ios12.0-simulator -g -module-cache-path /Users/anushka_sharma/Library/Developer/Xcode/DerivedData/ModuleCache.noindex -Xfrontend -serialize-debugging-options -enable-testing -suppress-warnings -index-store-path /Users/anushka_sharma/Library/Developer/Xcode/DerivedData/FMS-cwjlkvbqxgbddsairyzxkfxaxriv/Index.noindex/DataStore -Xcc -D_LIBCPP_HARDENING_MODE\=_LIBCPP_HARDENING_MODE_DEBUG -swift-version 6 -I /Users/anushka_sharma/Library/Developer/Xcode/DerivedData/FMS-cwjlkvbqxgbddsairyzxkfxaxriv/Build/Products/Debug-iphonesimulator -Isystem /Applications/Xcode.app/Contents/Developer/Platforms/iPhoneSimulator.platform/Developer/usr/lib -F /Users/anushka_sharma/Library/Developer/Xcode/DerivedData/FMS-cwjlkvbqxgbddsairyzxkfxaxriv/Build/Products/Debug-iphonesimulator -F /Applications/Xcode.app/Contents/Developer/Platforms/iPhoneSimulator.platform/Developer/Library/Frameworks -F /Applications/Xcode.app/Contents/Developer/Platforms/iPhoneSimulator.platform/Developer/SDKs/iPhoneSimulator26.2.sdk/Developer/Library/Frameworks -c -j10 -enable-batch-mode -incremental -Xcc -ivfsstatcache -Xcc /Users/anushka_sharma/Library/Developer/Xcode/DerivedData/SDKStatCaches.noindex/iphonesimulator26.2-23C53-7d00a8b37fbd7999ea79df8ebc024bf0.sdkstatcache -output-file-map /Users/anushka_sharma/Library/Developer/Xcode/DerivedData/FMS-cwjlkvbqxgbddsairyzxkfxaxriv/Build/Intermediates.noindex/swift-crypto.build/Debug-iphonesimulator/Crypto.build/Objects-normal/arm64/Crypto-OutputFileMap.json -use-frontend-parseable-output -save-temps -no-color-diagnostics -explicit-module-build -module-cache-path /Users/anushka_sharma/Library/Developer/Xcode/DerivedData/FMS-cwjlkvbqxgbddsairyzxkfxaxriv/Build/Intermediates.noindex/SwiftExplicitPrecompiledModules -clang-scanner-module-cache-path /Users/anushka_sharma/Library/Developer/Xcode/DerivedData/ModuleCache.noindex -sdk-module-cache-path /Users/anushka_sharma/Library/Developer/Xcode/DerivedData/ModuleCache.noindex -serialize-diagnostics -emit-dependencies -emit-module -emit-module-path /Users/anushka_sharma/Library/Developer/Xcode/DerivedData/FMS-cwjlkvbqxgbddsairyzxkfxaxriv/Build/Intermediates.noindex/swift-crypto.build/Debug-iphonesimulator/Crypto.build/Objects-normal/arm64/Crypto.swiftmodule -user-module-version 4.5.0 -validate-clang-modules-once -clang-build-session-file /Users/anushka_sharma/Library/Developer/Xcode/DerivedData/ModuleCache.noindex/Session.modulevalidation -package-name swift_crypto -Xcc -I/Users/anushka_sharma/Library/Developer/Xcode/DerivedData/FMS-cwjlkvbqxgbddsairyzxkfxaxriv/Build/Intermediates.noindex/swift-crypto.build/Debug-iphonesimulator/Crypto.build/swift-overrides.hmap -emit-const-values -Xfrontend -const-gather-protocols-file -Xfrontend /Users/anushka_sharma/Library/Developer/Xcode/DerivedData/FMS-cwjlkvbqxgbddsairyzxkfxaxriv/Build/Intermediates.noindex/swift-crypto.build/Debug-iphonesimulator/Crypto.build/Objects-normal/arm64/Crypto_const_extract_protocols.json -Xcc -I/Users/anushka_sharma/Library/Developer/Xcode/DerivedData/FMS-cwjlkvbqxgbddsairyzxkfxaxriv/Build/Products/Debug-iphonesimulator/include -Xcc -I/Users/anushka_sharma/Library/Developer/Xcode/DerivedData/FMS-cwjlkvbqxgbddsairyzxkfxaxriv/Build/Intermediates.noindex/swift-crypto.build/Debug-iphonesimulator/Crypto.build/DerivedSources-normal/arm64 -Xcc -I/Users/anushka_sharma/Library/Developer/Xcode/DerivedData/FMS-cwjlkvbqxgbddsairyzxkfxaxriv/Build/Intermediates.noindex/swift-crypto.build/Debug-iphonesimulator/Crypto.build/DerivedSources/arm64 -Xcc -I/Users/anushka_sharma/Library/Developer/Xcode/DerivedData/FMS-cwjlkvbqxgbddsairyzxkfxaxriv/Build/Intermediates.noindex/swift-crypto.build/Debug-iphonesimulator/Crypto.build/DerivedSources -Xcc -DSWIFT_PACKAGE -Xcc -DDEBUG\=1 -emit-objc-header -emit-objc-header-path /Users/anushka_sharma/Library/Developer/Xcode/DerivedData/FMS-cwjlkvbqxgbddsairyzxkfxaxriv/Build/Intermediates.noindex/swift-crypto.build/Debug-iphonesimulator/Crypto.build/Objects-normal/arm64/Crypto-Swift.h -working-directory /Users/anushka_sharma/Documents/FMS/FMS.xcodeproj -experimental-emit-module-separately -disable-cmo

SwiftDriver\ Compilation\ Requirements Crypto normal x86_64 com.apple.xcode.tools.swift.compiler (in target 'Crypto' from project 'swift-crypto')
    cd /Users/anushka_sharma/Documents/FMS/FMS.xcodeproj
    builtin-Swift-Compilation-Requirements -- /Applications/Xcode.app/Contents/Developer/Toolchains/XcodeDefault.xctoolchain/usr/bin/swiftc -module-name Crypto -Onone -enforce-exclusivity\=checked @/Users/anushka_sharma/Library/Developer/Xcode/DerivedData/FMS-cwjlkvbqxgbddsairyzxkfxaxriv/Build/Intermediates.noindex/swift-crypto.build/Debug-iphonesimulator/Crypto.build/Objects-normal/x86_64/Crypto.SwiftFileList -DSWIFT_PACKAGE -DDEBUG -DSWIFT_MODULE_RESOURCE_BUNDLE_AVAILABLE -DCRYPTO_IN_SWIFTPM -DXcode -enable-upcoming-feature MemberImportVisibility -plugin-path /Applications/Xcode.app/Contents/Developer/Toolchains/XcodeDefault.xctoolchain/usr/lib/swift/host/plugins/testing -enable-experimental-feature DebugDescriptionMacro -sdk /Applications/Xcode.app/Contents/Developer/Platforms/iPhoneSimulator.platform/Developer/SDKs/iPhoneSimulator26.2.sdk -target x86_64-apple-ios12.0-simulator -g -module-cache-path /Users/anushka_sharma/Library/Developer/Xcode/DerivedData/ModuleCache.noindex -Xfrontend -serialize-debugging-options -enable-testing -suppress-warnings -index-store-path /Users/anushka_sharma/Library/Developer/Xcode/DerivedData/FMS-cwjlkvbqxgbddsairyzxkfxaxriv/Index.noindex/DataStore -Xcc -D_LIBCPP_HARDENING_MODE\=_LIBCPP_HARDENING_MODE_DEBUG -swift-version 6 -I /Users/anushka_sharma/Library/Developer/Xcode/DerivedData/FMS-cwjlkvbqxgbddsairyzxkfxaxriv/Build/Products/Debug-iphonesimulator -Isystem /Applications/Xcode.app/Contents/Developer/Platforms/iPhoneSimulator.platform/Developer/usr/lib -F /Users/anushka_sharma/Library/Developer/Xcode/DerivedData/FMS-cwjlkvbqxgbddsairyzxkfxaxriv/Build/Products/Debug-iphonesimulator -F /Applications/Xcode.app/Contents/Developer/Platforms/iPhoneSimulator.platform/Developer/Library/Frameworks -F /Applications/Xcode.app/Contents/Developer/Platforms/iPhoneSimulator.platform/Developer/SDKs/iPhoneSimulator26.2.sdk/Developer/Library/Frameworks -c -j10 -enable-batch-mode -incremental -Xcc -ivfsstatcache -Xcc /Users/anushka_sharma/Library/Developer/Xcode/DerivedData/SDKStatCaches.noindex/iphonesimulator26.2-23C53-7d00a8b37fbd7999ea79df8ebc024bf0.sdkstatcache -output-file-map /Users/anushka_sharma/Library/Developer/Xcode/DerivedData/FMS-cwjlkvbqxgbddsairyzxkfxaxriv/Build/Intermediates.noindex/swift-crypto.build/Debug-iphonesimulator/Crypto.build/Objects-normal/x86_64/Crypto-OutputFileMap.json -use-frontend-parseable-output -save-temps -no-color-diagnostics -explicit-module-build -module-cache-path /Users/anushka_sharma/Library/Developer/Xcode/DerivedData/FMS-cwjlkvbqxgbddsairyzxkfxaxriv/Build/Intermediates.noindex/SwiftExplicitPrecompiledModules -clang-scanner-module-cache-path /Users/anushka_sharma/Library/Developer/Xcode/DerivedData/ModuleCache.noindex -sdk-module-cache-path /Users/anushka_sharma/Library/Developer/Xcode/DerivedData/ModuleCache.noindex -serialize-diagnostics -emit-dependencies -emit-module -emit-module-path /Users/anushka_sharma/Library/Developer/Xcode/DerivedData/FMS-cwjlkvbqxgbddsairyzxkfxaxriv/Build/Intermediates.noindex/swift-crypto.build/Debug-iphonesimulator/Crypto.build/Objects-normal/x86_64/Crypto.swiftmodule -user-module-version 4.5.0 -validate-clang-modules-once -clang-build-session-file /Users/anushka_sharma/Library/Developer/Xcode/DerivedData/ModuleCache.noindex/Session.modulevalidation -package-name swift_crypto -Xcc -I/Users/anushka_sharma/Library/Developer/Xcode/DerivedData/FMS-cwjlkvbqxgbddsairyzxkfxaxriv/Build/Intermediates.noindex/swift-crypto.build/Debug-iphonesimulator/Crypto.build/swift-overrides.hmap -emit-const-values -Xfrontend -const-gather-protocols-file -Xfrontend /Users/anushka_sharma/Library/Developer/Xcode/DerivedData/FMS-cwjlkvbqxgbddsairyzxkfxaxriv/Build/Intermediates.noindex/swift-crypto.build/Debug-iphonesimulator/Crypto.build/Objects-normal/x86_64/Crypto_const_extract_protocols.json -Xcc -I/Users/anushka_sharma/Library/Developer/Xcode/DerivedData/FMS-cwjlkvbqxgbddsairyzxkfxaxriv/Build/Products/Debug-iphonesimulator/include -Xcc -I/Users/anushka_sharma/Library/Developer/Xcode/DerivedData/FMS-cwjlkvbqxgbddsairyzxkfxaxriv/Build/Intermediates.noindex/swift-crypto.build/Debug-iphonesimulator/Crypto.build/DerivedSources-normal/x86_64 -Xcc -I/Users/anushka_sharma/Library/Developer/Xcode/DerivedData/FMS-cwjlkvbqxgbddsairyzxkfxaxriv/Build/Intermediates.noindex/swift-crypto.build/Debug-iphonesimulator/Crypto.build/DerivedSources/x86_64 -Xcc -I/Users/anushka_sharma/Library/Developer/Xcode/DerivedData/FMS-cwjlkvbqxgbddsairyzxkfxaxriv/Build/Intermediates.noindex/swift-crypto.build/Debug-iphonesimulator/Crypto.build/DerivedSources -Xcc -DSWIFT_PACKAGE -Xcc -DDEBUG\=1 -emit-objc-header -emit-objc-header-path /Users/anushka_sharma/Library/Developer/Xcode/DerivedData/FMS-cwjlkvbqxgbddsairyzxkfxaxriv/Build/Intermediates.noindex/swift-crypto.build/Debug-iphonesimulator/Crypto.build/Objects-normal/x86_64/Crypto-Swift.h -working-directory /Users/anushka_sharma/Documents/FMS/FMS.xcodeproj -experimental-emit-module-separately -disable-cmo

SwiftDriver\ Compilation Crypto normal x86_64 com.apple.xcode.tools.swift.compiler (in target 'Crypto' from project 'swift-crypto')
    cd /Users/anushka_sharma/Documents/FMS/FMS.xcodeproj
    builtin-Swift-Compilation -- /Applications/Xcode.app/Contents/Developer/Toolchains/XcodeDefault.xctoolchain/usr/bin/swiftc -module-name Crypto -Onone -enforce-exclusivity\=checked @/Users/anushka_sharma/Library/Developer/Xcode/DerivedData/FMS-cwjlkvbqxgbddsairyzxkfxaxriv/Build/Intermediates.noindex/swift-crypto.build/Debug-iphonesimulator/Crypto.build/Objects-normal/x86_64/Crypto.SwiftFileList -DSWIFT_PACKAGE -DDEBUG -DSWIFT_MODULE_RESOURCE_BUNDLE_AVAILABLE -DCRYPTO_IN_SWIFTPM -DXcode -enable-upcoming-feature MemberImportVisibility -plugin-path /Applications/Xcode.app/Contents/Developer/Toolchains/XcodeDefault.xctoolchain/usr/lib/swift/host/plugins/testing -enable-experimental-feature DebugDescriptionMacro -sdk /Applications/Xcode.app/Contents/Developer/Platforms/iPhoneSimulator.platform/Developer/SDKs/iPhoneSimulator26.2.sdk -target x86_64-apple-ios12.0-simulator -g -module-cache-path /Users/anushka_sharma/Library/Developer/Xcode/DerivedData/ModuleCache.noindex -Xfrontend -serialize-debugging-options -enable-testing -suppress-warnings -index-store-path /Users/anushka_sharma/Library/Developer/Xcode/DerivedData/FMS-cwjlkvbqxgbddsairyzxkfxaxriv/Index.noindex/DataStore -Xcc -D_LIBCPP_HARDENING_MODE\=_LIBCPP_HARDENING_MODE_DEBUG -swift-version 6 -I /Users/anushka_sharma/Library/Developer/Xcode/DerivedData/FMS-cwjlkvbqxgbddsairyzxkfxaxriv/Build/Products/Debug-iphonesimulator -Isystem /Applications/Xcode.app/Contents/Developer/Platforms/iPhoneSimulator.platform/Developer/usr/lib -F /Users/anushka_sharma/Library/Developer/Xcode/DerivedData/FMS-cwjlkvbqxgbddsairyzxkfxaxriv/Build/Products/Debug-iphonesimulator -F /Applications/Xcode.app/Contents/Developer/Platforms/iPhoneSimulator.platform/Developer/Library/Frameworks -F /Applications/Xcode.app/Contents/Developer/Platforms/iPhoneSimulator.platform/Developer/SDKs/iPhoneSimulator26.2.sdk/Developer/Library/Frameworks -c -j10 -enable-batch-mode -incremental -Xcc -ivfsstatcache -Xcc /Users/anushka_sharma/Library/Developer/Xcode/DerivedData/SDKStatCaches.noindex/iphonesimulator26.2-23C53-7d00a8b37fbd7999ea79df8ebc024bf0.sdkstatcache -output-file-map /Users/anushka_sharma/Library/Developer/Xcode/DerivedData/FMS-cwjlkvbqxgbddsairyzxkfxaxriv/Build/Intermediates.noindex/swift-crypto.build/Debug-iphonesimulator/Crypto.build/Objects-normal/x86_64/Crypto-OutputFileMap.json -use-frontend-parseable-output -save-temps -no-color-diagnostics -explicit-module-build -module-cache-path /Users/anushka_sharma/Library/Developer/Xcode/DerivedData/FMS-cwjlkvbqxgbddsairyzxkfxaxriv/Build/Intermediates.noindex/SwiftExplicitPrecompiledModules -clang-scanner-module-cache-path /Users/anushka_sharma/Library/Developer/Xcode/DerivedData/ModuleCache.noindex -sdk-module-cache-path /Users/anushka_sharma/Library/Developer/Xcode/DerivedData/ModuleCache.noindex -serialize-diagnostics -emit-dependencies -emit-module -emit-module-path /Users/anushka_sharma/Library/Developer/Xcode/DerivedData/FMS-cwjlkvbqxgbddsairyzxkfxaxriv/Build/Intermediates.noindex/swift-crypto.build/Debug-iphonesimulator/Crypto.build/Objects-normal/x86_64/Crypto.swiftmodule -user-module-version 4.5.0 -validate-clang-modules-once -clang-build-session-file /Users/anushka_sharma/Library/Developer/Xcode/DerivedData/ModuleCache.noindex/Session.modulevalidation -package-name swift_crypto -Xcc -I/Users/anushka_sharma/Library/Developer/Xcode/DerivedData/FMS-cwjlkvbqxgbddsairyzxkfxaxriv/Build/Intermediates.noindex/swift-crypto.build/Debug-iphonesimulator/Crypto.build/swift-overrides.hmap -emit-const-values -Xfrontend -const-gather-protocols-file -Xfrontend /Users/anushka_sharma/Library/Developer/Xcode/DerivedData/FMS-cwjlkvbqxgbddsairyzxkfxaxriv/Build/Intermediates.noindex/swift-crypto.build/Debug-iphonesimulator/Crypto.build/Objects-normal/x86_64/Crypto_const_extract_protocols.json -Xcc -I/Users/anushka_sharma/Library/Developer/Xcode/DerivedData/FMS-cwjlkvbqxgbddsairyzxkfxaxriv/Build/Products/Debug-iphonesimulator/include -Xcc -I/Users/anushka_sharma/Library/Developer/Xcode/DerivedData/FMS-cwjlkvbqxgbddsairyzxkfxaxriv/Build/Intermediates.noindex/swift-crypto.build/Debug-iphonesimulator/Crypto.build/DerivedSources-normal/x86_64 -Xcc -I/Users/anushka_sharma/Library/Developer/Xcode/DerivedData/FMS-cwjlkvbqxgbddsairyzxkfxaxriv/Build/Intermediates.noindex/swift-crypto.build/Debug-iphonesimulator/Crypto.build/DerivedSources/x86_64 -Xcc -I/Users/anushka_sharma/Library/Developer/Xcode/DerivedData/FMS-cwjlkvbqxgbddsairyzxkfxaxriv/Build/Intermediates.noindex/swift-crypto.build/Debug-iphonesimulator/Crypto.build/DerivedSources -Xcc -DSWIFT_PACKAGE -Xcc -DDEBUG\=1 -emit-objc-header -emit-objc-header-path /Users/anushka_sharma/Library/Developer/Xcode/DerivedData/FMS-cwjlkvbqxgbddsairyzxkfxaxriv/Build/Intermediates.noindex/swift-crypto.build/Debug-iphonesimulator/Crypto.build/Objects-normal/x86_64/Crypto-Swift.h -working-directory /Users/anushka_sharma/Documents/FMS/FMS.xcodeproj -experimental-emit-module-separately -disable-cmo

Copy /Users/anushka_sharma/Library/Developer/Xcode/DerivedData/FMS-cwjlkvbqxgbddsairyzxkfxaxriv/Build/Products/Debug-iphonesimulator/Crypto.swiftmodule/arm64-apple-ios-simulator.swiftmodule /Users/anushka_sharma/Library/Developer/Xcode/DerivedData/FMS-cwjlkvbqxgbddsairyzxkfxaxriv/Build/Intermediates.noindex/swift-crypto.build/Debug-iphonesimulator/Crypto.build/Objects-normal/arm64/Crypto.swiftmodule (in target 'Crypto' from project 'swift-crypto')
    cd /Users/anushka_sharma/Library/Developer/Xcode/DerivedData/FMS-cwjlkvbqxgbddsairyzxkfxaxriv/SourcePackages/checkouts/swift-crypto
    builtin-copy -exclude .DS_Store -exclude CVS -exclude .svn -exclude .git -exclude .hg -resolve-src-symlinks -rename /Users/anushka_sharma/Library/Developer/Xcode/DerivedData/FMS-cwjlkvbqxgbddsairyzxkfxaxriv/Build/Intermediates.noindex/swift-crypto.build/Debug-iphonesimulator/Crypto.build/Objects-normal/arm64/Crypto.swiftmodule /Users/anushka_sharma/Library/Developer/Xcode/DerivedData/FMS-cwjlkvbqxgbddsairyzxkfxaxriv/Build/Products/Debug-iphonesimulator/Crypto.swiftmodule/arm64-apple-ios-simulator.swiftmodule

Copy /Users/anushka_sharma/Library/Developer/Xcode/DerivedData/FMS-cwjlkvbqxgbddsairyzxkfxaxriv/Build/Products/Debug-iphonesimulator/Crypto.swiftmodule/arm64-apple-ios-simulator.swiftdoc /Users/anushka_sharma/Library/Developer/Xcode/DerivedData/FMS-cwjlkvbqxgbddsairyzxkfxaxriv/Build/Intermediates.noindex/swift-crypto.build/Debug-iphonesimulator/Crypto.build/Objects-normal/arm64/Crypto.swiftdoc (in target 'Crypto' from project 'swift-crypto')
    cd /Users/anushka_sharma/Library/Developer/Xcode/DerivedData/FMS-cwjlkvbqxgbddsairyzxkfxaxriv/SourcePackages/checkouts/swift-crypto
    builtin-copy -exclude .DS_Store -exclude CVS -exclude .svn -exclude .git -exclude .hg -resolve-src-symlinks -rename /Users/anushka_sharma/Library/Developer/Xcode/DerivedData/FMS-cwjlkvbqxgbddsairyzxkfxaxriv/Build/Intermediates.noindex/swift-crypto.build/Debug-iphonesimulator/Crypto.build/Objects-normal/arm64/Crypto.swiftdoc /Users/anushka_sharma/Library/Developer/Xcode/DerivedData/FMS-cwjlkvbqxgbddsairyzxkfxaxriv/Build/Products/Debug-iphonesimulator/Crypto.swiftmodule/arm64-apple-ios-simulator.swiftdoc

SwiftMergeGeneratedHeaders /Users/anushka_sharma/Library/Developer/Xcode/DerivedData/FMS-cwjlkvbqxgbddsairyzxkfxaxriv/Build/Intermediates.noindex/GeneratedModuleMaps-iphonesimulator/Crypto-Swift.h /Users/anushka_sharma/Library/Developer/Xcode/DerivedData/FMS-cwjlkvbqxgbddsairyzxkfxaxriv/Build/Intermediates.noindex/swift-crypto.build/Debug-iphonesimulator/Crypto.build/Objects-normal/arm64/Crypto-Swift.h /Users/anushka_sharma/Library/Developer/Xcode/DerivedData/FMS-cwjlkvbqxgbddsairyzxkfxaxriv/Build/Intermediates.noindex/swift-crypto.build/Debug-iphonesimulator/Crypto.build/Objects-normal/x86_64/Crypto-Swift.h (in target 'Crypto' from project 'swift-crypto')
    cd /Users/anushka_sharma/Library/Developer/Xcode/DerivedData/FMS-cwjlkvbqxgbddsairyzxkfxaxriv/SourcePackages/checkouts/swift-crypto
    builtin-swiftHeaderTool -arch arm64 /Users/anushka_sharma/Library/Developer/Xcode/DerivedData/FMS-cwjlkvbqxgbddsairyzxkfxaxriv/Build/Intermediates.noindex/swift-crypto.build/Debug-iphonesimulator/Crypto.build/Objects-normal/arm64/Crypto-Swift.h -arch x86_64 /Users/anushka_sharma/Library/Developer/Xcode/DerivedData/FMS-cwjlkvbqxgbddsairyzxkfxaxriv/Build/Intermediates.noindex/swift-crypto.build/Debug-iphonesimulator/Crypto.build/Objects-normal/x86_64/Crypto-Swift.h -o /Users/anushka_sharma/Library/Developer/Xcode/DerivedData/FMS-cwjlkvbqxgbddsairyzxkfxaxriv/Build/Intermediates.noindex/GeneratedModuleMaps-iphonesimulator/Crypto-Swift.h

Copy /Users/anushka_sharma/Library/Developer/Xcode/DerivedData/FMS-cwjlkvbqxgbddsairyzxkfxaxriv/Build/Products/Debug-iphonesimulator/Crypto.swiftmodule/arm64-apple-ios-simulator.abi.json /Users/anushka_sharma/Library/Developer/Xcode/DerivedData/FMS-cwjlkvbqxgbddsairyzxkfxaxriv/Build/Intermediates.noindex/swift-crypto.build/Debug-iphonesimulator/Crypto.build/Objects-normal/arm64/Crypto.abi.json (in target 'Crypto' from project 'swift-crypto')
    cd /Users/anushka_sharma/Library/Developer/Xcode/DerivedData/FMS-cwjlkvbqxgbddsairyzxkfxaxriv/SourcePackages/checkouts/swift-crypto
    builtin-copy -exclude .DS_Store -exclude CVS -exclude .svn -exclude .git -exclude .hg -resolve-src-symlinks -rename /Users/anushka_sharma/Library/Developer/Xcode/DerivedData/FMS-cwjlkvbqxgbddsairyzxkfxaxriv/Build/Intermediates.noindex/swift-crypto.build/Debug-iphonesimulator/Crypto.build/Objects-normal/arm64/Crypto.abi.json /Users/anushka_sharma/Library/Developer/Xcode/DerivedData/FMS-cwjlkvbqxgbddsairyzxkfxaxriv/Build/Products/Debug-iphonesimulator/Crypto.swiftmodule/arm64-apple-ios-simulator.abi.json

Copy /Users/anushka_sharma/Library/Developer/Xcode/DerivedData/FMS-cwjlkvbqxgbddsairyzxkfxaxriv/Build/Products/Debug-iphonesimulator/Crypto.swiftmodule/Project/arm64-apple-ios-simulator.swiftsourceinfo /Users/anushka_sharma/Library/Developer/Xcode/DerivedData/FMS-cwjlkvbqxgbddsairyzxkfxaxriv/Build/Intermediates.noindex/swift-crypto.build/Debug-iphonesimulator/Crypto.build/Objects-normal/arm64/Crypto.swiftsourceinfo (in target 'Crypto' from project 'swift-crypto')
    cd /Users/anushka_sharma/Library/Developer/Xcode/DerivedData/FMS-cwjlkvbqxgbddsairyzxkfxaxriv/SourcePackages/checkouts/swift-crypto
    builtin-copy -exclude .DS_Store -exclude CVS -exclude .svn -exclude .git -exclude .hg -resolve-src-symlinks -rename /Users/anushka_sharma/Library/Developer/Xcode/DerivedData/FMS-cwjlkvbqxgbddsairyzxkfxaxriv/Build/Intermediates.noindex/swift-crypto.build/Debug-iphonesimulator/Crypto.build/Objects-normal/arm64/Crypto.swiftsourceinfo /Users/anushka_sharma/Library/Developer/Xcode/DerivedData/FMS-cwjlkvbqxgbddsairyzxkfxaxriv/Build/Products/Debug-iphonesimulator/Crypto.swiftmodule/Project/arm64-apple-ios-simulator.swiftsourceinfo

RegisterExecutionPolicyException /Users/anushka_sharma/Library/Developer/Xcode/DerivedData/FMS-cwjlkvbqxgbddsairyzxkfxaxriv/Build/Products/Debug-iphonesimulator/ConcurrencyExtras.o (in target 'ConcurrencyExtras' from project 'swift-concurrency-extras')
    cd /Users/anushka_sharma/Library/Developer/Xcode/DerivedData/FMS-cwjlkvbqxgbddsairyzxkfxaxriv/SourcePackages/checkouts/swift-concurrency-extras
    builtin-RegisterExecutionPolicyException /Users/anushka_sharma/Library/Developer/Xcode/DerivedData/FMS-cwjlkvbqxgbddsairyzxkfxaxriv/Build/Products/Debug-iphonesimulator/ConcurrencyExtras.o

RegisterExecutionPolicyException /Users/anushka_sharma/Library/Developer/Xcode/DerivedData/FMS-cwjlkvbqxgbddsairyzxkfxaxriv/Build/Products/Debug-iphonesimulator/HTTPTypes.o (in target 'HTTPTypes' from project 'swift-http-types')
    cd /Users/anushka_sharma/Library/Developer/Xcode/DerivedData/FMS-cwjlkvbqxgbddsairyzxkfxaxriv/SourcePackages/checkouts/swift-http-types
    builtin-RegisterExecutionPolicyException /Users/anushka_sharma/Library/Developer/Xcode/DerivedData/FMS-cwjlkvbqxgbddsairyzxkfxaxriv/Build/Products/Debug-iphonesimulator/HTTPTypes.o

SwiftDriver\ Compilation XCTestDynamicOverlay normal x86_64 com.apple.xcode.tools.swift.compiler (in target 'XCTestDynamicOverlay' from project 'xctest-dynamic-overlay')
    cd /Users/anushka_sharma/Documents/FMS/FMS.xcodeproj
    builtin-Swift-Compilation -- /Applications/Xcode.app/Contents/Developer/Toolchains/XcodeDefault.xctoolchain/usr/bin/swiftc -module-name XCTestDynamicOverlay -Onone -enforce-exclusivity\=checked @/Users/anushka_sharma/Library/Developer/Xcode/DerivedData/FMS-cwjlkvbqxgbddsairyzxkfxaxriv/Build/Intermediates.noindex/xctest-dynamic-overlay.build/Debug-iphonesimulator/XCTestDynamicOverlay.build/Objects-normal/x86_64/XCTestDynamicOverlay.SwiftFileList -DSWIFT_PACKAGE -DDEBUG -DSWIFT_MODULE_RESOURCE_BUNDLE_UNAVAILABLE -DXcode -plugin-path /Applications/Xcode.app/Contents/Developer/Toolchains/XcodeDefault.xctoolchain/usr/lib/swift/host/plugins/testing -enable-experimental-feature DebugDescriptionMacro -sdk /Applications/Xcode.app/Contents/Developer/Platforms/iPhoneSimulator.platform/Developer/SDKs/iPhoneSimulator26.2.sdk -target x86_64-apple-ios13.0-simulator -g -module-cache-path /Users/anushka_sharma/Library/Developer/Xcode/DerivedData/ModuleCache.noindex -Xfrontend -serialize-debugging-options -enable-testing -suppress-warnings -index-store-path /Users/anushka_sharma/Library/Developer/Xcode/DerivedData/FMS-cwjlkvbqxgbddsairyzxkfxaxriv/Index.noindex/DataStore -Xcc -D_LIBCPP_HARDENING_MODE\=_LIBCPP_HARDENING_MODE_DEBUG -swift-version 6 -I /Users/anushka_sharma/Library/Developer/Xcode/DerivedData/FMS-cwjlkvbqxgbddsairyzxkfxaxriv/Build/Products/Debug-iphonesimulator -Isystem /Applications/Xcode.app/Contents/Developer/Platforms/iPhoneSimulator.platform/Developer/usr/lib -F /Users/anushka_sharma/Library/Developer/Xcode/DerivedData/FMS-cwjlkvbqxgbddsairyzxkfxaxriv/Build/Products/Debug-iphonesimulator/PackageFrameworks -F /Users/anushka_sharma/Library/Developer/Xcode/DerivedData/FMS-cwjlkvbqxgbddsairyzxkfxaxriv/Build/Products/Debug-iphonesimulator/PackageFrameworks -F /Users/anushka_sharma/Library/Developer/Xcode/DerivedData/FMS-cwjlkvbqxgbddsairyzxkfxaxriv/Build/Products/Debug-iphonesimulator -F /Applications/Xcode.app/Contents/Developer/Platforms/iPhoneSimulator.platform/Developer/Library/Frameworks -F /Applications/Xcode.app/Contents/Developer/Platforms/iPhoneSimulator.platform/Developer/SDKs/iPhoneSimulator26.2.sdk/Developer/Library/Frameworks -c -j10 -enable-batch-mode -incremental -Xcc -ivfsstatcache -Xcc /Users/anushka_sharma/Library/Developer/Xcode/DerivedData/SDKStatCaches.noindex/iphonesimulator26.2-23C53-7d00a8b37fbd7999ea79df8ebc024bf0.sdkstatcache -output-file-map /Users/anushka_sharma/Library/Developer/Xcode/DerivedData/FMS-cwjlkvbqxgbddsairyzxkfxaxriv/Build/Intermediates.noindex/xctest-dynamic-overlay.build/Debug-iphonesimulator/XCTestDynamicOverlay.build/Objects-normal/x86_64/XCTestDynamicOverlay-OutputFileMap.json -use-frontend-parseable-output -save-temps -no-color-diagnostics -explicit-module-build -module-cache-path /Users/anushka_sharma/Library/Developer/Xcode/DerivedData/FMS-cwjlkvbqxgbddsairyzxkfxaxriv/Build/Intermediates.noindex/SwiftExplicitPrecompiledModules -clang-scanner-module-cache-path /Users/anushka_sharma/Library/Developer/Xcode/DerivedData/ModuleCache.noindex -sdk-module-cache-path /Users/anushka_sharma/Library/Developer/Xcode/DerivedData/ModuleCache.noindex -serialize-diagnostics -emit-dependencies -emit-module -emit-module-path /Users/anushka_sharma/Library/Developer/Xcode/DerivedData/FMS-cwjlkvbqxgbddsairyzxkfxaxriv/Build/Intermediates.noindex/xctest-dynamic-overlay.build/Debug-iphonesimulator/XCTestDynamicOverlay.build/Objects-normal/x86_64/XCTestDynamicOverlay.swiftmodule -user-module-version 1.9.0 -validate-clang-modules-once -clang-build-session-file /Users/anushka_sharma/Library/Developer/Xcode/DerivedData/ModuleCache.noindex/Session.modulevalidation -package-name xctest_dynamic_overlay -Xcc -I/Users/anushka_sharma/Library/Developer/Xcode/DerivedData/FMS-cwjlkvbqxgbddsairyzxkfxaxriv/Build/Intermediates.noindex/xctest-dynamic-overlay.build/Debug-iphonesimulator/XCTestDynamicOverlay.build/swift-overrides.hmap -emit-const-values -Xfrontend -const-gather-protocols-file -Xfrontend /Users/anushka_sharma/Library/Developer/Xcode/DerivedData/FMS-cwjlkvbqxgbddsairyzxkfxaxriv/Build/Intermediates.noindex/xctest-dynamic-overlay.build/Debug-iphonesimulator/XCTestDynamicOverlay.build/Objects-normal/x86_64/XCTestDynamicOverlay_const_extract_protocols.json -Xcc -I/Users/anushka_sharma/Library/Developer/Xcode/DerivedData/FMS-cwjlkvbqxgbddsairyzxkfxaxriv/Build/Products/Debug-iphonesimulator/include -Xcc -I/Users/anushka_sharma/Library/Developer/Xcode/DerivedData/FMS-cwjlkvbqxgbddsairyzxkfxaxriv/Build/Intermediates.noindex/xctest-dynamic-overlay.build/Debug-iphonesimulator/XCTestDynamicOverlay.build/DerivedSources-normal/x86_64 -Xcc -I/Users/anushka_sharma/Library/Developer/Xcode/DerivedData/FMS-cwjlkvbqxgbddsairyzxkfxaxriv/Build/Intermediates.noindex/xctest-dynamic-overlay.build/Debug-iphonesimulator/XCTestDynamicOverlay.build/DerivedSources/x86_64 -Xcc -I/Users/anushka_sharma/Library/Developer/Xcode/DerivedData/FMS-cwjlkvbqxgbddsairyzxkfxaxriv/Build/Intermediates.noindex/xctest-dynamic-overlay.build/Debug-iphonesimulator/XCTestDynamicOverlay.build/DerivedSources -Xcc -DSWIFT_PACKAGE -Xcc -DDEBUG\=1 -emit-objc-header -emit-objc-header-path /Users/anushka_sharma/Library/Developer/Xcode/DerivedData/FMS-cwjlkvbqxgbddsairyzxkfxaxriv/Build/Intermediates.noindex/xctest-dynamic-overlay.build/Debug-iphonesimulator/XCTestDynamicOverlay.build/Objects-normal/x86_64/XCTestDynamicOverlay-Swift.h -working-directory /Users/anushka_sharma/Documents/FMS/FMS.xcodeproj -experimental-emit-module-separately -disable-cmo

SwiftDriver\ Compilation\ Requirements XCTestDynamicOverlay normal x86_64 com.apple.xcode.tools.swift.compiler (in target 'XCTestDynamicOverlay' from project 'xctest-dynamic-overlay')
    cd /Users/anushka_sharma/Documents/FMS/FMS.xcodeproj
    builtin-Swift-Compilation-Requirements -- /Applications/Xcode.app/Contents/Developer/Toolchains/XcodeDefault.xctoolchain/usr/bin/swiftc -module-name XCTestDynamicOverlay -Onone -enforce-exclusivity\=checked @/Users/anushka_sharma/Library/Developer/Xcode/DerivedData/FMS-cwjlkvbqxgbddsairyzxkfxaxriv/Build/Intermediates.noindex/xctest-dynamic-overlay.build/Debug-iphonesimulator/XCTestDynamicOverlay.build/Objects-normal/x86_64/XCTestDynamicOverlay.SwiftFileList -DSWIFT_PACKAGE -DDEBUG -DSWIFT_MODULE_RESOURCE_BUNDLE_UNAVAILABLE -DXcode -plugin-path /Applications/Xcode.app/Contents/Developer/Toolchains/XcodeDefault.xctoolchain/usr/lib/swift/host/plugins/testing -enable-experimental-feature DebugDescriptionMacro -sdk /Applications/Xcode.app/Contents/Developer/Platforms/iPhoneSimulator.platform/Developer/SDKs/iPhoneSimulator26.2.sdk -target x86_64-apple-ios13.0-simulator -g -module-cache-path /Users/anushka_sharma/Library/Developer/Xcode/DerivedData/ModuleCache.noindex -Xfrontend -serialize-debugging-options -enable-testing -suppress-warnings -index-store-path /Users/anushka_sharma/Library/Developer/Xcode/DerivedData/FMS-cwjlkvbqxgbddsairyzxkfxaxriv/Index.noindex/DataStore -Xcc -D_LIBCPP_HARDENING_MODE\=_LIBCPP_HARDENING_MODE_DEBUG -swift-version 6 -I /Users/anushka_sharma/Library/Developer/Xcode/DerivedData/FMS-cwjlkvbqxgbddsairyzxkfxaxriv/Build/Products/Debug-iphonesimulator -Isystem /Applications/Xcode.app/Contents/Developer/Platforms/iPhoneSimulator.platform/Developer/usr/lib -F /Users/anushka_sharma/Library/Developer/Xcode/DerivedData/FMS-cwjlkvbqxgbddsairyzxkfxaxriv/Build/Products/Debug-iphonesimulator/PackageFrameworks -F /Users/anushka_sharma/Library/Developer/Xcode/DerivedData/FMS-cwjlkvbqxgbddsairyzxkfxaxriv/Build/Products/Debug-iphonesimulator/PackageFrameworks -F /Users/anushka_sharma/Library/Developer/Xcode/DerivedData/FMS-cwjlkvbqxgbddsairyzxkfxaxriv/Build/Products/Debug-iphonesimulator -F /Applications/Xcode.app/Contents/Developer/Platforms/iPhoneSimulator.platform/Developer/Library/Frameworks -F /Applications/Xcode.app/Contents/Developer/Platforms/iPhoneSimulator.platform/Developer/SDKs/iPhoneSimulator26.2.sdk/Developer/Library/Frameworks -c -j10 -enable-batch-mode -incremental -Xcc -ivfsstatcache -Xcc /Users/anushka_sharma/Library/Developer/Xcode/DerivedData/SDKStatCaches.noindex/iphonesimulator26.2-23C53-7d00a8b37fbd7999ea79df8ebc024bf0.sdkstatcache -output-file-map /Users/anushka_sharma/Library/Developer/Xcode/DerivedData/FMS-cwjlkvbqxgbddsairyzxkfxaxriv/Build/Intermediates.noindex/xctest-dynamic-overlay.build/Debug-iphonesimulator/XCTestDynamicOverlay.build/Objects-normal/x86_64/XCTestDynamicOverlay-OutputFileMap.json -use-frontend-parseable-output -save-temps -no-color-diagnostics -explicit-module-build -module-cache-path /Users/anushka_sharma/Library/Developer/Xcode/DerivedData/FMS-cwjlkvbqxgbddsairyzxkfxaxriv/Build/Intermediates.noindex/SwiftExplicitPrecompiledModules -clang-scanner-module-cache-path /Users/anushka_sharma/Library/Developer/Xcode/DerivedData/ModuleCache.noindex -sdk-module-cache-path /Users/anushka_sharma/Library/Developer/Xcode/DerivedData/ModuleCache.noindex -serialize-diagnostics -emit-dependencies -emit-module -emit-module-path /Users/anushka_sharma/Library/Developer/Xcode/DerivedData/FMS-cwjlkvbqxgbddsairyzxkfxaxriv/Build/Intermediates.noindex/xctest-dynamic-overlay.build/Debug-iphonesimulator/XCTestDynamicOverlay.build/Objects-normal/x86_64/XCTestDynamicOverlay.swiftmodule -user-module-version 1.9.0 -validate-clang-modules-once -clang-build-session-file /Users/anushka_sharma/Library/Developer/Xcode/DerivedData/ModuleCache.noindex/Session.modulevalidation -package-name xctest_dynamic_overlay -Xcc -I/Users/anushka_sharma/Library/Developer/Xcode/DerivedData/FMS-cwjlkvbqxgbddsairyzxkfxaxriv/Build/Intermediates.noindex/xctest-dynamic-overlay.build/Debug-iphonesimulator/XCTestDynamicOverlay.build/swift-overrides.hmap -emit-const-values -Xfrontend -const-gather-protocols-file -Xfrontend /Users/anushka_sharma/Library/Developer/Xcode/DerivedData/FMS-cwjlkvbqxgbddsairyzxkfxaxriv/Build/Intermediates.noindex/xctest-dynamic-overlay.build/Debug-iphonesimulator/XCTestDynamicOverlay.build/Objects-normal/x86_64/XCTestDynamicOverlay_const_extract_protocols.json -Xcc -I/Users/anushka_sharma/Library/Developer/Xcode/DerivedData/FMS-cwjlkvbqxgbddsairyzxkfxaxriv/Build/Products/Debug-iphonesimulator/include -Xcc -I/Users/anushka_sharma/Library/Developer/Xcode/DerivedData/FMS-cwjlkvbqxgbddsairyzxkfxaxriv/Build/Intermediates.noindex/xctest-dynamic-overlay.build/Debug-iphonesimulator/XCTestDynamicOverlay.build/DerivedSources-normal/x86_64 -Xcc -I/Users/anushka_sharma/Library/Developer/Xcode/DerivedData/FMS-cwjlkvbqxgbddsairyzxkfxaxriv/Build/Intermediates.noindex/xctest-dynamic-overlay.build/Debug-iphonesimulator/XCTestDynamicOverlay.build/DerivedSources/x86_64 -Xcc -I/Users/anushka_sharma/Library/Developer/Xcode/DerivedData/FMS-cwjlkvbqxgbddsairyzxkfxaxriv/Build/Intermediates.noindex/xctest-dynamic-overlay.build/Debug-iphonesimulator/XCTestDynamicOverlay.build/DerivedSources -Xcc -DSWIFT_PACKAGE -Xcc -DDEBUG\=1 -emit-objc-header -emit-objc-header-path /Users/anushka_sharma/Library/Developer/Xcode/DerivedData/FMS-cwjlkvbqxgbddsairyzxkfxaxriv/Build/Intermediates.noindex/xctest-dynamic-overlay.build/Debug-iphonesimulator/XCTestDynamicOverlay.build/Objects-normal/x86_64/XCTestDynamicOverlay-Swift.h -working-directory /Users/anushka_sharma/Documents/FMS/FMS.xcodeproj -experimental-emit-module-separately -disable-cmo

Ld /Users/anushka_sharma/Library/Developer/Xcode/DerivedData/FMS-cwjlkvbqxgbddsairyzxkfxaxriv/Build/Intermediates.noindex/swift-crypto.build/Debug-iphonesimulator/Crypto.build/Objects-normal/arm64/Binary/Crypto.o normal arm64 (in target 'Crypto' from project 'swift-crypto')
    cd /Users/anushka_sharma/Library/Developer/Xcode/DerivedData/FMS-cwjlkvbqxgbddsairyzxkfxaxriv/SourcePackages/checkouts/swift-crypto
    /Applications/Xcode.app/Contents/Developer/Toolchains/XcodeDefault.xctoolchain/usr/bin/clang -Xlinker -reproducible -target arm64-apple-ios12.0-simulator -r -isysroot /Applications/Xcode.app/Contents/Developer/Platforms/iPhoneSimulator.platform/Developer/SDKs/iPhoneSimulator26.2.sdk -O0 -w -L/Users/anushka_sharma/Library/Developer/Xcode/DerivedData/FMS-cwjlkvbqxgbddsairyzxkfxaxriv/Build/Intermediates.noindex/EagerLinkingTBDs/Debug-iphonesimulator -L/Users/anushka_sharma/Library/Developer/Xcode/DerivedData/FMS-cwjlkvbqxgbddsairyzxkfxaxriv/Build/Products/Debug-iphonesimulator -L/Applications/Xcode.app/Contents/Developer/Platforms/iPhoneSimulator.platform/Developer/usr/lib -F/Users/anushka_sharma/Library/Developer/Xcode/DerivedData/FMS-cwjlkvbqxgbddsairyzxkfxaxriv/Build/Intermediates.noindex/EagerLinkingTBDs/Debug-iphonesimulator -F/Users/anushka_sharma/Library/Developer/Xcode/DerivedData/FMS-cwjlkvbqxgbddsairyzxkfxaxriv/Build/Products/Debug-iphonesimulator -iframework /Applications/Xcode.app/Contents/Developer/Platforms/iPhoneSimulator.platform/Developer/Library/Frameworks -iframework /Applications/Xcode.app/Contents/Developer/Platforms/iPhoneSimulator.platform/Developer/SDKs/iPhoneSimulator26.2.sdk/Developer/Library/Frameworks -filelist /Users/anushka_sharma/Library/Developer/Xcode/DerivedData/FMS-cwjlkvbqxgbddsairyzxkfxaxriv/Build/Intermediates.noindex/swift-crypto.build/Debug-iphonesimulator/Crypto.build/Objects-normal/arm64/Crypto.LinkFileList -nostdlib -Xlinker -object_path_lto -Xlinker /Users/anushka_sharma/Library/Developer/Xcode/DerivedData/FMS-cwjlkvbqxgbddsairyzxkfxaxriv/Build/Intermediates.noindex/swift-crypto.build/Debug-iphonesimulator/Crypto.build/Objects-normal/arm64/Crypto_lto.o -rdynamic -Xlinker -no_deduplicate -Xlinker -objc_abi_version -Xlinker 2 -Xlinker -dependency_info -Xlinker /Users/anushka_sharma/Library/Developer/Xcode/DerivedData/FMS-cwjlkvbqxgbddsairyzxkfxaxriv/Build/Intermediates.noindex/swift-crypto.build/Debug-iphonesimulator/Crypto.build/Objects-normal/arm64/Crypto_dependency_info.dat -fobjc-link-runtime -L/Applications/Xcode.app/Contents/Developer/Toolchains/XcodeDefault.xctoolchain/usr/lib/swift/iphonesimulator -L/usr/lib/swift -Xlinker -add_ast_path -Xlinker /Users/anushka_sharma/Library/Developer/Xcode/DerivedData/FMS-cwjlkvbqxgbddsairyzxkfxaxriv/Build/Intermediates.noindex/swift-crypto.build/Debug-iphonesimulator/Crypto.build/Objects-normal/arm64/Crypto.swiftmodule @/Users/anushka_sharma/Library/Developer/Xcode/DerivedData/FMS-cwjlkvbqxgbddsairyzxkfxaxriv/Build/Intermediates.noindex/swift-crypto.build/Debug-iphonesimulator/Crypto.build/Objects-normal/arm64/Crypto-linker-args.resp -o /Users/anushka_sharma/Library/Developer/Xcode/DerivedData/FMS-cwjlkvbqxgbddsairyzxkfxaxriv/Build/Intermediates.noindex/swift-crypto.build/Debug-iphonesimulator/Crypto.build/Objects-normal/arm64/Binary/Crypto.o

SwiftDriver\ Compilation XCTestDynamicOverlay normal arm64 com.apple.xcode.tools.swift.compiler (in target 'XCTestDynamicOverlay' from project 'xctest-dynamic-overlay')
    cd /Users/anushka_sharma/Documents/FMS/FMS.xcodeproj
    builtin-Swift-Compilation -- /Applications/Xcode.app/Contents/Developer/Toolchains/XcodeDefault.xctoolchain/usr/bin/swiftc -module-name XCTestDynamicOverlay -Onone -enforce-exclusivity\=checked @/Users/anushka_sharma/Library/Developer/Xcode/DerivedData/FMS-cwjlkvbqxgbddsairyzxkfxaxriv/Build/Intermediates.noindex/xctest-dynamic-overlay.build/Debug-iphonesimulator/XCTestDynamicOverlay.build/Objects-normal/arm64/XCTestDynamicOverlay.SwiftFileList -DSWIFT_PACKAGE -DDEBUG -DSWIFT_MODULE_RESOURCE_BUNDLE_UNAVAILABLE -DXcode -plugin-path /Applications/Xcode.app/Contents/Developer/Toolchains/XcodeDefault.xctoolchain/usr/lib/swift/host/plugins/testing -enable-experimental-feature DebugDescriptionMacro -sdk /Applications/Xcode.app/Contents/Developer/Platforms/iPhoneSimulator.platform/Developer/SDKs/iPhoneSimulator26.2.sdk -target arm64-apple-ios13.0-simulator -g -module-cache-path /Users/anushka_sharma/Library/Developer/Xcode/DerivedData/ModuleCache.noindex -Xfrontend -serialize-debugging-options -enable-testing -suppress-warnings -index-store-path /Users/anushka_sharma/Library/Developer/Xcode/DerivedData/FMS-cwjlkvbqxgbddsairyzxkfxaxriv/Index.noindex/DataStore -Xcc -D_LIBCPP_HARDENING_MODE\=_LIBCPP_HARDENING_MODE_DEBUG -swift-version 6 -I /Users/anushka_sharma/Library/Developer/Xcode/DerivedData/FMS-cwjlkvbqxgbddsairyzxkfxaxriv/Build/Products/Debug-iphonesimulator -Isystem /Applications/Xcode.app/Contents/Developer/Platforms/iPhoneSimulator.platform/Developer/usr/lib -F /Users/anushka_sharma/Library/Developer/Xcode/DerivedData/FMS-cwjlkvbqxgbddsairyzxkfxaxriv/Build/Products/Debug-iphonesimulator/PackageFrameworks -F /Users/anushka_sharma/Library/Developer/Xcode/DerivedData/FMS-cwjlkvbqxgbddsairyzxkfxaxriv/Build/Products/Debug-iphonesimulator/PackageFrameworks -F /Users/anushka_sharma/Library/Developer/Xcode/DerivedData/FMS-cwjlkvbqxgbddsairyzxkfxaxriv/Build/Products/Debug-iphonesimulator -F /Applications/Xcode.app/Contents/Developer/Platforms/iPhoneSimulator.platform/Developer/Library/Frameworks -F /Applications/Xcode.app/Contents/Developer/Platforms/iPhoneSimulator.platform/Developer/SDKs/iPhoneSimulator26.2.sdk/Developer/Library/Frameworks -c -j10 -enable-batch-mode -incremental -Xcc -ivfsstatcache -Xcc /Users/anushka_sharma/Library/Developer/Xcode/DerivedData/SDKStatCaches.noindex/iphonesimulator26.2-23C53-7d00a8b37fbd7999ea79df8ebc024bf0.sdkstatcache -output-file-map /Users/anushka_sharma/Library/Developer/Xcode/DerivedData/FMS-cwjlkvbqxgbddsairyzxkfxaxriv/Build/Intermediates.noindex/xctest-dynamic-overlay.build/Debug-iphonesimulator/XCTestDynamicOverlay.build/Objects-normal/arm64/XCTestDynamicOverlay-OutputFileMap.json -use-frontend-parseable-output -save-temps -no-color-diagnostics -explicit-module-build -module-cache-path /Users/anushka_sharma/Library/Developer/Xcode/DerivedData/FMS-cwjlkvbqxgbddsairyzxkfxaxriv/Build/Intermediates.noindex/SwiftExplicitPrecompiledModules -clang-scanner-module-cache-path /Users/anushka_sharma/Library/Developer/Xcode/DerivedData/ModuleCache.noindex -sdk-module-cache-path /Users/anushka_sharma/Library/Developer/Xcode/DerivedData/ModuleCache.noindex -serialize-diagnostics -emit-dependencies -emit-module -emit-module-path /Users/anushka_sharma/Library/Developer/Xcode/DerivedData/FMS-cwjlkvbqxgbddsairyzxkfxaxriv/Build/Intermediates.noindex/xctest-dynamic-overlay.build/Debug-iphonesimulator/XCTestDynamicOverlay.build/Objects-normal/arm64/XCTestDynamicOverlay.swiftmodule -user-module-version 1.9.0 -validate-clang-modules-once -clang-build-session-file /Users/anushka_sharma/Library/Developer/Xcode/DerivedData/ModuleCache.noindex/Session.modulevalidation -package-name xctest_dynamic_overlay -Xcc -I/Users/anushka_sharma/Library/Developer/Xcode/DerivedData/FMS-cwjlkvbqxgbddsairyzxkfxaxriv/Build/Intermediates.noindex/xctest-dynamic-overlay.build/Debug-iphonesimulator/XCTestDynamicOverlay.build/swift-overrides.hmap -emit-const-values -Xfrontend -const-gather-protocols-file -Xfrontend /Users/anushka_sharma/Library/Developer/Xcode/DerivedData/FMS-cwjlkvbqxgbddsairyzxkfxaxriv/Build/Intermediates.noindex/xctest-dynamic-overlay.build/Debug-iphonesimulator/XCTestDynamicOverlay.build/Objects-normal/arm64/XCTestDynamicOverlay_const_extract_protocols.json -Xcc -I/Users/anushka_sharma/Library/Developer/Xcode/DerivedData/FMS-cwjlkvbqxgbddsairyzxkfxaxriv/Build/Products/Debug-iphonesimulator/include -Xcc -I/Users/anushka_sharma/Library/Developer/Xcode/DerivedData/FMS-cwjlkvbqxgbddsairyzxkfxaxriv/Build/Intermediates.noindex/xctest-dynamic-overlay.build/Debug-iphonesimulator/XCTestDynamicOverlay.build/DerivedSources-normal/arm64 -Xcc -I/Users/anushka_sharma/Library/Developer/Xcode/DerivedData/FMS-cwjlkvbqxgbddsairyzxkfxaxriv/Build/Intermediates.noindex/xctest-dynamic-overlay.build/Debug-iphonesimulator/XCTestDynamicOverlay.build/DerivedSources/arm64 -Xcc -I/Users/anushka_sharma/Library/Developer/Xcode/DerivedData/FMS-cwjlkvbqxgbddsairyzxkfxaxriv/Build/Intermediates.noindex/xctest-dynamic-overlay.build/Debug-iphonesimulator/XCTestDynamicOverlay.build/DerivedSources -Xcc -DSWIFT_PACKAGE -Xcc -DDEBUG\=1 -emit-objc-header -emit-objc-header-path /Users/anushka_sharma/Library/Developer/Xcode/DerivedData/FMS-cwjlkvbqxgbddsairyzxkfxaxriv/Build/Intermediates.noindex/xctest-dynamic-overlay.build/Debug-iphonesimulator/XCTestDynamicOverlay.build/Objects-normal/arm64/XCTestDynamicOverlay-Swift.h -working-directory /Users/anushka_sharma/Documents/FMS/FMS.xcodeproj -experimental-emit-module-separately -disable-cmo

SwiftDriver\ Compilation\ Requirements XCTestDynamicOverlay normal arm64 com.apple.xcode.tools.swift.compiler (in target 'XCTestDynamicOverlay' from project 'xctest-dynamic-overlay')
    cd /Users/anushka_sharma/Documents/FMS/FMS.xcodeproj
    builtin-Swift-Compilation-Requirements -- /Applications/Xcode.app/Contents/Developer/Toolchains/XcodeDefault.xctoolchain/usr/bin/swiftc -module-name XCTestDynamicOverlay -Onone -enforce-exclusivity\=checked @/Users/anushka_sharma/Library/Developer/Xcode/DerivedData/FMS-cwjlkvbqxgbddsairyzxkfxaxriv/Build/Intermediates.noindex/xctest-dynamic-overlay.build/Debug-iphonesimulator/XCTestDynamicOverlay.build/Objects-normal/arm64/XCTestDynamicOverlay.SwiftFileList -DSWIFT_PACKAGE -DDEBUG -DSWIFT_MODULE_RESOURCE_BUNDLE_UNAVAILABLE -DXcode -plugin-path /Applications/Xcode.app/Contents/Developer/Toolchains/XcodeDefault.xctoolchain/usr/lib/swift/host/plugins/testing -enable-experimental-feature DebugDescriptionMacro -sdk /Applications/Xcode.app/Contents/Developer/Platforms/iPhoneSimulator.platform/Developer/SDKs/iPhoneSimulator26.2.sdk -target arm64-apple-ios13.0-simulator -g -module-cache-path /Users/anushka_sharma/Library/Developer/Xcode/DerivedData/ModuleCache.noindex -Xfrontend -serialize-debugging-options -enable-testing -suppress-warnings -index-store-path /Users/anushka_sharma/Library/Developer/Xcode/DerivedData/FMS-cwjlkvbqxgbddsairyzxkfxaxriv/Index.noindex/DataStore -Xcc -D_LIBCPP_HARDENING_MODE\=_LIBCPP_HARDENING_MODE_DEBUG -swift-version 6 -I /Users/anushka_sharma/Library/Developer/Xcode/DerivedData/FMS-cwjlkvbqxgbddsairyzxkfxaxriv/Build/Products/Debug-iphonesimulator -Isystem /Applications/Xcode.app/Contents/Developer/Platforms/iPhoneSimulator.platform/Developer/usr/lib -F /Users/anushka_sharma/Library/Developer/Xcode/DerivedData/FMS-cwjlkvbqxgbddsairyzxkfxaxriv/Build/Products/Debug-iphonesimulator/PackageFrameworks -F /Users/anushka_sharma/Library/Developer/Xcode/DerivedData/FMS-cwjlkvbqxgbddsairyzxkfxaxriv/Build/Products/Debug-iphonesimulator/PackageFrameworks -F /Users/anushka_sharma/Library/Developer/Xcode/DerivedData/FMS-cwjlkvbqxgbddsairyzxkfxaxriv/Build/Products/Debug-iphonesimulator -F /Applications/Xcode.app/Contents/Developer/Platforms/iPhoneSimulator.platform/Developer/Library/Frameworks -F /Applications/Xcode.app/Contents/Developer/Platforms/iPhoneSimulator.platform/Developer/SDKs/iPhoneSimulator26.2.sdk/Developer/Library/Frameworks -c -j10 -enable-batch-mode -incremental -Xcc -ivfsstatcache -Xcc /Users/anushka_sharma/Library/Developer/Xcode/DerivedData/SDKStatCaches.noindex/iphonesimulator26.2-23C53-7d00a8b37fbd7999ea79df8ebc024bf0.sdkstatcache -output-file-map /Users/anushka_sharma/Library/Developer/Xcode/DerivedData/FMS-cwjlkvbqxgbddsairyzxkfxaxriv/Build/Intermediates.noindex/xctest-dynamic-overlay.build/Debug-iphonesimulator/XCTestDynamicOverlay.build/Objects-normal/arm64/XCTestDynamicOverlay-OutputFileMap.json -use-frontend-parseable-output -save-temps -no-color-diagnostics -explicit-module-build -module-cache-path /Users/anushka_sharma/Library/Developer/Xcode/DerivedData/FMS-cwjlkvbqxgbddsairyzxkfxaxriv/Build/Intermediates.noindex/SwiftExplicitPrecompiledModules -clang-scanner-module-cache-path /Users/anushka_sharma/Library/Developer/Xcode/DerivedData/ModuleCache.noindex -sdk-module-cache-path /Users/anushka_sharma/Library/Developer/Xcode/DerivedData/ModuleCache.noindex -serialize-diagnostics -emit-dependencies -emit-module -emit-module-path /Users/anushka_sharma/Library/Developer/Xcode/DerivedData/FMS-cwjlkvbqxgbddsairyzxkfxaxriv/Build/Intermediates.noindex/xctest-dynamic-overlay.build/Debug-iphonesimulator/XCTestDynamicOverlay.build/Objects-normal/arm64/XCTestDynamicOverlay.swiftmodule -user-module-version 1.9.0 -validate-clang-modules-once -clang-build-session-file /Users/anushka_sharma/Library/Developer/Xcode/DerivedData/ModuleCache.noindex/Session.modulevalidation -package-name xctest_dynamic_overlay -Xcc -I/Users/anushka_sharma/Library/Developer/Xcode/DerivedData/FMS-cwjlkvbqxgbddsairyzxkfxaxriv/Build/Intermediates.noindex/xctest-dynamic-overlay.build/Debug-iphonesimulator/XCTestDynamicOverlay.build/swift-overrides.hmap -emit-const-values -Xfrontend -const-gather-protocols-file -Xfrontend /Users/anushka_sharma/Library/Developer/Xcode/DerivedData/FMS-cwjlkvbqxgbddsairyzxkfxaxriv/Build/Intermediates.noindex/xctest-dynamic-overlay.build/Debug-iphonesimulator/XCTestDynamicOverlay.build/Objects-normal/arm64/XCTestDynamicOverlay_const_extract_protocols.json -Xcc -I/Users/anushka_sharma/Library/Developer/Xcode/DerivedData/FMS-cwjlkvbqxgbddsairyzxkfxaxriv/Build/Products/Debug-iphonesimulator/include -Xcc -I/Users/anushka_sharma/Library/Developer/Xcode/DerivedData/FMS-cwjlkvbqxgbddsairyzxkfxaxriv/Build/Intermediates.noindex/xctest-dynamic-overlay.build/Debug-iphonesimulator/XCTestDynamicOverlay.build/DerivedSources-normal/arm64 -Xcc -I/Users/anushka_sharma/Library/Developer/Xcode/DerivedData/FMS-cwjlkvbqxgbddsairyzxkfxaxriv/Build/Intermediates.noindex/xctest-dynamic-overlay.build/Debug-iphonesimulator/XCTestDynamicOverlay.build/DerivedSources/arm64 -Xcc -I/Users/anushka_sharma/Library/Developer/Xcode/DerivedData/FMS-cwjlkvbqxgbddsairyzxkfxaxriv/Build/Intermediates.noindex/xctest-dynamic-overlay.build/Debug-iphonesimulator/XCTestDynamicOverlay.build/DerivedSources -Xcc -DSWIFT_PACKAGE -Xcc -DDEBUG\=1 -emit-objc-header -emit-objc-header-path /Users/anushka_sharma/Library/Developer/Xcode/DerivedData/FMS-cwjlkvbqxgbddsairyzxkfxaxriv/Build/Intermediates.noindex/xctest-dynamic-overlay.build/Debug-iphonesimulator/XCTestDynamicOverlay.build/Objects-normal/arm64/XCTestDynamicOverlay-Swift.h -working-directory /Users/anushka_sharma/Documents/FMS/FMS.xcodeproj -experimental-emit-module-separately -disable-cmo

Copy /Users/anushka_sharma/Library/Developer/Xcode/DerivedData/FMS-cwjlkvbqxgbddsairyzxkfxaxriv/Build/Products/Debug-iphonesimulator/XCTestDynamicOverlay.swiftmodule/arm64-apple-ios-simulator.swiftdoc /Users/anushka_sharma/Library/Developer/Xcode/DerivedData/FMS-cwjlkvbqxgbddsairyzxkfxaxriv/Build/Intermediates.noindex/xctest-dynamic-overlay.build/Debug-iphonesimulator/XCTestDynamicOverlay.build/Objects-normal/arm64/XCTestDynamicOverlay.swiftdoc (in target 'XCTestDynamicOverlay' from project 'xctest-dynamic-overlay')
    cd /Users/anushka_sharma/Library/Developer/Xcode/DerivedData/FMS-cwjlkvbqxgbddsairyzxkfxaxriv/SourcePackages/checkouts/xctest-dynamic-overlay
    builtin-copy -exclude .DS_Store -exclude CVS -exclude .svn -exclude .git -exclude .hg -resolve-src-symlinks -rename /Users/anushka_sharma/Library/Developer/Xcode/DerivedData/FMS-cwjlkvbqxgbddsairyzxkfxaxriv/Build/Intermediates.noindex/xctest-dynamic-overlay.build/Debug-iphonesimulator/XCTestDynamicOverlay.build/Objects-normal/arm64/XCTestDynamicOverlay.swiftdoc /Users/anushka_sharma/Library/Developer/Xcode/DerivedData/FMS-cwjlkvbqxgbddsairyzxkfxaxriv/Build/Products/Debug-iphonesimulator/XCTestDynamicOverlay.swiftmodule/arm64-apple-ios-simulator.swiftdoc

Copy /Users/anushka_sharma/Library/Developer/Xcode/DerivedData/FMS-cwjlkvbqxgbddsairyzxkfxaxriv/Build/Products/Debug-iphonesimulator/XCTestDynamicOverlay.swiftmodule/arm64-apple-ios-simulator.swiftmodule /Users/anushka_sharma/Library/Developer/Xcode/DerivedData/FMS-cwjlkvbqxgbddsairyzxkfxaxriv/Build/Intermediates.noindex/xctest-dynamic-overlay.build/Debug-iphonesimulator/XCTestDynamicOverlay.build/Objects-normal/arm64/XCTestDynamicOverlay.swiftmodule (in target 'XCTestDynamicOverlay' from project 'xctest-dynamic-overlay')
    cd /Users/anushka_sharma/Library/Developer/Xcode/DerivedData/FMS-cwjlkvbqxgbddsairyzxkfxaxriv/SourcePackages/checkouts/xctest-dynamic-overlay
    builtin-copy -exclude .DS_Store -exclude CVS -exclude .svn -exclude .git -exclude .hg -resolve-src-symlinks -rename /Users/anushka_sharma/Library/Developer/Xcode/DerivedData/FMS-cwjlkvbqxgbddsairyzxkfxaxriv/Build/Intermediates.noindex/xctest-dynamic-overlay.build/Debug-iphonesimulator/XCTestDynamicOverlay.build/Objects-normal/arm64/XCTestDynamicOverlay.swiftmodule /Users/anushka_sharma/Library/Developer/Xcode/DerivedData/FMS-cwjlkvbqxgbddsairyzxkfxaxriv/Build/Products/Debug-iphonesimulator/XCTestDynamicOverlay.swiftmodule/arm64-apple-ios-simulator.swiftmodule

SwiftMergeGeneratedHeaders /Users/anushka_sharma/Library/Developer/Xcode/DerivedData/FMS-cwjlkvbqxgbddsairyzxkfxaxriv/Build/Intermediates.noindex/GeneratedModuleMaps-iphonesimulator/XCTestDynamicOverlay-Swift.h /Users/anushka_sharma/Library/Developer/Xcode/DerivedData/FMS-cwjlkvbqxgbddsairyzxkfxaxriv/Build/Intermediates.noindex/xctest-dynamic-overlay.build/Debug-iphonesimulator/XCTestDynamicOverlay.build/Objects-normal/arm64/XCTestDynamicOverlay-Swift.h /Users/anushka_sharma/Library/Developer/Xcode/DerivedData/FMS-cwjlkvbqxgbddsairyzxkfxaxriv/Build/Intermediates.noindex/xctest-dynamic-overlay.build/Debug-iphonesimulator/XCTestDynamicOverlay.build/Objects-normal/x86_64/XCTestDynamicOverlay-Swift.h (in target 'XCTestDynamicOverlay' from project 'xctest-dynamic-overlay')
    cd /Users/anushka_sharma/Library/Developer/Xcode/DerivedData/FMS-cwjlkvbqxgbddsairyzxkfxaxriv/SourcePackages/checkouts/xctest-dynamic-overlay
    builtin-swiftHeaderTool -arch arm64 /Users/anushka_sharma/Library/Developer/Xcode/DerivedData/FMS-cwjlkvbqxgbddsairyzxkfxaxriv/Build/Intermediates.noindex/xctest-dynamic-overlay.build/Debug-iphonesimulator/XCTestDynamicOverlay.build/Objects-normal/arm64/XCTestDynamicOverlay-Swift.h -arch x86_64 /Users/anushka_sharma/Library/Developer/Xcode/DerivedData/FMS-cwjlkvbqxgbddsairyzxkfxaxriv/Build/Intermediates.noindex/xctest-dynamic-overlay.build/Debug-iphonesimulator/XCTestDynamicOverlay.build/Objects-normal/x86_64/XCTestDynamicOverlay-Swift.h -o /Users/anushka_sharma/Library/Developer/Xcode/DerivedData/FMS-cwjlkvbqxgbddsairyzxkfxaxriv/Build/Intermediates.noindex/GeneratedModuleMaps-iphonesimulator/XCTestDynamicOverlay-Swift.h

Copy /Users/anushka_sharma/Library/Developer/Xcode/DerivedData/FMS-cwjlkvbqxgbddsairyzxkfxaxriv/Build/Products/Debug-iphonesimulator/XCTestDynamicOverlay.swiftmodule/arm64-apple-ios-simulator.abi.json /Users/anushka_sharma/Library/Developer/Xcode/DerivedData/FMS-cwjlkvbqxgbddsairyzxkfxaxriv/Build/Intermediates.noindex/xctest-dynamic-overlay.build/Debug-iphonesimulator/XCTestDynamicOverlay.build/Objects-normal/arm64/XCTestDynamicOverlay.abi.json (in target 'XCTestDynamicOverlay' from project 'xctest-dynamic-overlay')
    cd /Users/anushka_sharma/Library/Developer/Xcode/DerivedData/FMS-cwjlkvbqxgbddsairyzxkfxaxriv/SourcePackages/checkouts/xctest-dynamic-overlay
    builtin-copy -exclude .DS_Store -exclude CVS -exclude .svn -exclude .git -exclude .hg -resolve-src-symlinks -rename /Users/anushka_sharma/Library/Developer/Xcode/DerivedData/FMS-cwjlkvbqxgbddsairyzxkfxaxriv/Build/Intermediates.noindex/xctest-dynamic-overlay.build/Debug-iphonesimulator/XCTestDynamicOverlay.build/Objects-normal/arm64/XCTestDynamicOverlay.abi.json /Users/anushka_sharma/Library/Developer/Xcode/DerivedData/FMS-cwjlkvbqxgbddsairyzxkfxaxriv/Build/Products/Debug-iphonesimulator/XCTestDynamicOverlay.swiftmodule/arm64-apple-ios-simulator.abi.json

Copy /Users/anushka_sharma/Library/Developer/Xcode/DerivedData/FMS-cwjlkvbqxgbddsairyzxkfxaxriv/Build/Products/Debug-iphonesimulator/XCTestDynamicOverlay.swiftmodule/Project/arm64-apple-ios-simulator.swiftsourceinfo /Users/anushka_sharma/Library/Developer/Xcode/DerivedData/FMS-cwjlkvbqxgbddsairyzxkfxaxriv/Build/Intermediates.noindex/xctest-dynamic-overlay.build/Debug-iphonesimulator/XCTestDynamicOverlay.build/Objects-normal/arm64/XCTestDynamicOverlay.swiftsourceinfo (in target 'XCTestDynamicOverlay' from project 'xctest-dynamic-overlay')
    cd /Users/anushka_sharma/Library/Developer/Xcode/DerivedData/FMS-cwjlkvbqxgbddsairyzxkfxaxriv/SourcePackages/checkouts/xctest-dynamic-overlay
    builtin-copy -exclude .DS_Store -exclude CVS -exclude .svn -exclude .git -exclude .hg -resolve-src-symlinks -rename /Users/anushka_sharma/Library/Developer/Xcode/DerivedData/FMS-cwjlkvbqxgbddsairyzxkfxaxriv/Build/Intermediates.noindex/xctest-dynamic-overlay.build/Debug-iphonesimulator/XCTestDynamicOverlay.build/Objects-normal/arm64/XCTestDynamicOverlay.swiftsourceinfo /Users/anushka_sharma/Library/Developer/Xcode/DerivedData/FMS-cwjlkvbqxgbddsairyzxkfxaxriv/Build/Products/Debug-iphonesimulator/XCTestDynamicOverlay.swiftmodule/Project/arm64-apple-ios-simulator.swiftsourceinfo

CreateUniversalBinary /Users/anushka_sharma/Library/Developer/Xcode/DerivedData/FMS-cwjlkvbqxgbddsairyzxkfxaxriv/Build/Products/Debug-iphonesimulator/Crypto.o normal arm64\ x86_64 (in target 'Crypto' from project 'swift-crypto')
    cd /Users/anushka_sharma/Library/Developer/Xcode/DerivedData/FMS-cwjlkvbqxgbddsairyzxkfxaxriv/SourcePackages/checkouts/swift-crypto
    /Applications/Xcode.app/Contents/Developer/Toolchains/XcodeDefault.xctoolchain/usr/bin/lipo -create /Users/anushka_sharma/Library/Developer/Xcode/DerivedData/FMS-cwjlkvbqxgbddsairyzxkfxaxriv/Build/Intermediates.noindex/swift-crypto.build/Debug-iphonesimulator/Crypto.build/Objects-normal/arm64/Binary/Crypto.o /Users/anushka_sharma/Library/Developer/Xcode/DerivedData/FMS-cwjlkvbqxgbddsairyzxkfxaxriv/Build/Intermediates.noindex/swift-crypto.build/Debug-iphonesimulator/Crypto.build/Objects-normal/x86_64/Binary/Crypto.o -output /Users/anushka_sharma/Library/Developer/Xcode/DerivedData/FMS-cwjlkvbqxgbddsairyzxkfxaxriv/Build/Products/Debug-iphonesimulator/Crypto.o

ExtractAppIntentsMetadata (in target 'Crypto' from project 'swift-crypto')
    cd /Users/anushka_sharma/Library/Developer/Xcode/DerivedData/FMS-cwjlkvbqxgbddsairyzxkfxaxriv/SourcePackages/checkouts/swift-crypto
    /Applications/Xcode.app/Contents/Developer/Toolchains/XcodeDefault.xctoolchain/usr/bin/appintentsmetadataprocessor --toolchain-dir /Applications/Xcode.app/Contents/Developer/Toolchains/XcodeDefault.xctoolchain --module-name Crypto --sdk-root /Applications/Xcode.app/Contents/Developer/Platforms/iPhoneSimulator.platform/Developer/SDKs/iPhoneSimulator26.2.sdk --xcode-version 17C52 --platform-family iOS --deployment-target 12.0 --bundle-identifier swift-crypto.Crypto --output /Users/anushka_sharma/Library/Developer/Xcode/DerivedData/FMS-cwjlkvbqxgbddsairyzxkfxaxriv/Build/Products/Debug-iphonesimulator/Crypto.appintents --target-triple arm64-apple-ios12.0-simulator --target-triple x86_64-apple-ios12.0-simulator --binary-file /Users/anushka_sharma/Library/Developer/Xcode/DerivedData/FMS-cwjlkvbqxgbddsairyzxkfxaxriv/Build/Products/Debug-iphonesimulator/Crypto.o --dependency-file /Users/anushka_sharma/Library/Developer/Xcode/DerivedData/FMS-cwjlkvbqxgbddsairyzxkfxaxriv/Build/Intermediates.noindex/swift-crypto.build/Debug-iphonesimulator/Crypto.build/Objects-normal/arm64/Crypto_dependency_info.dat --dependency-file /Users/anushka_sharma/Library/Developer/Xcode/DerivedData/FMS-cwjlkvbqxgbddsairyzxkfxaxriv/Build/Intermediates.noindex/swift-crypto.build/Debug-iphonesimulator/Crypto.build/Objects-normal/x86_64/Crypto_dependency_info.dat --stringsdata-file /Users/anushka_sharma/Library/Developer/Xcode/DerivedData/FMS-cwjlkvbqxgbddsairyzxkfxaxriv/Build/Intermediates.noindex/swift-crypto.build/Debug-iphonesimulator/Crypto.build/Objects-normal/arm64/ExtractedAppShortcutsMetadata.stringsdata --stringsdata-file /Users/anushka_sharma/Library/Developer/Xcode/DerivedData/FMS-cwjlkvbqxgbddsairyzxkfxaxriv/Build/Intermediates.noindex/swift-crypto.build/Debug-iphonesimulator/Crypto.build/Objects-normal/x86_64/ExtractedAppShortcutsMetadata.stringsdata --source-file-list /Users/anushka_sharma/Library/Developer/Xcode/DerivedData/FMS-cwjlkvbqxgbddsairyzxkfxaxriv/Build/Intermediates.noindex/swift-crypto.build/Debug-iphonesimulator/Crypto.build/Objects-normal/arm64/Crypto.SwiftFileList --source-file-list /Users/anushka_sharma/Library/Developer/Xcode/DerivedData/FMS-cwjlkvbqxgbddsairyzxkfxaxriv/Build/Intermediates.noindex/swift-crypto.build/Debug-iphonesimulator/Crypto.build/Objects-normal/x86_64/Crypto.SwiftFileList --metadata-file-list /Users/anushka_sharma/Library/Developer/Xcode/DerivedData/FMS-cwjlkvbqxgbddsairyzxkfxaxriv/Build/Intermediates.noindex/swift-crypto.build/Debug-iphonesimulator/Crypto.build/Crypto.DependencyMetadataFileList --static-metadata-file-list /Users/anushka_sharma/Library/Developer/Xcode/DerivedData/FMS-cwjlkvbqxgbddsairyzxkfxaxriv/Build/Intermediates.noindex/swift-crypto.build/Debug-iphonesimulator/Crypto.build/Crypto.DependencyStaticMetadataFileList --swift-const-vals-list /Users/anushka_sharma/Library/Developer/Xcode/DerivedData/FMS-cwjlkvbqxgbddsairyzxkfxaxriv/Build/Intermediates.noindex/swift-crypto.build/Debug-iphonesimulator/Crypto.build/Objects-normal/arm64/Crypto.SwiftConstValuesFileList --swift-const-vals-list /Users/anushka_sharma/Library/Developer/Xcode/DerivedData/FMS-cwjlkvbqxgbddsairyzxkfxaxriv/Build/Intermediates.noindex/swift-crypto.build/Debug-iphonesimulator/Crypto.build/Objects-normal/x86_64/Crypto.SwiftConstValuesFileList --force --compile-time-extraction --deployment-aware-processing --validate-assistant-intents --no-app-shortcuts-localization
2026-05-29 10:07:10.771 appintentsmetadataprocessor[29873:518664] Starting appintentsmetadataprocessor export
2026-05-29 10:07:10.980 appintentsmetadataprocessor[29873:518664] Extracted no relevant App Intents symbols, skipping writing output

RegisterExecutionPolicyException /Users/anushka_sharma/Library/Developer/Xcode/DerivedData/FMS-cwjlkvbqxgbddsairyzxkfxaxriv/Build/Products/Debug-iphonesimulator/IssueReporting.o (in target 'IssueReporting' from project 'xctest-dynamic-overlay')
    cd /Users/anushka_sharma/Library/Developer/Xcode/DerivedData/FMS-cwjlkvbqxgbddsairyzxkfxaxriv/SourcePackages/checkouts/xctest-dynamic-overlay
    builtin-RegisterExecutionPolicyException /Users/anushka_sharma/Library/Developer/Xcode/DerivedData/FMS-cwjlkvbqxgbddsairyzxkfxaxriv/Build/Products/Debug-iphonesimulator/IssueReporting.o

Ld /Users/anushka_sharma/Library/Developer/Xcode/DerivedData/FMS-cwjlkvbqxgbddsairyzxkfxaxriv/Build/Intermediates.noindex/xctest-dynamic-overlay.build/Debug-iphonesimulator/XCTestDynamicOverlay.build/Objects-normal/arm64/Binary/XCTestDynamicOverlay.o normal arm64 (in target 'XCTestDynamicOverlay' from project 'xctest-dynamic-overlay')
    cd /Users/anushka_sharma/Library/Developer/Xcode/DerivedData/FMS-cwjlkvbqxgbddsairyzxkfxaxriv/SourcePackages/checkouts/xctest-dynamic-overlay
    /Applications/Xcode.app/Contents/Developer/Toolchains/XcodeDefault.xctoolchain/usr/bin/clang -Xlinker -reproducible -target arm64-apple-ios13.0-simulator -r -isysroot /Applications/Xcode.app/Contents/Developer/Platforms/iPhoneSimulator.platform/Developer/SDKs/iPhoneSimulator26.2.sdk -O0 -w -L/Users/anushka_sharma/Library/Developer/Xcode/DerivedData/FMS-cwjlkvbqxgbddsairyzxkfxaxriv/Build/Intermediates.noindex/EagerLinkingTBDs/Debug-iphonesimulator -L/Users/anushka_sharma/Library/Developer/Xcode/DerivedData/FMS-cwjlkvbqxgbddsairyzxkfxaxriv/Build/Products/Debug-iphonesimulator -L/Applications/Xcode.app/Contents/Developer/Platforms/iPhoneSimulator.platform/Developer/usr/lib -F/Users/anushka_sharma/Library/Developer/Xcode/DerivedData/FMS-cwjlkvbqxgbddsairyzxkfxaxriv/Build/Intermediates.noindex/EagerLinkingTBDs/Debug-iphonesimulator -F/Users/anushka_sharma/Library/Developer/Xcode/DerivedData/FMS-cwjlkvbqxgbddsairyzxkfxaxriv/Build/Products/Debug-iphonesimulator/PackageFrameworks -F/Users/anushka_sharma/Library/Developer/Xcode/DerivedData/FMS-cwjlkvbqxgbddsairyzxkfxaxriv/Build/Products/Debug-iphonesimulator/PackageFrameworks -F/Users/anushka_sharma/Library/Developer/Xcode/DerivedData/FMS-cwjlkvbqxgbddsairyzxkfxaxriv/Build/Products/Debug-iphonesimulator -iframework /Applications/Xcode.app/Contents/Developer/Platforms/iPhoneSimulator.platform/Developer/Library/Frameworks -iframework /Applications/Xcode.app/Contents/Developer/Platforms/iPhoneSimulator.platform/Developer/SDKs/iPhoneSimulator26.2.sdk/Developer/Library/Frameworks -filelist /Users/anushka_sharma/Library/Developer/Xcode/DerivedData/FMS-cwjlkvbqxgbddsairyzxkfxaxriv/Build/Intermediates.noindex/xctest-dynamic-overlay.build/Debug-iphonesimulator/XCTestDynamicOverlay.build/Objects-normal/arm64/XCTestDynamicOverlay.LinkFileList -nostdlib -Xlinker -object_path_lto -Xlinker /Users/anushka_sharma/Library/Developer/Xcode/DerivedData/FMS-cwjlkvbqxgbddsairyzxkfxaxriv/Build/Intermediates.noindex/xctest-dynamic-overlay.build/Debug-iphonesimulator/XCTestDynamicOverlay.build/Objects-normal/arm64/XCTestDynamicOverlay_lto.o -rdynamic -Xlinker -no_deduplicate -Xlinker -objc_abi_version -Xlinker 2 -Xlinker -dependency_info -Xlinker /Users/anushka_sharma/Library/Developer/Xcode/DerivedData/FMS-cwjlkvbqxgbddsairyzxkfxaxriv/Build/Intermediates.noindex/xctest-dynamic-overlay.build/Debug-iphonesimulator/XCTestDynamicOverlay.build/Objects-normal/arm64/XCTestDynamicOverlay_dependency_info.dat -fobjc-link-runtime -L/Applications/Xcode.app/Contents/Developer/Toolchains/XcodeDefault.xctoolchain/usr/lib/swift/iphonesimulator -L/usr/lib/swift -Xlinker -add_ast_path -Xlinker /Users/anushka_sharma/Library/Developer/Xcode/DerivedData/FMS-cwjlkvbqxgbddsairyzxkfxaxriv/Build/Intermediates.noindex/xctest-dynamic-overlay.build/Debug-iphonesimulator/XCTestDynamicOverlay.build/Objects-normal/arm64/XCTestDynamicOverlay.swiftmodule @/Users/anushka_sharma/Library/Developer/Xcode/DerivedData/FMS-cwjlkvbqxgbddsairyzxkfxaxriv/Build/Intermediates.noindex/xctest-dynamic-overlay.build/Debug-iphonesimulator/XCTestDynamicOverlay.build/Objects-normal/arm64/XCTestDynamicOverlay-linker-args.resp -o /Users/anushka_sharma/Library/Developer/Xcode/DerivedData/FMS-cwjlkvbqxgbddsairyzxkfxaxriv/Build/Intermediates.noindex/xctest-dynamic-overlay.build/Debug-iphonesimulator/XCTestDynamicOverlay.build/Objects-normal/arm64/Binary/XCTestDynamicOverlay.o

CreateUniversalBinary /Users/anushka_sharma/Library/Developer/Xcode/DerivedData/FMS-cwjlkvbqxgbddsairyzxkfxaxriv/Build/Products/Debug-iphonesimulator/XCTestDynamicOverlay.o normal arm64\ x86_64 (in target 'XCTestDynamicOverlay' from project 'xctest-dynamic-overlay')
    cd /Users/anushka_sharma/Library/Developer/Xcode/DerivedData/FMS-cwjlkvbqxgbddsairyzxkfxaxriv/SourcePackages/checkouts/xctest-dynamic-overlay
    /Applications/Xcode.app/Contents/Developer/Toolchains/XcodeDefault.xctoolchain/usr/bin/lipo -create /Users/anushka_sharma/Library/Developer/Xcode/DerivedData/FMS-cwjlkvbqxgbddsairyzxkfxaxriv/Build/Intermediates.noindex/xctest-dynamic-overlay.build/Debug-iphonesimulator/XCTestDynamicOverlay.build/Objects-normal/arm64/Binary/XCTestDynamicOverlay.o /Users/anushka_sharma/Library/Developer/Xcode/DerivedData/FMS-cwjlkvbqxgbddsairyzxkfxaxriv/Build/Intermediates.noindex/xctest-dynamic-overlay.build/Debug-iphonesimulator/XCTestDynamicOverlay.build/Objects-normal/x86_64/Binary/XCTestDynamicOverlay.o -output /Users/anushka_sharma/Library/Developer/Xcode/DerivedData/FMS-cwjlkvbqxgbddsairyzxkfxaxriv/Build/Products/Debug-iphonesimulator/XCTestDynamicOverlay.o

ExtractAppIntentsMetadata (in target 'XCTestDynamicOverlay' from project 'xctest-dynamic-overlay')
    cd /Users/anushka_sharma/Library/Developer/Xcode/DerivedData/FMS-cwjlkvbqxgbddsairyzxkfxaxriv/SourcePackages/checkouts/xctest-dynamic-overlay
    /Applications/Xcode.app/Contents/Developer/Toolchains/XcodeDefault.xctoolchain/usr/bin/appintentsmetadataprocessor --toolchain-dir /Applications/Xcode.app/Contents/Developer/Toolchains/XcodeDefault.xctoolchain --module-name XCTestDynamicOverlay --sdk-root /Applications/Xcode.app/Contents/Developer/Platforms/iPhoneSimulator.platform/Developer/SDKs/iPhoneSimulator26.2.sdk --xcode-version 17C52 --platform-family iOS --deployment-target 13.0 --bundle-identifier xctest-dynamic-overlay.XCTestDynamicOverlay --output /Users/anushka_sharma/Library/Developer/Xcode/DerivedData/FMS-cwjlkvbqxgbddsairyzxkfxaxriv/Build/Products/Debug-iphonesimulator/XCTestDynamicOverlay.appintents --target-triple arm64-apple-ios13.0-simulator --target-triple x86_64-apple-ios13.0-simulator --binary-file /Users/anushka_sharma/Library/Developer/Xcode/DerivedData/FMS-cwjlkvbqxgbddsairyzxkfxaxriv/Build/Products/Debug-iphonesimulator/XCTestDynamicOverlay.o --dependency-file /Users/anushka_sharma/Library/Developer/Xcode/DerivedData/FMS-cwjlkvbqxgbddsairyzxkfxaxriv/Build/Intermediates.noindex/xctest-dynamic-overlay.build/Debug-iphonesimulator/XCTestDynamicOverlay.build/Objects-normal/arm64/XCTestDynamicOverlay_dependency_info.dat --dependency-file /Users/anushka_sharma/Library/Developer/Xcode/DerivedData/FMS-cwjlkvbqxgbddsairyzxkfxaxriv/Build/Intermediates.noindex/xctest-dynamic-overlay.build/Debug-iphonesimulator/XCTestDynamicOverlay.build/Objects-normal/x86_64/XCTestDynamicOverlay_dependency_info.dat --stringsdata-file /Users/anushka_sharma/Library/Developer/Xcode/DerivedData/FMS-cwjlkvbqxgbddsairyzxkfxaxriv/Build/Intermediates.noindex/xctest-dynamic-overlay.build/Debug-iphonesimulator/XCTestDynamicOverlay.build/Objects-normal/arm64/ExtractedAppShortcutsMetadata.stringsdata --stringsdata-file /Users/anushka_sharma/Library/Developer/Xcode/DerivedData/FMS-cwjlkvbqxgbddsairyzxkfxaxriv/Build/Intermediates.noindex/xctest-dynamic-overlay.build/Debug-iphonesimulator/XCTestDynamicOverlay.build/Objects-normal/x86_64/ExtractedAppShortcutsMetadata.stringsdata --source-file-list /Users/anushka_sharma/Library/Developer/Xcode/DerivedData/FMS-cwjlkvbqxgbddsairyzxkfxaxriv/Build/Intermediates.noindex/xctest-dynamic-overlay.build/Debug-iphonesimulator/XCTestDynamicOverlay.build/Objects-normal/arm64/XCTestDynamicOverlay.SwiftFileList --source-file-list /Users/anushka_sharma/Library/Developer/Xcode/DerivedData/FMS-cwjlkvbqxgbddsairyzxkfxaxriv/Build/Intermediates.noindex/xctest-dynamic-overlay.build/Debug-iphonesimulator/XCTestDynamicOverlay.build/Objects-normal/x86_64/XCTestDynamicOverlay.SwiftFileList --metadata-file-list /Users/anushka_sharma/Library/Developer/Xcode/DerivedData/FMS-cwjlkvbqxgbddsairyzxkfxaxriv/Build/Intermediates.noindex/xctest-dynamic-overlay.build/Debug-iphonesimulator/XCTestDynamicOverlay.build/XCTestDynamicOverlay.DependencyMetadataFileList --static-metadata-file-list /Users/anushka_sharma/Library/Developer/Xcode/DerivedData/FMS-cwjlkvbqxgbddsairyzxkfxaxriv/Build/Intermediates.noindex/xctest-dynamic-overlay.build/Debug-iphonesimulator/XCTestDynamicOverlay.build/XCTestDynamicOverlay.DependencyStaticMetadataFileList --swift-const-vals-list /Users/anushka_sharma/Library/Developer/Xcode/DerivedData/FMS-cwjlkvbqxgbddsairyzxkfxaxriv/Build/Intermediates.noindex/xctest-dynamic-overlay.build/Debug-iphonesimulator/XCTestDynamicOverlay.build/Objects-normal/arm64/XCTestDynamicOverlay.SwiftConstValuesFileList --swift-const-vals-list /Users/anushka_sharma/Library/Developer/Xcode/DerivedData/FMS-cwjlkvbqxgbddsairyzxkfxaxriv/Build/Intermediates.noindex/xctest-dynamic-overlay.build/Debug-iphonesimulator/XCTestDynamicOverlay.build/Objects-normal/x86_64/XCTestDynamicOverlay.SwiftConstValuesFileList --force --compile-time-extraction --deployment-aware-processing --validate-assistant-intents --no-app-shortcuts-localization
2026-05-29 10:07:10.854 appintentsmetadataprocessor[29880:518699] Starting appintentsmetadataprocessor export
2026-05-29 10:07:11.062 appintentsmetadataprocessor[29880:518699] Extracted no relevant App Intents symbols, skipping writing output

SwiftDriver\ Compilation\ Requirements Clocks normal arm64 com.apple.xcode.tools.swift.compiler (in target 'Clocks' from project 'swift-clocks')
    cd /Users/anushka_sharma/Documents/FMS/FMS.xcodeproj
    builtin-Swift-Compilation-Requirements -- /Applications/Xcode.app/Contents/Developer/Toolchains/XcodeDefault.xctoolchain/usr/bin/swiftc -module-name Clocks -Onone -enforce-exclusivity\=checked @/Users/anushka_sharma/Library/Developer/Xcode/DerivedData/FMS-cwjlkvbqxgbddsairyzxkfxaxriv/Build/Intermediates.noindex/swift-clocks.build/Debug-iphonesimulator/Clocks.build/Objects-normal/arm64/Clocks.SwiftFileList -DSWIFT_PACKAGE -DDEBUG -DSWIFT_MODULE_RESOURCE_BUNDLE_UNAVAILABLE -DXcode -plugin-path /Applications/Xcode.app/Contents/Developer/Toolchains/XcodeDefault.xctoolchain/usr/lib/swift/host/plugins/testing -enable-experimental-feature DebugDescriptionMacro -sdk /Applications/Xcode.app/Contents/Developer/Platforms/iPhoneSimulator.platform/Developer/SDKs/iPhoneSimulator26.2.sdk -target arm64-apple-ios13.0-simulator -g -module-cache-path /Users/anushka_sharma/Library/Developer/Xcode/DerivedData/ModuleCache.noindex -Xfrontend -serialize-debugging-options -enable-testing -suppress-warnings -index-store-path /Users/anushka_sharma/Library/Developer/Xcode/DerivedData/FMS-cwjlkvbqxgbddsairyzxkfxaxriv/Index.noindex/DataStore -Xcc -D_LIBCPP_HARDENING_MODE\=_LIBCPP_HARDENING_MODE_DEBUG -swift-version 6 -I /Users/anushka_sharma/Library/Developer/Xcode/DerivedData/FMS-cwjlkvbqxgbddsairyzxkfxaxriv/Build/Products/Debug-iphonesimulator -Isystem /Applications/Xcode.app/Contents/Developer/Platforms/iPhoneSimulator.platform/Developer/usr/lib -F /Users/anushka_sharma/Library/Developer/Xcode/DerivedData/FMS-cwjlkvbqxgbddsairyzxkfxaxriv/Build/Products/Debug-iphonesimulator/PackageFrameworks -F /Users/anushka_sharma/Library/Developer/Xcode/DerivedData/FMS-cwjlkvbqxgbddsairyzxkfxaxriv/Build/Products/Debug-iphonesimulator/PackageFrameworks -F /Users/anushka_sharma/Library/Developer/Xcode/DerivedData/FMS-cwjlkvbqxgbddsairyzxkfxaxriv/Build/Products/Debug-iphonesimulator/PackageFrameworks -F /Users/anushka_sharma/Library/Developer/Xcode/DerivedData/FMS-cwjlkvbqxgbddsairyzxkfxaxriv/Build/Products/Debug-iphonesimulator -F /Applications/Xcode.app/Contents/Developer/Platforms/iPhoneSimulator.platform/Developer/Library/Frameworks -F /Applications/Xcode.app/Contents/Developer/Platforms/iPhoneSimulator.platform/Developer/SDKs/iPhoneSimulator26.2.sdk/Developer/Library/Frameworks -c -j10 -enable-batch-mode -incremental -Xcc -ivfsstatcache -Xcc /Users/anushka_sharma/Library/Developer/Xcode/DerivedData/SDKStatCaches.noindex/iphonesimulator26.2-23C53-7d00a8b37fbd7999ea79df8ebc024bf0.sdkstatcache -output-file-map /Users/anushka_sharma/Library/Developer/Xcode/DerivedData/FMS-cwjlkvbqxgbddsairyzxkfxaxriv/Build/Intermediates.noindex/swift-clocks.build/Debug-iphonesimulator/Clocks.build/Objects-normal/arm64/Clocks-OutputFileMap.json -use-frontend-parseable-output -save-temps -no-color-diagnostics -explicit-module-build -module-cache-path /Users/anushka_sharma/Library/Developer/Xcode/DerivedData/FMS-cwjlkvbqxgbddsairyzxkfxaxriv/Build/Intermediates.noindex/SwiftExplicitPrecompiledModules -clang-scanner-module-cache-path /Users/anushka_sharma/Library/Developer/Xcode/DerivedData/ModuleCache.noindex -sdk-module-cache-path /Users/anushka_sharma/Library/Developer/Xcode/DerivedData/ModuleCache.noindex -serialize-diagnostics -emit-dependencies -emit-module -emit-module-path /Users/anushka_sharma/Library/Developer/Xcode/DerivedData/FMS-cwjlkvbqxgbddsairyzxkfxaxriv/Build/Intermediates.noindex/swift-clocks.build/Debug-iphonesimulator/Clocks.build/Objects-normal/arm64/Clocks.swiftmodule -user-module-version 1.0.6 -validate-clang-modules-once -clang-build-session-file /Users/anushka_sharma/Library/Developer/Xcode/DerivedData/ModuleCache.noindex/Session.modulevalidation -package-name swift_clocks -Xcc -I/Users/anushka_sharma/Library/Developer/Xcode/DerivedData/FMS-cwjlkvbqxgbddsairyzxkfxaxriv/Build/Intermediates.noindex/swift-clocks.build/Debug-iphonesimulator/Clocks.build/swift-overrides.hmap -emit-const-values -Xfrontend -const-gather-protocols-file -Xfrontend /Users/anushka_sharma/Library/Developer/Xcode/DerivedData/FMS-cwjlkvbqxgbddsairyzxkfxaxriv/Build/Intermediates.noindex/swift-clocks.build/Debug-iphonesimulator/Clocks.build/Objects-normal/arm64/Clocks_const_extract_protocols.json -Xcc -I/Users/anushka_sharma/Library/Developer/Xcode/DerivedData/FMS-cwjlkvbqxgbddsairyzxkfxaxriv/Build/Products/Debug-iphonesimulator/include -Xcc -I/Users/anushka_sharma/Library/Developer/Xcode/DerivedData/FMS-cwjlkvbqxgbddsairyzxkfxaxriv/Build/Intermediates.noindex/swift-clocks.build/Debug-iphonesimulator/Clocks.build/DerivedSources-normal/arm64 -Xcc -I/Users/anushka_sharma/Library/Developer/Xcode/DerivedData/FMS-cwjlkvbqxgbddsairyzxkfxaxriv/Build/Intermediates.noindex/swift-clocks.build/Debug-iphonesimulator/Clocks.build/DerivedSources/arm64 -Xcc -I/Users/anushka_sharma/Library/Developer/Xcode/DerivedData/FMS-cwjlkvbqxgbddsairyzxkfxaxriv/Build/Intermediates.noindex/swift-clocks.build/Debug-iphonesimulator/Clocks.build/DerivedSources -Xcc -DSWIFT_PACKAGE -Xcc -DDEBUG\=1 -emit-objc-header -emit-objc-header-path /Users/anushka_sharma/Library/Developer/Xcode/DerivedData/FMS-cwjlkvbqxgbddsairyzxkfxaxriv/Build/Intermediates.noindex/swift-clocks.build/Debug-iphonesimulator/Clocks.build/Objects-normal/arm64/Clocks-Swift.h -working-directory /Users/anushka_sharma/Documents/FMS/FMS.xcodeproj -experimental-emit-module-separately -disable-cmo

SwiftDriver\ Compilation Clocks normal arm64 com.apple.xcode.tools.swift.compiler (in target 'Clocks' from project 'swift-clocks')
    cd /Users/anushka_sharma/Documents/FMS/FMS.xcodeproj
    builtin-Swift-Compilation -- /Applications/Xcode.app/Contents/Developer/Toolchains/XcodeDefault.xctoolchain/usr/bin/swiftc -module-name Clocks -Onone -enforce-exclusivity\=checked @/Users/anushka_sharma/Library/Developer/Xcode/DerivedData/FMS-cwjlkvbqxgbddsairyzxkfxaxriv/Build/Intermediates.noindex/swift-clocks.build/Debug-iphonesimulator/Clocks.build/Objects-normal/arm64/Clocks.SwiftFileList -DSWIFT_PACKAGE -DDEBUG -DSWIFT_MODULE_RESOURCE_BUNDLE_UNAVAILABLE -DXcode -plugin-path /Applications/Xcode.app/Contents/Developer/Toolchains/XcodeDefault.xctoolchain/usr/lib/swift/host/plugins/testing -enable-experimental-feature DebugDescriptionMacro -sdk /Applications/Xcode.app/Contents/Developer/Platforms/iPhoneSimulator.platform/Developer/SDKs/iPhoneSimulator26.2.sdk -target arm64-apple-ios13.0-simulator -g -module-cache-path /Users/anushka_sharma/Library/Developer/Xcode/DerivedData/ModuleCache.noindex -Xfrontend -serialize-debugging-options -enable-testing -suppress-warnings -index-store-path /Users/anushka_sharma/Library/Developer/Xcode/DerivedData/FMS-cwjlkvbqxgbddsairyzxkfxaxriv/Index.noindex/DataStore -Xcc -D_LIBCPP_HARDENING_MODE\=_LIBCPP_HARDENING_MODE_DEBUG -swift-version 6 -I /Users/anushka_sharma/Library/Developer/Xcode/DerivedData/FMS-cwjlkvbqxgbddsairyzxkfxaxriv/Build/Products/Debug-iphonesimulator -Isystem /Applications/Xcode.app/Contents/Developer/Platforms/iPhoneSimulator.platform/Developer/usr/lib -F /Users/anushka_sharma/Library/Developer/Xcode/DerivedData/FMS-cwjlkvbqxgbddsairyzxkfxaxriv/Build/Products/Debug-iphonesimulator/PackageFrameworks -F /Users/anushka_sharma/Library/Developer/Xcode/DerivedData/FMS-cwjlkvbqxgbddsairyzxkfxaxriv/Build/Products/Debug-iphonesimulator/PackageFrameworks -F /Users/anushka_sharma/Library/Developer/Xcode/DerivedData/FMS-cwjlkvbqxgbddsairyzxkfxaxriv/Build/Products/Debug-iphonesimulator/PackageFrameworks -F /Users/anushka_sharma/Library/Developer/Xcode/DerivedData/FMS-cwjlkvbqxgbddsairyzxkfxaxriv/Build/Products/Debug-iphonesimulator -F /Applications/Xcode.app/Contents/Developer/Platforms/iPhoneSimulator.platform/Developer/Library/Frameworks -F /Applications/Xcode.app/Contents/Developer/Platforms/iPhoneSimulator.platform/Developer/SDKs/iPhoneSimulator26.2.sdk/Developer/Library/Frameworks -c -j10 -enable-batch-mode -incremental -Xcc -ivfsstatcache -Xcc /Users/anushka_sharma/Library/Developer/Xcode/DerivedData/SDKStatCaches.noindex/iphonesimulator26.2-23C53-7d00a8b37fbd7999ea79df8ebc024bf0.sdkstatcache -output-file-map /Users/anushka_sharma/Library/Developer/Xcode/DerivedData/FMS-cwjlkvbqxgbddsairyzxkfxaxriv/Build/Intermediates.noindex/swift-clocks.build/Debug-iphonesimulator/Clocks.build/Objects-normal/arm64/Clocks-OutputFileMap.json -use-frontend-parseable-output -save-temps -no-color-diagnostics -explicit-module-build -module-cache-path /Users/anushka_sharma/Library/Developer/Xcode/DerivedData/FMS-cwjlkvbqxgbddsairyzxkfxaxriv/Build/Intermediates.noindex/SwiftExplicitPrecompiledModules -clang-scanner-module-cache-path /Users/anushka_sharma/Library/Developer/Xcode/DerivedData/ModuleCache.noindex -sdk-module-cache-path /Users/anushka_sharma/Library/Developer/Xcode/DerivedData/ModuleCache.noindex -serialize-diagnostics -emit-dependencies -emit-module -emit-module-path /Users/anushka_sharma/Library/Developer/Xcode/DerivedData/FMS-cwjlkvbqxgbddsairyzxkfxaxriv/Build/Intermediates.noindex/swift-clocks.build/Debug-iphonesimulator/Clocks.build/Objects-normal/arm64/Clocks.swiftmodule -user-module-version 1.0.6 -validate-clang-modules-once -clang-build-session-file /Users/anushka_sharma/Library/Developer/Xcode/DerivedData/ModuleCache.noindex/Session.modulevalidation -package-name swift_clocks -Xcc -I/Users/anushka_sharma/Library/Developer/Xcode/DerivedData/FMS-cwjlkvbqxgbddsairyzxkfxaxriv/Build/Intermediates.noindex/swift-clocks.build/Debug-iphonesimulator/Clocks.build/swift-overrides.hmap -emit-const-values -Xfrontend -const-gather-protocols-file -Xfrontend /Users/anushka_sharma/Library/Developer/Xcode/DerivedData/FMS-cwjlkvbqxgbddsairyzxkfxaxriv/Build/Intermediates.noindex/swift-clocks.build/Debug-iphonesimulator/Clocks.build/Objects-normal/arm64/Clocks_const_extract_protocols.json -Xcc -I/Users/anushka_sharma/Library/Developer/Xcode/DerivedData/FMS-cwjlkvbqxgbddsairyzxkfxaxriv/Build/Products/Debug-iphonesimulator/include -Xcc -I/Users/anushka_sharma/Library/Developer/Xcode/DerivedData/FMS-cwjlkvbqxgbddsairyzxkfxaxriv/Build/Intermediates.noindex/swift-clocks.build/Debug-iphonesimulator/Clocks.build/DerivedSources-normal/arm64 -Xcc -I/Users/anushka_sharma/Library/Developer/Xcode/DerivedData/FMS-cwjlkvbqxgbddsairyzxkfxaxriv/Build/Intermediates.noindex/swift-clocks.build/Debug-iphonesimulator/Clocks.build/DerivedSources/arm64 -Xcc -I/Users/anushka_sharma/Library/Developer/Xcode/DerivedData/FMS-cwjlkvbqxgbddsairyzxkfxaxriv/Build/Intermediates.noindex/swift-clocks.build/Debug-iphonesimulator/Clocks.build/DerivedSources -Xcc -DSWIFT_PACKAGE -Xcc -DDEBUG\=1 -emit-objc-header -emit-objc-header-path /Users/anushka_sharma/Library/Developer/Xcode/DerivedData/FMS-cwjlkvbqxgbddsairyzxkfxaxriv/Build/Intermediates.noindex/swift-clocks.build/Debug-iphonesimulator/Clocks.build/Objects-normal/arm64/Clocks-Swift.h -working-directory /Users/anushka_sharma/Documents/FMS/FMS.xcodeproj -experimental-emit-module-separately -disable-cmo

SwiftDriver\ Compilation\ Requirements Clocks normal x86_64 com.apple.xcode.tools.swift.compiler (in target 'Clocks' from project 'swift-clocks')
    cd /Users/anushka_sharma/Documents/FMS/FMS.xcodeproj
    builtin-Swift-Compilation-Requirements -- /Applications/Xcode.app/Contents/Developer/Toolchains/XcodeDefault.xctoolchain/usr/bin/swiftc -module-name Clocks -Onone -enforce-exclusivity\=checked @/Users/anushka_sharma/Library/Developer/Xcode/DerivedData/FMS-cwjlkvbqxgbddsairyzxkfxaxriv/Build/Intermediates.noindex/swift-clocks.build/Debug-iphonesimulator/Clocks.build/Objects-normal/x86_64/Clocks.SwiftFileList -DSWIFT_PACKAGE -DDEBUG -DSWIFT_MODULE_RESOURCE_BUNDLE_UNAVAILABLE -DXcode -plugin-path /Applications/Xcode.app/Contents/Developer/Toolchains/XcodeDefault.xctoolchain/usr/lib/swift/host/plugins/testing -enable-experimental-feature DebugDescriptionMacro -sdk /Applications/Xcode.app/Contents/Developer/Platforms/iPhoneSimulator.platform/Developer/SDKs/iPhoneSimulator26.2.sdk -target x86_64-apple-ios13.0-simulator -g -module-cache-path /Users/anushka_sharma/Library/Developer/Xcode/DerivedData/ModuleCache.noindex -Xfrontend -serialize-debugging-options -enable-testing -suppress-warnings -index-store-path /Users/anushka_sharma/Library/Developer/Xcode/DerivedData/FMS-cwjlkvbqxgbddsairyzxkfxaxriv/Index.noindex/DataStore -Xcc -D_LIBCPP_HARDENING_MODE\=_LIBCPP_HARDENING_MODE_DEBUG -swift-version 6 -I /Users/anushka_sharma/Library/Developer/Xcode/DerivedData/FMS-cwjlkvbqxgbddsairyzxkfxaxriv/Build/Products/Debug-iphonesimulator -Isystem /Applications/Xcode.app/Contents/Developer/Platforms/iPhoneSimulator.platform/Developer/usr/lib -F /Users/anushka_sharma/Library/Developer/Xcode/DerivedData/FMS-cwjlkvbqxgbddsairyzxkfxaxriv/Build/Products/Debug-iphonesimulator/PackageFrameworks -F /Users/anushka_sharma/Library/Developer/Xcode/DerivedData/FMS-cwjlkvbqxgbddsairyzxkfxaxriv/Build/Products/Debug-iphonesimulator/PackageFrameworks -F /Users/anushka_sharma/Library/Developer/Xcode/DerivedData/FMS-cwjlkvbqxgbddsairyzxkfxaxriv/Build/Products/Debug-iphonesimulator/PackageFrameworks -F /Users/anushka_sharma/Library/Developer/Xcode/DerivedData/FMS-cwjlkvbqxgbddsairyzxkfxaxriv/Build/Products/Debug-iphonesimulator -F /Applications/Xcode.app/Contents/Developer/Platforms/iPhoneSimulator.platform/Developer/Library/Frameworks -F /Applications/Xcode.app/Contents/Developer/Platforms/iPhoneSimulator.platform/Developer/SDKs/iPhoneSimulator26.2.sdk/Developer/Library/Frameworks -c -j10 -enable-batch-mode -incremental -Xcc -ivfsstatcache -Xcc /Users/anushka_sharma/Library/Developer/Xcode/DerivedData/SDKStatCaches.noindex/iphonesimulator26.2-23C53-7d00a8b37fbd7999ea79df8ebc024bf0.sdkstatcache -output-file-map /Users/anushka_sharma/Library/Developer/Xcode/DerivedData/FMS-cwjlkvbqxgbddsairyzxkfxaxriv/Build/Intermediates.noindex/swift-clocks.build/Debug-iphonesimulator/Clocks.build/Objects-normal/x86_64/Clocks-OutputFileMap.json -use-frontend-parseable-output -save-temps -no-color-diagnostics -explicit-module-build -module-cache-path /Users/anushka_sharma/Library/Developer/Xcode/DerivedData/FMS-cwjlkvbqxgbddsairyzxkfxaxriv/Build/Intermediates.noindex/SwiftExplicitPrecompiledModules -clang-scanner-module-cache-path /Users/anushka_sharma/Library/Developer/Xcode/DerivedData/ModuleCache.noindex -sdk-module-cache-path /Users/anushka_sharma/Library/Developer/Xcode/DerivedData/ModuleCache.noindex -serialize-diagnostics -emit-dependencies -emit-module -emit-module-path /Users/anushka_sharma/Library/Developer/Xcode/DerivedData/FMS-cwjlkvbqxgbddsairyzxkfxaxriv/Build/Intermediates.noindex/swift-clocks.build/Debug-iphonesimulator/Clocks.build/Objects-normal/x86_64/Clocks.swiftmodule -user-module-version 1.0.6 -validate-clang-modules-once -clang-build-session-file /Users/anushka_sharma/Library/Developer/Xcode/DerivedData/ModuleCache.noindex/Session.modulevalidation -package-name swift_clocks -Xcc -I/Users/anushka_sharma/Library/Developer/Xcode/DerivedData/FMS-cwjlkvbqxgbddsairyzxkfxaxriv/Build/Intermediates.noindex/swift-clocks.build/Debug-iphonesimulator/Clocks.build/swift-overrides.hmap -emit-const-values -Xfrontend -const-gather-protocols-file -Xfrontend /Users/anushka_sharma/Library/Developer/Xcode/DerivedData/FMS-cwjlkvbqxgbddsairyzxkfxaxriv/Build/Intermediates.noindex/swift-clocks.build/Debug-iphonesimulator/Clocks.build/Objects-normal/x86_64/Clocks_const_extract_protocols.json -Xcc -I/Users/anushka_sharma/Library/Developer/Xcode/DerivedData/FMS-cwjlkvbqxgbddsairyzxkfxaxriv/Build/Products/Debug-iphonesimulator/include -Xcc -I/Users/anushka_sharma/Library/Developer/Xcode/DerivedData/FMS-cwjlkvbqxgbddsairyzxkfxaxriv/Build/Intermediates.noindex/swift-clocks.build/Debug-iphonesimulator/Clocks.build/DerivedSources-normal/x86_64 -Xcc -I/Users/anushka_sharma/Library/Developer/Xcode/DerivedData/FMS-cwjlkvbqxgbddsairyzxkfxaxriv/Build/Intermediates.noindex/swift-clocks.build/Debug-iphonesimulator/Clocks.build/DerivedSources/x86_64 -Xcc -I/Users/anushka_sharma/Library/Developer/Xcode/DerivedData/FMS-cwjlkvbqxgbddsairyzxkfxaxriv/Build/Intermediates.noindex/swift-clocks.build/Debug-iphonesimulator/Clocks.build/DerivedSources -Xcc -DSWIFT_PACKAGE -Xcc -DDEBUG\=1 -emit-objc-header -emit-objc-header-path /Users/anushka_sharma/Library/Developer/Xcode/DerivedData/FMS-cwjlkvbqxgbddsairyzxkfxaxriv/Build/Intermediates.noindex/swift-clocks.build/Debug-iphonesimulator/Clocks.build/Objects-normal/x86_64/Clocks-Swift.h -working-directory /Users/anushka_sharma/Documents/FMS/FMS.xcodeproj -experimental-emit-module-separately -disable-cmo

SwiftDriver\ Compilation Clocks normal x86_64 com.apple.xcode.tools.swift.compiler (in target 'Clocks' from project 'swift-clocks')
    cd /Users/anushka_sharma/Documents/FMS/FMS.xcodeproj
    builtin-Swift-Compilation -- /Applications/Xcode.app/Contents/Developer/Toolchains/XcodeDefault.xctoolchain/usr/bin/swiftc -module-name Clocks -Onone -enforce-exclusivity\=checked @/Users/anushka_sharma/Library/Developer/Xcode/DerivedData/FMS-cwjlkvbqxgbddsairyzxkfxaxriv/Build/Intermediates.noindex/swift-clocks.build/Debug-iphonesimulator/Clocks.build/Objects-normal/x86_64/Clocks.SwiftFileList -DSWIFT_PACKAGE -DDEBUG -DSWIFT_MODULE_RESOURCE_BUNDLE_UNAVAILABLE -DXcode -plugin-path /Applications/Xcode.app/Contents/Developer/Toolchains/XcodeDefault.xctoolchain/usr/lib/swift/host/plugins/testing -enable-experimental-feature DebugDescriptionMacro -sdk /Applications/Xcode.app/Contents/Developer/Platforms/iPhoneSimulator.platform/Developer/SDKs/iPhoneSimulator26.2.sdk -target x86_64-apple-ios13.0-simulator -g -module-cache-path /Users/anushka_sharma/Library/Developer/Xcode/DerivedData/ModuleCache.noindex -Xfrontend -serialize-debugging-options -enable-testing -suppress-warnings -index-store-path /Users/anushka_sharma/Library/Developer/Xcode/DerivedData/FMS-cwjlkvbqxgbddsairyzxkfxaxriv/Index.noindex/DataStore -Xcc -D_LIBCPP_HARDENING_MODE\=_LIBCPP_HARDENING_MODE_DEBUG -swift-version 6 -I /Users/anushka_sharma/Library/Developer/Xcode/DerivedData/FMS-cwjlkvbqxgbddsairyzxkfxaxriv/Build/Products/Debug-iphonesimulator -Isystem /Applications/Xcode.app/Contents/Developer/Platforms/iPhoneSimulator.platform/Developer/usr/lib -F /Users/anushka_sharma/Library/Developer/Xcode/DerivedData/FMS-cwjlkvbqxgbddsairyzxkfxaxriv/Build/Products/Debug-iphonesimulator/PackageFrameworks -F /Users/anushka_sharma/Library/Developer/Xcode/DerivedData/FMS-cwjlkvbqxgbddsairyzxkfxaxriv/Build/Products/Debug-iphonesimulator/PackageFrameworks -F /Users/anushka_sharma/Library/Developer/Xcode/DerivedData/FMS-cwjlkvbqxgbddsairyzxkfxaxriv/Build/Products/Debug-iphonesimulator/PackageFrameworks -F /Users/anushka_sharma/Library/Developer/Xcode/DerivedData/FMS-cwjlkvbqxgbddsairyzxkfxaxriv/Build/Products/Debug-iphonesimulator -F /Applications/Xcode.app/Contents/Developer/Platforms/iPhoneSimulator.platform/Developer/Library/Frameworks -F /Applications/Xcode.app/Contents/Developer/Platforms/iPhoneSimulator.platform/Developer/SDKs/iPhoneSimulator26.2.sdk/Developer/Library/Frameworks -c -j10 -enable-batch-mode -incremental -Xcc -ivfsstatcache -Xcc /Users/anushka_sharma/Library/Developer/Xcode/DerivedData/SDKStatCaches.noindex/iphonesimulator26.2-23C53-7d00a8b37fbd7999ea79df8ebc024bf0.sdkstatcache -output-file-map /Users/anushka_sharma/Library/Developer/Xcode/DerivedData/FMS-cwjlkvbqxgbddsairyzxkfxaxriv/Build/Intermediates.noindex/swift-clocks.build/Debug-iphonesimulator/Clocks.build/Objects-normal/x86_64/Clocks-OutputFileMap.json -use-frontend-parseable-output -save-temps -no-color-diagnostics -explicit-module-build -module-cache-path /Users/anushka_sharma/Library/Developer/Xcode/DerivedData/FMS-cwjlkvbqxgbddsairyzxkfxaxriv/Build/Intermediates.noindex/SwiftExplicitPrecompiledModules -clang-scanner-module-cache-path /Users/anushka_sharma/Library/Developer/Xcode/DerivedData/ModuleCache.noindex -sdk-module-cache-path /Users/anushka_sharma/Library/Developer/Xcode/DerivedData/ModuleCache.noindex -serialize-diagnostics -emit-dependencies -emit-module -emit-module-path /Users/anushka_sharma/Library/Developer/Xcode/DerivedData/FMS-cwjlkvbqxgbddsairyzxkfxaxriv/Build/Intermediates.noindex/swift-clocks.build/Debug-iphonesimulator/Clocks.build/Objects-normal/x86_64/Clocks.swiftmodule -user-module-version 1.0.6 -validate-clang-modules-once -clang-build-session-file /Users/anushka_sharma/Library/Developer/Xcode/DerivedData/ModuleCache.noindex/Session.modulevalidation -package-name swift_clocks -Xcc -I/Users/anushka_sharma/Library/Developer/Xcode/DerivedData/FMS-cwjlkvbqxgbddsairyzxkfxaxriv/Build/Intermediates.noindex/swift-clocks.build/Debug-iphonesimulator/Clocks.build/swift-overrides.hmap -emit-const-values -Xfrontend -const-gather-protocols-file -Xfrontend /Users/anushka_sharma/Library/Developer/Xcode/DerivedData/FMS-cwjlkvbqxgbddsairyzxkfxaxriv/Build/Intermediates.noindex/swift-clocks.build/Debug-iphonesimulator/Clocks.build/Objects-normal/x86_64/Clocks_const_extract_protocols.json -Xcc -I/Users/anushka_sharma/Library/Developer/Xcode/DerivedData/FMS-cwjlkvbqxgbddsairyzxkfxaxriv/Build/Products/Debug-iphonesimulator/include -Xcc -I/Users/anushka_sharma/Library/Developer/Xcode/DerivedData/FMS-cwjlkvbqxgbddsairyzxkfxaxriv/Build/Intermediates.noindex/swift-clocks.build/Debug-iphonesimulator/Clocks.build/DerivedSources-normal/x86_64 -Xcc -I/Users/anushka_sharma/Library/Developer/Xcode/DerivedData/FMS-cwjlkvbqxgbddsairyzxkfxaxriv/Build/Intermediates.noindex/swift-clocks.build/Debug-iphonesimulator/Clocks.build/DerivedSources/x86_64 -Xcc -I/Users/anushka_sharma/Library/Developer/Xcode/DerivedData/FMS-cwjlkvbqxgbddsairyzxkfxaxriv/Build/Intermediates.noindex/swift-clocks.build/Debug-iphonesimulator/Clocks.build/DerivedSources -Xcc -DSWIFT_PACKAGE -Xcc -DDEBUG\=1 -emit-objc-header -emit-objc-header-path /Users/anushka_sharma/Library/Developer/Xcode/DerivedData/FMS-cwjlkvbqxgbddsairyzxkfxaxriv/Build/Intermediates.noindex/swift-clocks.build/Debug-iphonesimulator/Clocks.build/Objects-normal/x86_64/Clocks-Swift.h -working-directory /Users/anushka_sharma/Documents/FMS/FMS.xcodeproj -experimental-emit-module-separately -disable-cmo

Copy /Users/anushka_sharma/Library/Developer/Xcode/DerivedData/FMS-cwjlkvbqxgbddsairyzxkfxaxriv/Build/Products/Debug-iphonesimulator/Clocks.swiftmodule/arm64-apple-ios-simulator.swiftmodule /Users/anushka_sharma/Library/Developer/Xcode/DerivedData/FMS-cwjlkvbqxgbddsairyzxkfxaxriv/Build/Intermediates.noindex/swift-clocks.build/Debug-iphonesimulator/Clocks.build/Objects-normal/arm64/Clocks.swiftmodule (in target 'Clocks' from project 'swift-clocks')
    cd /Users/anushka_sharma/Library/Developer/Xcode/DerivedData/FMS-cwjlkvbqxgbddsairyzxkfxaxriv/SourcePackages/checkouts/swift-clocks
    builtin-copy -exclude .DS_Store -exclude CVS -exclude .svn -exclude .git -exclude .hg -resolve-src-symlinks -rename /Users/anushka_sharma/Library/Developer/Xcode/DerivedData/FMS-cwjlkvbqxgbddsairyzxkfxaxriv/Build/Intermediates.noindex/swift-clocks.build/Debug-iphonesimulator/Clocks.build/Objects-normal/arm64/Clocks.swiftmodule /Users/anushka_sharma/Library/Developer/Xcode/DerivedData/FMS-cwjlkvbqxgbddsairyzxkfxaxriv/Build/Products/Debug-iphonesimulator/Clocks.swiftmodule/arm64-apple-ios-simulator.swiftmodule

Copy /Users/anushka_sharma/Library/Developer/Xcode/DerivedData/FMS-cwjlkvbqxgbddsairyzxkfxaxriv/Build/Products/Debug-iphonesimulator/Clocks.swiftmodule/arm64-apple-ios-simulator.swiftdoc /Users/anushka_sharma/Library/Developer/Xcode/DerivedData/FMS-cwjlkvbqxgbddsairyzxkfxaxriv/Build/Intermediates.noindex/swift-clocks.build/Debug-iphonesimulator/Clocks.build/Objects-normal/arm64/Clocks.swiftdoc (in target 'Clocks' from project 'swift-clocks')
    cd /Users/anushka_sharma/Library/Developer/Xcode/DerivedData/FMS-cwjlkvbqxgbddsairyzxkfxaxriv/SourcePackages/checkouts/swift-clocks
    builtin-copy -exclude .DS_Store -exclude CVS -exclude .svn -exclude .git -exclude .hg -resolve-src-symlinks -rename /Users/anushka_sharma/Library/Developer/Xcode/DerivedData/FMS-cwjlkvbqxgbddsairyzxkfxaxriv/Build/Intermediates.noindex/swift-clocks.build/Debug-iphonesimulator/Clocks.build/Objects-normal/arm64/Clocks.swiftdoc /Users/anushka_sharma/Library/Developer/Xcode/DerivedData/FMS-cwjlkvbqxgbddsairyzxkfxaxriv/Build/Products/Debug-iphonesimulator/Clocks.swiftmodule/arm64-apple-ios-simulator.swiftdoc

SwiftMergeGeneratedHeaders /Users/anushka_sharma/Library/Developer/Xcode/DerivedData/FMS-cwjlkvbqxgbddsairyzxkfxaxriv/Build/Intermediates.noindex/GeneratedModuleMaps-iphonesimulator/Clocks-Swift.h /Users/anushka_sharma/Library/Developer/Xcode/DerivedData/FMS-cwjlkvbqxgbddsairyzxkfxaxriv/Build/Intermediates.noindex/swift-clocks.build/Debug-iphonesimulator/Clocks.build/Objects-normal/arm64/Clocks-Swift.h /Users/anushka_sharma/Library/Developer/Xcode/DerivedData/FMS-cwjlkvbqxgbddsairyzxkfxaxriv/Build/Intermediates.noindex/swift-clocks.build/Debug-iphonesimulator/Clocks.build/Objects-normal/x86_64/Clocks-Swift.h (in target 'Clocks' from project 'swift-clocks')
    cd /Users/anushka_sharma/Library/Developer/Xcode/DerivedData/FMS-cwjlkvbqxgbddsairyzxkfxaxriv/SourcePackages/checkouts/swift-clocks
    builtin-swiftHeaderTool -arch arm64 /Users/anushka_sharma/Library/Developer/Xcode/DerivedData/FMS-cwjlkvbqxgbddsairyzxkfxaxriv/Build/Intermediates.noindex/swift-clocks.build/Debug-iphonesimulator/Clocks.build/Objects-normal/arm64/Clocks-Swift.h -arch x86_64 /Users/anushka_sharma/Library/Developer/Xcode/DerivedData/FMS-cwjlkvbqxgbddsairyzxkfxaxriv/Build/Intermediates.noindex/swift-clocks.build/Debug-iphonesimulator/Clocks.build/Objects-normal/x86_64/Clocks-Swift.h -o /Users/anushka_sharma/Library/Developer/Xcode/DerivedData/FMS-cwjlkvbqxgbddsairyzxkfxaxriv/Build/Intermediates.noindex/GeneratedModuleMaps-iphonesimulator/Clocks-Swift.h

Copy /Users/anushka_sharma/Library/Developer/Xcode/DerivedData/FMS-cwjlkvbqxgbddsairyzxkfxaxriv/Build/Products/Debug-iphonesimulator/Clocks.swiftmodule/arm64-apple-ios-simulator.abi.json /Users/anushka_sharma/Library/Developer/Xcode/DerivedData/FMS-cwjlkvbqxgbddsairyzxkfxaxriv/Build/Intermediates.noindex/swift-clocks.build/Debug-iphonesimulator/Clocks.build/Objects-normal/arm64/Clocks.abi.json (in target 'Clocks' from project 'swift-clocks')
    cd /Users/anushka_sharma/Library/Developer/Xcode/DerivedData/FMS-cwjlkvbqxgbddsairyzxkfxaxriv/SourcePackages/checkouts/swift-clocks
    builtin-copy -exclude .DS_Store -exclude CVS -exclude .svn -exclude .git -exclude .hg -resolve-src-symlinks -rename /Users/anushka_sharma/Library/Developer/Xcode/DerivedData/FMS-cwjlkvbqxgbddsairyzxkfxaxriv/Build/Intermediates.noindex/swift-clocks.build/Debug-iphonesimulator/Clocks.build/Objects-normal/arm64/Clocks.abi.json /Users/anushka_sharma/Library/Developer/Xcode/DerivedData/FMS-cwjlkvbqxgbddsairyzxkfxaxriv/Build/Products/Debug-iphonesimulator/Clocks.swiftmodule/arm64-apple-ios-simulator.abi.json

Copy /Users/anushka_sharma/Library/Developer/Xcode/DerivedData/FMS-cwjlkvbqxgbddsairyzxkfxaxriv/Build/Products/Debug-iphonesimulator/Clocks.swiftmodule/Project/arm64-apple-ios-simulator.swiftsourceinfo /Users/anushka_sharma/Library/Developer/Xcode/DerivedData/FMS-cwjlkvbqxgbddsairyzxkfxaxriv/Build/Intermediates.noindex/swift-clocks.build/Debug-iphonesimulator/Clocks.build/Objects-normal/arm64/Clocks.swiftsourceinfo (in target 'Clocks' from project 'swift-clocks')
    cd /Users/anushka_sharma/Library/Developer/Xcode/DerivedData/FMS-cwjlkvbqxgbddsairyzxkfxaxriv/SourcePackages/checkouts/swift-clocks
    builtin-copy -exclude .DS_Store -exclude CVS -exclude .svn -exclude .git -exclude .hg -resolve-src-symlinks -rename /Users/anushka_sharma/Library/Developer/Xcode/DerivedData/FMS-cwjlkvbqxgbddsairyzxkfxaxriv/Build/Intermediates.noindex/swift-clocks.build/Debug-iphonesimulator/Clocks.build/Objects-normal/arm64/Clocks.swiftsourceinfo /Users/anushka_sharma/Library/Developer/Xcode/DerivedData/FMS-cwjlkvbqxgbddsairyzxkfxaxriv/Build/Products/Debug-iphonesimulator/Clocks.swiftmodule/Project/arm64-apple-ios-simulator.swiftsourceinfo

Ld /Users/anushka_sharma/Library/Developer/Xcode/DerivedData/FMS-cwjlkvbqxgbddsairyzxkfxaxriv/Build/Intermediates.noindex/swift-clocks.build/Debug-iphonesimulator/Clocks.build/Objects-normal/arm64/Binary/Clocks.o normal arm64 (in target 'Clocks' from project 'swift-clocks')
    cd /Users/anushka_sharma/Library/Developer/Xcode/DerivedData/FMS-cwjlkvbqxgbddsairyzxkfxaxriv/SourcePackages/checkouts/swift-clocks
    /Applications/Xcode.app/Contents/Developer/Toolchains/XcodeDefault.xctoolchain/usr/bin/clang -Xlinker -reproducible -target arm64-apple-ios13.0-simulator -r -isysroot /Applications/Xcode.app/Contents/Developer/Platforms/iPhoneSimulator.platform/Developer/SDKs/iPhoneSimulator26.2.sdk -O0 -w -L/Users/anushka_sharma/Library/Developer/Xcode/DerivedData/FMS-cwjlkvbqxgbddsairyzxkfxaxriv/Build/Intermediates.noindex/EagerLinkingTBDs/Debug-iphonesimulator -L/Users/anushka_sharma/Library/Developer/Xcode/DerivedData/FMS-cwjlkvbqxgbddsairyzxkfxaxriv/Build/Products/Debug-iphonesimulator -L/Applications/Xcode.app/Contents/Developer/Platforms/iPhoneSimulator.platform/Developer/usr/lib -F/Users/anushka_sharma/Library/Developer/Xcode/DerivedData/FMS-cwjlkvbqxgbddsairyzxkfxaxriv/Build/Intermediates.noindex/EagerLinkingTBDs/Debug-iphonesimulator -F/Users/anushka_sharma/Library/Developer/Xcode/DerivedData/FMS-cwjlkvbqxgbddsairyzxkfxaxriv/Build/Products/Debug-iphonesimulator/PackageFrameworks -F/Users/anushka_sharma/Library/Developer/Xcode/DerivedData/FMS-cwjlkvbqxgbddsairyzxkfxaxriv/Build/Products/Debug-iphonesimulator/PackageFrameworks -F/Users/anushka_sharma/Library/Developer/Xcode/DerivedData/FMS-cwjlkvbqxgbddsairyzxkfxaxriv/Build/Products/Debug-iphonesimulator/PackageFrameworks -F/Users/anushka_sharma/Library/Developer/Xcode/DerivedData/FMS-cwjlkvbqxgbddsairyzxkfxaxriv/Build/Products/Debug-iphonesimulator -iframework /Applications/Xcode.app/Contents/Developer/Platforms/iPhoneSimulator.platform/Developer/Library/Frameworks -iframework /Applications/Xcode.app/Contents/Developer/Platforms/iPhoneSimulator.platform/Developer/SDKs/iPhoneSimulator26.2.sdk/Developer/Library/Frameworks -filelist /Users/anushka_sharma/Library/Developer/Xcode/DerivedData/FMS-cwjlkvbqxgbddsairyzxkfxaxriv/Build/Intermediates.noindex/swift-clocks.build/Debug-iphonesimulator/Clocks.build/Objects-normal/arm64/Clocks.LinkFileList -nostdlib -Xlinker -object_path_lto -Xlinker /Users/anushka_sharma/Library/Developer/Xcode/DerivedData/FMS-cwjlkvbqxgbddsairyzxkfxaxriv/Build/Intermediates.noindex/swift-clocks.build/Debug-iphonesimulator/Clocks.build/Objects-normal/arm64/Clocks_lto.o -rdynamic -Xlinker -no_deduplicate -Xlinker -objc_abi_version -Xlinker 2 -Xlinker -dependency_info -Xlinker /Users/anushka_sharma/Library/Developer/Xcode/DerivedData/FMS-cwjlkvbqxgbddsairyzxkfxaxriv/Build/Intermediates.noindex/swift-clocks.build/Debug-iphonesimulator/Clocks.build/Objects-normal/arm64/Clocks_dependency_info.dat -fobjc-link-runtime -L/Applications/Xcode.app/Contents/Developer/Toolchains/XcodeDefault.xctoolchain/usr/lib/swift/iphonesimulator -L/usr/lib/swift -Xlinker -add_ast_path -Xlinker /Users/anushka_sharma/Library/Developer/Xcode/DerivedData/FMS-cwjlkvbqxgbddsairyzxkfxaxriv/Build/Intermediates.noindex/swift-clocks.build/Debug-iphonesimulator/Clocks.build/Objects-normal/arm64/Clocks.swiftmodule @/Users/anushka_sharma/Library/Developer/Xcode/DerivedData/FMS-cwjlkvbqxgbddsairyzxkfxaxriv/Build/Intermediates.noindex/swift-clocks.build/Debug-iphonesimulator/Clocks.build/Objects-normal/arm64/Clocks-linker-args.resp -o /Users/anushka_sharma/Library/Developer/Xcode/DerivedData/FMS-cwjlkvbqxgbddsairyzxkfxaxriv/Build/Intermediates.noindex/swift-clocks.build/Debug-iphonesimulator/Clocks.build/Objects-normal/arm64/Binary/Clocks.o

SwiftDriver Helpers normal arm64 com.apple.xcode.tools.swift.compiler (in target 'Helpers' from project 'Supabase')
    cd /Users/anushka_sharma/Documents/FMS/FMS.xcodeproj
    builtin-SwiftDriver -- /Applications/Xcode.app/Contents/Developer/Toolchains/XcodeDefault.xctoolchain/usr/bin/swiftc -module-name Helpers -Onone -enforce-exclusivity\=checked @/Users/anushka_sharma/Library/Developer/Xcode/DerivedData/FMS-cwjlkvbqxgbddsairyzxkfxaxriv/Build/Intermediates.noindex/Supabase.build/Debug-iphonesimulator/Helpers.build/Objects-normal/arm64/Helpers.SwiftFileList -DSWIFT_PACKAGE -DDEBUG -DSWIFT_MODULE_RESOURCE_BUNDLE_UNAVAILABLE -DXcode -enable-upcoming-feature ExistentialAny -enable-experimental-feature StrictConcurrency -plugin-path /Applications/Xcode.app/Contents/Developer/Toolchains/XcodeDefault.xctoolchain/usr/lib/swift/host/plugins/testing -enable-experimental-feature DebugDescriptionMacro -sdk /Applications/Xcode.app/Contents/Developer/Platforms/iPhoneSimulator.platform/Developer/SDKs/iPhoneSimulator26.2.sdk -target arm64-apple-ios13.0-simulator -g -module-cache-path /Users/anushka_sharma/Library/Developer/Xcode/DerivedData/ModuleCache.noindex -Xfrontend -serialize-debugging-options -enable-testing -suppress-warnings -index-store-path /Users/anushka_sharma/Library/Developer/Xcode/DerivedData/FMS-cwjlkvbqxgbddsairyzxkfxaxriv/Index.noindex/DataStore -Xcc -D_LIBCPP_HARDENING_MODE\=_LIBCPP_HARDENING_MODE_DEBUG -swift-version 5 -I /Users/anushka_sharma/Library/Developer/Xcode/DerivedData/FMS-cwjlkvbqxgbddsairyzxkfxaxriv/Build/Products/Debug-iphonesimulator -Isystem /Applications/Xcode.app/Contents/Developer/Platforms/iPhoneSimulator.platform/Developer/usr/lib -F /Users/anushka_sharma/Library/Developer/Xcode/DerivedData/FMS-cwjlkvbqxgbddsairyzxkfxaxriv/Build/Products/Debug-iphonesimulator/PackageFrameworks -F /Users/anushka_sharma/Library/Developer/Xcode/DerivedData/FMS-cwjlkvbqxgbddsairyzxkfxaxriv/Build/Products/Debug-iphonesimulator/PackageFrameworks -F /Users/anushka_sharma/Library/Developer/Xcode/DerivedData/FMS-cwjlkvbqxgbddsairyzxkfxaxriv/Build/Products/Debug-iphonesimulator/PackageFrameworks -F /Users/anushka_sharma/Library/Developer/Xcode/DerivedData/FMS-cwjlkvbqxgbddsairyzxkfxaxriv/Build/Products/Debug-iphonesimulator/PackageFrameworks -F /Users/anushka_sharma/Library/Developer/Xcode/DerivedData/FMS-cwjlkvbqxgbddsairyzxkfxaxriv/Build/Products/Debug-iphonesimulator/PackageFrameworks -F /Users/anushka_sharma/Library/Developer/Xcode/DerivedData/FMS-cwjlkvbqxgbddsairyzxkfxaxriv/Build/Products/Debug-iphonesimulator/PackageFrameworks -F /Users/anushka_sharma/Library/Developer/Xcode/DerivedData/FMS-cwjlkvbqxgbddsairyzxkfxaxriv/Build/Products/Debug-iphonesimulator -F /Applications/Xcode.app/Contents/Developer/Platforms/iPhoneSimulator.platform/Developer/Library/Frameworks -F /Applications/Xcode.app/Contents/Developer/Platforms/iPhoneSimulator.platform/Developer/SDKs/iPhoneSimulator26.2.sdk/Developer/Library/Frameworks -c -j10 -enable-batch-mode -incremental -Xcc -ivfsstatcache -Xcc /Users/anushka_sharma/Library/Developer/Xcode/DerivedData/SDKStatCaches.noindex/iphonesimulator26.2-23C53-7d00a8b37fbd7999ea79df8ebc024bf0.sdkstatcache -output-file-map /Users/anushka_sharma/Library/Developer/Xcode/DerivedData/FMS-cwjlkvbqxgbddsairyzxkfxaxriv/Build/Intermediates.noindex/Supabase.build/Debug-iphonesimulator/Helpers.build/Objects-normal/arm64/Helpers-OutputFileMap.json -use-frontend-parseable-output -save-temps -no-color-diagnostics -explicit-module-build -module-cache-path /Users/anushka_sharma/Library/Developer/Xcode/DerivedData/FMS-cwjlkvbqxgbddsairyzxkfxaxriv/Build/Intermediates.noindex/SwiftExplicitPrecompiledModules -clang-scanner-module-cache-path /Users/anushka_sharma/Library/Developer/Xcode/DerivedData/ModuleCache.noindex -sdk-module-cache-path /Users/anushka_sharma/Library/Developer/Xcode/DerivedData/ModuleCache.noindex -serialize-diagnostics -emit-dependencies -emit-module -emit-module-path /Users/anushka_sharma/Library/Developer/Xcode/DerivedData/FMS-cwjlkvbqxgbddsairyzxkfxaxriv/Build/Intermediates.noindex/Supabase.build/Debug-iphonesimulator/Helpers.build/Objects-normal/arm64/Helpers.swiftmodule -validate-clang-modules-once -clang-build-session-file /Users/anushka_sharma/Library/Developer/Xcode/DerivedData/ModuleCache.noindex/Session.modulevalidation -package-name supabase_swift -Xcc -I/Users/anushka_sharma/Library/Developer/Xcode/DerivedData/FMS-cwjlkvbqxgbddsairyzxkfxaxriv/Build/Intermediates.noindex/Supabase.build/Debug-iphonesimulator/Helpers.build/swift-overrides.hmap -emit-const-values -Xfrontend -const-gather-protocols-file -Xfrontend /Users/anushka_sharma/Library/Developer/Xcode/DerivedData/FMS-cwjlkvbqxgbddsairyzxkfxaxriv/Build/Intermediates.noindex/Supabase.build/Debug-iphonesimulator/Helpers.build/Objects-normal/arm64/Helpers_const_extract_protocols.json -Xcc -I/Users/anushka_sharma/Library/Developer/Xcode/DerivedData/FMS-cwjlkvbqxgbddsairyzxkfxaxriv/Build/Products/Debug-iphonesimulator/include -Xcc -I/Users/anushka_sharma/Library/Developer/Xcode/DerivedData/FMS-cwjlkvbqxgbddsairyzxkfxaxriv/Build/Intermediates.noindex/Supabase.build/Debug-iphonesimulator/Helpers.build/DerivedSources-normal/arm64 -Xcc -I/Users/anushka_sharma/Library/Developer/Xcode/DerivedData/FMS-cwjlkvbqxgbddsairyzxkfxaxriv/Build/Intermediates.noindex/Supabase.build/Debug-iphonesimulator/Helpers.build/DerivedSources/arm64 -Xcc -I/Users/anushka_sharma/Library/Developer/Xcode/DerivedData/FMS-cwjlkvbqxgbddsairyzxkfxaxriv/Build/Intermediates.noindex/Supabase.build/Debug-iphonesimulator/Helpers.build/DerivedSources -Xcc -DSWIFT_PACKAGE -Xcc -DDEBUG\=1 -emit-objc-header -emit-objc-header-path /Users/anushka_sharma/Library/Developer/Xcode/DerivedData/FMS-cwjlkvbqxgbddsairyzxkfxaxriv/Build/Intermediates.noindex/Supabase.build/Debug-iphonesimulator/Helpers.build/Objects-normal/arm64/Helpers-Swift.h -working-directory /Users/anushka_sharma/Documents/FMS/FMS.xcodeproj -experimental-emit-module-separately -disable-cmo

SwiftDriver Helpers normal x86_64 com.apple.xcode.tools.swift.compiler (in target 'Helpers' from project 'Supabase')
    cd /Users/anushka_sharma/Documents/FMS/FMS.xcodeproj
    builtin-SwiftDriver -- /Applications/Xcode.app/Contents/Developer/Toolchains/XcodeDefault.xctoolchain/usr/bin/swiftc -module-name Helpers -Onone -enforce-exclusivity\=checked @/Users/anushka_sharma/Library/Developer/Xcode/DerivedData/FMS-cwjlkvbqxgbddsairyzxkfxaxriv/Build/Intermediates.noindex/Supabase.build/Debug-iphonesimulator/Helpers.build/Objects-normal/x86_64/Helpers.SwiftFileList -DSWIFT_PACKAGE -DDEBUG -DSWIFT_MODULE_RESOURCE_BUNDLE_UNAVAILABLE -DXcode -enable-upcoming-feature ExistentialAny -enable-experimental-feature StrictConcurrency -plugin-path /Applications/Xcode.app/Contents/Developer/Toolchains/XcodeDefault.xctoolchain/usr/lib/swift/host/plugins/testing -enable-experimental-feature DebugDescriptionMacro -sdk /Applications/Xcode.app/Contents/Developer/Platforms/iPhoneSimulator.platform/Developer/SDKs/iPhoneSimulator26.2.sdk -target x86_64-apple-ios13.0-simulator -g -module-cache-path /Users/anushka_sharma/Library/Developer/Xcode/DerivedData/ModuleCache.noindex -Xfrontend -serialize-debugging-options -enable-testing -suppress-warnings -index-store-path /Users/anushka_sharma/Library/Developer/Xcode/DerivedData/FMS-cwjlkvbqxgbddsairyzxkfxaxriv/Index.noindex/DataStore -Xcc -D_LIBCPP_HARDENING_MODE\=_LIBCPP_HARDENING_MODE_DEBUG -swift-version 5 -I /Users/anushka_sharma/Library/Developer/Xcode/DerivedData/FMS-cwjlkvbqxgbddsairyzxkfxaxriv/Build/Products/Debug-iphonesimulator -Isystem /Applications/Xcode.app/Contents/Developer/Platforms/iPhoneSimulator.platform/Developer/usr/lib -F /Users/anushka_sharma/Library/Developer/Xcode/DerivedData/FMS-cwjlkvbqxgbddsairyzxkfxaxriv/Build/Products/Debug-iphonesimulator/PackageFrameworks -F /Users/anushka_sharma/Library/Developer/Xcode/DerivedData/FMS-cwjlkvbqxgbddsairyzxkfxaxriv/Build/Products/Debug-iphonesimulator/PackageFrameworks -F /Users/anushka_sharma/Library/Developer/Xcode/DerivedData/FMS-cwjlkvbqxgbddsairyzxkfxaxriv/Build/Products/Debug-iphonesimulator/PackageFrameworks -F /Users/anushka_sharma/Library/Developer/Xcode/DerivedData/FMS-cwjlkvbqxgbddsairyzxkfxaxriv/Build/Products/Debug-iphonesimulator/PackageFrameworks -F /Users/anushka_sharma/Library/Developer/Xcode/DerivedData/FMS-cwjlkvbqxgbddsairyzxkfxaxriv/Build/Products/Debug-iphonesimulator/PackageFrameworks -F /Users/anushka_sharma/Library/Developer/Xcode/DerivedData/FMS-cwjlkvbqxgbddsairyzxkfxaxriv/Build/Products/Debug-iphonesimulator/PackageFrameworks -F /Users/anushka_sharma/Library/Developer/Xcode/DerivedData/FMS-cwjlkvbqxgbddsairyzxkfxaxriv/Build/Products/Debug-iphonesimulator -F /Applications/Xcode.app/Contents/Developer/Platforms/iPhoneSimulator.platform/Developer/Library/Frameworks -F /Applications/Xcode.app/Contents/Developer/Platforms/iPhoneSimulator.platform/Developer/SDKs/iPhoneSimulator26.2.sdk/Developer/Library/Frameworks -c -j10 -enable-batch-mode -incremental -Xcc -ivfsstatcache -Xcc /Users/anushka_sharma/Library/Developer/Xcode/DerivedData/SDKStatCaches.noindex/iphonesimulator26.2-23C53-7d00a8b37fbd7999ea79df8ebc024bf0.sdkstatcache -output-file-map /Users/anushka_sharma/Library/Developer/Xcode/DerivedData/FMS-cwjlkvbqxgbddsairyzxkfxaxriv/Build/Intermediates.noindex/Supabase.build/Debug-iphonesimulator/Helpers.build/Objects-normal/x86_64/Helpers-OutputFileMap.json -use-frontend-parseable-output -save-temps -no-color-diagnostics -explicit-module-build -module-cache-path /Users/anushka_sharma/Library/Developer/Xcode/DerivedData/FMS-cwjlkvbqxgbddsairyzxkfxaxriv/Build/Intermediates.noindex/SwiftExplicitPrecompiledModules -clang-scanner-module-cache-path /Users/anushka_sharma/Library/Developer/Xcode/DerivedData/ModuleCache.noindex -sdk-module-cache-path /Users/anushka_sharma/Library/Developer/Xcode/DerivedData/ModuleCache.noindex -serialize-diagnostics -emit-dependencies -emit-module -emit-module-path /Users/anushka_sharma/Library/Developer/Xcode/DerivedData/FMS-cwjlkvbqxgbddsairyzxkfxaxriv/Build/Intermediates.noindex/Supabase.build/Debug-iphonesimulator/Helpers.build/Objects-normal/x86_64/Helpers.swiftmodule -validate-clang-modules-once -clang-build-session-file /Users/anushka_sharma/Library/Developer/Xcode/DerivedData/ModuleCache.noindex/Session.modulevalidation -package-name supabase_swift -Xcc -I/Users/anushka_sharma/Library/Developer/Xcode/DerivedData/FMS-cwjlkvbqxgbddsairyzxkfxaxriv/Build/Intermediates.noindex/Supabase.build/Debug-iphonesimulator/Helpers.build/swift-overrides.hmap -emit-const-values -Xfrontend -const-gather-protocols-file -Xfrontend /Users/anushka_sharma/Library/Developer/Xcode/DerivedData/FMS-cwjlkvbqxgbddsairyzxkfxaxriv/Build/Intermediates.noindex/Supabase.build/Debug-iphonesimulator/Helpers.build/Objects-normal/x86_64/Helpers_const_extract_protocols.json -Xcc -I/Users/anushka_sharma/Library/Developer/Xcode/DerivedData/FMS-cwjlkvbqxgbddsairyzxkfxaxriv/Build/Products/Debug-iphonesimulator/include -Xcc -I/Users/anushka_sharma/Library/Developer/Xcode/DerivedData/FMS-cwjlkvbqxgbddsairyzxkfxaxriv/Build/Intermediates.noindex/Supabase.build/Debug-iphonesimulator/Helpers.build/DerivedSources-normal/x86_64 -Xcc -I/Users/anushka_sharma/Library/Developer/Xcode/DerivedData/FMS-cwjlkvbqxgbddsairyzxkfxaxriv/Build/Intermediates.noindex/Supabase.build/Debug-iphonesimulator/Helpers.build/DerivedSources/x86_64 -Xcc -I/Users/anushka_sharma/Library/Developer/Xcode/DerivedData/FMS-cwjlkvbqxgbddsairyzxkfxaxriv/Build/Intermediates.noindex/Supabase.build/Debug-iphonesimulator/Helpers.build/DerivedSources -Xcc -DSWIFT_PACKAGE -Xcc -DDEBUG\=1 -emit-objc-header -emit-objc-header-path /Users/anushka_sharma/Library/Developer/Xcode/DerivedData/FMS-cwjlkvbqxgbddsairyzxkfxaxriv/Build/Intermediates.noindex/Supabase.build/Debug-iphonesimulator/Helpers.build/Objects-normal/x86_64/Helpers-Swift.h -working-directory /Users/anushka_sharma/Documents/FMS/FMS.xcodeproj -experimental-emit-module-separately -disable-cmo

CreateUniversalBinary /Users/anushka_sharma/Library/Developer/Xcode/DerivedData/FMS-cwjlkvbqxgbddsairyzxkfxaxriv/Build/Products/Debug-iphonesimulator/Clocks.o normal arm64\ x86_64 (in target 'Clocks' from project 'swift-clocks')
    cd /Users/anushka_sharma/Library/Developer/Xcode/DerivedData/FMS-cwjlkvbqxgbddsairyzxkfxaxriv/SourcePackages/checkouts/swift-clocks
    /Applications/Xcode.app/Contents/Developer/Toolchains/XcodeDefault.xctoolchain/usr/bin/lipo -create /Users/anushka_sharma/Library/Developer/Xcode/DerivedData/FMS-cwjlkvbqxgbddsairyzxkfxaxriv/Build/Intermediates.noindex/swift-clocks.build/Debug-iphonesimulator/Clocks.build/Objects-normal/arm64/Binary/Clocks.o /Users/anushka_sharma/Library/Developer/Xcode/DerivedData/FMS-cwjlkvbqxgbddsairyzxkfxaxriv/Build/Intermediates.noindex/swift-clocks.build/Debug-iphonesimulator/Clocks.build/Objects-normal/x86_64/Binary/Clocks.o -output /Users/anushka_sharma/Library/Developer/Xcode/DerivedData/FMS-cwjlkvbqxgbddsairyzxkfxaxriv/Build/Products/Debug-iphonesimulator/Clocks.o

ExtractAppIntentsMetadata (in target 'Clocks' from project 'swift-clocks')
    cd /Users/anushka_sharma/Library/Developer/Xcode/DerivedData/FMS-cwjlkvbqxgbddsairyzxkfxaxriv/SourcePackages/checkouts/swift-clocks
    /Applications/Xcode.app/Contents/Developer/Toolchains/XcodeDefault.xctoolchain/usr/bin/appintentsmetadataprocessor --toolchain-dir /Applications/Xcode.app/Contents/Developer/Toolchains/XcodeDefault.xctoolchain --module-name Clocks --sdk-root /Applications/Xcode.app/Contents/Developer/Platforms/iPhoneSimulator.platform/Developer/SDKs/iPhoneSimulator26.2.sdk --xcode-version 17C52 --platform-family iOS --deployment-target 13.0 --bundle-identifier swift-clocks.Clocks --output /Users/anushka_sharma/Library/Developer/Xcode/DerivedData/FMS-cwjlkvbqxgbddsairyzxkfxaxriv/Build/Products/Debug-iphonesimulator/Clocks.appintents --target-triple arm64-apple-ios13.0-simulator --target-triple x86_64-apple-ios13.0-simulator --binary-file /Users/anushka_sharma/Library/Developer/Xcode/DerivedData/FMS-cwjlkvbqxgbddsairyzxkfxaxriv/Build/Products/Debug-iphonesimulator/Clocks.o --dependency-file /Users/anushka_sharma/Library/Developer/Xcode/DerivedData/FMS-cwjlkvbqxgbddsairyzxkfxaxriv/Build/Intermediates.noindex/swift-clocks.build/Debug-iphonesimulator/Clocks.build/Objects-normal/arm64/Clocks_dependency_info.dat --dependency-file /Users/anushka_sharma/Library/Developer/Xcode/DerivedData/FMS-cwjlkvbqxgbddsairyzxkfxaxriv/Build/Intermediates.noindex/swift-clocks.build/Debug-iphonesimulator/Clocks.build/Objects-normal/x86_64/Clocks_dependency_info.dat --stringsdata-file /Users/anushka_sharma/Library/Developer/Xcode/DerivedData/FMS-cwjlkvbqxgbddsairyzxkfxaxriv/Build/Intermediates.noindex/swift-clocks.build/Debug-iphonesimulator/Clocks.build/Objects-normal/arm64/ExtractedAppShortcutsMetadata.stringsdata --stringsdata-file /Users/anushka_sharma/Library/Developer/Xcode/DerivedData/FMS-cwjlkvbqxgbddsairyzxkfxaxriv/Build/Intermediates.noindex/swift-clocks.build/Debug-iphonesimulator/Clocks.build/Objects-normal/x86_64/ExtractedAppShortcutsMetadata.stringsdata --source-file-list /Users/anushka_sharma/Library/Developer/Xcode/DerivedData/FMS-cwjlkvbqxgbddsairyzxkfxaxriv/Build/Intermediates.noindex/swift-clocks.build/Debug-iphonesimulator/Clocks.build/Objects-normal/arm64/Clocks.SwiftFileList --source-file-list /Users/anushka_sharma/Library/Developer/Xcode/DerivedData/FMS-cwjlkvbqxgbddsairyzxkfxaxriv/Build/Intermediates.noindex/swift-clocks.build/Debug-iphonesimulator/Clocks.build/Objects-normal/x86_64/Clocks.SwiftFileList --metadata-file-list /Users/anushka_sharma/Library/Developer/Xcode/DerivedData/FMS-cwjlkvbqxgbddsairyzxkfxaxriv/Build/Intermediates.noindex/swift-clocks.build/Debug-iphonesimulator/Clocks.build/Clocks.DependencyMetadataFileList --static-metadata-file-list /Users/anushka_sharma/Library/Developer/Xcode/DerivedData/FMS-cwjlkvbqxgbddsairyzxkfxaxriv/Build/Intermediates.noindex/swift-clocks.build/Debug-iphonesimulator/Clocks.build/Clocks.DependencyStaticMetadataFileList --swift-const-vals-list /Users/anushka_sharma/Library/Developer/Xcode/DerivedData/FMS-cwjlkvbqxgbddsairyzxkfxaxriv/Build/Intermediates.noindex/swift-clocks.build/Debug-iphonesimulator/Clocks.build/Objects-normal/arm64/Clocks.SwiftConstValuesFileList --swift-const-vals-list /Users/anushka_sharma/Library/Developer/Xcode/DerivedData/FMS-cwjlkvbqxgbddsairyzxkfxaxriv/Build/Intermediates.noindex/swift-clocks.build/Debug-iphonesimulator/Clocks.build/Objects-normal/x86_64/Clocks.SwiftConstValuesFileList --force --compile-time-extraction --deployment-aware-processing --validate-assistant-intents --no-app-shortcuts-localization
2026-05-29 10:07:10.989 appintentsmetadataprocessor[29884:518729] Starting appintentsmetadataprocessor export
2026-05-29 10:07:11.335 appintentsmetadataprocessor[29884:518729] Extracted no relevant App Intents symbols, skipping writing output

RegisterExecutionPolicyException /Users/anushka_sharma/Library/Developer/Xcode/DerivedData/FMS-cwjlkvbqxgbddsairyzxkfxaxriv/Build/Products/Debug-iphonesimulator/Crypto.o (in target 'Crypto' from project 'swift-crypto')
    cd /Users/anushka_sharma/Library/Developer/Xcode/DerivedData/FMS-cwjlkvbqxgbddsairyzxkfxaxriv/SourcePackages/checkouts/swift-crypto
    builtin-RegisterExecutionPolicyException /Users/anushka_sharma/Library/Developer/Xcode/DerivedData/FMS-cwjlkvbqxgbddsairyzxkfxaxriv/Build/Products/Debug-iphonesimulator/Crypto.o

RegisterExecutionPolicyException /Users/anushka_sharma/Library/Developer/Xcode/DerivedData/FMS-cwjlkvbqxgbddsairyzxkfxaxriv/Build/Products/Debug-iphonesimulator/XCTestDynamicOverlay.o (in target 'XCTestDynamicOverlay' from project 'xctest-dynamic-overlay')
    cd /Users/anushka_sharma/Library/Developer/Xcode/DerivedData/FMS-cwjlkvbqxgbddsairyzxkfxaxriv/SourcePackages/checkouts/xctest-dynamic-overlay
    builtin-RegisterExecutionPolicyException /Users/anushka_sharma/Library/Developer/Xcode/DerivedData/FMS-cwjlkvbqxgbddsairyzxkfxaxriv/Build/Products/Debug-iphonesimulator/XCTestDynamicOverlay.o

RegisterExecutionPolicyException /Users/anushka_sharma/Library/Developer/Xcode/DerivedData/FMS-cwjlkvbqxgbddsairyzxkfxaxriv/Build/Products/Debug-iphonesimulator/Clocks.o (in target 'Clocks' from project 'swift-clocks')
    cd /Users/anushka_sharma/Library/Developer/Xcode/DerivedData/FMS-cwjlkvbqxgbddsairyzxkfxaxriv/SourcePackages/checkouts/swift-clocks
    builtin-RegisterExecutionPolicyException /Users/anushka_sharma/Library/Developer/Xcode/DerivedData/FMS-cwjlkvbqxgbddsairyzxkfxaxriv/Build/Products/Debug-iphonesimulator/Clocks.o

SwiftDriver\ Compilation\ Requirements Helpers normal x86_64 com.apple.xcode.tools.swift.compiler (in target 'Helpers' from project 'Supabase')
    cd /Users/anushka_sharma/Documents/FMS/FMS.xcodeproj
    builtin-Swift-Compilation-Requirements -- /Applications/Xcode.app/Contents/Developer/Toolchains/XcodeDefault.xctoolchain/usr/bin/swiftc -module-name Helpers -Onone -enforce-exclusivity\=checked @/Users/anushka_sharma/Library/Developer/Xcode/DerivedData/FMS-cwjlkvbqxgbddsairyzxkfxaxriv/Build/Intermediates.noindex/Supabase.build/Debug-iphonesimulator/Helpers.build/Objects-normal/x86_64/Helpers.SwiftFileList -DSWIFT_PACKAGE -DDEBUG -DSWIFT_MODULE_RESOURCE_BUNDLE_UNAVAILABLE -DXcode -enable-upcoming-feature ExistentialAny -enable-experimental-feature StrictConcurrency -plugin-path /Applications/Xcode.app/Contents/Developer/Toolchains/XcodeDefault.xctoolchain/usr/lib/swift/host/plugins/testing -enable-experimental-feature DebugDescriptionMacro -sdk /Applications/Xcode.app/Contents/Developer/Platforms/iPhoneSimulator.platform/Developer/SDKs/iPhoneSimulator26.2.sdk -target x86_64-apple-ios13.0-simulator -g -module-cache-path /Users/anushka_sharma/Library/Developer/Xcode/DerivedData/ModuleCache.noindex -Xfrontend -serialize-debugging-options -enable-testing -suppress-warnings -index-store-path /Users/anushka_sharma/Library/Developer/Xcode/DerivedData/FMS-cwjlkvbqxgbddsairyzxkfxaxriv/Index.noindex/DataStore -Xcc -D_LIBCPP_HARDENING_MODE\=_LIBCPP_HARDENING_MODE_DEBUG -swift-version 5 -I /Users/anushka_sharma/Library/Developer/Xcode/DerivedData/FMS-cwjlkvbqxgbddsairyzxkfxaxriv/Build/Products/Debug-iphonesimulator -Isystem /Applications/Xcode.app/Contents/Developer/Platforms/iPhoneSimulator.platform/Developer/usr/lib -F /Users/anushka_sharma/Library/Developer/Xcode/DerivedData/FMS-cwjlkvbqxgbddsairyzxkfxaxriv/Build/Products/Debug-iphonesimulator/PackageFrameworks -F /Users/anushka_sharma/Library/Developer/Xcode/DerivedData/FMS-cwjlkvbqxgbddsairyzxkfxaxriv/Build/Products/Debug-iphonesimulator/PackageFrameworks -F /Users/anushka_sharma/Library/Developer/Xcode/DerivedData/FMS-cwjlkvbqxgbddsairyzxkfxaxriv/Build/Products/Debug-iphonesimulator/PackageFrameworks -F /Users/anushka_sharma/Library/Developer/Xcode/DerivedData/FMS-cwjlkvbqxgbddsairyzxkfxaxriv/Build/Products/Debug-iphonesimulator/PackageFrameworks -F /Users/anushka_sharma/Library/Developer/Xcode/DerivedData/FMS-cwjlkvbqxgbddsairyzxkfxaxriv/Build/Products/Debug-iphonesimulator/PackageFrameworks -F /Users/anushka_sharma/Library/Developer/Xcode/DerivedData/FMS-cwjlkvbqxgbddsairyzxkfxaxriv/Build/Products/Debug-iphonesimulator/PackageFrameworks -F /Users/anushka_sharma/Library/Developer/Xcode/DerivedData/FMS-cwjlkvbqxgbddsairyzxkfxaxriv/Build/Products/Debug-iphonesimulator -F /Applications/Xcode.app/Contents/Developer/Platforms/iPhoneSimulator.platform/Developer/Library/Frameworks -F /Applications/Xcode.app/Contents/Developer/Platforms/iPhoneSimulator.platform/Developer/SDKs/iPhoneSimulator26.2.sdk/Developer/Library/Frameworks -c -j10 -enable-batch-mode -incremental -Xcc -ivfsstatcache -Xcc /Users/anushka_sharma/Library/Developer/Xcode/DerivedData/SDKStatCaches.noindex/iphonesimulator26.2-23C53-7d00a8b37fbd7999ea79df8ebc024bf0.sdkstatcache -output-file-map /Users/anushka_sharma/Library/Developer/Xcode/DerivedData/FMS-cwjlkvbqxgbddsairyzxkfxaxriv/Build/Intermediates.noindex/Supabase.build/Debug-iphonesimulator/Helpers.build/Objects-normal/x86_64/Helpers-OutputFileMap.json -use-frontend-parseable-output -save-temps -no-color-diagnostics -explicit-module-build -module-cache-path /Users/anushka_sharma/Library/Developer/Xcode/DerivedData/FMS-cwjlkvbqxgbddsairyzxkfxaxriv/Build/Intermediates.noindex/SwiftExplicitPrecompiledModules -clang-scanner-module-cache-path /Users/anushka_sharma/Library/Developer/Xcode/DerivedData/ModuleCache.noindex -sdk-module-cache-path /Users/anushka_sharma/Library/Developer/Xcode/DerivedData/ModuleCache.noindex -serialize-diagnostics -emit-dependencies -emit-module -emit-module-path /Users/anushka_sharma/Library/Developer/Xcode/DerivedData/FMS-cwjlkvbqxgbddsairyzxkfxaxriv/Build/Intermediates.noindex/Supabase.build/Debug-iphonesimulator/Helpers.build/Objects-normal/x86_64/Helpers.swiftmodule -validate-clang-modules-once -clang-build-session-file /Users/anushka_sharma/Library/Developer/Xcode/DerivedData/ModuleCache.noindex/Session.modulevalidation -package-name supabase_swift -Xcc -I/Users/anushka_sharma/Library/Developer/Xcode/DerivedData/FMS-cwjlkvbqxgbddsairyzxkfxaxriv/Build/Intermediates.noindex/Supabase.build/Debug-iphonesimulator/Helpers.build/swift-overrides.hmap -emit-const-values -Xfrontend -const-gather-protocols-file -Xfrontend /Users/anushka_sharma/Library/Developer/Xcode/DerivedData/FMS-cwjlkvbqxgbddsairyzxkfxaxriv/Build/Intermediates.noindex/Supabase.build/Debug-iphonesimulator/Helpers.build/Objects-normal/x86_64/Helpers_const_extract_protocols.json -Xcc -I/Users/anushka_sharma/Library/Developer/Xcode/DerivedData/FMS-cwjlkvbqxgbddsairyzxkfxaxriv/Build/Products/Debug-iphonesimulator/include -Xcc -I/Users/anushka_sharma/Library/Developer/Xcode/DerivedData/FMS-cwjlkvbqxgbddsairyzxkfxaxriv/Build/Intermediates.noindex/Supabase.build/Debug-iphonesimulator/Helpers.build/DerivedSources-normal/x86_64 -Xcc -I/Users/anushka_sharma/Library/Developer/Xcode/DerivedData/FMS-cwjlkvbqxgbddsairyzxkfxaxriv/Build/Intermediates.noindex/Supabase.build/Debug-iphonesimulator/Helpers.build/DerivedSources/x86_64 -Xcc -I/Users/anushka_sharma/Library/Developer/Xcode/DerivedData/FMS-cwjlkvbqxgbddsairyzxkfxaxriv/Build/Intermediates.noindex/Supabase.build/Debug-iphonesimulator/Helpers.build/DerivedSources -Xcc -DSWIFT_PACKAGE -Xcc -DDEBUG\=1 -emit-objc-header -emit-objc-header-path /Users/anushka_sharma/Library/Developer/Xcode/DerivedData/FMS-cwjlkvbqxgbddsairyzxkfxaxriv/Build/Intermediates.noindex/Supabase.build/Debug-iphonesimulator/Helpers.build/Objects-normal/x86_64/Helpers-Swift.h -working-directory /Users/anushka_sharma/Documents/FMS/FMS.xcodeproj -experimental-emit-module-separately -disable-cmo

SwiftDriver\ Compilation Helpers normal x86_64 com.apple.xcode.tools.swift.compiler (in target 'Helpers' from project 'Supabase')
    cd /Users/anushka_sharma/Documents/FMS/FMS.xcodeproj
    builtin-Swift-Compilation -- /Applications/Xcode.app/Contents/Developer/Toolchains/XcodeDefault.xctoolchain/usr/bin/swiftc -module-name Helpers -Onone -enforce-exclusivity\=checked @/Users/anushka_sharma/Library/Developer/Xcode/DerivedData/FMS-cwjlkvbqxgbddsairyzxkfxaxriv/Build/Intermediates.noindex/Supabase.build/Debug-iphonesimulator/Helpers.build/Objects-normal/x86_64/Helpers.SwiftFileList -DSWIFT_PACKAGE -DDEBUG -DSWIFT_MODULE_RESOURCE_BUNDLE_UNAVAILABLE -DXcode -enable-upcoming-feature ExistentialAny -enable-experimental-feature StrictConcurrency -plugin-path /Applications/Xcode.app/Contents/Developer/Toolchains/XcodeDefault.xctoolchain/usr/lib/swift/host/plugins/testing -enable-experimental-feature DebugDescriptionMacro -sdk /Applications/Xcode.app/Contents/Developer/Platforms/iPhoneSimulator.platform/Developer/SDKs/iPhoneSimulator26.2.sdk -target x86_64-apple-ios13.0-simulator -g -module-cache-path /Users/anushka_sharma/Library/Developer/Xcode/DerivedData/ModuleCache.noindex -Xfrontend -serialize-debugging-options -enable-testing -suppress-warnings -index-store-path /Users/anushka_sharma/Library/Developer/Xcode/DerivedData/FMS-cwjlkvbqxgbddsairyzxkfxaxriv/Index.noindex/DataStore -Xcc -D_LIBCPP_HARDENING_MODE\=_LIBCPP_HARDENING_MODE_DEBUG -swift-version 5 -I /Users/anushka_sharma/Library/Developer/Xcode/DerivedData/FMS-cwjlkvbqxgbddsairyzxkfxaxriv/Build/Products/Debug-iphonesimulator -Isystem /Applications/Xcode.app/Contents/Developer/Platforms/iPhoneSimulator.platform/Developer/usr/lib -F /Users/anushka_sharma/Library/Developer/Xcode/DerivedData/FMS-cwjlkvbqxgbddsairyzxkfxaxriv/Build/Products/Debug-iphonesimulator/PackageFrameworks -F /Users/anushka_sharma/Library/Developer/Xcode/DerivedData/FMS-cwjlkvbqxgbddsairyzxkfxaxriv/Build/Products/Debug-iphonesimulator/PackageFrameworks -F /Users/anushka_sharma/Library/Developer/Xcode/DerivedData/FMS-cwjlkvbqxgbddsairyzxkfxaxriv/Build/Products/Debug-iphonesimulator/PackageFrameworks -F /Users/anushka_sharma/Library/Developer/Xcode/DerivedData/FMS-cwjlkvbqxgbddsairyzxkfxaxriv/Build/Products/Debug-iphonesimulator/PackageFrameworks -F /Users/anushka_sharma/Library/Developer/Xcode/DerivedData/FMS-cwjlkvbqxgbddsairyzxkfxaxriv/Build/Products/Debug-iphonesimulator/PackageFrameworks -F /Users/anushka_sharma/Library/Developer/Xcode/DerivedData/FMS-cwjlkvbqxgbddsairyzxkfxaxriv/Build/Products/Debug-iphonesimulator/PackageFrameworks -F /Users/anushka_sharma/Library/Developer/Xcode/DerivedData/FMS-cwjlkvbqxgbddsairyzxkfxaxriv/Build/Products/Debug-iphonesimulator -F /Applications/Xcode.app/Contents/Developer/Platforms/iPhoneSimulator.platform/Developer/Library/Frameworks -F /Applications/Xcode.app/Contents/Developer/Platforms/iPhoneSimulator.platform/Developer/SDKs/iPhoneSimulator26.2.sdk/Developer/Library/Frameworks -c -j10 -enable-batch-mode -incremental -Xcc -ivfsstatcache -Xcc /Users/anushka_sharma/Library/Developer/Xcode/DerivedData/SDKStatCaches.noindex/iphonesimulator26.2-23C53-7d00a8b37fbd7999ea79df8ebc024bf0.sdkstatcache -output-file-map /Users/anushka_sharma/Library/Developer/Xcode/DerivedData/FMS-cwjlkvbqxgbddsairyzxkfxaxriv/Build/Intermediates.noindex/Supabase.build/Debug-iphonesimulator/Helpers.build/Objects-normal/x86_64/Helpers-OutputFileMap.json -use-frontend-parseable-output -save-temps -no-color-diagnostics -explicit-module-build -module-cache-path /Users/anushka_sharma/Library/Developer/Xcode/DerivedData/FMS-cwjlkvbqxgbddsairyzxkfxaxriv/Build/Intermediates.noindex/SwiftExplicitPrecompiledModules -clang-scanner-module-cache-path /Users/anushka_sharma/Library/Developer/Xcode/DerivedData/ModuleCache.noindex -sdk-module-cache-path /Users/anushka_sharma/Library/Developer/Xcode/DerivedData/ModuleCache.noindex -serialize-diagnostics -emit-dependencies -emit-module -emit-module-path /Users/anushka_sharma/Library/Developer/Xcode/DerivedData/FMS-cwjlkvbqxgbddsairyzxkfxaxriv/Build/Intermediates.noindex/Supabase.build/Debug-iphonesimulator/Helpers.build/Objects-normal/x86_64/Helpers.swiftmodule -validate-clang-modules-once -clang-build-session-file /Users/anushka_sharma/Library/Developer/Xcode/DerivedData/ModuleCache.noindex/Session.modulevalidation -package-name supabase_swift -Xcc -I/Users/anushka_sharma/Library/Developer/Xcode/DerivedData/FMS-cwjlkvbqxgbddsairyzxkfxaxriv/Build/Intermediates.noindex/Supabase.build/Debug-iphonesimulator/Helpers.build/swift-overrides.hmap -emit-const-values -Xfrontend -const-gather-protocols-file -Xfrontend /Users/anushka_sharma/Library/Developer/Xcode/DerivedData/FMS-cwjlkvbqxgbddsairyzxkfxaxriv/Build/Intermediates.noindex/Supabase.build/Debug-iphonesimulator/Helpers.build/Objects-normal/x86_64/Helpers_const_extract_protocols.json -Xcc -I/Users/anushka_sharma/Library/Developer/Xcode/DerivedData/FMS-cwjlkvbqxgbddsairyzxkfxaxriv/Build/Products/Debug-iphonesimulator/include -Xcc -I/Users/anushka_sharma/Library/Developer/Xcode/DerivedData/FMS-cwjlkvbqxgbddsairyzxkfxaxriv/Build/Intermediates.noindex/Supabase.build/Debug-iphonesimulator/Helpers.build/DerivedSources-normal/x86_64 -Xcc -I/Users/anushka_sharma/Library/Developer/Xcode/DerivedData/FMS-cwjlkvbqxgbddsairyzxkfxaxriv/Build/Intermediates.noindex/Supabase.build/Debug-iphonesimulator/Helpers.build/DerivedSources/x86_64 -Xcc -I/Users/anushka_sharma/Library/Developer/Xcode/DerivedData/FMS-cwjlkvbqxgbddsairyzxkfxaxriv/Build/Intermediates.noindex/Supabase.build/Debug-iphonesimulator/Helpers.build/DerivedSources -Xcc -DSWIFT_PACKAGE -Xcc -DDEBUG\=1 -emit-objc-header -emit-objc-header-path /Users/anushka_sharma/Library/Developer/Xcode/DerivedData/FMS-cwjlkvbqxgbddsairyzxkfxaxriv/Build/Intermediates.noindex/Supabase.build/Debug-iphonesimulator/Helpers.build/Objects-normal/x86_64/Helpers-Swift.h -working-directory /Users/anushka_sharma/Documents/FMS/FMS.xcodeproj -experimental-emit-module-separately -disable-cmo

SwiftDriver\ Compilation\ Requirements Helpers normal arm64 com.apple.xcode.tools.swift.compiler (in target 'Helpers' from project 'Supabase')
    cd /Users/anushka_sharma/Documents/FMS/FMS.xcodeproj
    builtin-Swift-Compilation-Requirements -- /Applications/Xcode.app/Contents/Developer/Toolchains/XcodeDefault.xctoolchain/usr/bin/swiftc -module-name Helpers -Onone -enforce-exclusivity\=checked @/Users/anushka_sharma/Library/Developer/Xcode/DerivedData/FMS-cwjlkvbqxgbddsairyzxkfxaxriv/Build/Intermediates.noindex/Supabase.build/Debug-iphonesimulator/Helpers.build/Objects-normal/arm64/Helpers.SwiftFileList -DSWIFT_PACKAGE -DDEBUG -DSWIFT_MODULE_RESOURCE_BUNDLE_UNAVAILABLE -DXcode -enable-upcoming-feature ExistentialAny -enable-experimental-feature StrictConcurrency -plugin-path /Applications/Xcode.app/Contents/Developer/Toolchains/XcodeDefault.xctoolchain/usr/lib/swift/host/plugins/testing -enable-experimental-feature DebugDescriptionMacro -sdk /Applications/Xcode.app/Contents/Developer/Platforms/iPhoneSimulator.platform/Developer/SDKs/iPhoneSimulator26.2.sdk -target arm64-apple-ios13.0-simulator -g -module-cache-path /Users/anushka_sharma/Library/Developer/Xcode/DerivedData/ModuleCache.noindex -Xfrontend -serialize-debugging-options -enable-testing -suppress-warnings -index-store-path /Users/anushka_sharma/Library/Developer/Xcode/DerivedData/FMS-cwjlkvbqxgbddsairyzxkfxaxriv/Index.noindex/DataStore -Xcc -D_LIBCPP_HARDENING_MODE\=_LIBCPP_HARDENING_MODE_DEBUG -swift-version 5 -I /Users/anushka_sharma/Library/Developer/Xcode/DerivedData/FMS-cwjlkvbqxgbddsairyzxkfxaxriv/Build/Products/Debug-iphonesimulator -Isystem /Applications/Xcode.app/Contents/Developer/Platforms/iPhoneSimulator.platform/Developer/usr/lib -F /Users/anushka_sharma/Library/Developer/Xcode/DerivedData/FMS-cwjlkvbqxgbddsairyzxkfxaxriv/Build/Products/Debug-iphonesimulator/PackageFrameworks -F /Users/anushka_sharma/Library/Developer/Xcode/DerivedData/FMS-cwjlkvbqxgbddsairyzxkfxaxriv/Build/Products/Debug-iphonesimulator/PackageFrameworks -F /Users/anushka_sharma/Library/Developer/Xcode/DerivedData/FMS-cwjlkvbqxgbddsairyzxkfxaxriv/Build/Products/Debug-iphonesimulator/PackageFrameworks -F /Users/anushka_sharma/Library/Developer/Xcode/DerivedData/FMS-cwjlkvbqxgbddsairyzxkfxaxriv/Build/Products/Debug-iphonesimulator/PackageFrameworks -F /Users/anushka_sharma/Library/Developer/Xcode/DerivedData/FMS-cwjlkvbqxgbddsairyzxkfxaxriv/Build/Products/Debug-iphonesimulator/PackageFrameworks -F /Users/anushka_sharma/Library/Developer/Xcode/DerivedData/FMS-cwjlkvbqxgbddsairyzxkfxaxriv/Build/Products/Debug-iphonesimulator/PackageFrameworks -F /Users/anushka_sharma/Library/Developer/Xcode/DerivedData/FMS-cwjlkvbqxgbddsairyzxkfxaxriv/Build/Products/Debug-iphonesimulator -F /Applications/Xcode.app/Contents/Developer/Platforms/iPhoneSimulator.platform/Developer/Library/Frameworks -F /Applications/Xcode.app/Contents/Developer/Platforms/iPhoneSimulator.platform/Developer/SDKs/iPhoneSimulator26.2.sdk/Developer/Library/Frameworks -c -j10 -enable-batch-mode -incremental -Xcc -ivfsstatcache -Xcc /Users/anushka_sharma/Library/Developer/Xcode/DerivedData/SDKStatCaches.noindex/iphonesimulator26.2-23C53-7d00a8b37fbd7999ea79df8ebc024bf0.sdkstatcache -output-file-map /Users/anushka_sharma/Library/Developer/Xcode/DerivedData/FMS-cwjlkvbqxgbddsairyzxkfxaxriv/Build/Intermediates.noindex/Supabase.build/Debug-iphonesimulator/Helpers.build/Objects-normal/arm64/Helpers-OutputFileMap.json -use-frontend-parseable-output -save-temps -no-color-diagnostics -explicit-module-build -module-cache-path /Users/anushka_sharma/Library/Developer/Xcode/DerivedData/FMS-cwjlkvbqxgbddsairyzxkfxaxriv/Build/Intermediates.noindex/SwiftExplicitPrecompiledModules -clang-scanner-module-cache-path /Users/anushka_sharma/Library/Developer/Xcode/DerivedData/ModuleCache.noindex -sdk-module-cache-path /Users/anushka_sharma/Library/Developer/Xcode/DerivedData/ModuleCache.noindex -serialize-diagnostics -emit-dependencies -emit-module -emit-module-path /Users/anushka_sharma/Library/Developer/Xcode/DerivedData/FMS-cwjlkvbqxgbddsairyzxkfxaxriv/Build/Intermediates.noindex/Supabase.build/Debug-iphonesimulator/Helpers.build/Objects-normal/arm64/Helpers.swiftmodule -validate-clang-modules-once -clang-build-session-file /Users/anushka_sharma/Library/Developer/Xcode/DerivedData/ModuleCache.noindex/Session.modulevalidation -package-name supabase_swift -Xcc -I/Users/anushka_sharma/Library/Developer/Xcode/DerivedData/FMS-cwjlkvbqxgbddsairyzxkfxaxriv/Build/Intermediates.noindex/Supabase.build/Debug-iphonesimulator/Helpers.build/swift-overrides.hmap -emit-const-values -Xfrontend -const-gather-protocols-file -Xfrontend /Users/anushka_sharma/Library/Developer/Xcode/DerivedData/FMS-cwjlkvbqxgbddsairyzxkfxaxriv/Build/Intermediates.noindex/Supabase.build/Debug-iphonesimulator/Helpers.build/Objects-normal/arm64/Helpers_const_extract_protocols.json -Xcc -I/Users/anushka_sharma/Library/Developer/Xcode/DerivedData/FMS-cwjlkvbqxgbddsairyzxkfxaxriv/Build/Products/Debug-iphonesimulator/include -Xcc -I/Users/anushka_sharma/Library/Developer/Xcode/DerivedData/FMS-cwjlkvbqxgbddsairyzxkfxaxriv/Build/Intermediates.noindex/Supabase.build/Debug-iphonesimulator/Helpers.build/DerivedSources-normal/arm64 -Xcc -I/Users/anushka_sharma/Library/Developer/Xcode/DerivedData/FMS-cwjlkvbqxgbddsairyzxkfxaxriv/Build/Intermediates.noindex/Supabase.build/Debug-iphonesimulator/Helpers.build/DerivedSources/arm64 -Xcc -I/Users/anushka_sharma/Library/Developer/Xcode/DerivedData/FMS-cwjlkvbqxgbddsairyzxkfxaxriv/Build/Intermediates.noindex/Supabase.build/Debug-iphonesimulator/Helpers.build/DerivedSources -Xcc -DSWIFT_PACKAGE -Xcc -DDEBUG\=1 -emit-objc-header -emit-objc-header-path /Users/anushka_sharma/Library/Developer/Xcode/DerivedData/FMS-cwjlkvbqxgbddsairyzxkfxaxriv/Build/Intermediates.noindex/Supabase.build/Debug-iphonesimulator/Helpers.build/Objects-normal/arm64/Helpers-Swift.h -working-directory /Users/anushka_sharma/Documents/FMS/FMS.xcodeproj -experimental-emit-module-separately -disable-cmo

SwiftDriver\ Compilation Helpers normal arm64 com.apple.xcode.tools.swift.compiler (in target 'Helpers' from project 'Supabase')
    cd /Users/anushka_sharma/Documents/FMS/FMS.xcodeproj
    builtin-Swift-Compilation -- /Applications/Xcode.app/Contents/Developer/Toolchains/XcodeDefault.xctoolchain/usr/bin/swiftc -module-name Helpers -Onone -enforce-exclusivity\=checked @/Users/anushka_sharma/Library/Developer/Xcode/DerivedData/FMS-cwjlkvbqxgbddsairyzxkfxaxriv/Build/Intermediates.noindex/Supabase.build/Debug-iphonesimulator/Helpers.build/Objects-normal/arm64/Helpers.SwiftFileList -DSWIFT_PACKAGE -DDEBUG -DSWIFT_MODULE_RESOURCE_BUNDLE_UNAVAILABLE -DXcode -enable-upcoming-feature ExistentialAny -enable-experimental-feature StrictConcurrency -plugin-path /Applications/Xcode.app/Contents/Developer/Toolchains/XcodeDefault.xctoolchain/usr/lib/swift/host/plugins/testing -enable-experimental-feature DebugDescriptionMacro -sdk /Applications/Xcode.app/Contents/Developer/Platforms/iPhoneSimulator.platform/Developer/SDKs/iPhoneSimulator26.2.sdk -target arm64-apple-ios13.0-simulator -g -module-cache-path /Users/anushka_sharma/Library/Developer/Xcode/DerivedData/ModuleCache.noindex -Xfrontend -serialize-debugging-options -enable-testing -suppress-warnings -index-store-path /Users/anushka_sharma/Library/Developer/Xcode/DerivedData/FMS-cwjlkvbqxgbddsairyzxkfxaxriv/Index.noindex/DataStore -Xcc -D_LIBCPP_HARDENING_MODE\=_LIBCPP_HARDENING_MODE_DEBUG -swift-version 5 -I /Users/anushka_sharma/Library/Developer/Xcode/DerivedData/FMS-cwjlkvbqxgbddsairyzxkfxaxriv/Build/Products/Debug-iphonesimulator -Isystem /Applications/Xcode.app/Contents/Developer/Platforms/iPhoneSimulator.platform/Developer/usr/lib -F /Users/anushka_sharma/Library/Developer/Xcode/DerivedData/FMS-cwjlkvbqxgbddsairyzxkfxaxriv/Build/Products/Debug-iphonesimulator/PackageFrameworks -F /Users/anushka_sharma/Library/Developer/Xcode/DerivedData/FMS-cwjlkvbqxgbddsairyzxkfxaxriv/Build/Products/Debug-iphonesimulator/PackageFrameworks -F /Users/anushka_sharma/Library/Developer/Xcode/DerivedData/FMS-cwjlkvbqxgbddsairyzxkfxaxriv/Build/Products/Debug-iphonesimulator/PackageFrameworks -F /Users/anushka_sharma/Library/Developer/Xcode/DerivedData/FMS-cwjlkvbqxgbddsairyzxkfxaxriv/Build/Products/Debug-iphonesimulator/PackageFrameworks -F /Users/anushka_sharma/Library/Developer/Xcode/DerivedData/FMS-cwjlkvbqxgbddsairyzxkfxaxriv/Build/Products/Debug-iphonesimulator/PackageFrameworks -F /Users/anushka_sharma/Library/Developer/Xcode/DerivedData/FMS-cwjlkvbqxgbddsairyzxkfxaxriv/Build/Products/Debug-iphonesimulator/PackageFrameworks -F /Users/anushka_sharma/Library/Developer/Xcode/DerivedData/FMS-cwjlkvbqxgbddsairyzxkfxaxriv/Build/Products/Debug-iphonesimulator -F /Applications/Xcode.app/Contents/Developer/Platforms/iPhoneSimulator.platform/Developer/Library/Frameworks -F /Applications/Xcode.app/Contents/Developer/Platforms/iPhoneSimulator.platform/Developer/SDKs/iPhoneSimulator26.2.sdk/Developer/Library/Frameworks -c -j10 -enable-batch-mode -incremental -Xcc -ivfsstatcache -Xcc /Users/anushka_sharma/Library/Developer/Xcode/DerivedData/SDKStatCaches.noindex/iphonesimulator26.2-23C53-7d00a8b37fbd7999ea79df8ebc024bf0.sdkstatcache -output-file-map /Users/anushka_sharma/Library/Developer/Xcode/DerivedData/FMS-cwjlkvbqxgbddsairyzxkfxaxriv/Build/Intermediates.noindex/Supabase.build/Debug-iphonesimulator/Helpers.build/Objects-normal/arm64/Helpers-OutputFileMap.json -use-frontend-parseable-output -save-temps -no-color-diagnostics -explicit-module-build -module-cache-path /Users/anushka_sharma/Library/Developer/Xcode/DerivedData/FMS-cwjlkvbqxgbddsairyzxkfxaxriv/Build/Intermediates.noindex/SwiftExplicitPrecompiledModules -clang-scanner-module-cache-path /Users/anushka_sharma/Library/Developer/Xcode/DerivedData/ModuleCache.noindex -sdk-module-cache-path /Users/anushka_sharma/Library/Developer/Xcode/DerivedData/ModuleCache.noindex -serialize-diagnostics -emit-dependencies -emit-module -emit-module-path /Users/anushka_sharma/Library/Developer/Xcode/DerivedData/FMS-cwjlkvbqxgbddsairyzxkfxaxriv/Build/Intermediates.noindex/Supabase.build/Debug-iphonesimulator/Helpers.build/Objects-normal/arm64/Helpers.swiftmodule -validate-clang-modules-once -clang-build-session-file /Users/anushka_sharma/Library/Developer/Xcode/DerivedData/ModuleCache.noindex/Session.modulevalidation -package-name supabase_swift -Xcc -I/Users/anushka_sharma/Library/Developer/Xcode/DerivedData/FMS-cwjlkvbqxgbddsairyzxkfxaxriv/Build/Intermediates.noindex/Supabase.build/Debug-iphonesimulator/Helpers.build/swift-overrides.hmap -emit-const-values -Xfrontend -const-gather-protocols-file -Xfrontend /Users/anushka_sharma/Library/Developer/Xcode/DerivedData/FMS-cwjlkvbqxgbddsairyzxkfxaxriv/Build/Intermediates.noindex/Supabase.build/Debug-iphonesimulator/Helpers.build/Objects-normal/arm64/Helpers_const_extract_protocols.json -Xcc -I/Users/anushka_sharma/Library/Developer/Xcode/DerivedData/FMS-cwjlkvbqxgbddsairyzxkfxaxriv/Build/Products/Debug-iphonesimulator/include -Xcc -I/Users/anushka_sharma/Library/Developer/Xcode/DerivedData/FMS-cwjlkvbqxgbddsairyzxkfxaxriv/Build/Intermediates.noindex/Supabase.build/Debug-iphonesimulator/Helpers.build/DerivedSources-normal/arm64 -Xcc -I/Users/anushka_sharma/Library/Developer/Xcode/DerivedData/FMS-cwjlkvbqxgbddsairyzxkfxaxriv/Build/Intermediates.noindex/Supabase.build/Debug-iphonesimulator/Helpers.build/DerivedSources/arm64 -Xcc -I/Users/anushka_sharma/Library/Developer/Xcode/DerivedData/FMS-cwjlkvbqxgbddsairyzxkfxaxriv/Build/Intermediates.noindex/Supabase.build/Debug-iphonesimulator/Helpers.build/DerivedSources -Xcc -DSWIFT_PACKAGE -Xcc -DDEBUG\=1 -emit-objc-header -emit-objc-header-path /Users/anushka_sharma/Library/Developer/Xcode/DerivedData/FMS-cwjlkvbqxgbddsairyzxkfxaxriv/Build/Intermediates.noindex/Supabase.build/Debug-iphonesimulator/Helpers.build/Objects-normal/arm64/Helpers-Swift.h -working-directory /Users/anushka_sharma/Documents/FMS/FMS.xcodeproj -experimental-emit-module-separately -disable-cmo

Copy /Users/anushka_sharma/Library/Developer/Xcode/DerivedData/FMS-cwjlkvbqxgbddsairyzxkfxaxriv/Build/Products/Debug-iphonesimulator/Helpers.swiftmodule/arm64-apple-ios-simulator.swiftmodule /Users/anushka_sharma/Library/Developer/Xcode/DerivedData/FMS-cwjlkvbqxgbddsairyzxkfxaxriv/Build/Intermediates.noindex/Supabase.build/Debug-iphonesimulator/Helpers.build/Objects-normal/arm64/Helpers.swiftmodule (in target 'Helpers' from project 'Supabase')
    cd /Users/anushka_sharma/Library/Developer/Xcode/DerivedData/FMS-cwjlkvbqxgbddsairyzxkfxaxriv/SourcePackages/checkouts/supabase-swift
    builtin-copy -exclude .DS_Store -exclude CVS -exclude .svn -exclude .git -exclude .hg -resolve-src-symlinks -rename /Users/anushka_sharma/Library/Developer/Xcode/DerivedData/FMS-cwjlkvbqxgbddsairyzxkfxaxriv/Build/Intermediates.noindex/Supabase.build/Debug-iphonesimulator/Helpers.build/Objects-normal/arm64/Helpers.swiftmodule /Users/anushka_sharma/Library/Developer/Xcode/DerivedData/FMS-cwjlkvbqxgbddsairyzxkfxaxriv/Build/Products/Debug-iphonesimulator/Helpers.swiftmodule/arm64-apple-ios-simulator.swiftmodule

Copy /Users/anushka_sharma/Library/Developer/Xcode/DerivedData/FMS-cwjlkvbqxgbddsairyzxkfxaxriv/Build/Products/Debug-iphonesimulator/Helpers.swiftmodule/arm64-apple-ios-simulator.abi.json /Users/anushka_sharma/Library/Developer/Xcode/DerivedData/FMS-cwjlkvbqxgbddsairyzxkfxaxriv/Build/Intermediates.noindex/Supabase.build/Debug-iphonesimulator/Helpers.build/Objects-normal/arm64/Helpers.abi.json (in target 'Helpers' from project 'Supabase')
    cd /Users/anushka_sharma/Library/Developer/Xcode/DerivedData/FMS-cwjlkvbqxgbddsairyzxkfxaxriv/SourcePackages/checkouts/supabase-swift
    builtin-copy -exclude .DS_Store -exclude CVS -exclude .svn -exclude .git -exclude .hg -resolve-src-symlinks -rename /Users/anushka_sharma/Library/Developer/Xcode/DerivedData/FMS-cwjlkvbqxgbddsairyzxkfxaxriv/Build/Intermediates.noindex/Supabase.build/Debug-iphonesimulator/Helpers.build/Objects-normal/arm64/Helpers.abi.json /Users/anushka_sharma/Library/Developer/Xcode/DerivedData/FMS-cwjlkvbqxgbddsairyzxkfxaxriv/Build/Products/Debug-iphonesimulator/Helpers.swiftmodule/arm64-apple-ios-simulator.abi.json

Copy /Users/anushka_sharma/Library/Developer/Xcode/DerivedData/FMS-cwjlkvbqxgbddsairyzxkfxaxriv/Build/Products/Debug-iphonesimulator/Helpers.swiftmodule/arm64-apple-ios-simulator.swiftdoc /Users/anushka_sharma/Library/Developer/Xcode/DerivedData/FMS-cwjlkvbqxgbddsairyzxkfxaxriv/Build/Intermediates.noindex/Supabase.build/Debug-iphonesimulator/Helpers.build/Objects-normal/arm64/Helpers.swiftdoc (in target 'Helpers' from project 'Supabase')
    cd /Users/anushka_sharma/Library/Developer/Xcode/DerivedData/FMS-cwjlkvbqxgbddsairyzxkfxaxriv/SourcePackages/checkouts/supabase-swift
    builtin-copy -exclude .DS_Store -exclude CVS -exclude .svn -exclude .git -exclude .hg -resolve-src-symlinks -rename /Users/anushka_sharma/Library/Developer/Xcode/DerivedData/FMS-cwjlkvbqxgbddsairyzxkfxaxriv/Build/Intermediates.noindex/Supabase.build/Debug-iphonesimulator/Helpers.build/Objects-normal/arm64/Helpers.swiftdoc /Users/anushka_sharma/Library/Developer/Xcode/DerivedData/FMS-cwjlkvbqxgbddsairyzxkfxaxriv/Build/Products/Debug-iphonesimulator/Helpers.swiftmodule/arm64-apple-ios-simulator.swiftdoc

Copy /Users/anushka_sharma/Library/Developer/Xcode/DerivedData/FMS-cwjlkvbqxgbddsairyzxkfxaxriv/Build/Products/Debug-iphonesimulator/Helpers.swiftmodule/Project/arm64-apple-ios-simulator.swiftsourceinfo /Users/anushka_sharma/Library/Developer/Xcode/DerivedData/FMS-cwjlkvbqxgbddsairyzxkfxaxriv/Build/Intermediates.noindex/Supabase.build/Debug-iphonesimulator/Helpers.build/Objects-normal/arm64/Helpers.swiftsourceinfo (in target 'Helpers' from project 'Supabase')
    cd /Users/anushka_sharma/Library/Developer/Xcode/DerivedData/FMS-cwjlkvbqxgbddsairyzxkfxaxriv/SourcePackages/checkouts/supabase-swift
    builtin-copy -exclude .DS_Store -exclude CVS -exclude .svn -exclude .git -exclude .hg -resolve-src-symlinks -rename /Users/anushka_sharma/Library/Developer/Xcode/DerivedData/FMS-cwjlkvbqxgbddsairyzxkfxaxriv/Build/Intermediates.noindex/Supabase.build/Debug-iphonesimulator/Helpers.build/Objects-normal/arm64/Helpers.swiftsourceinfo /Users/anushka_sharma/Library/Developer/Xcode/DerivedData/FMS-cwjlkvbqxgbddsairyzxkfxaxriv/Build/Products/Debug-iphonesimulator/Helpers.swiftmodule/Project/arm64-apple-ios-simulator.swiftsourceinfo

SwiftMergeGeneratedHeaders /Users/anushka_sharma/Library/Developer/Xcode/DerivedData/FMS-cwjlkvbqxgbddsairyzxkfxaxriv/Build/Intermediates.noindex/GeneratedModuleMaps-iphonesimulator/Helpers-Swift.h /Users/anushka_sharma/Library/Developer/Xcode/DerivedData/FMS-cwjlkvbqxgbddsairyzxkfxaxriv/Build/Intermediates.noindex/Supabase.build/Debug-iphonesimulator/Helpers.build/Objects-normal/arm64/Helpers-Swift.h /Users/anushka_sharma/Library/Developer/Xcode/DerivedData/FMS-cwjlkvbqxgbddsairyzxkfxaxriv/Build/Intermediates.noindex/Supabase.build/Debug-iphonesimulator/Helpers.build/Objects-normal/x86_64/Helpers-Swift.h (in target 'Helpers' from project 'Supabase')
    cd /Users/anushka_sharma/Library/Developer/Xcode/DerivedData/FMS-cwjlkvbqxgbddsairyzxkfxaxriv/SourcePackages/checkouts/supabase-swift
    builtin-swiftHeaderTool -arch arm64 /Users/anushka_sharma/Library/Developer/Xcode/DerivedData/FMS-cwjlkvbqxgbddsairyzxkfxaxriv/Build/Intermediates.noindex/Supabase.build/Debug-iphonesimulator/Helpers.build/Objects-normal/arm64/Helpers-Swift.h -arch x86_64 /Users/anushka_sharma/Library/Developer/Xcode/DerivedData/FMS-cwjlkvbqxgbddsairyzxkfxaxriv/Build/Intermediates.noindex/Supabase.build/Debug-iphonesimulator/Helpers.build/Objects-normal/x86_64/Helpers-Swift.h -o /Users/anushka_sharma/Library/Developer/Xcode/DerivedData/FMS-cwjlkvbqxgbddsairyzxkfxaxriv/Build/Intermediates.noindex/GeneratedModuleMaps-iphonesimulator/Helpers-Swift.h

SwiftDriver Storage normal x86_64 com.apple.xcode.tools.swift.compiler (in target 'Storage' from project 'Supabase')
    cd /Users/anushka_sharma/Documents/FMS/FMS.xcodeproj
    builtin-SwiftDriver -- /Applications/Xcode.app/Contents/Developer/Toolchains/XcodeDefault.xctoolchain/usr/bin/swiftc -module-name Storage -Onone -enforce-exclusivity\=checked @/Users/anushka_sharma/Library/Developer/Xcode/DerivedData/FMS-cwjlkvbqxgbddsairyzxkfxaxriv/Build/Intermediates.noindex/Supabase.build/Debug-iphonesimulator/Storage.build/Objects-normal/x86_64/Storage.SwiftFileList -DSWIFT_PACKAGE -DDEBUG -DSWIFT_MODULE_RESOURCE_BUNDLE_UNAVAILABLE -DXcode -enable-upcoming-feature ExistentialAny -enable-experimental-feature StrictConcurrency -plugin-path /Applications/Xcode.app/Contents/Developer/Toolchains/XcodeDefault.xctoolchain/usr/lib/swift/host/plugins/testing -enable-experimental-feature DebugDescriptionMacro -sdk /Applications/Xcode.app/Contents/Developer/Platforms/iPhoneSimulator.platform/Developer/SDKs/iPhoneSimulator26.2.sdk -target x86_64-apple-ios13.0-simulator -g -module-cache-path /Users/anushka_sharma/Library/Developer/Xcode/DerivedData/ModuleCache.noindex -Xfrontend -serialize-debugging-options -enable-testing -suppress-warnings -index-store-path /Users/anushka_sharma/Library/Developer/Xcode/DerivedData/FMS-cwjlkvbqxgbddsairyzxkfxaxriv/Index.noindex/DataStore -Xcc -D_LIBCPP_HARDENING_MODE\=_LIBCPP_HARDENING_MODE_DEBUG -swift-version 5 -I /Users/anushka_sharma/Library/Developer/Xcode/DerivedData/FMS-cwjlkvbqxgbddsairyzxkfxaxriv/Build/Products/Debug-iphonesimulator -Isystem /Applications/Xcode.app/Contents/Developer/Platforms/iPhoneSimulator.platform/Developer/usr/lib -F /Users/anushka_sharma/Library/Developer/Xcode/DerivedData/FMS-cwjlkvbqxgbddsairyzxkfxaxriv/Build/Products/Debug-iphonesimulator/PackageFrameworks -F /Users/anushka_sharma/Library/Developer/Xcode/DerivedData/FMS-cwjlkvbqxgbddsairyzxkfxaxriv/Build/Products/Debug-iphonesimulator/PackageFrameworks -F /Users/anushka_sharma/Library/Developer/Xcode/DerivedData/FMS-cwjlkvbqxgbddsairyzxkfxaxriv/Build/Products/Debug-iphonesimulator/PackageFrameworks -F /Users/anushka_sharma/Library/Developer/Xcode/DerivedData/FMS-cwjlkvbqxgbddsairyzxkfxaxriv/Build/Products/Debug-iphonesimulator/PackageFrameworks -F /Users/anushka_sharma/Library/Developer/Xcode/DerivedData/FMS-cwjlkvbqxgbddsairyzxkfxaxriv/Build/Products/Debug-iphonesimulator/PackageFrameworks -F /Users/anushka_sharma/Library/Developer/Xcode/DerivedData/FMS-cwjlkvbqxgbddsairyzxkfxaxriv/Build/Products/Debug-iphonesimulator/PackageFrameworks -F /Users/anushka_sharma/Library/Developer/Xcode/DerivedData/FMS-cwjlkvbqxgbddsairyzxkfxaxriv/Build/Products/Debug-iphonesimulator/PackageFrameworks -F /Users/anushka_sharma/Library/Developer/Xcode/DerivedData/FMS-cwjlkvbqxgbddsairyzxkfxaxriv/Build/Products/Debug-iphonesimulator -F /Applications/Xcode.app/Contents/Developer/Platforms/iPhoneSimulator.platform/Developer/Library/Frameworks -F /Applications/Xcode.app/Contents/Developer/Platforms/iPhoneSimulator.platform/Developer/SDKs/iPhoneSimulator26.2.sdk/Developer/Library/Frameworks -c -j10 -enable-batch-mode -incremental -Xcc -ivfsstatcache -Xcc /Users/anushka_sharma/Library/Developer/Xcode/DerivedData/SDKStatCaches.noindex/iphonesimulator26.2-23C53-7d00a8b37fbd7999ea79df8ebc024bf0.sdkstatcache -output-file-map /Users/anushka_sharma/Library/Developer/Xcode/DerivedData/FMS-cwjlkvbqxgbddsairyzxkfxaxriv/Build/Intermediates.noindex/Supabase.build/Debug-iphonesimulator/Storage.build/Objects-normal/x86_64/Storage-OutputFileMap.json -use-frontend-parseable-output -save-temps -no-color-diagnostics -explicit-module-build -module-cache-path /Users/anushka_sharma/Library/Developer/Xcode/DerivedData/FMS-cwjlkvbqxgbddsairyzxkfxaxriv/Build/Intermediates.noindex/SwiftExplicitPrecompiledModules -clang-scanner-module-cache-path /Users/anushka_sharma/Library/Developer/Xcode/DerivedData/ModuleCache.noindex -sdk-module-cache-path /Users/anushka_sharma/Library/Developer/Xcode/DerivedData/ModuleCache.noindex -serialize-diagnostics -emit-dependencies -emit-module -emit-module-path /Users/anushka_sharma/Library/Developer/Xcode/DerivedData/FMS-cwjlkvbqxgbddsairyzxkfxaxriv/Build/Intermediates.noindex/Supabase.build/Debug-iphonesimulator/Storage.build/Objects-normal/x86_64/Storage.swiftmodule -validate-clang-modules-once -clang-build-session-file /Users/anushka_sharma/Library/Developer/Xcode/DerivedData/ModuleCache.noindex/Session.modulevalidation -package-name supabase_swift -Xcc -I/Users/anushka_sharma/Library/Developer/Xcode/DerivedData/FMS-cwjlkvbqxgbddsairyzxkfxaxriv/Build/Intermediates.noindex/Supabase.build/Debug-iphonesimulator/Storage.build/swift-overrides.hmap -emit-const-values -Xfrontend -const-gather-protocols-file -Xfrontend /Users/anushka_sharma/Library/Developer/Xcode/DerivedData/FMS-cwjlkvbqxgbddsairyzxkfxaxriv/Build/Intermediates.noindex/Supabase.build/Debug-iphonesimulator/Storage.build/Objects-normal/x86_64/Storage_const_extract_protocols.json -Xcc -I/Users/anushka_sharma/Library/Developer/Xcode/DerivedData/FMS-cwjlkvbqxgbddsairyzxkfxaxriv/Build/Products/Debug-iphonesimulator/include -Xcc -I/Users/anushka_sharma/Library/Developer/Xcode/DerivedData/FMS-cwjlkvbqxgbddsairyzxkfxaxriv/Build/Intermediates.noindex/Supabase.build/Debug-iphonesimulator/Storage.build/DerivedSources-normal/x86_64 -Xcc -I/Users/anushka_sharma/Library/Developer/Xcode/DerivedData/FMS-cwjlkvbqxgbddsairyzxkfxaxriv/Build/Intermediates.noindex/Supabase.build/Debug-iphonesimulator/Storage.build/DerivedSources/x86_64 -Xcc -I/Users/anushka_sharma/Library/Developer/Xcode/DerivedData/FMS-cwjlkvbqxgbddsairyzxkfxaxriv/Build/Intermediates.noindex/Supabase.build/Debug-iphonesimulator/Storage.build/DerivedSources -Xcc -DSWIFT_PACKAGE -Xcc -DDEBUG\=1 -emit-objc-header -emit-objc-header-path /Users/anushka_sharma/Library/Developer/Xcode/DerivedData/FMS-cwjlkvbqxgbddsairyzxkfxaxriv/Build/Intermediates.noindex/Supabase.build/Debug-iphonesimulator/Storage.build/Objects-normal/x86_64/Storage-Swift.h -working-directory /Users/anushka_sharma/Documents/FMS/FMS.xcodeproj -experimental-emit-module-separately -disable-cmo

SwiftDriver Storage normal arm64 com.apple.xcode.tools.swift.compiler (in target 'Storage' from project 'Supabase')
    cd /Users/anushka_sharma/Documents/FMS/FMS.xcodeproj
    builtin-SwiftDriver -- /Applications/Xcode.app/Contents/Developer/Toolchains/XcodeDefault.xctoolchain/usr/bin/swiftc -module-name Storage -Onone -enforce-exclusivity\=checked @/Users/anushka_sharma/Library/Developer/Xcode/DerivedData/FMS-cwjlkvbqxgbddsairyzxkfxaxriv/Build/Intermediates.noindex/Supabase.build/Debug-iphonesimulator/Storage.build/Objects-normal/arm64/Storage.SwiftFileList -DSWIFT_PACKAGE -DDEBUG -DSWIFT_MODULE_RESOURCE_BUNDLE_UNAVAILABLE -DXcode -enable-upcoming-feature ExistentialAny -enable-experimental-feature StrictConcurrency -plugin-path /Applications/Xcode.app/Contents/Developer/Toolchains/XcodeDefault.xctoolchain/usr/lib/swift/host/plugins/testing -enable-experimental-feature DebugDescriptionMacro -sdk /Applications/Xcode.app/Contents/Developer/Platforms/iPhoneSimulator.platform/Developer/SDKs/iPhoneSimulator26.2.sdk -target arm64-apple-ios13.0-simulator -g -module-cache-path /Users/anushka_sharma/Library/Developer/Xcode/DerivedData/ModuleCache.noindex -Xfrontend -serialize-debugging-options -enable-testing -suppress-warnings -index-store-path /Users/anushka_sharma/Library/Developer/Xcode/DerivedData/FMS-cwjlkvbqxgbddsairyzxkfxaxriv/Index.noindex/DataStore -Xcc -D_LIBCPP_HARDENING_MODE\=_LIBCPP_HARDENING_MODE_DEBUG -swift-version 5 -I /Users/anushka_sharma/Library/Developer/Xcode/DerivedData/FMS-cwjlkvbqxgbddsairyzxkfxaxriv/Build/Products/Debug-iphonesimulator -Isystem /Applications/Xcode.app/Contents/Developer/Platforms/iPhoneSimulator.platform/Developer/usr/lib -F /Users/anushka_sharma/Library/Developer/Xcode/DerivedData/FMS-cwjlkvbqxgbddsairyzxkfxaxriv/Build/Products/Debug-iphonesimulator/PackageFrameworks -F /Users/anushka_sharma/Library/Developer/Xcode/DerivedData/FMS-cwjlkvbqxgbddsairyzxkfxaxriv/Build/Products/Debug-iphonesimulator/PackageFrameworks -F /Users/anushka_sharma/Library/Developer/Xcode/DerivedData/FMS-cwjlkvbqxgbddsairyzxkfxaxriv/Build/Products/Debug-iphonesimulator/PackageFrameworks -F /Users/anushka_sharma/Library/Developer/Xcode/DerivedData/FMS-cwjlkvbqxgbddsairyzxkfxaxriv/Build/Products/Debug-iphonesimulator/PackageFrameworks -F /Users/anushka_sharma/Library/Developer/Xcode/DerivedData/FMS-cwjlkvbqxgbddsairyzxkfxaxriv/Build/Products/Debug-iphonesimulator/PackageFrameworks -F /Users/anushka_sharma/Library/Developer/Xcode/DerivedData/FMS-cwjlkvbqxgbddsairyzxkfxaxriv/Build/Products/Debug-iphonesimulator/PackageFrameworks -F /Users/anushka_sharma/Library/Developer/Xcode/DerivedData/FMS-cwjlkvbqxgbddsairyzxkfxaxriv/Build/Products/Debug-iphonesimulator/PackageFrameworks -F /Users/anushka_sharma/Library/Developer/Xcode/DerivedData/FMS-cwjlkvbqxgbddsairyzxkfxaxriv/Build/Products/Debug-iphonesimulator -F /Applications/Xcode.app/Contents/Developer/Platforms/iPhoneSimulator.platform/Developer/Library/Frameworks -F /Applications/Xcode.app/Contents/Developer/Platforms/iPhoneSimulator.platform/Developer/SDKs/iPhoneSimulator26.2.sdk/Developer/Library/Frameworks -c -j10 -enable-batch-mode -incremental -Xcc -ivfsstatcache -Xcc /Users/anushka_sharma/Library/Developer/Xcode/DerivedData/SDKStatCaches.noindex/iphonesimulator26.2-23C53-7d00a8b37fbd7999ea79df8ebc024bf0.sdkstatcache -output-file-map /Users/anushka_sharma/Library/Developer/Xcode/DerivedData/FMS-cwjlkvbqxgbddsairyzxkfxaxriv/Build/Intermediates.noindex/Supabase.build/Debug-iphonesimulator/Storage.build/Objects-normal/arm64/Storage-OutputFileMap.json -use-frontend-parseable-output -save-temps -no-color-diagnostics -explicit-module-build -module-cache-path /Users/anushka_sharma/Library/Developer/Xcode/DerivedData/FMS-cwjlkvbqxgbddsairyzxkfxaxriv/Build/Intermediates.noindex/SwiftExplicitPrecompiledModules -clang-scanner-module-cache-path /Users/anushka_sharma/Library/Developer/Xcode/DerivedData/ModuleCache.noindex -sdk-module-cache-path /Users/anushka_sharma/Library/Developer/Xcode/DerivedData/ModuleCache.noindex -serialize-diagnostics -emit-dependencies -emit-module -emit-module-path /Users/anushka_sharma/Library/Developer/Xcode/DerivedData/FMS-cwjlkvbqxgbddsairyzxkfxaxriv/Build/Intermediates.noindex/Supabase.build/Debug-iphonesimulator/Storage.build/Objects-normal/arm64/Storage.swiftmodule -validate-clang-modules-once -clang-build-session-file /Users/anushka_sharma/Library/Developer/Xcode/DerivedData/ModuleCache.noindex/Session.modulevalidation -package-name supabase_swift -Xcc -I/Users/anushka_sharma/Library/Developer/Xcode/DerivedData/FMS-cwjlkvbqxgbddsairyzxkfxaxriv/Build/Intermediates.noindex/Supabase.build/Debug-iphonesimulator/Storage.build/swift-overrides.hmap -emit-const-values -Xfrontend -const-gather-protocols-file -Xfrontend /Users/anushka_sharma/Library/Developer/Xcode/DerivedData/FMS-cwjlkvbqxgbddsairyzxkfxaxriv/Build/Intermediates.noindex/Supabase.build/Debug-iphonesimulator/Storage.build/Objects-normal/arm64/Storage_const_extract_protocols.json -Xcc -I/Users/anushka_sharma/Library/Developer/Xcode/DerivedData/FMS-cwjlkvbqxgbddsairyzxkfxaxriv/Build/Products/Debug-iphonesimulator/include -Xcc -I/Users/anushka_sharma/Library/Developer/Xcode/DerivedData/FMS-cwjlkvbqxgbddsairyzxkfxaxriv/Build/Intermediates.noindex/Supabase.build/Debug-iphonesimulator/Storage.build/DerivedSources-normal/arm64 -Xcc -I/Users/anushka_sharma/Library/Developer/Xcode/DerivedData/FMS-cwjlkvbqxgbddsairyzxkfxaxriv/Build/Intermediates.noindex/Supabase.build/Debug-iphonesimulator/Storage.build/DerivedSources/arm64 -Xcc -I/Users/anushka_sharma/Library/Developer/Xcode/DerivedData/FMS-cwjlkvbqxgbddsairyzxkfxaxriv/Build/Intermediates.noindex/Supabase.build/Debug-iphonesimulator/Storage.build/DerivedSources -Xcc -DSWIFT_PACKAGE -Xcc -DDEBUG\=1 -emit-objc-header -emit-objc-header-path /Users/anushka_sharma/Library/Developer/Xcode/DerivedData/FMS-cwjlkvbqxgbddsairyzxkfxaxriv/Build/Intermediates.noindex/Supabase.build/Debug-iphonesimulator/Storage.build/Objects-normal/arm64/Storage-Swift.h -working-directory /Users/anushka_sharma/Documents/FMS/FMS.xcodeproj -experimental-emit-module-separately -disable-cmo

SwiftDriver PostgREST normal arm64 com.apple.xcode.tools.swift.compiler (in target 'PostgREST' from project 'Supabase')
    cd /Users/anushka_sharma/Documents/FMS/FMS.xcodeproj
    builtin-SwiftDriver -- /Applications/Xcode.app/Contents/Developer/Toolchains/XcodeDefault.xctoolchain/usr/bin/swiftc -module-name PostgREST -Onone -enforce-exclusivity\=checked @/Users/anushka_sharma/Library/Developer/Xcode/DerivedData/FMS-cwjlkvbqxgbddsairyzxkfxaxriv/Build/Intermediates.noindex/Supabase.build/Debug-iphonesimulator/PostgREST.build/Objects-normal/arm64/PostgREST.SwiftFileList -DSWIFT_PACKAGE -DDEBUG -DSWIFT_MODULE_RESOURCE_BUNDLE_UNAVAILABLE -DXcode -enable-upcoming-feature ExistentialAny -enable-experimental-feature StrictConcurrency -plugin-path /Applications/Xcode.app/Contents/Developer/Toolchains/XcodeDefault.xctoolchain/usr/lib/swift/host/plugins/testing -enable-experimental-feature DebugDescriptionMacro -sdk /Applications/Xcode.app/Contents/Developer/Platforms/iPhoneSimulator.platform/Developer/SDKs/iPhoneSimulator26.2.sdk -target arm64-apple-ios13.0-simulator -g -module-cache-path /Users/anushka_sharma/Library/Developer/Xcode/DerivedData/ModuleCache.noindex -Xfrontend -serialize-debugging-options -enable-testing -suppress-warnings -index-store-path /Users/anushka_sharma/Library/Developer/Xcode/DerivedData/FMS-cwjlkvbqxgbddsairyzxkfxaxriv/Index.noindex/DataStore -Xcc -D_LIBCPP_HARDENING_MODE\=_LIBCPP_HARDENING_MODE_DEBUG -swift-version 5 -I /Users/anushka_sharma/Library/Developer/Xcode/DerivedData/FMS-cwjlkvbqxgbddsairyzxkfxaxriv/Build/Products/Debug-iphonesimulator -Isystem /Applications/Xcode.app/Contents/Developer/Platforms/iPhoneSimulator.platform/Developer/usr/lib -F /Users/anushka_sharma/Library/Developer/Xcode/DerivedData/FMS-cwjlkvbqxgbddsairyzxkfxaxriv/Build/Products/Debug-iphonesimulator/PackageFrameworks -F /Users/anushka_sharma/Library/Developer/Xcode/DerivedData/FMS-cwjlkvbqxgbddsairyzxkfxaxriv/Build/Products/Debug-iphonesimulator/PackageFrameworks -F /Users/anushka_sharma/Library/Developer/Xcode/DerivedData/FMS-cwjlkvbqxgbddsairyzxkfxaxriv/Build/Products/Debug-iphonesimulator/PackageFrameworks -F /Users/anushka_sharma/Library/Developer/Xcode/DerivedData/FMS-cwjlkvbqxgbddsairyzxkfxaxriv/Build/Products/Debug-iphonesimulator/PackageFrameworks -F /Users/anushka_sharma/Library/Developer/Xcode/DerivedData/FMS-cwjlkvbqxgbddsairyzxkfxaxriv/Build/Products/Debug-iphonesimulator/PackageFrameworks -F /Users/anushka_sharma/Library/Developer/Xcode/DerivedData/FMS-cwjlkvbqxgbddsairyzxkfxaxriv/Build/Products/Debug-iphonesimulator/PackageFrameworks -F /Users/anushka_sharma/Library/Developer/Xcode/DerivedData/FMS-cwjlkvbqxgbddsairyzxkfxaxriv/Build/Products/Debug-iphonesimulator/PackageFrameworks -F /Users/anushka_sharma/Library/Developer/Xcode/DerivedData/FMS-cwjlkvbqxgbddsairyzxkfxaxriv/Build/Products/Debug-iphonesimulator -F /Applications/Xcode.app/Contents/Developer/Platforms/iPhoneSimulator.platform/Developer/Library/Frameworks -F /Applications/Xcode.app/Contents/Developer/Platforms/iPhoneSimulator.platform/Developer/SDKs/iPhoneSimulator26.2.sdk/Developer/Library/Frameworks -c -j10 -enable-batch-mode -incremental -Xcc -ivfsstatcache -Xcc /Users/anushka_sharma/Library/Developer/Xcode/DerivedData/SDKStatCaches.noindex/iphonesimulator26.2-23C53-7d00a8b37fbd7999ea79df8ebc024bf0.sdkstatcache -output-file-map /Users/anushka_sharma/Library/Developer/Xcode/DerivedData/FMS-cwjlkvbqxgbddsairyzxkfxaxriv/Build/Intermediates.noindex/Supabase.build/Debug-iphonesimulator/PostgREST.build/Objects-normal/arm64/PostgREST-OutputFileMap.json -use-frontend-parseable-output -save-temps -no-color-diagnostics -explicit-module-build -module-cache-path /Users/anushka_sharma/Library/Developer/Xcode/DerivedData/FMS-cwjlkvbqxgbddsairyzxkfxaxriv/Build/Intermediates.noindex/SwiftExplicitPrecompiledModules -clang-scanner-module-cache-path /Users/anushka_sharma/Library/Developer/Xcode/DerivedData/ModuleCache.noindex -sdk-module-cache-path /Users/anushka_sharma/Library/Developer/Xcode/DerivedData/ModuleCache.noindex -serialize-diagnostics -emit-dependencies -emit-module -emit-module-path /Users/anushka_sharma/Library/Developer/Xcode/DerivedData/FMS-cwjlkvbqxgbddsairyzxkfxaxriv/Build/Intermediates.noindex/Supabase.build/Debug-iphonesimulator/PostgREST.build/Objects-normal/arm64/PostgREST.swiftmodule -validate-clang-modules-once -clang-build-session-file /Users/anushka_sharma/Library/Developer/Xcode/DerivedData/ModuleCache.noindex/Session.modulevalidation -package-name supabase_swift -Xcc -I/Users/anushka_sharma/Library/Developer/Xcode/DerivedData/FMS-cwjlkvbqxgbddsairyzxkfxaxriv/Build/Intermediates.noindex/Supabase.build/Debug-iphonesimulator/PostgREST.build/swift-overrides.hmap -emit-const-values -Xfrontend -const-gather-protocols-file -Xfrontend /Users/anushka_sharma/Library/Developer/Xcode/DerivedData/FMS-cwjlkvbqxgbddsairyzxkfxaxriv/Build/Intermediates.noindex/Supabase.build/Debug-iphonesimulator/PostgREST.build/Objects-normal/arm64/PostgREST_const_extract_protocols.json -Xcc -I/Users/anushka_sharma/Library/Developer/Xcode/DerivedData/FMS-cwjlkvbqxgbddsairyzxkfxaxriv/Build/Products/Debug-iphonesimulator/include -Xcc -I/Users/anushka_sharma/Library/Developer/Xcode/DerivedData/FMS-cwjlkvbqxgbddsairyzxkfxaxriv/Build/Intermediates.noindex/Supabase.build/Debug-iphonesimulator/PostgREST.build/DerivedSources-normal/arm64 -Xcc -I/Users/anushka_sharma/Library/Developer/Xcode/DerivedData/FMS-cwjlkvbqxgbddsairyzxkfxaxriv/Build/Intermediates.noindex/Supabase.build/Debug-iphonesimulator/PostgREST.build/DerivedSources/arm64 -Xcc -I/Users/anushka_sharma/Library/Developer/Xcode/DerivedData/FMS-cwjlkvbqxgbddsairyzxkfxaxriv/Build/Intermediates.noindex/Supabase.build/Debug-iphonesimulator/PostgREST.build/DerivedSources -Xcc -DSWIFT_PACKAGE -Xcc -DDEBUG\=1 -emit-objc-header -emit-objc-header-path /Users/anushka_sharma/Library/Developer/Xcode/DerivedData/FMS-cwjlkvbqxgbddsairyzxkfxaxriv/Build/Intermediates.noindex/Supabase.build/Debug-iphonesimulator/PostgREST.build/Objects-normal/arm64/PostgREST-Swift.h -working-directory /Users/anushka_sharma/Documents/FMS/FMS.xcodeproj -experimental-emit-module-separately -disable-cmo

SwiftDriver Realtime normal x86_64 com.apple.xcode.tools.swift.compiler (in target 'Realtime' from project 'Supabase')
    cd /Users/anushka_sharma/Documents/FMS/FMS.xcodeproj
    builtin-SwiftDriver -- /Applications/Xcode.app/Contents/Developer/Toolchains/XcodeDefault.xctoolchain/usr/bin/swiftc -module-name Realtime -Onone -enforce-exclusivity\=checked @/Users/anushka_sharma/Library/Developer/Xcode/DerivedData/FMS-cwjlkvbqxgbddsairyzxkfxaxriv/Build/Intermediates.noindex/Supabase.build/Debug-iphonesimulator/Realtime.build/Objects-normal/x86_64/Realtime.SwiftFileList -DSWIFT_PACKAGE -DDEBUG -DSWIFT_MODULE_RESOURCE_BUNDLE_UNAVAILABLE -DXcode -enable-upcoming-feature ExistentialAny -enable-experimental-feature StrictConcurrency -plugin-path /Applications/Xcode.app/Contents/Developer/Toolchains/XcodeDefault.xctoolchain/usr/lib/swift/host/plugins/testing -enable-experimental-feature DebugDescriptionMacro -sdk /Applications/Xcode.app/Contents/Developer/Platforms/iPhoneSimulator.platform/Developer/SDKs/iPhoneSimulator26.2.sdk -target x86_64-apple-ios13.0-simulator -g -module-cache-path /Users/anushka_sharma/Library/Developer/Xcode/DerivedData/ModuleCache.noindex -Xfrontend -serialize-debugging-options -enable-testing -suppress-warnings -index-store-path /Users/anushka_sharma/Library/Developer/Xcode/DerivedData/FMS-cwjlkvbqxgbddsairyzxkfxaxriv/Index.noindex/DataStore -Xcc -D_LIBCPP_HARDENING_MODE\=_LIBCPP_HARDENING_MODE_DEBUG -swift-version 5 -I /Users/anushka_sharma/Library/Developer/Xcode/DerivedData/FMS-cwjlkvbqxgbddsairyzxkfxaxriv/Build/Products/Debug-iphonesimulator -Isystem /Applications/Xcode.app/Contents/Developer/Platforms/iPhoneSimulator.platform/Developer/usr/lib -F /Users/anushka_sharma/Library/Developer/Xcode/DerivedData/FMS-cwjlkvbqxgbddsairyzxkfxaxriv/Build/Products/Debug-iphonesimulator/PackageFrameworks -F /Users/anushka_sharma/Library/Developer/Xcode/DerivedData/FMS-cwjlkvbqxgbddsairyzxkfxaxriv/Build/Products/Debug-iphonesimulator/PackageFrameworks -F /Users/anushka_sharma/Library/Developer/Xcode/DerivedData/FMS-cwjlkvbqxgbddsairyzxkfxaxriv/Build/Products/Debug-iphonesimulator/PackageFrameworks -F /Users/anushka_sharma/Library/Developer/Xcode/DerivedData/FMS-cwjlkvbqxgbddsairyzxkfxaxriv/Build/Products/Debug-iphonesimulator/PackageFrameworks -F /Users/anushka_sharma/Library/Developer/Xcode/DerivedData/FMS-cwjlkvbqxgbddsairyzxkfxaxriv/Build/Products/Debug-iphonesimulator/PackageFrameworks -F /Users/anushka_sharma/Library/Developer/Xcode/DerivedData/FMS-cwjlkvbqxgbddsairyzxkfxaxriv/Build/Products/Debug-iphonesimulator/PackageFrameworks -F /Users/anushka_sharma/Library/Developer/Xcode/DerivedData/FMS-cwjlkvbqxgbddsairyzxkfxaxriv/Build/Products/Debug-iphonesimulator/PackageFrameworks -F /Users/anushka_sharma/Library/Developer/Xcode/DerivedData/FMS-cwjlkvbqxgbddsairyzxkfxaxriv/Build/Products/Debug-iphonesimulator -F /Applications/Xcode.app/Contents/Developer/Platforms/iPhoneSimulator.platform/Developer/Library/Frameworks -F /Applications/Xcode.app/Contents/Developer/Platforms/iPhoneSimulator.platform/Developer/SDKs/iPhoneSimulator26.2.sdk/Developer/Library/Frameworks -c -j10 -enable-batch-mode -incremental -Xcc -ivfsstatcache -Xcc /Users/anushka_sharma/Library/Developer/Xcode/DerivedData/SDKStatCaches.noindex/iphonesimulator26.2-23C53-7d00a8b37fbd7999ea79df8ebc024bf0.sdkstatcache -output-file-map /Users/anushka_sharma/Library/Developer/Xcode/DerivedData/FMS-cwjlkvbqxgbddsairyzxkfxaxriv/Build/Intermediates.noindex/Supabase.build/Debug-iphonesimulator/Realtime.build/Objects-normal/x86_64/Realtime-OutputFileMap.json -use-frontend-parseable-output -save-temps -no-color-diagnostics -explicit-module-build -module-cache-path /Users/anushka_sharma/Library/Developer/Xcode/DerivedData/FMS-cwjlkvbqxgbddsairyzxkfxaxriv/Build/Intermediates.noindex/SwiftExplicitPrecompiledModules -clang-scanner-module-cache-path /Users/anushka_sharma/Library/Developer/Xcode/DerivedData/ModuleCache.noindex -sdk-module-cache-path /Users/anushka_sharma/Library/Developer/Xcode/DerivedData/ModuleCache.noindex -serialize-diagnostics -emit-dependencies -emit-module -emit-module-path /Users/anushka_sharma/Library/Developer/Xcode/DerivedData/FMS-cwjlkvbqxgbddsairyzxkfxaxriv/Build/Intermediates.noindex/Supabase.build/Debug-iphonesimulator/Realtime.build/Objects-normal/x86_64/Realtime.swiftmodule -validate-clang-modules-once -clang-build-session-file /Users/anushka_sharma/Library/Developer/Xcode/DerivedData/ModuleCache.noindex/Session.modulevalidation -package-name supabase_swift -Xcc -I/Users/anushka_sharma/Library/Developer/Xcode/DerivedData/FMS-cwjlkvbqxgbddsairyzxkfxaxriv/Build/Intermediates.noindex/Supabase.build/Debug-iphonesimulator/Realtime.build/swift-overrides.hmap -emit-const-values -Xfrontend -const-gather-protocols-file -Xfrontend /Users/anushka_sharma/Library/Developer/Xcode/DerivedData/FMS-cwjlkvbqxgbddsairyzxkfxaxriv/Build/Intermediates.noindex/Supabase.build/Debug-iphonesimulator/Realtime.build/Objects-normal/x86_64/Realtime_const_extract_protocols.json -Xcc -I/Users/anushka_sharma/Library/Developer/Xcode/DerivedData/FMS-cwjlkvbqxgbddsairyzxkfxaxriv/Build/Products/Debug-iphonesimulator/include -Xcc -I/Users/anushka_sharma/Library/Developer/Xcode/DerivedData/FMS-cwjlkvbqxgbddsairyzxkfxaxriv/Build/Intermediates.noindex/Supabase.build/Debug-iphonesimulator/Realtime.build/DerivedSources-normal/x86_64 -Xcc -I/Users/anushka_sharma/Library/Developer/Xcode/DerivedData/FMS-cwjlkvbqxgbddsairyzxkfxaxriv/Build/Intermediates.noindex/Supabase.build/Debug-iphonesimulator/Realtime.build/DerivedSources/x86_64 -Xcc -I/Users/anushka_sharma/Library/Developer/Xcode/DerivedData/FMS-cwjlkvbqxgbddsairyzxkfxaxriv/Build/Intermediates.noindex/Supabase.build/Debug-iphonesimulator/Realtime.build/DerivedSources -Xcc -DSWIFT_PACKAGE -Xcc -DDEBUG\=1 -emit-objc-header -emit-objc-header-path /Users/anushka_sharma/Library/Developer/Xcode/DerivedData/FMS-cwjlkvbqxgbddsairyzxkfxaxriv/Build/Intermediates.noindex/Supabase.build/Debug-iphonesimulator/Realtime.build/Objects-normal/x86_64/Realtime-Swift.h -working-directory /Users/anushka_sharma/Documents/FMS/FMS.xcodeproj -experimental-emit-module-separately -disable-cmo

SwiftDriver PostgREST normal x86_64 com.apple.xcode.tools.swift.compiler (in target 'PostgREST' from project 'Supabase')
    cd /Users/anushka_sharma/Documents/FMS/FMS.xcodeproj
    builtin-SwiftDriver -- /Applications/Xcode.app/Contents/Developer/Toolchains/XcodeDefault.xctoolchain/usr/bin/swiftc -module-name PostgREST -Onone -enforce-exclusivity\=checked @/Users/anushka_sharma/Library/Developer/Xcode/DerivedData/FMS-cwjlkvbqxgbddsairyzxkfxaxriv/Build/Intermediates.noindex/Supabase.build/Debug-iphonesimulator/PostgREST.build/Objects-normal/x86_64/PostgREST.SwiftFileList -DSWIFT_PACKAGE -DDEBUG -DSWIFT_MODULE_RESOURCE_BUNDLE_UNAVAILABLE -DXcode -enable-upcoming-feature ExistentialAny -enable-experimental-feature StrictConcurrency -plugin-path /Applications/Xcode.app/Contents/Developer/Toolchains/XcodeDefault.xctoolchain/usr/lib/swift/host/plugins/testing -enable-experimental-feature DebugDescriptionMacro -sdk /Applications/Xcode.app/Contents/Developer/Platforms/iPhoneSimulator.platform/Developer/SDKs/iPhoneSimulator26.2.sdk -target x86_64-apple-ios13.0-simulator -g -module-cache-path /Users/anushka_sharma/Library/Developer/Xcode/DerivedData/ModuleCache.noindex -Xfrontend -serialize-debugging-options -enable-testing -suppress-warnings -index-store-path /Users/anushka_sharma/Library/Developer/Xcode/DerivedData/FMS-cwjlkvbqxgbddsairyzxkfxaxriv/Index.noindex/DataStore -Xcc -D_LIBCPP_HARDENING_MODE\=_LIBCPP_HARDENING_MODE_DEBUG -swift-version 5 -I /Users/anushka_sharma/Library/Developer/Xcode/DerivedData/FMS-cwjlkvbqxgbddsairyzxkfxaxriv/Build/Products/Debug-iphonesimulator -Isystem /Applications/Xcode.app/Contents/Developer/Platforms/iPhoneSimulator.platform/Developer/usr/lib -F /Users/anushka_sharma/Library/Developer/Xcode/DerivedData/FMS-cwjlkvbqxgbddsairyzxkfxaxriv/Build/Products/Debug-iphonesimulator/PackageFrameworks -F /Users/anushka_sharma/Library/Developer/Xcode/DerivedData/FMS-cwjlkvbqxgbddsairyzxkfxaxriv/Build/Products/Debug-iphonesimulator/PackageFrameworks -F /Users/anushka_sharma/Library/Developer/Xcode/DerivedData/FMS-cwjlkvbqxgbddsairyzxkfxaxriv/Build/Products/Debug-iphonesimulator/PackageFrameworks -F /Users/anushka_sharma/Library/Developer/Xcode/DerivedData/FMS-cwjlkvbqxgbddsairyzxkfxaxriv/Build/Products/Debug-iphonesimulator/PackageFrameworks -F /Users/anushka_sharma/Library/Developer/Xcode/DerivedData/FMS-cwjlkvbqxgbddsairyzxkfxaxriv/Build/Products/Debug-iphonesimulator/PackageFrameworks -F /Users/anushka_sharma/Library/Developer/Xcode/DerivedData/FMS-cwjlkvbqxgbddsairyzxkfxaxriv/Build/Products/Debug-iphonesimulator/PackageFrameworks -F /Users/anushka_sharma/Library/Developer/Xcode/DerivedData/FMS-cwjlkvbqxgbddsairyzxkfxaxriv/Build/Products/Debug-iphonesimulator/PackageFrameworks -F /Users/anushka_sharma/Library/Developer/Xcode/DerivedData/FMS-cwjlkvbqxgbddsairyzxkfxaxriv/Build/Products/Debug-iphonesimulator -F /Applications/Xcode.app/Contents/Developer/Platforms/iPhoneSimulator.platform/Developer/Library/Frameworks -F /Applications/Xcode.app/Contents/Developer/Platforms/iPhoneSimulator.platform/Developer/SDKs/iPhoneSimulator26.2.sdk/Developer/Library/Frameworks -c -j10 -enable-batch-mode -incremental -Xcc -ivfsstatcache -Xcc /Users/anushka_sharma/Library/Developer/Xcode/DerivedData/SDKStatCaches.noindex/iphonesimulator26.2-23C53-7d00a8b37fbd7999ea79df8ebc024bf0.sdkstatcache -output-file-map /Users/anushka_sharma/Library/Developer/Xcode/DerivedData/FMS-cwjlkvbqxgbddsairyzxkfxaxriv/Build/Intermediates.noindex/Supabase.build/Debug-iphonesimulator/PostgREST.build/Objects-normal/x86_64/PostgREST-OutputFileMap.json -use-frontend-parseable-output -save-temps -no-color-diagnostics -explicit-module-build -module-cache-path /Users/anushka_sharma/Library/Developer/Xcode/DerivedData/FMS-cwjlkvbqxgbddsairyzxkfxaxriv/Build/Intermediates.noindex/SwiftExplicitPrecompiledModules -clang-scanner-module-cache-path /Users/anushka_sharma/Library/Developer/Xcode/DerivedData/ModuleCache.noindex -sdk-module-cache-path /Users/anushka_sharma/Library/Developer/Xcode/DerivedData/ModuleCache.noindex -serialize-diagnostics -emit-dependencies -emit-module -emit-module-path /Users/anushka_sharma/Library/Developer/Xcode/DerivedData/FMS-cwjlkvbqxgbddsairyzxkfxaxriv/Build/Intermediates.noindex/Supabase.build/Debug-iphonesimulator/PostgREST.build/Objects-normal/x86_64/PostgREST.swiftmodule -validate-clang-modules-once -clang-build-session-file /Users/anushka_sharma/Library/Developer/Xcode/DerivedData/ModuleCache.noindex/Session.modulevalidation -package-name supabase_swift -Xcc -I/Users/anushka_sharma/Library/Developer/Xcode/DerivedData/FMS-cwjlkvbqxgbddsairyzxkfxaxriv/Build/Intermediates.noindex/Supabase.build/Debug-iphonesimulator/PostgREST.build/swift-overrides.hmap -emit-const-values -Xfrontend -const-gather-protocols-file -Xfrontend /Users/anushka_sharma/Library/Developer/Xcode/DerivedData/FMS-cwjlkvbqxgbddsairyzxkfxaxriv/Build/Intermediates.noindex/Supabase.build/Debug-iphonesimulator/PostgREST.build/Objects-normal/x86_64/PostgREST_const_extract_protocols.json -Xcc -I/Users/anushka_sharma/Library/Developer/Xcode/DerivedData/FMS-cwjlkvbqxgbddsairyzxkfxaxriv/Build/Products/Debug-iphonesimulator/include -Xcc -I/Users/anushka_sharma/Library/Developer/Xcode/DerivedData/FMS-cwjlkvbqxgbddsairyzxkfxaxriv/Build/Intermediates.noindex/Supabase.build/Debug-iphonesimulator/PostgREST.build/DerivedSources-normal/x86_64 -Xcc -I/Users/anushka_sharma/Library/Developer/Xcode/DerivedData/FMS-cwjlkvbqxgbddsairyzxkfxaxriv/Build/Intermediates.noindex/Supabase.build/Debug-iphonesimulator/PostgREST.build/DerivedSources/x86_64 -Xcc -I/Users/anushka_sharma/Library/Developer/Xcode/DerivedData/FMS-cwjlkvbqxgbddsairyzxkfxaxriv/Build/Intermediates.noindex/Supabase.build/Debug-iphonesimulator/PostgREST.build/DerivedSources -Xcc -DSWIFT_PACKAGE -Xcc -DDEBUG\=1 -emit-objc-header -emit-objc-header-path /Users/anushka_sharma/Library/Developer/Xcode/DerivedData/FMS-cwjlkvbqxgbddsairyzxkfxaxriv/Build/Intermediates.noindex/Supabase.build/Debug-iphonesimulator/PostgREST.build/Objects-normal/x86_64/PostgREST-Swift.h -working-directory /Users/anushka_sharma/Documents/FMS/FMS.xcodeproj -experimental-emit-module-separately -disable-cmo

SwiftDriver Realtime normal arm64 com.apple.xcode.tools.swift.compiler (in target 'Realtime' from project 'Supabase')
    cd /Users/anushka_sharma/Documents/FMS/FMS.xcodeproj
    builtin-SwiftDriver -- /Applications/Xcode.app/Contents/Developer/Toolchains/XcodeDefault.xctoolchain/usr/bin/swiftc -module-name Realtime -Onone -enforce-exclusivity\=checked @/Users/anushka_sharma/Library/Developer/Xcode/DerivedData/FMS-cwjlkvbqxgbddsairyzxkfxaxriv/Build/Intermediates.noindex/Supabase.build/Debug-iphonesimulator/Realtime.build/Objects-normal/arm64/Realtime.SwiftFileList -DSWIFT_PACKAGE -DDEBUG -DSWIFT_MODULE_RESOURCE_BUNDLE_UNAVAILABLE -DXcode -enable-upcoming-feature ExistentialAny -enable-experimental-feature StrictConcurrency -plugin-path /Applications/Xcode.app/Contents/Developer/Toolchains/XcodeDefault.xctoolchain/usr/lib/swift/host/plugins/testing -enable-experimental-feature DebugDescriptionMacro -sdk /Applications/Xcode.app/Contents/Developer/Platforms/iPhoneSimulator.platform/Developer/SDKs/iPhoneSimulator26.2.sdk -target arm64-apple-ios13.0-simulator -g -module-cache-path /Users/anushka_sharma/Library/Developer/Xcode/DerivedData/ModuleCache.noindex -Xfrontend -serialize-debugging-options -enable-testing -suppress-warnings -index-store-path /Users/anushka_sharma/Library/Developer/Xcode/DerivedData/FMS-cwjlkvbqxgbddsairyzxkfxaxriv/Index.noindex/DataStore -Xcc -D_LIBCPP_HARDENING_MODE\=_LIBCPP_HARDENING_MODE_DEBUG -swift-version 5 -I /Users/anushka_sharma/Library/Developer/Xcode/DerivedData/FMS-cwjlkvbqxgbddsairyzxkfxaxriv/Build/Products/Debug-iphonesimulator -Isystem /Applications/Xcode.app/Contents/Developer/Platforms/iPhoneSimulator.platform/Developer/usr/lib -F /Users/anushka_sharma/Library/Developer/Xcode/DerivedData/FMS-cwjlkvbqxgbddsairyzxkfxaxriv/Build/Products/Debug-iphonesimulator/PackageFrameworks -F /Users/anushka_sharma/Library/Developer/Xcode/DerivedData/FMS-cwjlkvbqxgbddsairyzxkfxaxriv/Build/Products/Debug-iphonesimulator/PackageFrameworks -F /Users/anushka_sharma/Library/Developer/Xcode/DerivedData/FMS-cwjlkvbqxgbddsairyzxkfxaxriv/Build/Products/Debug-iphonesimulator/PackageFrameworks -F /Users/anushka_sharma/Library/Developer/Xcode/DerivedData/FMS-cwjlkvbqxgbddsairyzxkfxaxriv/Build/Products/Debug-iphonesimulator/PackageFrameworks -F /Users/anushka_sharma/Library/Developer/Xcode/DerivedData/FMS-cwjlkvbqxgbddsairyzxkfxaxriv/Build/Products/Debug-iphonesimulator/PackageFrameworks -F /Users/anushka_sharma/Library/Developer/Xcode/DerivedData/FMS-cwjlkvbqxgbddsairyzxkfxaxriv/Build/Products/Debug-iphonesimulator/PackageFrameworks -F /Users/anushka_sharma/Library/Developer/Xcode/DerivedData/FMS-cwjlkvbqxgbddsairyzxkfxaxriv/Build/Products/Debug-iphonesimulator/PackageFrameworks -F /Users/anushka_sharma/Library/Developer/Xcode/DerivedData/FMS-cwjlkvbqxgbddsairyzxkfxaxriv/Build/Products/Debug-iphonesimulator -F /Applications/Xcode.app/Contents/Developer/Platforms/iPhoneSimulator.platform/Developer/Library/Frameworks -F /Applications/Xcode.app/Contents/Developer/Platforms/iPhoneSimulator.platform/Developer/SDKs/iPhoneSimulator26.2.sdk/Developer/Library/Frameworks -c -j10 -enable-batch-mode -incremental -Xcc -ivfsstatcache -Xcc /Users/anushka_sharma/Library/Developer/Xcode/DerivedData/SDKStatCaches.noindex/iphonesimulator26.2-23C53-7d00a8b37fbd7999ea79df8ebc024bf0.sdkstatcache -output-file-map /Users/anushka_sharma/Library/Developer/Xcode/DerivedData/FMS-cwjlkvbqxgbddsairyzxkfxaxriv/Build/Intermediates.noindex/Supabase.build/Debug-iphonesimulator/Realtime.build/Objects-normal/arm64/Realtime-OutputFileMap.json -use-frontend-parseable-output -save-temps -no-color-diagnostics -explicit-module-build -module-cache-path /Users/anushka_sharma/Library/Developer/Xcode/DerivedData/FMS-cwjlkvbqxgbddsairyzxkfxaxriv/Build/Intermediates.noindex/SwiftExplicitPrecompiledModules -clang-scanner-module-cache-path /Users/anushka_sharma/Library/Developer/Xcode/DerivedData/ModuleCache.noindex -sdk-module-cache-path /Users/anushka_sharma/Library/Developer/Xcode/DerivedData/ModuleCache.noindex -serialize-diagnostics -emit-dependencies -emit-module -emit-module-path /Users/anushka_sharma/Library/Developer/Xcode/DerivedData/FMS-cwjlkvbqxgbddsairyzxkfxaxriv/Build/Intermediates.noindex/Supabase.build/Debug-iphonesimulator/Realtime.build/Objects-normal/arm64/Realtime.swiftmodule -validate-clang-modules-once -clang-build-session-file /Users/anushka_sharma/Library/Developer/Xcode/DerivedData/ModuleCache.noindex/Session.modulevalidation -package-name supabase_swift -Xcc -I/Users/anushka_sharma/Library/Developer/Xcode/DerivedData/FMS-cwjlkvbqxgbddsairyzxkfxaxriv/Build/Intermediates.noindex/Supabase.build/Debug-iphonesimulator/Realtime.build/swift-overrides.hmap -emit-const-values -Xfrontend -const-gather-protocols-file -Xfrontend /Users/anushka_sharma/Library/Developer/Xcode/DerivedData/FMS-cwjlkvbqxgbddsairyzxkfxaxriv/Build/Intermediates.noindex/Supabase.build/Debug-iphonesimulator/Realtime.build/Objects-normal/arm64/Realtime_const_extract_protocols.json -Xcc -I/Users/anushka_sharma/Library/Developer/Xcode/DerivedData/FMS-cwjlkvbqxgbddsairyzxkfxaxriv/Build/Products/Debug-iphonesimulator/include -Xcc -I/Users/anushka_sharma/Library/Developer/Xcode/DerivedData/FMS-cwjlkvbqxgbddsairyzxkfxaxriv/Build/Intermediates.noindex/Supabase.build/Debug-iphonesimulator/Realtime.build/DerivedSources-normal/arm64 -Xcc -I/Users/anushka_sharma/Library/Developer/Xcode/DerivedData/FMS-cwjlkvbqxgbddsairyzxkfxaxriv/Build/Intermediates.noindex/Supabase.build/Debug-iphonesimulator/Realtime.build/DerivedSources/arm64 -Xcc -I/Users/anushka_sharma/Library/Developer/Xcode/DerivedData/FMS-cwjlkvbqxgbddsairyzxkfxaxriv/Build/Intermediates.noindex/Supabase.build/Debug-iphonesimulator/Realtime.build/DerivedSources -Xcc -DSWIFT_PACKAGE -Xcc -DDEBUG\=1 -emit-objc-header -emit-objc-header-path /Users/anushka_sharma/Library/Developer/Xcode/DerivedData/FMS-cwjlkvbqxgbddsairyzxkfxaxriv/Build/Intermediates.noindex/Supabase.build/Debug-iphonesimulator/Realtime.build/Objects-normal/arm64/Realtime-Swift.h -working-directory /Users/anushka_sharma/Documents/FMS/FMS.xcodeproj -experimental-emit-module-separately -disable-cmo

SwiftDriver Functions normal arm64 com.apple.xcode.tools.swift.compiler (in target 'Functions' from project 'Supabase')
    cd /Users/anushka_sharma/Documents/FMS/FMS.xcodeproj
    builtin-SwiftDriver -- /Applications/Xcode.app/Contents/Developer/Toolchains/XcodeDefault.xctoolchain/usr/bin/swiftc -module-name Functions -Onone -enforce-exclusivity\=checked @/Users/anushka_sharma/Library/Developer/Xcode/DerivedData/FMS-cwjlkvbqxgbddsairyzxkfxaxriv/Build/Intermediates.noindex/Supabase.build/Debug-iphonesimulator/Functions.build/Objects-normal/arm64/Functions.SwiftFileList -DSWIFT_PACKAGE -DDEBUG -DSWIFT_MODULE_RESOURCE_BUNDLE_UNAVAILABLE -DXcode -enable-upcoming-feature ExistentialAny -enable-experimental-feature StrictConcurrency -plugin-path /Applications/Xcode.app/Contents/Developer/Toolchains/XcodeDefault.xctoolchain/usr/lib/swift/host/plugins/testing -enable-experimental-feature DebugDescriptionMacro -sdk /Applications/Xcode.app/Contents/Developer/Platforms/iPhoneSimulator.platform/Developer/SDKs/iPhoneSimulator26.2.sdk -target arm64-apple-ios13.0-simulator -g -module-cache-path /Users/anushka_sharma/Library/Developer/Xcode/DerivedData/ModuleCache.noindex -Xfrontend -serialize-debugging-options -enable-testing -suppress-warnings -index-store-path /Users/anushka_sharma/Library/Developer/Xcode/DerivedData/FMS-cwjlkvbqxgbddsairyzxkfxaxriv/Index.noindex/DataStore -Xcc -D_LIBCPP_HARDENING_MODE\=_LIBCPP_HARDENING_MODE_DEBUG -swift-version 5 -I /Users/anushka_sharma/Library/Developer/Xcode/DerivedData/FMS-cwjlkvbqxgbddsairyzxkfxaxriv/Build/Products/Debug-iphonesimulator -Isystem /Applications/Xcode.app/Contents/Developer/Platforms/iPhoneSimulator.platform/Developer/usr/lib -F /Users/anushka_sharma/Library/Developer/Xcode/DerivedData/FMS-cwjlkvbqxgbddsairyzxkfxaxriv/Build/Products/Debug-iphonesimulator/PackageFrameworks -F /Users/anushka_sharma/Library/Developer/Xcode/DerivedData/FMS-cwjlkvbqxgbddsairyzxkfxaxriv/Build/Products/Debug-iphonesimulator/PackageFrameworks -F /Users/anushka_sharma/Library/Developer/Xcode/DerivedData/FMS-cwjlkvbqxgbddsairyzxkfxaxriv/Build/Products/Debug-iphonesimulator/PackageFrameworks -F /Users/anushka_sharma/Library/Developer/Xcode/DerivedData/FMS-cwjlkvbqxgbddsairyzxkfxaxriv/Build/Products/Debug-iphonesimulator/PackageFrameworks -F /Users/anushka_sharma/Library/Developer/Xcode/DerivedData/FMS-cwjlkvbqxgbddsairyzxkfxaxriv/Build/Products/Debug-iphonesimulator/PackageFrameworks -F /Users/anushka_sharma/Library/Developer/Xcode/DerivedData/FMS-cwjlkvbqxgbddsairyzxkfxaxriv/Build/Products/Debug-iphonesimulator/PackageFrameworks -F /Users/anushka_sharma/Library/Developer/Xcode/DerivedData/FMS-cwjlkvbqxgbddsairyzxkfxaxriv/Build/Products/Debug-iphonesimulator/PackageFrameworks -F /Users/anushka_sharma/Library/Developer/Xcode/DerivedData/FMS-cwjlkvbqxgbddsairyzxkfxaxriv/Build/Products/Debug-iphonesimulator -F /Applications/Xcode.app/Contents/Developer/Platforms/iPhoneSimulator.platform/Developer/Library/Frameworks -F /Applications/Xcode.app/Contents/Developer/Platforms/iPhoneSimulator.platform/Developer/SDKs/iPhoneSimulator26.2.sdk/Developer/Library/Frameworks -c -j10 -enable-batch-mode -incremental -Xcc -ivfsstatcache -Xcc /Users/anushka_sharma/Library/Developer/Xcode/DerivedData/SDKStatCaches.noindex/iphonesimulator26.2-23C53-7d00a8b37fbd7999ea79df8ebc024bf0.sdkstatcache -output-file-map /Users/anushka_sharma/Library/Developer/Xcode/DerivedData/FMS-cwjlkvbqxgbddsairyzxkfxaxriv/Build/Intermediates.noindex/Supabase.build/Debug-iphonesimulator/Functions.build/Objects-normal/arm64/Functions-OutputFileMap.json -use-frontend-parseable-output -save-temps -no-color-diagnostics -explicit-module-build -module-cache-path /Users/anushka_sharma/Library/Developer/Xcode/DerivedData/FMS-cwjlkvbqxgbddsairyzxkfxaxriv/Build/Intermediates.noindex/SwiftExplicitPrecompiledModules -clang-scanner-module-cache-path /Users/anushka_sharma/Library/Developer/Xcode/DerivedData/ModuleCache.noindex -sdk-module-cache-path /Users/anushka_sharma/Library/Developer/Xcode/DerivedData/ModuleCache.noindex -serialize-diagnostics -emit-dependencies -emit-module -emit-module-path /Users/anushka_sharma/Library/Developer/Xcode/DerivedData/FMS-cwjlkvbqxgbddsairyzxkfxaxriv/Build/Intermediates.noindex/Supabase.build/Debug-iphonesimulator/Functions.build/Objects-normal/arm64/Functions.swiftmodule -validate-clang-modules-once -clang-build-session-file /Users/anushka_sharma/Library/Developer/Xcode/DerivedData/ModuleCache.noindex/Session.modulevalidation -package-name supabase_swift -Xcc -I/Users/anushka_sharma/Library/Developer/Xcode/DerivedData/FMS-cwjlkvbqxgbddsairyzxkfxaxriv/Build/Intermediates.noindex/Supabase.build/Debug-iphonesimulator/Functions.build/swift-overrides.hmap -emit-const-values -Xfrontend -const-gather-protocols-file -Xfrontend /Users/anushka_sharma/Library/Developer/Xcode/DerivedData/FMS-cwjlkvbqxgbddsairyzxkfxaxriv/Build/Intermediates.noindex/Supabase.build/Debug-iphonesimulator/Functions.build/Objects-normal/arm64/Functions_const_extract_protocols.json -Xcc -I/Users/anushka_sharma/Library/Developer/Xcode/DerivedData/FMS-cwjlkvbqxgbddsairyzxkfxaxriv/Build/Products/Debug-iphonesimulator/include -Xcc -I/Users/anushka_sharma/Library/Developer/Xcode/DerivedData/FMS-cwjlkvbqxgbddsairyzxkfxaxriv/Build/Intermediates.noindex/Supabase.build/Debug-iphonesimulator/Functions.build/DerivedSources-normal/arm64 -Xcc -I/Users/anushka_sharma/Library/Developer/Xcode/DerivedData/FMS-cwjlkvbqxgbddsairyzxkfxaxriv/Build/Intermediates.noindex/Supabase.build/Debug-iphonesimulator/Functions.build/DerivedSources/arm64 -Xcc -I/Users/anushka_sharma/Library/Developer/Xcode/DerivedData/FMS-cwjlkvbqxgbddsairyzxkfxaxriv/Build/Intermediates.noindex/Supabase.build/Debug-iphonesimulator/Functions.build/DerivedSources -Xcc -DSWIFT_PACKAGE -Xcc -DDEBUG\=1 -emit-objc-header -emit-objc-header-path /Users/anushka_sharma/Library/Developer/Xcode/DerivedData/FMS-cwjlkvbqxgbddsairyzxkfxaxriv/Build/Intermediates.noindex/Supabase.build/Debug-iphonesimulator/Functions.build/Objects-normal/arm64/Functions-Swift.h -working-directory /Users/anushka_sharma/Documents/FMS/FMS.xcodeproj -experimental-emit-module-separately -disable-cmo

SwiftDriver Functions normal x86_64 com.apple.xcode.tools.swift.compiler (in target 'Functions' from project 'Supabase')
    cd /Users/anushka_sharma/Documents/FMS/FMS.xcodeproj
    builtin-SwiftDriver -- /Applications/Xcode.app/Contents/Developer/Toolchains/XcodeDefault.xctoolchain/usr/bin/swiftc -module-name Functions -Onone -enforce-exclusivity\=checked @/Users/anushka_sharma/Library/Developer/Xcode/DerivedData/FMS-cwjlkvbqxgbddsairyzxkfxaxriv/Build/Intermediates.noindex/Supabase.build/Debug-iphonesimulator/Functions.build/Objects-normal/x86_64/Functions.SwiftFileList -DSWIFT_PACKAGE -DDEBUG -DSWIFT_MODULE_RESOURCE_BUNDLE_UNAVAILABLE -DXcode -enable-upcoming-feature ExistentialAny -enable-experimental-feature StrictConcurrency -plugin-path /Applications/Xcode.app/Contents/Developer/Toolchains/XcodeDefault.xctoolchain/usr/lib/swift/host/plugins/testing -enable-experimental-feature DebugDescriptionMacro -sdk /Applications/Xcode.app/Contents/Developer/Platforms/iPhoneSimulator.platform/Developer/SDKs/iPhoneSimulator26.2.sdk -target x86_64-apple-ios13.0-simulator -g -module-cache-path /Users/anushka_sharma/Library/Developer/Xcode/DerivedData/ModuleCache.noindex -Xfrontend -serialize-debugging-options -enable-testing -suppress-warnings -index-store-path /Users/anushka_sharma/Library/Developer/Xcode/DerivedData/FMS-cwjlkvbqxgbddsairyzxkfxaxriv/Index.noindex/DataStore -Xcc -D_LIBCPP_HARDENING_MODE\=_LIBCPP_HARDENING_MODE_DEBUG -swift-version 5 -I /Users/anushka_sharma/Library/Developer/Xcode/DerivedData/FMS-cwjlkvbqxgbddsairyzxkfxaxriv/Build/Products/Debug-iphonesimulator -Isystem /Applications/Xcode.app/Contents/Developer/Platforms/iPhoneSimulator.platform/Developer/usr/lib -F /Users/anushka_sharma/Library/Developer/Xcode/DerivedData/FMS-cwjlkvbqxgbddsairyzxkfxaxriv/Build/Products/Debug-iphonesimulator/PackageFrameworks -F /Users/anushka_sharma/Library/Developer/Xcode/DerivedData/FMS-cwjlkvbqxgbddsairyzxkfxaxriv/Build/Products/Debug-iphonesimulator/PackageFrameworks -F /Users/anushka_sharma/Library/Developer/Xcode/DerivedData/FMS-cwjlkvbqxgbddsairyzxkfxaxriv/Build/Products/Debug-iphonesimulator/PackageFrameworks -F /Users/anushka_sharma/Library/Developer/Xcode/DerivedData/FMS-cwjlkvbqxgbddsairyzxkfxaxriv/Build/Products/Debug-iphonesimulator/PackageFrameworks -F /Users/anushka_sharma/Library/Developer/Xcode/DerivedData/FMS-cwjlkvbqxgbddsairyzxkfxaxriv/Build/Products/Debug-iphonesimulator/PackageFrameworks -F /Users/anushka_sharma/Library/Developer/Xcode/DerivedData/FMS-cwjlkvbqxgbddsairyzxkfxaxriv/Build/Products/Debug-iphonesimulator/PackageFrameworks -F /Users/anushka_sharma/Library/Developer/Xcode/DerivedData/FMS-cwjlkvbqxgbddsairyzxkfxaxriv/Build/Products/Debug-iphonesimulator/PackageFrameworks -F /Users/anushka_sharma/Library/Developer/Xcode/DerivedData/FMS-cwjlkvbqxgbddsairyzxkfxaxriv/Build/Products/Debug-iphonesimulator -F /Applications/Xcode.app/Contents/Developer/Platforms/iPhoneSimulator.platform/Developer/Library/Frameworks -F /Applications/Xcode.app/Contents/Developer/Platforms/iPhoneSimulator.platform/Developer/SDKs/iPhoneSimulator26.2.sdk/Developer/Library/Frameworks -c -j10 -enable-batch-mode -incremental -Xcc -ivfsstatcache -Xcc /Users/anushka_sharma/Library/Developer/Xcode/DerivedData/SDKStatCaches.noindex/iphonesimulator26.2-23C53-7d00a8b37fbd7999ea79df8ebc024bf0.sdkstatcache -output-file-map /Users/anushka_sharma/Library/Developer/Xcode/DerivedData/FMS-cwjlkvbqxgbddsairyzxkfxaxriv/Build/Intermediates.noindex/Supabase.build/Debug-iphonesimulator/Functions.build/Objects-normal/x86_64/Functions-OutputFileMap.json -use-frontend-parseable-output -save-temps -no-color-diagnostics -explicit-module-build -module-cache-path /Users/anushka_sharma/Library/Developer/Xcode/DerivedData/FMS-cwjlkvbqxgbddsairyzxkfxaxriv/Build/Intermediates.noindex/SwiftExplicitPrecompiledModules -clang-scanner-module-cache-path /Users/anushka_sharma/Library/Developer/Xcode/DerivedData/ModuleCache.noindex -sdk-module-cache-path /Users/anushka_sharma/Library/Developer/Xcode/DerivedData/ModuleCache.noindex -serialize-diagnostics -emit-dependencies -emit-module -emit-module-path /Users/anushka_sharma/Library/Developer/Xcode/DerivedData/FMS-cwjlkvbqxgbddsairyzxkfxaxriv/Build/Intermediates.noindex/Supabase.build/Debug-iphonesimulator/Functions.build/Objects-normal/x86_64/Functions.swiftmodule -validate-clang-modules-once -clang-build-session-file /Users/anushka_sharma/Library/Developer/Xcode/DerivedData/ModuleCache.noindex/Session.modulevalidation -package-name supabase_swift -Xcc -I/Users/anushka_sharma/Library/Developer/Xcode/DerivedData/FMS-cwjlkvbqxgbddsairyzxkfxaxriv/Build/Intermediates.noindex/Supabase.build/Debug-iphonesimulator/Functions.build/swift-overrides.hmap -emit-const-values -Xfrontend -const-gather-protocols-file -Xfrontend /Users/anushka_sharma/Library/Developer/Xcode/DerivedData/FMS-cwjlkvbqxgbddsairyzxkfxaxriv/Build/Intermediates.noindex/Supabase.build/Debug-iphonesimulator/Functions.build/Objects-normal/x86_64/Functions_const_extract_protocols.json -Xcc -I/Users/anushka_sharma/Library/Developer/Xcode/DerivedData/FMS-cwjlkvbqxgbddsairyzxkfxaxriv/Build/Products/Debug-iphonesimulator/include -Xcc -I/Users/anushka_sharma/Library/Developer/Xcode/DerivedData/FMS-cwjlkvbqxgbddsairyzxkfxaxriv/Build/Intermediates.noindex/Supabase.build/Debug-iphonesimulator/Functions.build/DerivedSources-normal/x86_64 -Xcc -I/Users/anushka_sharma/Library/Developer/Xcode/DerivedData/FMS-cwjlkvbqxgbddsairyzxkfxaxriv/Build/Intermediates.noindex/Supabase.build/Debug-iphonesimulator/Functions.build/DerivedSources/x86_64 -Xcc -I/Users/anushka_sharma/Library/Developer/Xcode/DerivedData/FMS-cwjlkvbqxgbddsairyzxkfxaxriv/Build/Intermediates.noindex/Supabase.build/Debug-iphonesimulator/Functions.build/DerivedSources -Xcc -DSWIFT_PACKAGE -Xcc -DDEBUG\=1 -emit-objc-header -emit-objc-header-path /Users/anushka_sharma/Library/Developer/Xcode/DerivedData/FMS-cwjlkvbqxgbddsairyzxkfxaxriv/Build/Intermediates.noindex/Supabase.build/Debug-iphonesimulator/Functions.build/Objects-normal/x86_64/Functions-Swift.h -working-directory /Users/anushka_sharma/Documents/FMS/FMS.xcodeproj -experimental-emit-module-separately -disable-cmo

SwiftDriver Auth normal arm64 com.apple.xcode.tools.swift.compiler (in target 'Auth' from project 'Supabase')
    cd /Users/anushka_sharma/Documents/FMS/FMS.xcodeproj
    builtin-SwiftDriver -- /Applications/Xcode.app/Contents/Developer/Toolchains/XcodeDefault.xctoolchain/usr/bin/swiftc -module-name Auth -Onone -enforce-exclusivity\=checked @/Users/anushka_sharma/Library/Developer/Xcode/DerivedData/FMS-cwjlkvbqxgbddsairyzxkfxaxriv/Build/Intermediates.noindex/Supabase.build/Debug-iphonesimulator/Auth.build/Objects-normal/arm64/Auth.SwiftFileList -DSWIFT_PACKAGE -DDEBUG -DSWIFT_MODULE_RESOURCE_BUNDLE_UNAVAILABLE -DXcode -enable-upcoming-feature ExistentialAny -enable-experimental-feature StrictConcurrency -plugin-path /Applications/Xcode.app/Contents/Developer/Toolchains/XcodeDefault.xctoolchain/usr/lib/swift/host/plugins/testing -enable-experimental-feature DebugDescriptionMacro -sdk /Applications/Xcode.app/Contents/Developer/Platforms/iPhoneSimulator.platform/Developer/SDKs/iPhoneSimulator26.2.sdk -target arm64-apple-ios13.0-simulator -g -module-cache-path /Users/anushka_sharma/Library/Developer/Xcode/DerivedData/ModuleCache.noindex -Xfrontend -serialize-debugging-options -enable-testing -suppress-warnings -index-store-path /Users/anushka_sharma/Library/Developer/Xcode/DerivedData/FMS-cwjlkvbqxgbddsairyzxkfxaxriv/Index.noindex/DataStore -Xcc -D_LIBCPP_HARDENING_MODE\=_LIBCPP_HARDENING_MODE_DEBUG -swift-version 5 -I /Users/anushka_sharma/Library/Developer/Xcode/DerivedData/FMS-cwjlkvbqxgbddsairyzxkfxaxriv/Build/Products/Debug-iphonesimulator -Isystem /Applications/Xcode.app/Contents/Developer/Platforms/iPhoneSimulator.platform/Developer/usr/lib -F /Users/anushka_sharma/Library/Developer/Xcode/DerivedData/FMS-cwjlkvbqxgbddsairyzxkfxaxriv/Build/Products/Debug-iphonesimulator/PackageFrameworks -F /Users/anushka_sharma/Library/Developer/Xcode/DerivedData/FMS-cwjlkvbqxgbddsairyzxkfxaxriv/Build/Products/Debug-iphonesimulator/PackageFrameworks -F /Users/anushka_sharma/Library/Developer/Xcode/DerivedData/FMS-cwjlkvbqxgbddsairyzxkfxaxriv/Build/Products/Debug-iphonesimulator/PackageFrameworks -F /Users/anushka_sharma/Library/Developer/Xcode/DerivedData/FMS-cwjlkvbqxgbddsairyzxkfxaxriv/Build/Products/Debug-iphonesimulator/PackageFrameworks -F /Users/anushka_sharma/Library/Developer/Xcode/DerivedData/FMS-cwjlkvbqxgbddsairyzxkfxaxriv/Build/Products/Debug-iphonesimulator/PackageFrameworks -F /Users/anushka_sharma/Library/Developer/Xcode/DerivedData/FMS-cwjlkvbqxgbddsairyzxkfxaxriv/Build/Products/Debug-iphonesimulator/PackageFrameworks -F /Users/anushka_sharma/Library/Developer/Xcode/DerivedData/FMS-cwjlkvbqxgbddsairyzxkfxaxriv/Build/Products/Debug-iphonesimulator/PackageFrameworks -F /Users/anushka_sharma/Library/Developer/Xcode/DerivedData/FMS-cwjlkvbqxgbddsairyzxkfxaxriv/Build/Products/Debug-iphonesimulator/PackageFrameworks -F /Users/anushka_sharma/Library/Developer/Xcode/DerivedData/FMS-cwjlkvbqxgbddsairyzxkfxaxriv/Build/Products/Debug-iphonesimulator -F /Applications/Xcode.app/Contents/Developer/Platforms/iPhoneSimulator.platform/Developer/Library/Frameworks -F /Applications/Xcode.app/Contents/Developer/Platforms/iPhoneSimulator.platform/Developer/SDKs/iPhoneSimulator26.2.sdk/Developer/Library/Frameworks -c -j10 -enable-batch-mode -incremental -Xcc -ivfsstatcache -Xcc /Users/anushka_sharma/Library/Developer/Xcode/DerivedData/SDKStatCaches.noindex/iphonesimulator26.2-23C53-7d00a8b37fbd7999ea79df8ebc024bf0.sdkstatcache -output-file-map /Users/anushka_sharma/Library/Developer/Xcode/DerivedData/FMS-cwjlkvbqxgbddsairyzxkfxaxriv/Build/Intermediates.noindex/Supabase.build/Debug-iphonesimulator/Auth.build/Objects-normal/arm64/Auth-OutputFileMap.json -use-frontend-parseable-output -save-temps -no-color-diagnostics -explicit-module-build -module-cache-path /Users/anushka_sharma/Library/Developer/Xcode/DerivedData/FMS-cwjlkvbqxgbddsairyzxkfxaxriv/Build/Intermediates.noindex/SwiftExplicitPrecompiledModules -clang-scanner-module-cache-path /Users/anushka_sharma/Library/Developer/Xcode/DerivedData/ModuleCache.noindex -sdk-module-cache-path /Users/anushka_sharma/Library/Developer/Xcode/DerivedData/ModuleCache.noindex -serialize-diagnostics -emit-dependencies -emit-module -emit-module-path /Users/anushka_sharma/Library/Developer/Xcode/DerivedData/FMS-cwjlkvbqxgbddsairyzxkfxaxriv/Build/Intermediates.noindex/Supabase.build/Debug-iphonesimulator/Auth.build/Objects-normal/arm64/Auth.swiftmodule -validate-clang-modules-once -clang-build-session-file /Users/anushka_sharma/Library/Developer/Xcode/DerivedData/ModuleCache.noindex/Session.modulevalidation -package-name supabase_swift -Xcc -I/Users/anushka_sharma/Library/Developer/Xcode/DerivedData/FMS-cwjlkvbqxgbddsairyzxkfxaxriv/Build/Intermediates.noindex/Supabase.build/Debug-iphonesimulator/Auth.build/swift-overrides.hmap -emit-const-values -Xfrontend -const-gather-protocols-file -Xfrontend /Users/anushka_sharma/Library/Developer/Xcode/DerivedData/FMS-cwjlkvbqxgbddsairyzxkfxaxriv/Build/Intermediates.noindex/Supabase.build/Debug-iphonesimulator/Auth.build/Objects-normal/arm64/Auth_const_extract_protocols.json -Xcc -I/Users/anushka_sharma/Library/Developer/Xcode/DerivedData/FMS-cwjlkvbqxgbddsairyzxkfxaxriv/Build/Products/Debug-iphonesimulator/include -Xcc -I/Users/anushka_sharma/Library/Developer/Xcode/DerivedData/FMS-cwjlkvbqxgbddsairyzxkfxaxriv/Build/Intermediates.noindex/Supabase.build/Debug-iphonesimulator/Auth.build/DerivedSources-normal/arm64 -Xcc -I/Users/anushka_sharma/Library/Developer/Xcode/DerivedData/FMS-cwjlkvbqxgbddsairyzxkfxaxriv/Build/Intermediates.noindex/Supabase.build/Debug-iphonesimulator/Auth.build/DerivedSources/arm64 -Xcc -I/Users/anushka_sharma/Library/Developer/Xcode/DerivedData/FMS-cwjlkvbqxgbddsairyzxkfxaxriv/Build/Intermediates.noindex/Supabase.build/Debug-iphonesimulator/Auth.build/DerivedSources -Xcc -DSWIFT_PACKAGE -Xcc -DDEBUG\=1 -emit-objc-header -emit-objc-header-path /Users/anushka_sharma/Library/Developer/Xcode/DerivedData/FMS-cwjlkvbqxgbddsairyzxkfxaxriv/Build/Intermediates.noindex/Supabase.build/Debug-iphonesimulator/Auth.build/Objects-normal/arm64/Auth-Swift.h -working-directory /Users/anushka_sharma/Documents/FMS/FMS.xcodeproj -experimental-emit-module-separately -disable-cmo

Ld /Users/anushka_sharma/Library/Developer/Xcode/DerivedData/FMS-cwjlkvbqxgbddsairyzxkfxaxriv/Build/Intermediates.noindex/Supabase.build/Debug-iphonesimulator/Helpers.build/Objects-normal/arm64/Binary/Helpers.o normal arm64 (in target 'Helpers' from project 'Supabase')
    cd /Users/anushka_sharma/Library/Developer/Xcode/DerivedData/FMS-cwjlkvbqxgbddsairyzxkfxaxriv/SourcePackages/checkouts/supabase-swift
    /Applications/Xcode.app/Contents/Developer/Toolchains/XcodeDefault.xctoolchain/usr/bin/clang -Xlinker -reproducible -target arm64-apple-ios13.0-simulator -r -isysroot /Applications/Xcode.app/Contents/Developer/Platforms/iPhoneSimulator.platform/Developer/SDKs/iPhoneSimulator26.2.sdk -O0 -w -L/Users/anushka_sharma/Library/Developer/Xcode/DerivedData/FMS-cwjlkvbqxgbddsairyzxkfxaxriv/Build/Intermediates.noindex/EagerLinkingTBDs/Debug-iphonesimulator -L/Users/anushka_sharma/Library/Developer/Xcode/DerivedData/FMS-cwjlkvbqxgbddsairyzxkfxaxriv/Build/Products/Debug-iphonesimulator -L/Applications/Xcode.app/Contents/Developer/Platforms/iPhoneSimulator.platform/Developer/usr/lib -F/Users/anushka_sharma/Library/Developer/Xcode/DerivedData/FMS-cwjlkvbqxgbddsairyzxkfxaxriv/Build/Intermediates.noindex/EagerLinkingTBDs/Debug-iphonesimulator -F/Users/anushka_sharma/Library/Developer/Xcode/DerivedData/FMS-cwjlkvbqxgbddsairyzxkfxaxriv/Build/Products/Debug-iphonesimulator/PackageFrameworks -F/Users/anushka_sharma/Library/Developer/Xcode/DerivedData/FMS-cwjlkvbqxgbddsairyzxkfxaxriv/Build/Products/Debug-iphonesimulator/PackageFrameworks -F/Users/anushka_sharma/Library/Developer/Xcode/DerivedData/FMS-cwjlkvbqxgbddsairyzxkfxaxriv/Build/Products/Debug-iphonesimulator/PackageFrameworks -F/Users/anushka_sharma/Library/Developer/Xcode/DerivedData/FMS-cwjlkvbqxgbddsairyzxkfxaxriv/Build/Products/Debug-iphonesimulator/PackageFrameworks -F/Users/anushka_sharma/Library/Developer/Xcode/DerivedData/FMS-cwjlkvbqxgbddsairyzxkfxaxriv/Build/Products/Debug-iphonesimulator/PackageFrameworks -F/Users/anushka_sharma/Library/Developer/Xcode/DerivedData/FMS-cwjlkvbqxgbddsairyzxkfxaxriv/Build/Products/Debug-iphonesimulator/PackageFrameworks -F/Users/anushka_sharma/Library/Developer/Xcode/DerivedData/FMS-cwjlkvbqxgbddsairyzxkfxaxriv/Build/Products/Debug-iphonesimulator -iframework /Applications/Xcode.app/Contents/Developer/Platforms/iPhoneSimulator.platform/Developer/Library/Frameworks -iframework /Applications/Xcode.app/Contents/Developer/Platforms/iPhoneSimulator.platform/Developer/SDKs/iPhoneSimulator26.2.sdk/Developer/Library/Frameworks -filelist /Users/anushka_sharma/Library/Developer/Xcode/DerivedData/FMS-cwjlkvbqxgbddsairyzxkfxaxriv/Build/Intermediates.noindex/Supabase.build/Debug-iphonesimulator/Helpers.build/Objects-normal/arm64/Helpers.LinkFileList -nostdlib -Xlinker -object_path_lto -Xlinker /Users/anushka_sharma/Library/Developer/Xcode/DerivedData/FMS-cwjlkvbqxgbddsairyzxkfxaxriv/Build/Intermediates.noindex/Supabase.build/Debug-iphonesimulator/Helpers.build/Objects-normal/arm64/Helpers_lto.o -rdynamic -Xlinker -no_deduplicate -Xlinker -objc_abi_version -Xlinker 2 -Xlinker -dependency_info -Xlinker /Users/anushka_sharma/Library/Developer/Xcode/DerivedData/FMS-cwjlkvbqxgbddsairyzxkfxaxriv/Build/Intermediates.noindex/Supabase.build/Debug-iphonesimulator/Helpers.build/Objects-normal/arm64/Helpers_dependency_info.dat -fobjc-link-runtime -L/Applications/Xcode.app/Contents/Developer/Toolchains/XcodeDefault.xctoolchain/usr/lib/swift/iphonesimulator -L/usr/lib/swift -Xlinker -add_ast_path -Xlinker /Users/anushka_sharma/Library/Developer/Xcode/DerivedData/FMS-cwjlkvbqxgbddsairyzxkfxaxriv/Build/Intermediates.noindex/Supabase.build/Debug-iphonesimulator/Helpers.build/Objects-normal/arm64/Helpers.swiftmodule @/Users/anushka_sharma/Library/Developer/Xcode/DerivedData/FMS-cwjlkvbqxgbddsairyzxkfxaxriv/Build/Intermediates.noindex/Supabase.build/Debug-iphonesimulator/Helpers.build/Objects-normal/arm64/Helpers-linker-args.resp -o /Users/anushka_sharma/Library/Developer/Xcode/DerivedData/FMS-cwjlkvbqxgbddsairyzxkfxaxriv/Build/Intermediates.noindex/Supabase.build/Debug-iphonesimulator/Helpers.build/Objects-normal/arm64/Binary/Helpers.o

SwiftDriver Auth normal x86_64 com.apple.xcode.tools.swift.compiler (in target 'Auth' from project 'Supabase')
    cd /Users/anushka_sharma/Documents/FMS/FMS.xcodeproj
    builtin-SwiftDriver -- /Applications/Xcode.app/Contents/Developer/Toolchains/XcodeDefault.xctoolchain/usr/bin/swiftc -module-name Auth -Onone -enforce-exclusivity\=checked @/Users/anushka_sharma/Library/Developer/Xcode/DerivedData/FMS-cwjlkvbqxgbddsairyzxkfxaxriv/Build/Intermediates.noindex/Supabase.build/Debug-iphonesimulator/Auth.build/Objects-normal/x86_64/Auth.SwiftFileList -DSWIFT_PACKAGE -DDEBUG -DSWIFT_MODULE_RESOURCE_BUNDLE_UNAVAILABLE -DXcode -enable-upcoming-feature ExistentialAny -enable-experimental-feature StrictConcurrency -plugin-path /Applications/Xcode.app/Contents/Developer/Toolchains/XcodeDefault.xctoolchain/usr/lib/swift/host/plugins/testing -enable-experimental-feature DebugDescriptionMacro -sdk /Applications/Xcode.app/Contents/Developer/Platforms/iPhoneSimulator.platform/Developer/SDKs/iPhoneSimulator26.2.sdk -target x86_64-apple-ios13.0-simulator -g -module-cache-path /Users/anushka_sharma/Library/Developer/Xcode/DerivedData/ModuleCache.noindex -Xfrontend -serialize-debugging-options -enable-testing -suppress-warnings -index-store-path /Users/anushka_sharma/Library/Developer/Xcode/DerivedData/FMS-cwjlkvbqxgbddsairyzxkfxaxriv/Index.noindex/DataStore -Xcc -D_LIBCPP_HARDENING_MODE\=_LIBCPP_HARDENING_MODE_DEBUG -swift-version 5 -I /Users/anushka_sharma/Library/Developer/Xcode/DerivedData/FMS-cwjlkvbqxgbddsairyzxkfxaxriv/Build/Products/Debug-iphonesimulator -Isystem /Applications/Xcode.app/Contents/Developer/Platforms/iPhoneSimulator.platform/Developer/usr/lib -F /Users/anushka_sharma/Library/Developer/Xcode/DerivedData/FMS-cwjlkvbqxgbddsairyzxkfxaxriv/Build/Products/Debug-iphonesimulator/PackageFrameworks -F /Users/anushka_sharma/Library/Developer/Xcode/DerivedData/FMS-cwjlkvbqxgbddsairyzxkfxaxriv/Build/Products/Debug-iphonesimulator/PackageFrameworks -F /Users/anushka_sharma/Library/Developer/Xcode/DerivedData/FMS-cwjlkvbqxgbddsairyzxkfxaxriv/Build/Products/Debug-iphonesimulator/PackageFrameworks -F /Users/anushka_sharma/Library/Developer/Xcode/DerivedData/FMS-cwjlkvbqxgbddsairyzxkfxaxriv/Build/Products/Debug-iphonesimulator/PackageFrameworks -F /Users/anushka_sharma/Library/Developer/Xcode/DerivedData/FMS-cwjlkvbqxgbddsairyzxkfxaxriv/Build/Products/Debug-iphonesimulator/PackageFrameworks -F /Users/anushka_sharma/Library/Developer/Xcode/DerivedData/FMS-cwjlkvbqxgbddsairyzxkfxaxriv/Build/Products/Debug-iphonesimulator/PackageFrameworks -F /Users/anushka_sharma/Library/Developer/Xcode/DerivedData/FMS-cwjlkvbqxgbddsairyzxkfxaxriv/Build/Products/Debug-iphonesimulator/PackageFrameworks -F /Users/anushka_sharma/Library/Developer/Xcode/DerivedData/FMS-cwjlkvbqxgbddsairyzxkfxaxriv/Build/Products/Debug-iphonesimulator/PackageFrameworks -F /Users/anushka_sharma/Library/Developer/Xcode/DerivedData/FMS-cwjlkvbqxgbddsairyzxkfxaxriv/Build/Products/Debug-iphonesimulator -F /Applications/Xcode.app/Contents/Developer/Platforms/iPhoneSimulator.platform/Developer/Library/Frameworks -F /Applications/Xcode.app/Contents/Developer/Platforms/iPhoneSimulator.platform/Developer/SDKs/iPhoneSimulator26.2.sdk/Developer/Library/Frameworks -c -j10 -enable-batch-mode -incremental -Xcc -ivfsstatcache -Xcc /Users/anushka_sharma/Library/Developer/Xcode/DerivedData/SDKStatCaches.noindex/iphonesimulator26.2-23C53-7d00a8b37fbd7999ea79df8ebc024bf0.sdkstatcache -output-file-map /Users/anushka_sharma/Library/Developer/Xcode/DerivedData/FMS-cwjlkvbqxgbddsairyzxkfxaxriv/Build/Intermediates.noindex/Supabase.build/Debug-iphonesimulator/Auth.build/Objects-normal/x86_64/Auth-OutputFileMap.json -use-frontend-parseable-output -save-temps -no-color-diagnostics -explicit-module-build -module-cache-path /Users/anushka_sharma/Library/Developer/Xcode/DerivedData/FMS-cwjlkvbqxgbddsairyzxkfxaxriv/Build/Intermediates.noindex/SwiftExplicitPrecompiledModules -clang-scanner-module-cache-path /Users/anushka_sharma/Library/Developer/Xcode/DerivedData/ModuleCache.noindex -sdk-module-cache-path /Users/anushka_sharma/Library/Developer/Xcode/DerivedData/ModuleCache.noindex -serialize-diagnostics -emit-dependencies -emit-module -emit-module-path /Users/anushka_sharma/Library/Developer/Xcode/DerivedData/FMS-cwjlkvbqxgbddsairyzxkfxaxriv/Build/Intermediates.noindex/Supabase.build/Debug-iphonesimulator/Auth.build/Objects-normal/x86_64/Auth.swiftmodule -validate-clang-modules-once -clang-build-session-file /Users/anushka_sharma/Library/Developer/Xcode/DerivedData/ModuleCache.noindex/Session.modulevalidation -package-name supabase_swift -Xcc -I/Users/anushka_sharma/Library/Developer/Xcode/DerivedData/FMS-cwjlkvbqxgbddsairyzxkfxaxriv/Build/Intermediates.noindex/Supabase.build/Debug-iphonesimulator/Auth.build/swift-overrides.hmap -emit-const-values -Xfrontend -const-gather-protocols-file -Xfrontend /Users/anushka_sharma/Library/Developer/Xcode/DerivedData/FMS-cwjlkvbqxgbddsairyzxkfxaxriv/Build/Intermediates.noindex/Supabase.build/Debug-iphonesimulator/Auth.build/Objects-normal/x86_64/Auth_const_extract_protocols.json -Xcc -I/Users/anushka_sharma/Library/Developer/Xcode/DerivedData/FMS-cwjlkvbqxgbddsairyzxkfxaxriv/Build/Products/Debug-iphonesimulator/include -Xcc -I/Users/anushka_sharma/Library/Developer/Xcode/DerivedData/FMS-cwjlkvbqxgbddsairyzxkfxaxriv/Build/Intermediates.noindex/Supabase.build/Debug-iphonesimulator/Auth.build/DerivedSources-normal/x86_64 -Xcc -I/Users/anushka_sharma/Library/Developer/Xcode/DerivedData/FMS-cwjlkvbqxgbddsairyzxkfxaxriv/Build/Intermediates.noindex/Supabase.build/Debug-iphonesimulator/Auth.build/DerivedSources/x86_64 -Xcc -I/Users/anushka_sharma/Library/Developer/Xcode/DerivedData/FMS-cwjlkvbqxgbddsairyzxkfxaxriv/Build/Intermediates.noindex/Supabase.build/Debug-iphonesimulator/Auth.build/DerivedSources -Xcc -DSWIFT_PACKAGE -Xcc -DDEBUG\=1 -emit-objc-header -emit-objc-header-path /Users/anushka_sharma/Library/Developer/Xcode/DerivedData/FMS-cwjlkvbqxgbddsairyzxkfxaxriv/Build/Intermediates.noindex/Supabase.build/Debug-iphonesimulator/Auth.build/Objects-normal/x86_64/Auth-Swift.h -working-directory /Users/anushka_sharma/Documents/FMS/FMS.xcodeproj -experimental-emit-module-separately -disable-cmo

CreateUniversalBinary /Users/anushka_sharma/Library/Developer/Xcode/DerivedData/FMS-cwjlkvbqxgbddsairyzxkfxaxriv/Build/Products/Debug-iphonesimulator/Helpers.o normal arm64\ x86_64 (in target 'Helpers' from project 'Supabase')
    cd /Users/anushka_sharma/Library/Developer/Xcode/DerivedData/FMS-cwjlkvbqxgbddsairyzxkfxaxriv/SourcePackages/checkouts/supabase-swift
    /Applications/Xcode.app/Contents/Developer/Toolchains/XcodeDefault.xctoolchain/usr/bin/lipo -create /Users/anushka_sharma/Library/Developer/Xcode/DerivedData/FMS-cwjlkvbqxgbddsairyzxkfxaxriv/Build/Intermediates.noindex/Supabase.build/Debug-iphonesimulator/Helpers.build/Objects-normal/arm64/Binary/Helpers.o /Users/anushka_sharma/Library/Developer/Xcode/DerivedData/FMS-cwjlkvbqxgbddsairyzxkfxaxriv/Build/Intermediates.noindex/Supabase.build/Debug-iphonesimulator/Helpers.build/Objects-normal/x86_64/Binary/Helpers.o -output /Users/anushka_sharma/Library/Developer/Xcode/DerivedData/FMS-cwjlkvbqxgbddsairyzxkfxaxriv/Build/Products/Debug-iphonesimulator/Helpers.o

SwiftDriver\ Compilation\ Requirements Functions normal x86_64 com.apple.xcode.tools.swift.compiler (in target 'Functions' from project 'Supabase')
    cd /Users/anushka_sharma/Documents/FMS/FMS.xcodeproj
    builtin-Swift-Compilation-Requirements -- /Applications/Xcode.app/Contents/Developer/Toolchains/XcodeDefault.xctoolchain/usr/bin/swiftc -module-name Functions -Onone -enforce-exclusivity\=checked @/Users/anushka_sharma/Library/Developer/Xcode/DerivedData/FMS-cwjlkvbqxgbddsairyzxkfxaxriv/Build/Intermediates.noindex/Supabase.build/Debug-iphonesimulator/Functions.build/Objects-normal/x86_64/Functions.SwiftFileList -DSWIFT_PACKAGE -DDEBUG -DSWIFT_MODULE_RESOURCE_BUNDLE_UNAVAILABLE -DXcode -enable-upcoming-feature ExistentialAny -enable-experimental-feature StrictConcurrency -plugin-path /Applications/Xcode.app/Contents/Developer/Toolchains/XcodeDefault.xctoolchain/usr/lib/swift/host/plugins/testing -enable-experimental-feature DebugDescriptionMacro -sdk /Applications/Xcode.app/Contents/Developer/Platforms/iPhoneSimulator.platform/Developer/SDKs/iPhoneSimulator26.2.sdk -target x86_64-apple-ios13.0-simulator -g -module-cache-path /Users/anushka_sharma/Library/Developer/Xcode/DerivedData/ModuleCache.noindex -Xfrontend -serialize-debugging-options -enable-testing -suppress-warnings -index-store-path /Users/anushka_sharma/Library/Developer/Xcode/DerivedData/FMS-cwjlkvbqxgbddsairyzxkfxaxriv/Index.noindex/DataStore -Xcc -D_LIBCPP_HARDENING_MODE\=_LIBCPP_HARDENING_MODE_DEBUG -swift-version 5 -I /Users/anushka_sharma/Library/Developer/Xcode/DerivedData/FMS-cwjlkvbqxgbddsairyzxkfxaxriv/Build/Products/Debug-iphonesimulator -Isystem /Applications/Xcode.app/Contents/Developer/Platforms/iPhoneSimulator.platform/Developer/usr/lib -F /Users/anushka_sharma/Library/Developer/Xcode/DerivedData/FMS-cwjlkvbqxgbddsairyzxkfxaxriv/Build/Products/Debug-iphonesimulator/PackageFrameworks -F /Users/anushka_sharma/Library/Developer/Xcode/DerivedData/FMS-cwjlkvbqxgbddsairyzxkfxaxriv/Build/Products/Debug-iphonesimulator/PackageFrameworks -F /Users/anushka_sharma/Library/Developer/Xcode/DerivedData/FMS-cwjlkvbqxgbddsairyzxkfxaxriv/Build/Products/Debug-iphonesimulator/PackageFrameworks -F /Users/anushka_sharma/Library/Developer/Xcode/DerivedData/FMS-cwjlkvbqxgbddsairyzxkfxaxriv/Build/Products/Debug-iphonesimulator/PackageFrameworks -F /Users/anushka_sharma/Library/Developer/Xcode/DerivedData/FMS-cwjlkvbqxgbddsairyzxkfxaxriv/Build/Products/Debug-iphonesimulator/PackageFrameworks -F /Users/anushka_sharma/Library/Developer/Xcode/DerivedData/FMS-cwjlkvbqxgbddsairyzxkfxaxriv/Build/Products/Debug-iphonesimulator/PackageFrameworks -F /Users/anushka_sharma/Library/Developer/Xcode/DerivedData/FMS-cwjlkvbqxgbddsairyzxkfxaxriv/Build/Products/Debug-iphonesimulator/PackageFrameworks -F /Users/anushka_sharma/Library/Developer/Xcode/DerivedData/FMS-cwjlkvbqxgbddsairyzxkfxaxriv/Build/Products/Debug-iphonesimulator -F /Applications/Xcode.app/Contents/Developer/Platforms/iPhoneSimulator.platform/Developer/Library/Frameworks -F /Applications/Xcode.app/Contents/Developer/Platforms/iPhoneSimulator.platform/Developer/SDKs/iPhoneSimulator26.2.sdk/Developer/Library/Frameworks -c -j10 -enable-batch-mode -incremental -Xcc -ivfsstatcache -Xcc /Users/anushka_sharma/Library/Developer/Xcode/DerivedData/SDKStatCaches.noindex/iphonesimulator26.2-23C53-7d00a8b37fbd7999ea79df8ebc024bf0.sdkstatcache -output-file-map /Users/anushka_sharma/Library/Developer/Xcode/DerivedData/FMS-cwjlkvbqxgbddsairyzxkfxaxriv/Build/Intermediates.noindex/Supabase.build/Debug-iphonesimulator/Functions.build/Objects-normal/x86_64/Functions-OutputFileMap.json -use-frontend-parseable-output -save-temps -no-color-diagnostics -explicit-module-build -module-cache-path /Users/anushka_sharma/Library/Developer/Xcode/DerivedData/FMS-cwjlkvbqxgbddsairyzxkfxaxriv/Build/Intermediates.noindex/SwiftExplicitPrecompiledModules -clang-scanner-module-cache-path /Users/anushka_sharma/Library/Developer/Xcode/DerivedData/ModuleCache.noindex -sdk-module-cache-path /Users/anushka_sharma/Library/Developer/Xcode/DerivedData/ModuleCache.noindex -serialize-diagnostics -emit-dependencies -emit-module -emit-module-path /Users/anushka_sharma/Library/Developer/Xcode/DerivedData/FMS-cwjlkvbqxgbddsairyzxkfxaxriv/Build/Intermediates.noindex/Supabase.build/Debug-iphonesimulator/Functions.build/Objects-normal/x86_64/Functions.swiftmodule -validate-clang-modules-once -clang-build-session-file /Users/anushka_sharma/Library/Developer/Xcode/DerivedData/ModuleCache.noindex/Session.modulevalidation -package-name supabase_swift -Xcc -I/Users/anushka_sharma/Library/Developer/Xcode/DerivedData/FMS-cwjlkvbqxgbddsairyzxkfxaxriv/Build/Intermediates.noindex/Supabase.build/Debug-iphonesimulator/Functions.build/swift-overrides.hmap -emit-const-values -Xfrontend -const-gather-protocols-file -Xfrontend /Users/anushka_sharma/Library/Developer/Xcode/DerivedData/FMS-cwjlkvbqxgbddsairyzxkfxaxriv/Build/Intermediates.noindex/Supabase.build/Debug-iphonesimulator/Functions.build/Objects-normal/x86_64/Functions_const_extract_protocols.json -Xcc -I/Users/anushka_sharma/Library/Developer/Xcode/DerivedData/FMS-cwjlkvbqxgbddsairyzxkfxaxriv/Build/Products/Debug-iphonesimulator/include -Xcc -I/Users/anushka_sharma/Library/Developer/Xcode/DerivedData/FMS-cwjlkvbqxgbddsairyzxkfxaxriv/Build/Intermediates.noindex/Supabase.build/Debug-iphonesimulator/Functions.build/DerivedSources-normal/x86_64 -Xcc -I/Users/anushka_sharma/Library/Developer/Xcode/DerivedData/FMS-cwjlkvbqxgbddsairyzxkfxaxriv/Build/Intermediates.noindex/Supabase.build/Debug-iphonesimulator/Functions.build/DerivedSources/x86_64 -Xcc -I/Users/anushka_sharma/Library/Developer/Xcode/DerivedData/FMS-cwjlkvbqxgbddsairyzxkfxaxriv/Build/Intermediates.noindex/Supabase.build/Debug-iphonesimulator/Functions.build/DerivedSources -Xcc -DSWIFT_PACKAGE -Xcc -DDEBUG\=1 -emit-objc-header -emit-objc-header-path /Users/anushka_sharma/Library/Developer/Xcode/DerivedData/FMS-cwjlkvbqxgbddsairyzxkfxaxriv/Build/Intermediates.noindex/Supabase.build/Debug-iphonesimulator/Functions.build/Objects-normal/x86_64/Functions-Swift.h -working-directory /Users/anushka_sharma/Documents/FMS/FMS.xcodeproj -experimental-emit-module-separately -disable-cmo

SwiftDriver\ Compilation Functions normal x86_64 com.apple.xcode.tools.swift.compiler (in target 'Functions' from project 'Supabase')
    cd /Users/anushka_sharma/Documents/FMS/FMS.xcodeproj
    builtin-Swift-Compilation -- /Applications/Xcode.app/Contents/Developer/Toolchains/XcodeDefault.xctoolchain/usr/bin/swiftc -module-name Functions -Onone -enforce-exclusivity\=checked @/Users/anushka_sharma/Library/Developer/Xcode/DerivedData/FMS-cwjlkvbqxgbddsairyzxkfxaxriv/Build/Intermediates.noindex/Supabase.build/Debug-iphonesimulator/Functions.build/Objects-normal/x86_64/Functions.SwiftFileList -DSWIFT_PACKAGE -DDEBUG -DSWIFT_MODULE_RESOURCE_BUNDLE_UNAVAILABLE -DXcode -enable-upcoming-feature ExistentialAny -enable-experimental-feature StrictConcurrency -plugin-path /Applications/Xcode.app/Contents/Developer/Toolchains/XcodeDefault.xctoolchain/usr/lib/swift/host/plugins/testing -enable-experimental-feature DebugDescriptionMacro -sdk /Applications/Xcode.app/Contents/Developer/Platforms/iPhoneSimulator.platform/Developer/SDKs/iPhoneSimulator26.2.sdk -target x86_64-apple-ios13.0-simulator -g -module-cache-path /Users/anushka_sharma/Library/Developer/Xcode/DerivedData/ModuleCache.noindex -Xfrontend -serialize-debugging-options -enable-testing -suppress-warnings -index-store-path /Users/anushka_sharma/Library/Developer/Xcode/DerivedData/FMS-cwjlkvbqxgbddsairyzxkfxaxriv/Index.noindex/DataStore -Xcc -D_LIBCPP_HARDENING_MODE\=_LIBCPP_HARDENING_MODE_DEBUG -swift-version 5 -I /Users/anushka_sharma/Library/Developer/Xcode/DerivedData/FMS-cwjlkvbqxgbddsairyzxkfxaxriv/Build/Products/Debug-iphonesimulator -Isystem /Applications/Xcode.app/Contents/Developer/Platforms/iPhoneSimulator.platform/Developer/usr/lib -F /Users/anushka_sharma/Library/Developer/Xcode/DerivedData/FMS-cwjlkvbqxgbddsairyzxkfxaxriv/Build/Products/Debug-iphonesimulator/PackageFrameworks -F /Users/anushka_sharma/Library/Developer/Xcode/DerivedData/FMS-cwjlkvbqxgbddsairyzxkfxaxriv/Build/Products/Debug-iphonesimulator/PackageFrameworks -F /Users/anushka_sharma/Library/Developer/Xcode/DerivedData/FMS-cwjlkvbqxgbddsairyzxkfxaxriv/Build/Products/Debug-iphonesimulator/PackageFrameworks -F /Users/anushka_sharma/Library/Developer/Xcode/DerivedData/FMS-cwjlkvbqxgbddsairyzxkfxaxriv/Build/Products/Debug-iphonesimulator/PackageFrameworks -F /Users/anushka_sharma/Library/Developer/Xcode/DerivedData/FMS-cwjlkvbqxgbddsairyzxkfxaxriv/Build/Products/Debug-iphonesimulator/PackageFrameworks -F /Users/anushka_sharma/Library/Developer/Xcode/DerivedData/FMS-cwjlkvbqxgbddsairyzxkfxaxriv/Build/Products/Debug-iphonesimulator/PackageFrameworks -F /Users/anushka_sharma/Library/Developer/Xcode/DerivedData/FMS-cwjlkvbqxgbddsairyzxkfxaxriv/Build/Products/Debug-iphonesimulator/PackageFrameworks -F /Users/anushka_sharma/Library/Developer/Xcode/DerivedData/FMS-cwjlkvbqxgbddsairyzxkfxaxriv/Build/Products/Debug-iphonesimulator -F /Applications/Xcode.app/Contents/Developer/Platforms/iPhoneSimulator.platform/Developer/Library/Frameworks -F /Applications/Xcode.app/Contents/Developer/Platforms/iPhoneSimulator.platform/Developer/SDKs/iPhoneSimulator26.2.sdk/Developer/Library/Frameworks -c -j10 -enable-batch-mode -incremental -Xcc -ivfsstatcache -Xcc /Users/anushka_sharma/Library/Developer/Xcode/DerivedData/SDKStatCaches.noindex/iphonesimulator26.2-23C53-7d00a8b37fbd7999ea79df8ebc024bf0.sdkstatcache -output-file-map /Users/anushka_sharma/Library/Developer/Xcode/DerivedData/FMS-cwjlkvbqxgbddsairyzxkfxaxriv/Build/Intermediates.noindex/Supabase.build/Debug-iphonesimulator/Functions.build/Objects-normal/x86_64/Functions-OutputFileMap.json -use-frontend-parseable-output -save-temps -no-color-diagnostics -explicit-module-build -module-cache-path /Users/anushka_sharma/Library/Developer/Xcode/DerivedData/FMS-cwjlkvbqxgbddsairyzxkfxaxriv/Build/Intermediates.noindex/SwiftExplicitPrecompiledModules -clang-scanner-module-cache-path /Users/anushka_sharma/Library/Developer/Xcode/DerivedData/ModuleCache.noindex -sdk-module-cache-path /Users/anushka_sharma/Library/Developer/Xcode/DerivedData/ModuleCache.noindex -serialize-diagnostics -emit-dependencies -emit-module -emit-module-path /Users/anushka_sharma/Library/Developer/Xcode/DerivedData/FMS-cwjlkvbqxgbddsairyzxkfxaxriv/Build/Intermediates.noindex/Supabase.build/Debug-iphonesimulator/Functions.build/Objects-normal/x86_64/Functions.swiftmodule -validate-clang-modules-once -clang-build-session-file /Users/anushka_sharma/Library/Developer/Xcode/DerivedData/ModuleCache.noindex/Session.modulevalidation -package-name supabase_swift -Xcc -I/Users/anushka_sharma/Library/Developer/Xcode/DerivedData/FMS-cwjlkvbqxgbddsairyzxkfxaxriv/Build/Intermediates.noindex/Supabase.build/Debug-iphonesimulator/Functions.build/swift-overrides.hmap -emit-const-values -Xfrontend -const-gather-protocols-file -Xfrontend /Users/anushka_sharma/Library/Developer/Xcode/DerivedData/FMS-cwjlkvbqxgbddsairyzxkfxaxriv/Build/Intermediates.noindex/Supabase.build/Debug-iphonesimulator/Functions.build/Objects-normal/x86_64/Functions_const_extract_protocols.json -Xcc -I/Users/anushka_sharma/Library/Developer/Xcode/DerivedData/FMS-cwjlkvbqxgbddsairyzxkfxaxriv/Build/Products/Debug-iphonesimulator/include -Xcc -I/Users/anushka_sharma/Library/Developer/Xcode/DerivedData/FMS-cwjlkvbqxgbddsairyzxkfxaxriv/Build/Intermediates.noindex/Supabase.build/Debug-iphonesimulator/Functions.build/DerivedSources-normal/x86_64 -Xcc -I/Users/anushka_sharma/Library/Developer/Xcode/DerivedData/FMS-cwjlkvbqxgbddsairyzxkfxaxriv/Build/Intermediates.noindex/Supabase.build/Debug-iphonesimulator/Functions.build/DerivedSources/x86_64 -Xcc -I/Users/anushka_sharma/Library/Developer/Xcode/DerivedData/FMS-cwjlkvbqxgbddsairyzxkfxaxriv/Build/Intermediates.noindex/Supabase.build/Debug-iphonesimulator/Functions.build/DerivedSources -Xcc -DSWIFT_PACKAGE -Xcc -DDEBUG\=1 -emit-objc-header -emit-objc-header-path /Users/anushka_sharma/Library/Developer/Xcode/DerivedData/FMS-cwjlkvbqxgbddsairyzxkfxaxriv/Build/Intermediates.noindex/Supabase.build/Debug-iphonesimulator/Functions.build/Objects-normal/x86_64/Functions-Swift.h -working-directory /Users/anushka_sharma/Documents/FMS/FMS.xcodeproj -experimental-emit-module-separately -disable-cmo

ExtractAppIntentsMetadata (in target 'Helpers' from project 'Supabase')
    cd /Users/anushka_sharma/Library/Developer/Xcode/DerivedData/FMS-cwjlkvbqxgbddsairyzxkfxaxriv/SourcePackages/checkouts/supabase-swift
    /Applications/Xcode.app/Contents/Developer/Toolchains/XcodeDefault.xctoolchain/usr/bin/appintentsmetadataprocessor --toolchain-dir /Applications/Xcode.app/Contents/Developer/Toolchains/XcodeDefault.xctoolchain --module-name Helpers --sdk-root /Applications/Xcode.app/Contents/Developer/Platforms/iPhoneSimulator.platform/Developer/SDKs/iPhoneSimulator26.2.sdk --xcode-version 17C52 --platform-family iOS --deployment-target 13.0 --bundle-identifier supabase-swift.Helpers --output /Users/anushka_sharma/Library/Developer/Xcode/DerivedData/FMS-cwjlkvbqxgbddsairyzxkfxaxriv/Build/Products/Debug-iphonesimulator/Helpers.appintents --target-triple arm64-apple-ios13.0-simulator --target-triple x86_64-apple-ios13.0-simulator --binary-file /Users/anushka_sharma/Library/Developer/Xcode/DerivedData/FMS-cwjlkvbqxgbddsairyzxkfxaxriv/Build/Products/Debug-iphonesimulator/Helpers.o --dependency-file /Users/anushka_sharma/Library/Developer/Xcode/DerivedData/FMS-cwjlkvbqxgbddsairyzxkfxaxriv/Build/Intermediates.noindex/Supabase.build/Debug-iphonesimulator/Helpers.build/Objects-normal/arm64/Helpers_dependency_info.dat --dependency-file /Users/anushka_sharma/Library/Developer/Xcode/DerivedData/FMS-cwjlkvbqxgbddsairyzxkfxaxriv/Build/Intermediates.noindex/Supabase.build/Debug-iphonesimulator/Helpers.build/Objects-normal/x86_64/Helpers_dependency_info.dat --stringsdata-file /Users/anushka_sharma/Library/Developer/Xcode/DerivedData/FMS-cwjlkvbqxgbddsairyzxkfxaxriv/Build/Intermediates.noindex/Supabase.build/Debug-iphonesimulator/Helpers.build/Objects-normal/arm64/ExtractedAppShortcutsMetadata.stringsdata --stringsdata-file /Users/anushka_sharma/Library/Developer/Xcode/DerivedData/FMS-cwjlkvbqxgbddsairyzxkfxaxriv/Build/Intermediates.noindex/Supabase.build/Debug-iphonesimulator/Helpers.build/Objects-normal/x86_64/ExtractedAppShortcutsMetadata.stringsdata --source-file-list /Users/anushka_sharma/Library/Developer/Xcode/DerivedData/FMS-cwjlkvbqxgbddsairyzxkfxaxriv/Build/Intermediates.noindex/Supabase.build/Debug-iphonesimulator/Helpers.build/Objects-normal/arm64/Helpers.SwiftFileList --source-file-list /Users/anushka_sharma/Library/Developer/Xcode/DerivedData/FMS-cwjlkvbqxgbddsairyzxkfxaxriv/Build/Intermediates.noindex/Supabase.build/Debug-iphonesimulator/Helpers.build/Objects-normal/x86_64/Helpers.SwiftFileList --metadata-file-list /Users/anushka_sharma/Library/Developer/Xcode/DerivedData/FMS-cwjlkvbqxgbddsairyzxkfxaxriv/Build/Intermediates.noindex/Supabase.build/Debug-iphonesimulator/Helpers.build/Helpers.DependencyMetadataFileList --static-metadata-file-list /Users/anushka_sharma/Library/Developer/Xcode/DerivedData/FMS-cwjlkvbqxgbddsairyzxkfxaxriv/Build/Intermediates.noindex/Supabase.build/Debug-iphonesimulator/Helpers.build/Helpers.DependencyStaticMetadataFileList --swift-const-vals-list /Users/anushka_sharma/Library/Developer/Xcode/DerivedData/FMS-cwjlkvbqxgbddsairyzxkfxaxriv/Build/Intermediates.noindex/Supabase.build/Debug-iphonesimulator/Helpers.build/Objects-normal/arm64/Helpers.SwiftConstValuesFileList --swift-const-vals-list /Users/anushka_sharma/Library/Developer/Xcode/DerivedData/FMS-cwjlkvbqxgbddsairyzxkfxaxriv/Build/Intermediates.noindex/Supabase.build/Debug-iphonesimulator/Helpers.build/Objects-normal/x86_64/Helpers.SwiftConstValuesFileList --force --compile-time-extraction --deployment-aware-processing --validate-assistant-intents --no-app-shortcuts-localization
2026-05-29 10:07:12.763 appintentsmetadataprocessor[29893:518880] Starting appintentsmetadataprocessor export
2026-05-29 10:07:13.461 appintentsmetadataprocessor[29893:518880] Extracted no relevant App Intents symbols, skipping writing output

SwiftDriver\ Compilation\ Requirements Functions normal arm64 com.apple.xcode.tools.swift.compiler (in target 'Functions' from project 'Supabase')
    cd /Users/anushka_sharma/Documents/FMS/FMS.xcodeproj
    builtin-Swift-Compilation-Requirements -- /Applications/Xcode.app/Contents/Developer/Toolchains/XcodeDefault.xctoolchain/usr/bin/swiftc -module-name Functions -Onone -enforce-exclusivity\=checked @/Users/anushka_sharma/Library/Developer/Xcode/DerivedData/FMS-cwjlkvbqxgbddsairyzxkfxaxriv/Build/Intermediates.noindex/Supabase.build/Debug-iphonesimulator/Functions.build/Objects-normal/arm64/Functions.SwiftFileList -DSWIFT_PACKAGE -DDEBUG -DSWIFT_MODULE_RESOURCE_BUNDLE_UNAVAILABLE -DXcode -enable-upcoming-feature ExistentialAny -enable-experimental-feature StrictConcurrency -plugin-path /Applications/Xcode.app/Contents/Developer/Toolchains/XcodeDefault.xctoolchain/usr/lib/swift/host/plugins/testing -enable-experimental-feature DebugDescriptionMacro -sdk /Applications/Xcode.app/Contents/Developer/Platforms/iPhoneSimulator.platform/Developer/SDKs/iPhoneSimulator26.2.sdk -target arm64-apple-ios13.0-simulator -g -module-cache-path /Users/anushka_sharma/Library/Developer/Xcode/DerivedData/ModuleCache.noindex -Xfrontend -serialize-debugging-options -enable-testing -suppress-warnings -index-store-path /Users/anushka_sharma/Library/Developer/Xcode/DerivedData/FMS-cwjlkvbqxgbddsairyzxkfxaxriv/Index.noindex/DataStore -Xcc -D_LIBCPP_HARDENING_MODE\=_LIBCPP_HARDENING_MODE_DEBUG -swift-version 5 -I /Users/anushka_sharma/Library/Developer/Xcode/DerivedData/FMS-cwjlkvbqxgbddsairyzxkfxaxriv/Build/Products/Debug-iphonesimulator -Isystem /Applications/Xcode.app/Contents/Developer/Platforms/iPhoneSimulator.platform/Developer/usr/lib -F /Users/anushka_sharma/Library/Developer/Xcode/DerivedData/FMS-cwjlkvbqxgbddsairyzxkfxaxriv/Build/Products/Debug-iphonesimulator/PackageFrameworks -F /Users/anushka_sharma/Library/Developer/Xcode/DerivedData/FMS-cwjlkvbqxgbddsairyzxkfxaxriv/Build/Products/Debug-iphonesimulator/PackageFrameworks -F /Users/anushka_sharma/Library/Developer/Xcode/DerivedData/FMS-cwjlkvbqxgbddsairyzxkfxaxriv/Build/Products/Debug-iphonesimulator/PackageFrameworks -F /Users/anushka_sharma/Library/Developer/Xcode/DerivedData/FMS-cwjlkvbqxgbddsairyzxkfxaxriv/Build/Products/Debug-iphonesimulator/PackageFrameworks -F /Users/anushka_sharma/Library/Developer/Xcode/DerivedData/FMS-cwjlkvbqxgbddsairyzxkfxaxriv/Build/Products/Debug-iphonesimulator/PackageFrameworks -F /Users/anushka_sharma/Library/Developer/Xcode/DerivedData/FMS-cwjlkvbqxgbddsairyzxkfxaxriv/Build/Products/Debug-iphonesimulator/PackageFrameworks -F /Users/anushka_sharma/Library/Developer/Xcode/DerivedData/FMS-cwjlkvbqxgbddsairyzxkfxaxriv/Build/Products/Debug-iphonesimulator/PackageFrameworks -F /Users/anushka_sharma/Library/Developer/Xcode/DerivedData/FMS-cwjlkvbqxgbddsairyzxkfxaxriv/Build/Products/Debug-iphonesimulator -F /Applications/Xcode.app/Contents/Developer/Platforms/iPhoneSimulator.platform/Developer/Library/Frameworks -F /Applications/Xcode.app/Contents/Developer/Platforms/iPhoneSimulator.platform/Developer/SDKs/iPhoneSimulator26.2.sdk/Developer/Library/Frameworks -c -j10 -enable-batch-mode -incremental -Xcc -ivfsstatcache -Xcc /Users/anushka_sharma/Library/Developer/Xcode/DerivedData/SDKStatCaches.noindex/iphonesimulator26.2-23C53-7d00a8b37fbd7999ea79df8ebc024bf0.sdkstatcache -output-file-map /Users/anushka_sharma/Library/Developer/Xcode/DerivedData/FMS-cwjlkvbqxgbddsairyzxkfxaxriv/Build/Intermediates.noindex/Supabase.build/Debug-iphonesimulator/Functions.build/Objects-normal/arm64/Functions-OutputFileMap.json -use-frontend-parseable-output -save-temps -no-color-diagnostics -explicit-module-build -module-cache-path /Users/anushka_sharma/Library/Developer/Xcode/DerivedData/FMS-cwjlkvbqxgbddsairyzxkfxaxriv/Build/Intermediates.noindex/SwiftExplicitPrecompiledModules -clang-scanner-module-cache-path /Users/anushka_sharma/Library/Developer/Xcode/DerivedData/ModuleCache.noindex -sdk-module-cache-path /Users/anushka_sharma/Library/Developer/Xcode/DerivedData/ModuleCache.noindex -serialize-diagnostics -emit-dependencies -emit-module -emit-module-path /Users/anushka_sharma/Library/Developer/Xcode/DerivedData/FMS-cwjlkvbqxgbddsairyzxkfxaxriv/Build/Intermediates.noindex/Supabase.build/Debug-iphonesimulator/Functions.build/Objects-normal/arm64/Functions.swiftmodule -validate-clang-modules-once -clang-build-session-file /Users/anushka_sharma/Library/Developer/Xcode/DerivedData/ModuleCache.noindex/Session.modulevalidation -package-name supabase_swift -Xcc -I/Users/anushka_sharma/Library/Developer/Xcode/DerivedData/FMS-cwjlkvbqxgbddsairyzxkfxaxriv/Build/Intermediates.noindex/Supabase.build/Debug-iphonesimulator/Functions.build/swift-overrides.hmap -emit-const-values -Xfrontend -const-gather-protocols-file -Xfrontend /Users/anushka_sharma/Library/Developer/Xcode/DerivedData/FMS-cwjlkvbqxgbddsairyzxkfxaxriv/Build/Intermediates.noindex/Supabase.build/Debug-iphonesimulator/Functions.build/Objects-normal/arm64/Functions_const_extract_protocols.json -Xcc -I/Users/anushka_sharma/Library/Developer/Xcode/DerivedData/FMS-cwjlkvbqxgbddsairyzxkfxaxriv/Build/Products/Debug-iphonesimulator/include -Xcc -I/Users/anushka_sharma/Library/Developer/Xcode/DerivedData/FMS-cwjlkvbqxgbddsairyzxkfxaxriv/Build/Intermediates.noindex/Supabase.build/Debug-iphonesimulator/Functions.build/DerivedSources-normal/arm64 -Xcc -I/Users/anushka_sharma/Library/Developer/Xcode/DerivedData/FMS-cwjlkvbqxgbddsairyzxkfxaxriv/Build/Intermediates.noindex/Supabase.build/Debug-iphonesimulator/Functions.build/DerivedSources/arm64 -Xcc -I/Users/anushka_sharma/Library/Developer/Xcode/DerivedData/FMS-cwjlkvbqxgbddsairyzxkfxaxriv/Build/Intermediates.noindex/Supabase.build/Debug-iphonesimulator/Functions.build/DerivedSources -Xcc -DSWIFT_PACKAGE -Xcc -DDEBUG\=1 -emit-objc-header -emit-objc-header-path /Users/anushka_sharma/Library/Developer/Xcode/DerivedData/FMS-cwjlkvbqxgbddsairyzxkfxaxriv/Build/Intermediates.noindex/Supabase.build/Debug-iphonesimulator/Functions.build/Objects-normal/arm64/Functions-Swift.h -working-directory /Users/anushka_sharma/Documents/FMS/FMS.xcodeproj -experimental-emit-module-separately -disable-cmo

SwiftDriver\ Compilation Functions normal arm64 com.apple.xcode.tools.swift.compiler (in target 'Functions' from project 'Supabase')
    cd /Users/anushka_sharma/Documents/FMS/FMS.xcodeproj
    builtin-Swift-Compilation -- /Applications/Xcode.app/Contents/Developer/Toolchains/XcodeDefault.xctoolchain/usr/bin/swiftc -module-name Functions -Onone -enforce-exclusivity\=checked @/Users/anushka_sharma/Library/Developer/Xcode/DerivedData/FMS-cwjlkvbqxgbddsairyzxkfxaxriv/Build/Intermediates.noindex/Supabase.build/Debug-iphonesimulator/Functions.build/Objects-normal/arm64/Functions.SwiftFileList -DSWIFT_PACKAGE -DDEBUG -DSWIFT_MODULE_RESOURCE_BUNDLE_UNAVAILABLE -DXcode -enable-upcoming-feature ExistentialAny -enable-experimental-feature StrictConcurrency -plugin-path /Applications/Xcode.app/Contents/Developer/Toolchains/XcodeDefault.xctoolchain/usr/lib/swift/host/plugins/testing -enable-experimental-feature DebugDescriptionMacro -sdk /Applications/Xcode.app/Contents/Developer/Platforms/iPhoneSimulator.platform/Developer/SDKs/iPhoneSimulator26.2.sdk -target arm64-apple-ios13.0-simulator -g -module-cache-path /Users/anushka_sharma/Library/Developer/Xcode/DerivedData/ModuleCache.noindex -Xfrontend -serialize-debugging-options -enable-testing -suppress-warnings -index-store-path /Users/anushka_sharma/Library/Developer/Xcode/DerivedData/FMS-cwjlkvbqxgbddsairyzxkfxaxriv/Index.noindex/DataStore -Xcc -D_LIBCPP_HARDENING_MODE\=_LIBCPP_HARDENING_MODE_DEBUG -swift-version 5 -I /Users/anushka_sharma/Library/Developer/Xcode/DerivedData/FMS-cwjlkvbqxgbddsairyzxkfxaxriv/Build/Products/Debug-iphonesimulator -Isystem /Applications/Xcode.app/Contents/Developer/Platforms/iPhoneSimulator.platform/Developer/usr/lib -F /Users/anushka_sharma/Library/Developer/Xcode/DerivedData/FMS-cwjlkvbqxgbddsairyzxkfxaxriv/Build/Products/Debug-iphonesimulator/PackageFrameworks -F /Users/anushka_sharma/Library/Developer/Xcode/DerivedData/FMS-cwjlkvbqxgbddsairyzxkfxaxriv/Build/Products/Debug-iphonesimulator/PackageFrameworks -F /Users/anushka_sharma/Library/Developer/Xcode/DerivedData/FMS-cwjlkvbqxgbddsairyzxkfxaxriv/Build/Products/Debug-iphonesimulator/PackageFrameworks -F /Users/anushka_sharma/Library/Developer/Xcode/DerivedData/FMS-cwjlkvbqxgbddsairyzxkfxaxriv/Build/Products/Debug-iphonesimulator/PackageFrameworks -F /Users/anushka_sharma/Library/Developer/Xcode/DerivedData/FMS-cwjlkvbqxgbddsairyzxkfxaxriv/Build/Products/Debug-iphonesimulator/PackageFrameworks -F /Users/anushka_sharma/Library/Developer/Xcode/DerivedData/FMS-cwjlkvbqxgbddsairyzxkfxaxriv/Build/Products/Debug-iphonesimulator/PackageFrameworks -F /Users/anushka_sharma/Library/Developer/Xcode/DerivedData/FMS-cwjlkvbqxgbddsairyzxkfxaxriv/Build/Products/Debug-iphonesimulator/PackageFrameworks -F /Users/anushka_sharma/Library/Developer/Xcode/DerivedData/FMS-cwjlkvbqxgbddsairyzxkfxaxriv/Build/Products/Debug-iphonesimulator -F /Applications/Xcode.app/Contents/Developer/Platforms/iPhoneSimulator.platform/Developer/Library/Frameworks -F /Applications/Xcode.app/Contents/Developer/Platforms/iPhoneSimulator.platform/Developer/SDKs/iPhoneSimulator26.2.sdk/Developer/Library/Frameworks -c -j10 -enable-batch-mode -incremental -Xcc -ivfsstatcache -Xcc /Users/anushka_sharma/Library/Developer/Xcode/DerivedData/SDKStatCaches.noindex/iphonesimulator26.2-23C53-7d00a8b37fbd7999ea79df8ebc024bf0.sdkstatcache -output-file-map /Users/anushka_sharma/Library/Developer/Xcode/DerivedData/FMS-cwjlkvbqxgbddsairyzxkfxaxriv/Build/Intermediates.noindex/Supabase.build/Debug-iphonesimulator/Functions.build/Objects-normal/arm64/Functions-OutputFileMap.json -use-frontend-parseable-output -save-temps -no-color-diagnostics -explicit-module-build -module-cache-path /Users/anushka_sharma/Library/Developer/Xcode/DerivedData/FMS-cwjlkvbqxgbddsairyzxkfxaxriv/Build/Intermediates.noindex/SwiftExplicitPrecompiledModules -clang-scanner-module-cache-path /Users/anushka_sharma/Library/Developer/Xcode/DerivedData/ModuleCache.noindex -sdk-module-cache-path /Users/anushka_sharma/Library/Developer/Xcode/DerivedData/ModuleCache.noindex -serialize-diagnostics -emit-dependencies -emit-module -emit-module-path /Users/anushka_sharma/Library/Developer/Xcode/DerivedData/FMS-cwjlkvbqxgbddsairyzxkfxaxriv/Build/Intermediates.noindex/Supabase.build/Debug-iphonesimulator/Functions.build/Objects-normal/arm64/Functions.swiftmodule -validate-clang-modules-once -clang-build-session-file /Users/anushka_sharma/Library/Developer/Xcode/DerivedData/ModuleCache.noindex/Session.modulevalidation -package-name supabase_swift -Xcc -I/Users/anushka_sharma/Library/Developer/Xcode/DerivedData/FMS-cwjlkvbqxgbddsairyzxkfxaxriv/Build/Intermediates.noindex/Supabase.build/Debug-iphonesimulator/Functions.build/swift-overrides.hmap -emit-const-values -Xfrontend -const-gather-protocols-file -Xfrontend /Users/anushka_sharma/Library/Developer/Xcode/DerivedData/FMS-cwjlkvbqxgbddsairyzxkfxaxriv/Build/Intermediates.noindex/Supabase.build/Debug-iphonesimulator/Functions.build/Objects-normal/arm64/Functions_const_extract_protocols.json -Xcc -I/Users/anushka_sharma/Library/Developer/Xcode/DerivedData/FMS-cwjlkvbqxgbddsairyzxkfxaxriv/Build/Products/Debug-iphonesimulator/include -Xcc -I/Users/anushka_sharma/Library/Developer/Xcode/DerivedData/FMS-cwjlkvbqxgbddsairyzxkfxaxriv/Build/Intermediates.noindex/Supabase.build/Debug-iphonesimulator/Functions.build/DerivedSources-normal/arm64 -Xcc -I/Users/anushka_sharma/Library/Developer/Xcode/DerivedData/FMS-cwjlkvbqxgbddsairyzxkfxaxriv/Build/Intermediates.noindex/Supabase.build/Debug-iphonesimulator/Functions.build/DerivedSources/arm64 -Xcc -I/Users/anushka_sharma/Library/Developer/Xcode/DerivedData/FMS-cwjlkvbqxgbddsairyzxkfxaxriv/Build/Intermediates.noindex/Supabase.build/Debug-iphonesimulator/Functions.build/DerivedSources -Xcc -DSWIFT_PACKAGE -Xcc -DDEBUG\=1 -emit-objc-header -emit-objc-header-path /Users/anushka_sharma/Library/Developer/Xcode/DerivedData/FMS-cwjlkvbqxgbddsairyzxkfxaxriv/Build/Intermediates.noindex/Supabase.build/Debug-iphonesimulator/Functions.build/Objects-normal/arm64/Functions-Swift.h -working-directory /Users/anushka_sharma/Documents/FMS/FMS.xcodeproj -experimental-emit-module-separately -disable-cmo

SwiftMergeGeneratedHeaders /Users/anushka_sharma/Library/Developer/Xcode/DerivedData/FMS-cwjlkvbqxgbddsairyzxkfxaxriv/Build/Intermediates.noindex/GeneratedModuleMaps-iphonesimulator/Functions-Swift.h /Users/anushka_sharma/Library/Developer/Xcode/DerivedData/FMS-cwjlkvbqxgbddsairyzxkfxaxriv/Build/Intermediates.noindex/Supabase.build/Debug-iphonesimulator/Functions.build/Objects-normal/arm64/Functions-Swift.h /Users/anushka_sharma/Library/Developer/Xcode/DerivedData/FMS-cwjlkvbqxgbddsairyzxkfxaxriv/Build/Intermediates.noindex/Supabase.build/Debug-iphonesimulator/Functions.build/Objects-normal/x86_64/Functions-Swift.h (in target 'Functions' from project 'Supabase')
    cd /Users/anushka_sharma/Library/Developer/Xcode/DerivedData/FMS-cwjlkvbqxgbddsairyzxkfxaxriv/SourcePackages/checkouts/supabase-swift
    builtin-swiftHeaderTool -arch arm64 /Users/anushka_sharma/Library/Developer/Xcode/DerivedData/FMS-cwjlkvbqxgbddsairyzxkfxaxriv/Build/Intermediates.noindex/Supabase.build/Debug-iphonesimulator/Functions.build/Objects-normal/arm64/Functions-Swift.h -arch x86_64 /Users/anushka_sharma/Library/Developer/Xcode/DerivedData/FMS-cwjlkvbqxgbddsairyzxkfxaxriv/Build/Intermediates.noindex/Supabase.build/Debug-iphonesimulator/Functions.build/Objects-normal/x86_64/Functions-Swift.h -o /Users/anushka_sharma/Library/Developer/Xcode/DerivedData/FMS-cwjlkvbqxgbddsairyzxkfxaxriv/Build/Intermediates.noindex/GeneratedModuleMaps-iphonesimulator/Functions-Swift.h

Copy /Users/anushka_sharma/Library/Developer/Xcode/DerivedData/FMS-cwjlkvbqxgbddsairyzxkfxaxriv/Build/Products/Debug-iphonesimulator/Functions.swiftmodule/arm64-apple-ios-simulator.swiftmodule /Users/anushka_sharma/Library/Developer/Xcode/DerivedData/FMS-cwjlkvbqxgbddsairyzxkfxaxriv/Build/Intermediates.noindex/Supabase.build/Debug-iphonesimulator/Functions.build/Objects-normal/arm64/Functions.swiftmodule (in target 'Functions' from project 'Supabase')
    cd /Users/anushka_sharma/Library/Developer/Xcode/DerivedData/FMS-cwjlkvbqxgbddsairyzxkfxaxriv/SourcePackages/checkouts/supabase-swift
    builtin-copy -exclude .DS_Store -exclude CVS -exclude .svn -exclude .git -exclude .hg -resolve-src-symlinks -rename /Users/anushka_sharma/Library/Developer/Xcode/DerivedData/FMS-cwjlkvbqxgbddsairyzxkfxaxriv/Build/Intermediates.noindex/Supabase.build/Debug-iphonesimulator/Functions.build/Objects-normal/arm64/Functions.swiftmodule /Users/anushka_sharma/Library/Developer/Xcode/DerivedData/FMS-cwjlkvbqxgbddsairyzxkfxaxriv/Build/Products/Debug-iphonesimulator/Functions.swiftmodule/arm64-apple-ios-simulator.swiftmodule

Copy /Users/anushka_sharma/Library/Developer/Xcode/DerivedData/FMS-cwjlkvbqxgbddsairyzxkfxaxriv/Build/Products/Debug-iphonesimulator/Functions.swiftmodule/arm64-apple-ios-simulator.swiftdoc /Users/anushka_sharma/Library/Developer/Xcode/DerivedData/FMS-cwjlkvbqxgbddsairyzxkfxaxriv/Build/Intermediates.noindex/Supabase.build/Debug-iphonesimulator/Functions.build/Objects-normal/arm64/Functions.swiftdoc (in target 'Functions' from project 'Supabase')
    cd /Users/anushka_sharma/Library/Developer/Xcode/DerivedData/FMS-cwjlkvbqxgbddsairyzxkfxaxriv/SourcePackages/checkouts/supabase-swift
    builtin-copy -exclude .DS_Store -exclude CVS -exclude .svn -exclude .git -exclude .hg -resolve-src-symlinks -rename /Users/anushka_sharma/Library/Developer/Xcode/DerivedData/FMS-cwjlkvbqxgbddsairyzxkfxaxriv/Build/Intermediates.noindex/Supabase.build/Debug-iphonesimulator/Functions.build/Objects-normal/arm64/Functions.swiftdoc /Users/anushka_sharma/Library/Developer/Xcode/DerivedData/FMS-cwjlkvbqxgbddsairyzxkfxaxriv/Build/Products/Debug-iphonesimulator/Functions.swiftmodule/arm64-apple-ios-simulator.swiftdoc

Copy /Users/anushka_sharma/Library/Developer/Xcode/DerivedData/FMS-cwjlkvbqxgbddsairyzxkfxaxriv/Build/Products/Debug-iphonesimulator/Functions.swiftmodule/arm64-apple-ios-simulator.abi.json /Users/anushka_sharma/Library/Developer/Xcode/DerivedData/FMS-cwjlkvbqxgbddsairyzxkfxaxriv/Build/Intermediates.noindex/Supabase.build/Debug-iphonesimulator/Functions.build/Objects-normal/arm64/Functions.abi.json (in target 'Functions' from project 'Supabase')
    cd /Users/anushka_sharma/Library/Developer/Xcode/DerivedData/FMS-cwjlkvbqxgbddsairyzxkfxaxriv/SourcePackages/checkouts/supabase-swift
    builtin-copy -exclude .DS_Store -exclude CVS -exclude .svn -exclude .git -exclude .hg -resolve-src-symlinks -rename /Users/anushka_sharma/Library/Developer/Xcode/DerivedData/FMS-cwjlkvbqxgbddsairyzxkfxaxriv/Build/Intermediates.noindex/Supabase.build/Debug-iphonesimulator/Functions.build/Objects-normal/arm64/Functions.abi.json /Users/anushka_sharma/Library/Developer/Xcode/DerivedData/FMS-cwjlkvbqxgbddsairyzxkfxaxriv/Build/Products/Debug-iphonesimulator/Functions.swiftmodule/arm64-apple-ios-simulator.abi.json

Copy /Users/anushka_sharma/Library/Developer/Xcode/DerivedData/FMS-cwjlkvbqxgbddsairyzxkfxaxriv/Build/Products/Debug-iphonesimulator/Functions.swiftmodule/Project/arm64-apple-ios-simulator.swiftsourceinfo /Users/anushka_sharma/Library/Developer/Xcode/DerivedData/FMS-cwjlkvbqxgbddsairyzxkfxaxriv/Build/Intermediates.noindex/Supabase.build/Debug-iphonesimulator/Functions.build/Objects-normal/arm64/Functions.swiftsourceinfo (in target 'Functions' from project 'Supabase')
    cd /Users/anushka_sharma/Library/Developer/Xcode/DerivedData/FMS-cwjlkvbqxgbddsairyzxkfxaxriv/SourcePackages/checkouts/supabase-swift
    builtin-copy -exclude .DS_Store -exclude CVS -exclude .svn -exclude .git -exclude .hg -resolve-src-symlinks -rename /Users/anushka_sharma/Library/Developer/Xcode/DerivedData/FMS-cwjlkvbqxgbddsairyzxkfxaxriv/Build/Intermediates.noindex/Supabase.build/Debug-iphonesimulator/Functions.build/Objects-normal/arm64/Functions.swiftsourceinfo /Users/anushka_sharma/Library/Developer/Xcode/DerivedData/FMS-cwjlkvbqxgbddsairyzxkfxaxriv/Build/Products/Debug-iphonesimulator/Functions.swiftmodule/Project/arm64-apple-ios-simulator.swiftsourceinfo

SwiftDriver\ Compilation\ Requirements PostgREST normal x86_64 com.apple.xcode.tools.swift.compiler (in target 'PostgREST' from project 'Supabase')
    cd /Users/anushka_sharma/Documents/FMS/FMS.xcodeproj
    builtin-Swift-Compilation-Requirements -- /Applications/Xcode.app/Contents/Developer/Toolchains/XcodeDefault.xctoolchain/usr/bin/swiftc -module-name PostgREST -Onone -enforce-exclusivity\=checked @/Users/anushka_sharma/Library/Developer/Xcode/DerivedData/FMS-cwjlkvbqxgbddsairyzxkfxaxriv/Build/Intermediates.noindex/Supabase.build/Debug-iphonesimulator/PostgREST.build/Objects-normal/x86_64/PostgREST.SwiftFileList -DSWIFT_PACKAGE -DDEBUG -DSWIFT_MODULE_RESOURCE_BUNDLE_UNAVAILABLE -DXcode -enable-upcoming-feature ExistentialAny -enable-experimental-feature StrictConcurrency -plugin-path /Applications/Xcode.app/Contents/Developer/Toolchains/XcodeDefault.xctoolchain/usr/lib/swift/host/plugins/testing -enable-experimental-feature DebugDescriptionMacro -sdk /Applications/Xcode.app/Contents/Developer/Platforms/iPhoneSimulator.platform/Developer/SDKs/iPhoneSimulator26.2.sdk -target x86_64-apple-ios13.0-simulator -g -module-cache-path /Users/anushka_sharma/Library/Developer/Xcode/DerivedData/ModuleCache.noindex -Xfrontend -serialize-debugging-options -enable-testing -suppress-warnings -index-store-path /Users/anushka_sharma/Library/Developer/Xcode/DerivedData/FMS-cwjlkvbqxgbddsairyzxkfxaxriv/Index.noindex/DataStore -Xcc -D_LIBCPP_HARDENING_MODE\=_LIBCPP_HARDENING_MODE_DEBUG -swift-version 5 -I /Users/anushka_sharma/Library/Developer/Xcode/DerivedData/FMS-cwjlkvbqxgbddsairyzxkfxaxriv/Build/Products/Debug-iphonesimulator -Isystem /Applications/Xcode.app/Contents/Developer/Platforms/iPhoneSimulator.platform/Developer/usr/lib -F /Users/anushka_sharma/Library/Developer/Xcode/DerivedData/FMS-cwjlkvbqxgbddsairyzxkfxaxriv/Build/Products/Debug-iphonesimulator/PackageFrameworks -F /Users/anushka_sharma/Library/Developer/Xcode/DerivedData/FMS-cwjlkvbqxgbddsairyzxkfxaxriv/Build/Products/Debug-iphonesimulator/PackageFrameworks -F /Users/anushka_sharma/Library/Developer/Xcode/DerivedData/FMS-cwjlkvbqxgbddsairyzxkfxaxriv/Build/Products/Debug-iphonesimulator/PackageFrameworks -F /Users/anushka_sharma/Library/Developer/Xcode/DerivedData/FMS-cwjlkvbqxgbddsairyzxkfxaxriv/Build/Products/Debug-iphonesimulator/PackageFrameworks -F /Users/anushka_sharma/Library/Developer/Xcode/DerivedData/FMS-cwjlkvbqxgbddsairyzxkfxaxriv/Build/Products/Debug-iphonesimulator/PackageFrameworks -F /Users/anushka_sharma/Library/Developer/Xcode/DerivedData/FMS-cwjlkvbqxgbddsairyzxkfxaxriv/Build/Products/Debug-iphonesimulator/PackageFrameworks -F /Users/anushka_sharma/Library/Developer/Xcode/DerivedData/FMS-cwjlkvbqxgbddsairyzxkfxaxriv/Build/Products/Debug-iphonesimulator/PackageFrameworks -F /Users/anushka_sharma/Library/Developer/Xcode/DerivedData/FMS-cwjlkvbqxgbddsairyzxkfxaxriv/Build/Products/Debug-iphonesimulator -F /Applications/Xcode.app/Contents/Developer/Platforms/iPhoneSimulator.platform/Developer/Library/Frameworks -F /Applications/Xcode.app/Contents/Developer/Platforms/iPhoneSimulator.platform/Developer/SDKs/iPhoneSimulator26.2.sdk/Developer/Library/Frameworks -c -j10 -enable-batch-mode -incremental -Xcc -ivfsstatcache -Xcc /Users/anushka_sharma/Library/Developer/Xcode/DerivedData/SDKStatCaches.noindex/iphonesimulator26.2-23C53-7d00a8b37fbd7999ea79df8ebc024bf0.sdkstatcache -output-file-map /Users/anushka_sharma/Library/Developer/Xcode/DerivedData/FMS-cwjlkvbqxgbddsairyzxkfxaxriv/Build/Intermediates.noindex/Supabase.build/Debug-iphonesimulator/PostgREST.build/Objects-normal/x86_64/PostgREST-OutputFileMap.json -use-frontend-parseable-output -save-temps -no-color-diagnostics -explicit-module-build -module-cache-path /Users/anushka_sharma/Library/Developer/Xcode/DerivedData/FMS-cwjlkvbqxgbddsairyzxkfxaxriv/Build/Intermediates.noindex/SwiftExplicitPrecompiledModules -clang-scanner-module-cache-path /Users/anushka_sharma/Library/Developer/Xcode/DerivedData/ModuleCache.noindex -sdk-module-cache-path /Users/anushka_sharma/Library/Developer/Xcode/DerivedData/ModuleCache.noindex -serialize-diagnostics -emit-dependencies -emit-module -emit-module-path /Users/anushka_sharma/Library/Developer/Xcode/DerivedData/FMS-cwjlkvbqxgbddsairyzxkfxaxriv/Build/Intermediates.noindex/Supabase.build/Debug-iphonesimulator/PostgREST.build/Objects-normal/x86_64/PostgREST.swiftmodule -validate-clang-modules-once -clang-build-session-file /Users/anushka_sharma/Library/Developer/Xcode/DerivedData/ModuleCache.noindex/Session.modulevalidation -package-name supabase_swift -Xcc -I/Users/anushka_sharma/Library/Developer/Xcode/DerivedData/FMS-cwjlkvbqxgbddsairyzxkfxaxriv/Build/Intermediates.noindex/Supabase.build/Debug-iphonesimulator/PostgREST.build/swift-overrides.hmap -emit-const-values -Xfrontend -const-gather-protocols-file -Xfrontend /Users/anushka_sharma/Library/Developer/Xcode/DerivedData/FMS-cwjlkvbqxgbddsairyzxkfxaxriv/Build/Intermediates.noindex/Supabase.build/Debug-iphonesimulator/PostgREST.build/Objects-normal/x86_64/PostgREST_const_extract_protocols.json -Xcc -I/Users/anushka_sharma/Library/Developer/Xcode/DerivedData/FMS-cwjlkvbqxgbddsairyzxkfxaxriv/Build/Products/Debug-iphonesimulator/include -Xcc -I/Users/anushka_sharma/Library/Developer/Xcode/DerivedData/FMS-cwjlkvbqxgbddsairyzxkfxaxriv/Build/Intermediates.noindex/Supabase.build/Debug-iphonesimulator/PostgREST.build/DerivedSources-normal/x86_64 -Xcc -I/Users/anushka_sharma/Library/Developer/Xcode/DerivedData/FMS-cwjlkvbqxgbddsairyzxkfxaxriv/Build/Intermediates.noindex/Supabase.build/Debug-iphonesimulator/PostgREST.build/DerivedSources/x86_64 -Xcc -I/Users/anushka_sharma/Library/Developer/Xcode/DerivedData/FMS-cwjlkvbqxgbddsairyzxkfxaxriv/Build/Intermediates.noindex/Supabase.build/Debug-iphonesimulator/PostgREST.build/DerivedSources -Xcc -DSWIFT_PACKAGE -Xcc -DDEBUG\=1 -emit-objc-header -emit-objc-header-path /Users/anushka_sharma/Library/Developer/Xcode/DerivedData/FMS-cwjlkvbqxgbddsairyzxkfxaxriv/Build/Intermediates.noindex/Supabase.build/Debug-iphonesimulator/PostgREST.build/Objects-normal/x86_64/PostgREST-Swift.h -working-directory /Users/anushka_sharma/Documents/FMS/FMS.xcodeproj -experimental-emit-module-separately -disable-cmo

SwiftDriver\ Compilation PostgREST normal x86_64 com.apple.xcode.tools.swift.compiler (in target 'PostgREST' from project 'Supabase')
    cd /Users/anushka_sharma/Documents/FMS/FMS.xcodeproj
    builtin-Swift-Compilation -- /Applications/Xcode.app/Contents/Developer/Toolchains/XcodeDefault.xctoolchain/usr/bin/swiftc -module-name PostgREST -Onone -enforce-exclusivity\=checked @/Users/anushka_sharma/Library/Developer/Xcode/DerivedData/FMS-cwjlkvbqxgbddsairyzxkfxaxriv/Build/Intermediates.noindex/Supabase.build/Debug-iphonesimulator/PostgREST.build/Objects-normal/x86_64/PostgREST.SwiftFileList -DSWIFT_PACKAGE -DDEBUG -DSWIFT_MODULE_RESOURCE_BUNDLE_UNAVAILABLE -DXcode -enable-upcoming-feature ExistentialAny -enable-experimental-feature StrictConcurrency -plugin-path /Applications/Xcode.app/Contents/Developer/Toolchains/XcodeDefault.xctoolchain/usr/lib/swift/host/plugins/testing -enable-experimental-feature DebugDescriptionMacro -sdk /Applications/Xcode.app/Contents/Developer/Platforms/iPhoneSimulator.platform/Developer/SDKs/iPhoneSimulator26.2.sdk -target x86_64-apple-ios13.0-simulator -g -module-cache-path /Users/anushka_sharma/Library/Developer/Xcode/DerivedData/ModuleCache.noindex -Xfrontend -serialize-debugging-options -enable-testing -suppress-warnings -index-store-path /Users/anushka_sharma/Library/Developer/Xcode/DerivedData/FMS-cwjlkvbqxgbddsairyzxkfxaxriv/Index.noindex/DataStore -Xcc -D_LIBCPP_HARDENING_MODE\=_LIBCPP_HARDENING_MODE_DEBUG -swift-version 5 -I /Users/anushka_sharma/Library/Developer/Xcode/DerivedData/FMS-cwjlkvbqxgbddsairyzxkfxaxriv/Build/Products/Debug-iphonesimulator -Isystem /Applications/Xcode.app/Contents/Developer/Platforms/iPhoneSimulator.platform/Developer/usr/lib -F /Users/anushka_sharma/Library/Developer/Xcode/DerivedData/FMS-cwjlkvbqxgbddsairyzxkfxaxriv/Build/Products/Debug-iphonesimulator/PackageFrameworks -F /Users/anushka_sharma/Library/Developer/Xcode/DerivedData/FMS-cwjlkvbqxgbddsairyzxkfxaxriv/Build/Products/Debug-iphonesimulator/PackageFrameworks -F /Users/anushka_sharma/Library/Developer/Xcode/DerivedData/FMS-cwjlkvbqxgbddsairyzxkfxaxriv/Build/Products/Debug-iphonesimulator/PackageFrameworks -F /Users/anushka_sharma/Library/Developer/Xcode/DerivedData/FMS-cwjlkvbqxgbddsairyzxkfxaxriv/Build/Products/Debug-iphonesimulator/PackageFrameworks -F /Users/anushka_sharma/Library/Developer/Xcode/DerivedData/FMS-cwjlkvbqxgbddsairyzxkfxaxriv/Build/Products/Debug-iphonesimulator/PackageFrameworks -F /Users/anushka_sharma/Library/Developer/Xcode/DerivedData/FMS-cwjlkvbqxgbddsairyzxkfxaxriv/Build/Products/Debug-iphonesimulator/PackageFrameworks -F /Users/anushka_sharma/Library/Developer/Xcode/DerivedData/FMS-cwjlkvbqxgbddsairyzxkfxaxriv/Build/Products/Debug-iphonesimulator/PackageFrameworks -F /Users/anushka_sharma/Library/Developer/Xcode/DerivedData/FMS-cwjlkvbqxgbddsairyzxkfxaxriv/Build/Products/Debug-iphonesimulator -F /Applications/Xcode.app/Contents/Developer/Platforms/iPhoneSimulator.platform/Developer/Library/Frameworks -F /Applications/Xcode.app/Contents/Developer/Platforms/iPhoneSimulator.platform/Developer/SDKs/iPhoneSimulator26.2.sdk/Developer/Library/Frameworks -c -j10 -enable-batch-mode -incremental -Xcc -ivfsstatcache -Xcc /Users/anushka_sharma/Library/Developer/Xcode/DerivedData/SDKStatCaches.noindex/iphonesimulator26.2-23C53-7d00a8b37fbd7999ea79df8ebc024bf0.sdkstatcache -output-file-map /Users/anushka_sharma/Library/Developer/Xcode/DerivedData/FMS-cwjlkvbqxgbddsairyzxkfxaxriv/Build/Intermediates.noindex/Supabase.build/Debug-iphonesimulator/PostgREST.build/Objects-normal/x86_64/PostgREST-OutputFileMap.json -use-frontend-parseable-output -save-temps -no-color-diagnostics -explicit-module-build -module-cache-path /Users/anushka_sharma/Library/Developer/Xcode/DerivedData/FMS-cwjlkvbqxgbddsairyzxkfxaxriv/Build/Intermediates.noindex/SwiftExplicitPrecompiledModules -clang-scanner-module-cache-path /Users/anushka_sharma/Library/Developer/Xcode/DerivedData/ModuleCache.noindex -sdk-module-cache-path /Users/anushka_sharma/Library/Developer/Xcode/DerivedData/ModuleCache.noindex -serialize-diagnostics -emit-dependencies -emit-module -emit-module-path /Users/anushka_sharma/Library/Developer/Xcode/DerivedData/FMS-cwjlkvbqxgbddsairyzxkfxaxriv/Build/Intermediates.noindex/Supabase.build/Debug-iphonesimulator/PostgREST.build/Objects-normal/x86_64/PostgREST.swiftmodule -validate-clang-modules-once -clang-build-session-file /Users/anushka_sharma/Library/Developer/Xcode/DerivedData/ModuleCache.noindex/Session.modulevalidation -package-name supabase_swift -Xcc -I/Users/anushka_sharma/Library/Developer/Xcode/DerivedData/FMS-cwjlkvbqxgbddsairyzxkfxaxriv/Build/Intermediates.noindex/Supabase.build/Debug-iphonesimulator/PostgREST.build/swift-overrides.hmap -emit-const-values -Xfrontend -const-gather-protocols-file -Xfrontend /Users/anushka_sharma/Library/Developer/Xcode/DerivedData/FMS-cwjlkvbqxgbddsairyzxkfxaxriv/Build/Intermediates.noindex/Supabase.build/Debug-iphonesimulator/PostgREST.build/Objects-normal/x86_64/PostgREST_const_extract_protocols.json -Xcc -I/Users/anushka_sharma/Library/Developer/Xcode/DerivedData/FMS-cwjlkvbqxgbddsairyzxkfxaxriv/Build/Products/Debug-iphonesimulator/include -Xcc -I/Users/anushka_sharma/Library/Developer/Xcode/DerivedData/FMS-cwjlkvbqxgbddsairyzxkfxaxriv/Build/Intermediates.noindex/Supabase.build/Debug-iphonesimulator/PostgREST.build/DerivedSources-normal/x86_64 -Xcc -I/Users/anushka_sharma/Library/Developer/Xcode/DerivedData/FMS-cwjlkvbqxgbddsairyzxkfxaxriv/Build/Intermediates.noindex/Supabase.build/Debug-iphonesimulator/PostgREST.build/DerivedSources/x86_64 -Xcc -I/Users/anushka_sharma/Library/Developer/Xcode/DerivedData/FMS-cwjlkvbqxgbddsairyzxkfxaxriv/Build/Intermediates.noindex/Supabase.build/Debug-iphonesimulator/PostgREST.build/DerivedSources -Xcc -DSWIFT_PACKAGE -Xcc -DDEBUG\=1 -emit-objc-header -emit-objc-header-path /Users/anushka_sharma/Library/Developer/Xcode/DerivedData/FMS-cwjlkvbqxgbddsairyzxkfxaxriv/Build/Intermediates.noindex/Supabase.build/Debug-iphonesimulator/PostgREST.build/Objects-normal/x86_64/PostgREST-Swift.h -working-directory /Users/anushka_sharma/Documents/FMS/FMS.xcodeproj -experimental-emit-module-separately -disable-cmo

SwiftDriver\ Compilation\ Requirements PostgREST normal arm64 com.apple.xcode.tools.swift.compiler (in target 'PostgREST' from project 'Supabase')
    cd /Users/anushka_sharma/Documents/FMS/FMS.xcodeproj
    builtin-Swift-Compilation-Requirements -- /Applications/Xcode.app/Contents/Developer/Toolchains/XcodeDefault.xctoolchain/usr/bin/swiftc -module-name PostgREST -Onone -enforce-exclusivity\=checked @/Users/anushka_sharma/Library/Developer/Xcode/DerivedData/FMS-cwjlkvbqxgbddsairyzxkfxaxriv/Build/Intermediates.noindex/Supabase.build/Debug-iphonesimulator/PostgREST.build/Objects-normal/arm64/PostgREST.SwiftFileList -DSWIFT_PACKAGE -DDEBUG -DSWIFT_MODULE_RESOURCE_BUNDLE_UNAVAILABLE -DXcode -enable-upcoming-feature ExistentialAny -enable-experimental-feature StrictConcurrency -plugin-path /Applications/Xcode.app/Contents/Developer/Toolchains/XcodeDefault.xctoolchain/usr/lib/swift/host/plugins/testing -enable-experimental-feature DebugDescriptionMacro -sdk /Applications/Xcode.app/Contents/Developer/Platforms/iPhoneSimulator.platform/Developer/SDKs/iPhoneSimulator26.2.sdk -target arm64-apple-ios13.0-simulator -g -module-cache-path /Users/anushka_sharma/Library/Developer/Xcode/DerivedData/ModuleCache.noindex -Xfrontend -serialize-debugging-options -enable-testing -suppress-warnings -index-store-path /Users/anushka_sharma/Library/Developer/Xcode/DerivedData/FMS-cwjlkvbqxgbddsairyzxkfxaxriv/Index.noindex/DataStore -Xcc -D_LIBCPP_HARDENING_MODE\=_LIBCPP_HARDENING_MODE_DEBUG -swift-version 5 -I /Users/anushka_sharma/Library/Developer/Xcode/DerivedData/FMS-cwjlkvbqxgbddsairyzxkfxaxriv/Build/Products/Debug-iphonesimulator -Isystem /Applications/Xcode.app/Contents/Developer/Platforms/iPhoneSimulator.platform/Developer/usr/lib -F /Users/anushka_sharma/Library/Developer/Xcode/DerivedData/FMS-cwjlkvbqxgbddsairyzxkfxaxriv/Build/Products/Debug-iphonesimulator/PackageFrameworks -F /Users/anushka_sharma/Library/Developer/Xcode/DerivedData/FMS-cwjlkvbqxgbddsairyzxkfxaxriv/Build/Products/Debug-iphonesimulator/PackageFrameworks -F /Users/anushka_sharma/Library/Developer/Xcode/DerivedData/FMS-cwjlkvbqxgbddsairyzxkfxaxriv/Build/Products/Debug-iphonesimulator/PackageFrameworks -F /Users/anushka_sharma/Library/Developer/Xcode/DerivedData/FMS-cwjlkvbqxgbddsairyzxkfxaxriv/Build/Products/Debug-iphonesimulator/PackageFrameworks -F /Users/anushka_sharma/Library/Developer/Xcode/DerivedData/FMS-cwjlkvbqxgbddsairyzxkfxaxriv/Build/Products/Debug-iphonesimulator/PackageFrameworks -F /Users/anushka_sharma/Library/Developer/Xcode/DerivedData/FMS-cwjlkvbqxgbddsairyzxkfxaxriv/Build/Products/Debug-iphonesimulator/PackageFrameworks -F /Users/anushka_sharma/Library/Developer/Xcode/DerivedData/FMS-cwjlkvbqxgbddsairyzxkfxaxriv/Build/Products/Debug-iphonesimulator/PackageFrameworks -F /Users/anushka_sharma/Library/Developer/Xcode/DerivedData/FMS-cwjlkvbqxgbddsairyzxkfxaxriv/Build/Products/Debug-iphonesimulator -F /Applications/Xcode.app/Contents/Developer/Platforms/iPhoneSimulator.platform/Developer/Library/Frameworks -F /Applications/Xcode.app/Contents/Developer/Platforms/iPhoneSimulator.platform/Developer/SDKs/iPhoneSimulator26.2.sdk/Developer/Library/Frameworks -c -j10 -enable-batch-mode -incremental -Xcc -ivfsstatcache -Xcc /Users/anushka_sharma/Library/Developer/Xcode/DerivedData/SDKStatCaches.noindex/iphonesimulator26.2-23C53-7d00a8b37fbd7999ea79df8ebc024bf0.sdkstatcache -output-file-map /Users/anushka_sharma/Library/Developer/Xcode/DerivedData/FMS-cwjlkvbqxgbddsairyzxkfxaxriv/Build/Intermediates.noindex/Supabase.build/Debug-iphonesimulator/PostgREST.build/Objects-normal/arm64/PostgREST-OutputFileMap.json -use-frontend-parseable-output -save-temps -no-color-diagnostics -explicit-module-build -module-cache-path /Users/anushka_sharma/Library/Developer/Xcode/DerivedData/FMS-cwjlkvbqxgbddsairyzxkfxaxriv/Build/Intermediates.noindex/SwiftExplicitPrecompiledModules -clang-scanner-module-cache-path /Users/anushka_sharma/Library/Developer/Xcode/DerivedData/ModuleCache.noindex -sdk-module-cache-path /Users/anushka_sharma/Library/Developer/Xcode/DerivedData/ModuleCache.noindex -serialize-diagnostics -emit-dependencies -emit-module -emit-module-path /Users/anushka_sharma/Library/Developer/Xcode/DerivedData/FMS-cwjlkvbqxgbddsairyzxkfxaxriv/Build/Intermediates.noindex/Supabase.build/Debug-iphonesimulator/PostgREST.build/Objects-normal/arm64/PostgREST.swiftmodule -validate-clang-modules-once -clang-build-session-file /Users/anushka_sharma/Library/Developer/Xcode/DerivedData/ModuleCache.noindex/Session.modulevalidation -package-name supabase_swift -Xcc -I/Users/anushka_sharma/Library/Developer/Xcode/DerivedData/FMS-cwjlkvbqxgbddsairyzxkfxaxriv/Build/Intermediates.noindex/Supabase.build/Debug-iphonesimulator/PostgREST.build/swift-overrides.hmap -emit-const-values -Xfrontend -const-gather-protocols-file -Xfrontend /Users/anushka_sharma/Library/Developer/Xcode/DerivedData/FMS-cwjlkvbqxgbddsairyzxkfxaxriv/Build/Intermediates.noindex/Supabase.build/Debug-iphonesimulator/PostgREST.build/Objects-normal/arm64/PostgREST_const_extract_protocols.json -Xcc -I/Users/anushka_sharma/Library/Developer/Xcode/DerivedData/FMS-cwjlkvbqxgbddsairyzxkfxaxriv/Build/Products/Debug-iphonesimulator/include -Xcc -I/Users/anushka_sharma/Library/Developer/Xcode/DerivedData/FMS-cwjlkvbqxgbddsairyzxkfxaxriv/Build/Intermediates.noindex/Supabase.build/Debug-iphonesimulator/PostgREST.build/DerivedSources-normal/arm64 -Xcc -I/Users/anushka_sharma/Library/Developer/Xcode/DerivedData/FMS-cwjlkvbqxgbddsairyzxkfxaxriv/Build/Intermediates.noindex/Supabase.build/Debug-iphonesimulator/PostgREST.build/DerivedSources/arm64 -Xcc -I/Users/anushka_sharma/Library/Developer/Xcode/DerivedData/FMS-cwjlkvbqxgbddsairyzxkfxaxriv/Build/Intermediates.noindex/Supabase.build/Debug-iphonesimulator/PostgREST.build/DerivedSources -Xcc -DSWIFT_PACKAGE -Xcc -DDEBUG\=1 -emit-objc-header -emit-objc-header-path /Users/anushka_sharma/Library/Developer/Xcode/DerivedData/FMS-cwjlkvbqxgbddsairyzxkfxaxriv/Build/Intermediates.noindex/Supabase.build/Debug-iphonesimulator/PostgREST.build/Objects-normal/arm64/PostgREST-Swift.h -working-directory /Users/anushka_sharma/Documents/FMS/FMS.xcodeproj -experimental-emit-module-separately -disable-cmo

SwiftDriver\ Compilation PostgREST normal arm64 com.apple.xcode.tools.swift.compiler (in target 'PostgREST' from project 'Supabase')
    cd /Users/anushka_sharma/Documents/FMS/FMS.xcodeproj
    builtin-Swift-Compilation -- /Applications/Xcode.app/Contents/Developer/Toolchains/XcodeDefault.xctoolchain/usr/bin/swiftc -module-name PostgREST -Onone -enforce-exclusivity\=checked @/Users/anushka_sharma/Library/Developer/Xcode/DerivedData/FMS-cwjlkvbqxgbddsairyzxkfxaxriv/Build/Intermediates.noindex/Supabase.build/Debug-iphonesimulator/PostgREST.build/Objects-normal/arm64/PostgREST.SwiftFileList -DSWIFT_PACKAGE -DDEBUG -DSWIFT_MODULE_RESOURCE_BUNDLE_UNAVAILABLE -DXcode -enable-upcoming-feature ExistentialAny -enable-experimental-feature StrictConcurrency -plugin-path /Applications/Xcode.app/Contents/Developer/Toolchains/XcodeDefault.xctoolchain/usr/lib/swift/host/plugins/testing -enable-experimental-feature DebugDescriptionMacro -sdk /Applications/Xcode.app/Contents/Developer/Platforms/iPhoneSimulator.platform/Developer/SDKs/iPhoneSimulator26.2.sdk -target arm64-apple-ios13.0-simulator -g -module-cache-path /Users/anushka_sharma/Library/Developer/Xcode/DerivedData/ModuleCache.noindex -Xfrontend -serialize-debugging-options -enable-testing -suppress-warnings -index-store-path /Users/anushka_sharma/Library/Developer/Xcode/DerivedData/FMS-cwjlkvbqxgbddsairyzxkfxaxriv/Index.noindex/DataStore -Xcc -D_LIBCPP_HARDENING_MODE\=_LIBCPP_HARDENING_MODE_DEBUG -swift-version 5 -I /Users/anushka_sharma/Library/Developer/Xcode/DerivedData/FMS-cwjlkvbqxgbddsairyzxkfxaxriv/Build/Products/Debug-iphonesimulator -Isystem /Applications/Xcode.app/Contents/Developer/Platforms/iPhoneSimulator.platform/Developer/usr/lib -F /Users/anushka_sharma/Library/Developer/Xcode/DerivedData/FMS-cwjlkvbqxgbddsairyzxkfxaxriv/Build/Products/Debug-iphonesimulator/PackageFrameworks -F /Users/anushka_sharma/Library/Developer/Xcode/DerivedData/FMS-cwjlkvbqxgbddsairyzxkfxaxriv/Build/Products/Debug-iphonesimulator/PackageFrameworks -F /Users/anushka_sharma/Library/Developer/Xcode/DerivedData/FMS-cwjlkvbqxgbddsairyzxkfxaxriv/Build/Products/Debug-iphonesimulator/PackageFrameworks -F /Users/anushka_sharma/Library/Developer/Xcode/DerivedData/FMS-cwjlkvbqxgbddsairyzxkfxaxriv/Build/Products/Debug-iphonesimulator/PackageFrameworks -F /Users/anushka_sharma/Library/Developer/Xcode/DerivedData/FMS-cwjlkvbqxgbddsairyzxkfxaxriv/Build/Products/Debug-iphonesimulator/PackageFrameworks -F /Users/anushka_sharma/Library/Developer/Xcode/DerivedData/FMS-cwjlkvbqxgbddsairyzxkfxaxriv/Build/Products/Debug-iphonesimulator/PackageFrameworks -F /Users/anushka_sharma/Library/Developer/Xcode/DerivedData/FMS-cwjlkvbqxgbddsairyzxkfxaxriv/Build/Products/Debug-iphonesimulator/PackageFrameworks -F /Users/anushka_sharma/Library/Developer/Xcode/DerivedData/FMS-cwjlkvbqxgbddsairyzxkfxaxriv/Build/Products/Debug-iphonesimulator -F /Applications/Xcode.app/Contents/Developer/Platforms/iPhoneSimulator.platform/Developer/Library/Frameworks -F /Applications/Xcode.app/Contents/Developer/Platforms/iPhoneSimulator.platform/Developer/SDKs/iPhoneSimulator26.2.sdk/Developer/Library/Frameworks -c -j10 -enable-batch-mode -incremental -Xcc -ivfsstatcache -Xcc /Users/anushka_sharma/Library/Developer/Xcode/DerivedData/SDKStatCaches.noindex/iphonesimulator26.2-23C53-7d00a8b37fbd7999ea79df8ebc024bf0.sdkstatcache -output-file-map /Users/anushka_sharma/Library/Developer/Xcode/DerivedData/FMS-cwjlkvbqxgbddsairyzxkfxaxriv/Build/Intermediates.noindex/Supabase.build/Debug-iphonesimulator/PostgREST.build/Objects-normal/arm64/PostgREST-OutputFileMap.json -use-frontend-parseable-output -save-temps -no-color-diagnostics -explicit-module-build -module-cache-path /Users/anushka_sharma/Library/Developer/Xcode/DerivedData/FMS-cwjlkvbqxgbddsairyzxkfxaxriv/Build/Intermediates.noindex/SwiftExplicitPrecompiledModules -clang-scanner-module-cache-path /Users/anushka_sharma/Library/Developer/Xcode/DerivedData/ModuleCache.noindex -sdk-module-cache-path /Users/anushka_sharma/Library/Developer/Xcode/DerivedData/ModuleCache.noindex -serialize-diagnostics -emit-dependencies -emit-module -emit-module-path /Users/anushka_sharma/Library/Developer/Xcode/DerivedData/FMS-cwjlkvbqxgbddsairyzxkfxaxriv/Build/Intermediates.noindex/Supabase.build/Debug-iphonesimulator/PostgREST.build/Objects-normal/arm64/PostgREST.swiftmodule -validate-clang-modules-once -clang-build-session-file /Users/anushka_sharma/Library/Developer/Xcode/DerivedData/ModuleCache.noindex/Session.modulevalidation -package-name supabase_swift -Xcc -I/Users/anushka_sharma/Library/Developer/Xcode/DerivedData/FMS-cwjlkvbqxgbddsairyzxkfxaxriv/Build/Intermediates.noindex/Supabase.build/Debug-iphonesimulator/PostgREST.build/swift-overrides.hmap -emit-const-values -Xfrontend -const-gather-protocols-file -Xfrontend /Users/anushka_sharma/Library/Developer/Xcode/DerivedData/FMS-cwjlkvbqxgbddsairyzxkfxaxriv/Build/Intermediates.noindex/Supabase.build/Debug-iphonesimulator/PostgREST.build/Objects-normal/arm64/PostgREST_const_extract_protocols.json -Xcc -I/Users/anushka_sharma/Library/Developer/Xcode/DerivedData/FMS-cwjlkvbqxgbddsairyzxkfxaxriv/Build/Products/Debug-iphonesimulator/include -Xcc -I/Users/anushka_sharma/Library/Developer/Xcode/DerivedData/FMS-cwjlkvbqxgbddsairyzxkfxaxriv/Build/Intermediates.noindex/Supabase.build/Debug-iphonesimulator/PostgREST.build/DerivedSources-normal/arm64 -Xcc -I/Users/anushka_sharma/Library/Developer/Xcode/DerivedData/FMS-cwjlkvbqxgbddsairyzxkfxaxriv/Build/Intermediates.noindex/Supabase.build/Debug-iphonesimulator/PostgREST.build/DerivedSources/arm64 -Xcc -I/Users/anushka_sharma/Library/Developer/Xcode/DerivedData/FMS-cwjlkvbqxgbddsairyzxkfxaxriv/Build/Intermediates.noindex/Supabase.build/Debug-iphonesimulator/PostgREST.build/DerivedSources -Xcc -DSWIFT_PACKAGE -Xcc -DDEBUG\=1 -emit-objc-header -emit-objc-header-path /Users/anushka_sharma/Library/Developer/Xcode/DerivedData/FMS-cwjlkvbqxgbddsairyzxkfxaxriv/Build/Intermediates.noindex/Supabase.build/Debug-iphonesimulator/PostgREST.build/Objects-normal/arm64/PostgREST-Swift.h -working-directory /Users/anushka_sharma/Documents/FMS/FMS.xcodeproj -experimental-emit-module-separately -disable-cmo

SwiftDriver\ Compilation\ Requirements Storage normal x86_64 com.apple.xcode.tools.swift.compiler (in target 'Storage' from project 'Supabase')
    cd /Users/anushka_sharma/Documents/FMS/FMS.xcodeproj
    builtin-Swift-Compilation-Requirements -- /Applications/Xcode.app/Contents/Developer/Toolchains/XcodeDefault.xctoolchain/usr/bin/swiftc -module-name Storage -Onone -enforce-exclusivity\=checked @/Users/anushka_sharma/Library/Developer/Xcode/DerivedData/FMS-cwjlkvbqxgbddsairyzxkfxaxriv/Build/Intermediates.noindex/Supabase.build/Debug-iphonesimulator/Storage.build/Objects-normal/x86_64/Storage.SwiftFileList -DSWIFT_PACKAGE -DDEBUG -DSWIFT_MODULE_RESOURCE_BUNDLE_UNAVAILABLE -DXcode -enable-upcoming-feature ExistentialAny -enable-experimental-feature StrictConcurrency -plugin-path /Applications/Xcode.app/Contents/Developer/Toolchains/XcodeDefault.xctoolchain/usr/lib/swift/host/plugins/testing -enable-experimental-feature DebugDescriptionMacro -sdk /Applications/Xcode.app/Contents/Developer/Platforms/iPhoneSimulator.platform/Developer/SDKs/iPhoneSimulator26.2.sdk -target x86_64-apple-ios13.0-simulator -g -module-cache-path /Users/anushka_sharma/Library/Developer/Xcode/DerivedData/ModuleCache.noindex -Xfrontend -serialize-debugging-options -enable-testing -suppress-warnings -index-store-path /Users/anushka_sharma/Library/Developer/Xcode/DerivedData/FMS-cwjlkvbqxgbddsairyzxkfxaxriv/Index.noindex/DataStore -Xcc -D_LIBCPP_HARDENING_MODE\=_LIBCPP_HARDENING_MODE_DEBUG -swift-version 5 -I /Users/anushka_sharma/Library/Developer/Xcode/DerivedData/FMS-cwjlkvbqxgbddsairyzxkfxaxriv/Build/Products/Debug-iphonesimulator -Isystem /Applications/Xcode.app/Contents/Developer/Platforms/iPhoneSimulator.platform/Developer/usr/lib -F /Users/anushka_sharma/Library/Developer/Xcode/DerivedData/FMS-cwjlkvbqxgbddsairyzxkfxaxriv/Build/Products/Debug-iphonesimulator/PackageFrameworks -F /Users/anushka_sharma/Library/Developer/Xcode/DerivedData/FMS-cwjlkvbqxgbddsairyzxkfxaxriv/Build/Products/Debug-iphonesimulator/PackageFrameworks -F /Users/anushka_sharma/Library/Developer/Xcode/DerivedData/FMS-cwjlkvbqxgbddsairyzxkfxaxriv/Build/Products/Debug-iphonesimulator/PackageFrameworks -F /Users/anushka_sharma/Library/Developer/Xcode/DerivedData/FMS-cwjlkvbqxgbddsairyzxkfxaxriv/Build/Products/Debug-iphonesimulator/PackageFrameworks -F /Users/anushka_sharma/Library/Developer/Xcode/DerivedData/FMS-cwjlkvbqxgbddsairyzxkfxaxriv/Build/Products/Debug-iphonesimulator/PackageFrameworks -F /Users/anushka_sharma/Library/Developer/Xcode/DerivedData/FMS-cwjlkvbqxgbddsairyzxkfxaxriv/Build/Products/Debug-iphonesimulator/PackageFrameworks -F /Users/anushka_sharma/Library/Developer/Xcode/DerivedData/FMS-cwjlkvbqxgbddsairyzxkfxaxriv/Build/Products/Debug-iphonesimulator/PackageFrameworks -F /Users/anushka_sharma/Library/Developer/Xcode/DerivedData/FMS-cwjlkvbqxgbddsairyzxkfxaxriv/Build/Products/Debug-iphonesimulator -F /Applications/Xcode.app/Contents/Developer/Platforms/iPhoneSimulator.platform/Developer/Library/Frameworks -F /Applications/Xcode.app/Contents/Developer/Platforms/iPhoneSimulator.platform/Developer/SDKs/iPhoneSimulator26.2.sdk/Developer/Library/Frameworks -c -j10 -enable-batch-mode -incremental -Xcc -ivfsstatcache -Xcc /Users/anushka_sharma/Library/Developer/Xcode/DerivedData/SDKStatCaches.noindex/iphonesimulator26.2-23C53-7d00a8b37fbd7999ea79df8ebc024bf0.sdkstatcache -output-file-map /Users/anushka_sharma/Library/Developer/Xcode/DerivedData/FMS-cwjlkvbqxgbddsairyzxkfxaxriv/Build/Intermediates.noindex/Supabase.build/Debug-iphonesimulator/Storage.build/Objects-normal/x86_64/Storage-OutputFileMap.json -use-frontend-parseable-output -save-temps -no-color-diagnostics -explicit-module-build -module-cache-path /Users/anushka_sharma/Library/Developer/Xcode/DerivedData/FMS-cwjlkvbqxgbddsairyzxkfxaxriv/Build/Intermediates.noindex/SwiftExplicitPrecompiledModules -clang-scanner-module-cache-path /Users/anushka_sharma/Library/Developer/Xcode/DerivedData/ModuleCache.noindex -sdk-module-cache-path /Users/anushka_sharma/Library/Developer/Xcode/DerivedData/ModuleCache.noindex -serialize-diagnostics -emit-dependencies -emit-module -emit-module-path /Users/anushka_sharma/Library/Developer/Xcode/DerivedData/FMS-cwjlkvbqxgbddsairyzxkfxaxriv/Build/Intermediates.noindex/Supabase.build/Debug-iphonesimulator/Storage.build/Objects-normal/x86_64/Storage.swiftmodule -validate-clang-modules-once -clang-build-session-file /Users/anushka_sharma/Library/Developer/Xcode/DerivedData/ModuleCache.noindex/Session.modulevalidation -package-name supabase_swift -Xcc -I/Users/anushka_sharma/Library/Developer/Xcode/DerivedData/FMS-cwjlkvbqxgbddsairyzxkfxaxriv/Build/Intermediates.noindex/Supabase.build/Debug-iphonesimulator/Storage.build/swift-overrides.hmap -emit-const-values -Xfrontend -const-gather-protocols-file -Xfrontend /Users/anushka_sharma/Library/Developer/Xcode/DerivedData/FMS-cwjlkvbqxgbddsairyzxkfxaxriv/Build/Intermediates.noindex/Supabase.build/Debug-iphonesimulator/Storage.build/Objects-normal/x86_64/Storage_const_extract_protocols.json -Xcc -I/Users/anushka_sharma/Library/Developer/Xcode/DerivedData/FMS-cwjlkvbqxgbddsairyzxkfxaxriv/Build/Products/Debug-iphonesimulator/include -Xcc -I/Users/anushka_sharma/Library/Developer/Xcode/DerivedData/FMS-cwjlkvbqxgbddsairyzxkfxaxriv/Build/Intermediates.noindex/Supabase.build/Debug-iphonesimulator/Storage.build/DerivedSources-normal/x86_64 -Xcc -I/Users/anushka_sharma/Library/Developer/Xcode/DerivedData/FMS-cwjlkvbqxgbddsairyzxkfxaxriv/Build/Intermediates.noindex/Supabase.build/Debug-iphonesimulator/Storage.build/DerivedSources/x86_64 -Xcc -I/Users/anushka_sharma/Library/Developer/Xcode/DerivedData/FMS-cwjlkvbqxgbddsairyzxkfxaxriv/Build/Intermediates.noindex/Supabase.build/Debug-iphonesimulator/Storage.build/DerivedSources -Xcc -DSWIFT_PACKAGE -Xcc -DDEBUG\=1 -emit-objc-header -emit-objc-header-path /Users/anushka_sharma/Library/Developer/Xcode/DerivedData/FMS-cwjlkvbqxgbddsairyzxkfxaxriv/Build/Intermediates.noindex/Supabase.build/Debug-iphonesimulator/Storage.build/Objects-normal/x86_64/Storage-Swift.h -working-directory /Users/anushka_sharma/Documents/FMS/FMS.xcodeproj -experimental-emit-module-separately -disable-cmo

SwiftDriver\ Compilation Storage normal x86_64 com.apple.xcode.tools.swift.compiler (in target 'Storage' from project 'Supabase')
    cd /Users/anushka_sharma/Documents/FMS/FMS.xcodeproj
    builtin-Swift-Compilation -- /Applications/Xcode.app/Contents/Developer/Toolchains/XcodeDefault.xctoolchain/usr/bin/swiftc -module-name Storage -Onone -enforce-exclusivity\=checked @/Users/anushka_sharma/Library/Developer/Xcode/DerivedData/FMS-cwjlkvbqxgbddsairyzxkfxaxriv/Build/Intermediates.noindex/Supabase.build/Debug-iphonesimulator/Storage.build/Objects-normal/x86_64/Storage.SwiftFileList -DSWIFT_PACKAGE -DDEBUG -DSWIFT_MODULE_RESOURCE_BUNDLE_UNAVAILABLE -DXcode -enable-upcoming-feature ExistentialAny -enable-experimental-feature StrictConcurrency -plugin-path /Applications/Xcode.app/Contents/Developer/Toolchains/XcodeDefault.xctoolchain/usr/lib/swift/host/plugins/testing -enable-experimental-feature DebugDescriptionMacro -sdk /Applications/Xcode.app/Contents/Developer/Platforms/iPhoneSimulator.platform/Developer/SDKs/iPhoneSimulator26.2.sdk -target x86_64-apple-ios13.0-simulator -g -module-cache-path /Users/anushka_sharma/Library/Developer/Xcode/DerivedData/ModuleCache.noindex -Xfrontend -serialize-debugging-options -enable-testing -suppress-warnings -index-store-path /Users/anushka_sharma/Library/Developer/Xcode/DerivedData/FMS-cwjlkvbqxgbddsairyzxkfxaxriv/Index.noindex/DataStore -Xcc -D_LIBCPP_HARDENING_MODE\=_LIBCPP_HARDENING_MODE_DEBUG -swift-version 5 -I /Users/anushka_sharma/Library/Developer/Xcode/DerivedData/FMS-cwjlkvbqxgbddsairyzxkfxaxriv/Build/Products/Debug-iphonesimulator -Isystem /Applications/Xcode.app/Contents/Developer/Platforms/iPhoneSimulator.platform/Developer/usr/lib -F /Users/anushka_sharma/Library/Developer/Xcode/DerivedData/FMS-cwjlkvbqxgbddsairyzxkfxaxriv/Build/Products/Debug-iphonesimulator/PackageFrameworks -F /Users/anushka_sharma/Library/Developer/Xcode/DerivedData/FMS-cwjlkvbqxgbddsairyzxkfxaxriv/Build/Products/Debug-iphonesimulator/PackageFrameworks -F /Users/anushka_sharma/Library/Developer/Xcode/DerivedData/FMS-cwjlkvbqxgbddsairyzxkfxaxriv/Build/Products/Debug-iphonesimulator/PackageFrameworks -F /Users/anushka_sharma/Library/Developer/Xcode/DerivedData/FMS-cwjlkvbqxgbddsairyzxkfxaxriv/Build/Products/Debug-iphonesimulator/PackageFrameworks -F /Users/anushka_sharma/Library/Developer/Xcode/DerivedData/FMS-cwjlkvbqxgbddsairyzxkfxaxriv/Build/Products/Debug-iphonesimulator/PackageFrameworks -F /Users/anushka_sharma/Library/Developer/Xcode/DerivedData/FMS-cwjlkvbqxgbddsairyzxkfxaxriv/Build/Products/Debug-iphonesimulator/PackageFrameworks -F /Users/anushka_sharma/Library/Developer/Xcode/DerivedData/FMS-cwjlkvbqxgbddsairyzxkfxaxriv/Build/Products/Debug-iphonesimulator/PackageFrameworks -F /Users/anushka_sharma/Library/Developer/Xcode/DerivedData/FMS-cwjlkvbqxgbddsairyzxkfxaxriv/Build/Products/Debug-iphonesimulator -F /Applications/Xcode.app/Contents/Developer/Platforms/iPhoneSimulator.platform/Developer/Library/Frameworks -F /Applications/Xcode.app/Contents/Developer/Platforms/iPhoneSimulator.platform/Developer/SDKs/iPhoneSimulator26.2.sdk/Developer/Library/Frameworks -c -j10 -enable-batch-mode -incremental -Xcc -ivfsstatcache -Xcc /Users/anushka_sharma/Library/Developer/Xcode/DerivedData/SDKStatCaches.noindex/iphonesimulator26.2-23C53-7d00a8b37fbd7999ea79df8ebc024bf0.sdkstatcache -output-file-map /Users/anushka_sharma/Library/Developer/Xcode/DerivedData/FMS-cwjlkvbqxgbddsairyzxkfxaxriv/Build/Intermediates.noindex/Supabase.build/Debug-iphonesimulator/Storage.build/Objects-normal/x86_64/Storage-OutputFileMap.json -use-frontend-parseable-output -save-temps -no-color-diagnostics -explicit-module-build -module-cache-path /Users/anushka_sharma/Library/Developer/Xcode/DerivedData/FMS-cwjlkvbqxgbddsairyzxkfxaxriv/Build/Intermediates.noindex/SwiftExplicitPrecompiledModules -clang-scanner-module-cache-path /Users/anushka_sharma/Library/Developer/Xcode/DerivedData/ModuleCache.noindex -sdk-module-cache-path /Users/anushka_sharma/Library/Developer/Xcode/DerivedData/ModuleCache.noindex -serialize-diagnostics -emit-dependencies -emit-module -emit-module-path /Users/anushka_sharma/Library/Developer/Xcode/DerivedData/FMS-cwjlkvbqxgbddsairyzxkfxaxriv/Build/Intermediates.noindex/Supabase.build/Debug-iphonesimulator/Storage.build/Objects-normal/x86_64/Storage.swiftmodule -validate-clang-modules-once -clang-build-session-file /Users/anushka_sharma/Library/Developer/Xcode/DerivedData/ModuleCache.noindex/Session.modulevalidation -package-name supabase_swift -Xcc -I/Users/anushka_sharma/Library/Developer/Xcode/DerivedData/FMS-cwjlkvbqxgbddsairyzxkfxaxriv/Build/Intermediates.noindex/Supabase.build/Debug-iphonesimulator/Storage.build/swift-overrides.hmap -emit-const-values -Xfrontend -const-gather-protocols-file -Xfrontend /Users/anushka_sharma/Library/Developer/Xcode/DerivedData/FMS-cwjlkvbqxgbddsairyzxkfxaxriv/Build/Intermediates.noindex/Supabase.build/Debug-iphonesimulator/Storage.build/Objects-normal/x86_64/Storage_const_extract_protocols.json -Xcc -I/Users/anushka_sharma/Library/Developer/Xcode/DerivedData/FMS-cwjlkvbqxgbddsairyzxkfxaxriv/Build/Products/Debug-iphonesimulator/include -Xcc -I/Users/anushka_sharma/Library/Developer/Xcode/DerivedData/FMS-cwjlkvbqxgbddsairyzxkfxaxriv/Build/Intermediates.noindex/Supabase.build/Debug-iphonesimulator/Storage.build/DerivedSources-normal/x86_64 -Xcc -I/Users/anushka_sharma/Library/Developer/Xcode/DerivedData/FMS-cwjlkvbqxgbddsairyzxkfxaxriv/Build/Intermediates.noindex/Supabase.build/Debug-iphonesimulator/Storage.build/DerivedSources/x86_64 -Xcc -I/Users/anushka_sharma/Library/Developer/Xcode/DerivedData/FMS-cwjlkvbqxgbddsairyzxkfxaxriv/Build/Intermediates.noindex/Supabase.build/Debug-iphonesimulator/Storage.build/DerivedSources -Xcc -DSWIFT_PACKAGE -Xcc -DDEBUG\=1 -emit-objc-header -emit-objc-header-path /Users/anushka_sharma/Library/Developer/Xcode/DerivedData/FMS-cwjlkvbqxgbddsairyzxkfxaxriv/Build/Intermediates.noindex/Supabase.build/Debug-iphonesimulator/Storage.build/Objects-normal/x86_64/Storage-Swift.h -working-directory /Users/anushka_sharma/Documents/FMS/FMS.xcodeproj -experimental-emit-module-separately -disable-cmo

Copy /Users/anushka_sharma/Library/Developer/Xcode/DerivedData/FMS-cwjlkvbqxgbddsairyzxkfxaxriv/Build/Products/Debug-iphonesimulator/PostgREST.swiftmodule/arm64-apple-ios-simulator.swiftmodule /Users/anushka_sharma/Library/Developer/Xcode/DerivedData/FMS-cwjlkvbqxgbddsairyzxkfxaxriv/Build/Intermediates.noindex/Supabase.build/Debug-iphonesimulator/PostgREST.build/Objects-normal/arm64/PostgREST.swiftmodule (in target 'PostgREST' from project 'Supabase')
    cd /Users/anushka_sharma/Library/Developer/Xcode/DerivedData/FMS-cwjlkvbqxgbddsairyzxkfxaxriv/SourcePackages/checkouts/supabase-swift
    builtin-copy -exclude .DS_Store -exclude CVS -exclude .svn -exclude .git -exclude .hg -resolve-src-symlinks -rename /Users/anushka_sharma/Library/Developer/Xcode/DerivedData/FMS-cwjlkvbqxgbddsairyzxkfxaxriv/Build/Intermediates.noindex/Supabase.build/Debug-iphonesimulator/PostgREST.build/Objects-normal/arm64/PostgREST.swiftmodule /Users/anushka_sharma/Library/Developer/Xcode/DerivedData/FMS-cwjlkvbqxgbddsairyzxkfxaxriv/Build/Products/Debug-iphonesimulator/PostgREST.swiftmodule/arm64-apple-ios-simulator.swiftmodule

Copy /Users/anushka_sharma/Library/Developer/Xcode/DerivedData/FMS-cwjlkvbqxgbddsairyzxkfxaxriv/Build/Products/Debug-iphonesimulator/PostgREST.swiftmodule/arm64-apple-ios-simulator.swiftdoc /Users/anushka_sharma/Library/Developer/Xcode/DerivedData/FMS-cwjlkvbqxgbddsairyzxkfxaxriv/Build/Intermediates.noindex/Supabase.build/Debug-iphonesimulator/PostgREST.build/Objects-normal/arm64/PostgREST.swiftdoc (in target 'PostgREST' from project 'Supabase')
    cd /Users/anushka_sharma/Library/Developer/Xcode/DerivedData/FMS-cwjlkvbqxgbddsairyzxkfxaxriv/SourcePackages/checkouts/supabase-swift
    builtin-copy -exclude .DS_Store -exclude CVS -exclude .svn -exclude .git -exclude .hg -resolve-src-symlinks -rename /Users/anushka_sharma/Library/Developer/Xcode/DerivedData/FMS-cwjlkvbqxgbddsairyzxkfxaxriv/Build/Intermediates.noindex/Supabase.build/Debug-iphonesimulator/PostgREST.build/Objects-normal/arm64/PostgREST.swiftdoc /Users/anushka_sharma/Library/Developer/Xcode/DerivedData/FMS-cwjlkvbqxgbddsairyzxkfxaxriv/Build/Products/Debug-iphonesimulator/PostgREST.swiftmodule/arm64-apple-ios-simulator.swiftdoc

Copy /Users/anushka_sharma/Library/Developer/Xcode/DerivedData/FMS-cwjlkvbqxgbddsairyzxkfxaxriv/Build/Products/Debug-iphonesimulator/PostgREST.swiftmodule/arm64-apple-ios-simulator.abi.json /Users/anushka_sharma/Library/Developer/Xcode/DerivedData/FMS-cwjlkvbqxgbddsairyzxkfxaxriv/Build/Intermediates.noindex/Supabase.build/Debug-iphonesimulator/PostgREST.build/Objects-normal/arm64/PostgREST.abi.json (in target 'PostgREST' from project 'Supabase')
    cd /Users/anushka_sharma/Library/Developer/Xcode/DerivedData/FMS-cwjlkvbqxgbddsairyzxkfxaxriv/SourcePackages/checkouts/supabase-swift
    builtin-copy -exclude .DS_Store -exclude CVS -exclude .svn -exclude .git -exclude .hg -resolve-src-symlinks -rename /Users/anushka_sharma/Library/Developer/Xcode/DerivedData/FMS-cwjlkvbqxgbddsairyzxkfxaxriv/Build/Intermediates.noindex/Supabase.build/Debug-iphonesimulator/PostgREST.build/Objects-normal/arm64/PostgREST.abi.json /Users/anushka_sharma/Library/Developer/Xcode/DerivedData/FMS-cwjlkvbqxgbddsairyzxkfxaxriv/Build/Products/Debug-iphonesimulator/PostgREST.swiftmodule/arm64-apple-ios-simulator.abi.json

SwiftMergeGeneratedHeaders /Users/anushka_sharma/Library/Developer/Xcode/DerivedData/FMS-cwjlkvbqxgbddsairyzxkfxaxriv/Build/Intermediates.noindex/GeneratedModuleMaps-iphonesimulator/PostgREST-Swift.h /Users/anushka_sharma/Library/Developer/Xcode/DerivedData/FMS-cwjlkvbqxgbddsairyzxkfxaxriv/Build/Intermediates.noindex/Supabase.build/Debug-iphonesimulator/PostgREST.build/Objects-normal/arm64/PostgREST-Swift.h /Users/anushka_sharma/Library/Developer/Xcode/DerivedData/FMS-cwjlkvbqxgbddsairyzxkfxaxriv/Build/Intermediates.noindex/Supabase.build/Debug-iphonesimulator/PostgREST.build/Objects-normal/x86_64/PostgREST-Swift.h (in target 'PostgREST' from project 'Supabase')
    cd /Users/anushka_sharma/Library/Developer/Xcode/DerivedData/FMS-cwjlkvbqxgbddsairyzxkfxaxriv/SourcePackages/checkouts/supabase-swift
    builtin-swiftHeaderTool -arch arm64 /Users/anushka_sharma/Library/Developer/Xcode/DerivedData/FMS-cwjlkvbqxgbddsairyzxkfxaxriv/Build/Intermediates.noindex/Supabase.build/Debug-iphonesimulator/PostgREST.build/Objects-normal/arm64/PostgREST-Swift.h -arch x86_64 /Users/anushka_sharma/Library/Developer/Xcode/DerivedData/FMS-cwjlkvbqxgbddsairyzxkfxaxriv/Build/Intermediates.noindex/Supabase.build/Debug-iphonesimulator/PostgREST.build/Objects-normal/x86_64/PostgREST-Swift.h -o /Users/anushka_sharma/Library/Developer/Xcode/DerivedData/FMS-cwjlkvbqxgbddsairyzxkfxaxriv/Build/Intermediates.noindex/GeneratedModuleMaps-iphonesimulator/PostgREST-Swift.h

Copy /Users/anushka_sharma/Library/Developer/Xcode/DerivedData/FMS-cwjlkvbqxgbddsairyzxkfxaxriv/Build/Products/Debug-iphonesimulator/PostgREST.swiftmodule/Project/arm64-apple-ios-simulator.swiftsourceinfo /Users/anushka_sharma/Library/Developer/Xcode/DerivedData/FMS-cwjlkvbqxgbddsairyzxkfxaxriv/Build/Intermediates.noindex/Supabase.build/Debug-iphonesimulator/PostgREST.build/Objects-normal/arm64/PostgREST.swiftsourceinfo (in target 'PostgREST' from project 'Supabase')
    cd /Users/anushka_sharma/Library/Developer/Xcode/DerivedData/FMS-cwjlkvbqxgbddsairyzxkfxaxriv/SourcePackages/checkouts/supabase-swift
    builtin-copy -exclude .DS_Store -exclude CVS -exclude .svn -exclude .git -exclude .hg -resolve-src-symlinks -rename /Users/anushka_sharma/Library/Developer/Xcode/DerivedData/FMS-cwjlkvbqxgbddsairyzxkfxaxriv/Build/Intermediates.noindex/Supabase.build/Debug-iphonesimulator/PostgREST.build/Objects-normal/arm64/PostgREST.swiftsourceinfo /Users/anushka_sharma/Library/Developer/Xcode/DerivedData/FMS-cwjlkvbqxgbddsairyzxkfxaxriv/Build/Products/Debug-iphonesimulator/PostgREST.swiftmodule/Project/arm64-apple-ios-simulator.swiftsourceinfo

SwiftDriver\ Compilation\ Requirements Storage normal arm64 com.apple.xcode.tools.swift.compiler (in target 'Storage' from project 'Supabase')
    cd /Users/anushka_sharma/Documents/FMS/FMS.xcodeproj
    builtin-Swift-Compilation-Requirements -- /Applications/Xcode.app/Contents/Developer/Toolchains/XcodeDefault.xctoolchain/usr/bin/swiftc -module-name Storage -Onone -enforce-exclusivity\=checked @/Users/anushka_sharma/Library/Developer/Xcode/DerivedData/FMS-cwjlkvbqxgbddsairyzxkfxaxriv/Build/Intermediates.noindex/Supabase.build/Debug-iphonesimulator/Storage.build/Objects-normal/arm64/Storage.SwiftFileList -DSWIFT_PACKAGE -DDEBUG -DSWIFT_MODULE_RESOURCE_BUNDLE_UNAVAILABLE -DXcode -enable-upcoming-feature ExistentialAny -enable-experimental-feature StrictConcurrency -plugin-path /Applications/Xcode.app/Contents/Developer/Toolchains/XcodeDefault.xctoolchain/usr/lib/swift/host/plugins/testing -enable-experimental-feature DebugDescriptionMacro -sdk /Applications/Xcode.app/Contents/Developer/Platforms/iPhoneSimulator.platform/Developer/SDKs/iPhoneSimulator26.2.sdk -target arm64-apple-ios13.0-simulator -g -module-cache-path /Users/anushka_sharma/Library/Developer/Xcode/DerivedData/ModuleCache.noindex -Xfrontend -serialize-debugging-options -enable-testing -suppress-warnings -index-store-path /Users/anushka_sharma/Library/Developer/Xcode/DerivedData/FMS-cwjlkvbqxgbddsairyzxkfxaxriv/Index.noindex/DataStore -Xcc -D_LIBCPP_HARDENING_MODE\=_LIBCPP_HARDENING_MODE_DEBUG -swift-version 5 -I /Users/anushka_sharma/Library/Developer/Xcode/DerivedData/FMS-cwjlkvbqxgbddsairyzxkfxaxriv/Build/Products/Debug-iphonesimulator -Isystem /Applications/Xcode.app/Contents/Developer/Platforms/iPhoneSimulator.platform/Developer/usr/lib -F /Users/anushka_sharma/Library/Developer/Xcode/DerivedData/FMS-cwjlkvbqxgbddsairyzxkfxaxriv/Build/Products/Debug-iphonesimulator/PackageFrameworks -F /Users/anushka_sharma/Library/Developer/Xcode/DerivedData/FMS-cwjlkvbqxgbddsairyzxkfxaxriv/Build/Products/Debug-iphonesimulator/PackageFrameworks -F /Users/anushka_sharma/Library/Developer/Xcode/DerivedData/FMS-cwjlkvbqxgbddsairyzxkfxaxriv/Build/Products/Debug-iphonesimulator/PackageFrameworks -F /Users/anushka_sharma/Library/Developer/Xcode/DerivedData/FMS-cwjlkvbqxgbddsairyzxkfxaxriv/Build/Products/Debug-iphonesimulator/PackageFrameworks -F /Users/anushka_sharma/Library/Developer/Xcode/DerivedData/FMS-cwjlkvbqxgbddsairyzxkfxaxriv/Build/Products/Debug-iphonesimulator/PackageFrameworks -F /Users/anushka_sharma/Library/Developer/Xcode/DerivedData/FMS-cwjlkvbqxgbddsairyzxkfxaxriv/Build/Products/Debug-iphonesimulator/PackageFrameworks -F /Users/anushka_sharma/Library/Developer/Xcode/DerivedData/FMS-cwjlkvbqxgbddsairyzxkfxaxriv/Build/Products/Debug-iphonesimulator/PackageFrameworks -F /Users/anushka_sharma/Library/Developer/Xcode/DerivedData/FMS-cwjlkvbqxgbddsairyzxkfxaxriv/Build/Products/Debug-iphonesimulator -F /Applications/Xcode.app/Contents/Developer/Platforms/iPhoneSimulator.platform/Developer/Library/Frameworks -F /Applications/Xcode.app/Contents/Developer/Platforms/iPhoneSimulator.platform/Developer/SDKs/iPhoneSimulator26.2.sdk/Developer/Library/Frameworks -c -j10 -enable-batch-mode -incremental -Xcc -ivfsstatcache -Xcc /Users/anushka_sharma/Library/Developer/Xcode/DerivedData/SDKStatCaches.noindex/iphonesimulator26.2-23C53-7d00a8b37fbd7999ea79df8ebc024bf0.sdkstatcache -output-file-map /Users/anushka_sharma/Library/Developer/Xcode/DerivedData/FMS-cwjlkvbqxgbddsairyzxkfxaxriv/Build/Intermediates.noindex/Supabase.build/Debug-iphonesimulator/Storage.build/Objects-normal/arm64/Storage-OutputFileMap.json -use-frontend-parseable-output -save-temps -no-color-diagnostics -explicit-module-build -module-cache-path /Users/anushka_sharma/Library/Developer/Xcode/DerivedData/FMS-cwjlkvbqxgbddsairyzxkfxaxriv/Build/Intermediates.noindex/SwiftExplicitPrecompiledModules -clang-scanner-module-cache-path /Users/anushka_sharma/Library/Developer/Xcode/DerivedData/ModuleCache.noindex -sdk-module-cache-path /Users/anushka_sharma/Library/Developer/Xcode/DerivedData/ModuleCache.noindex -serialize-diagnostics -emit-dependencies -emit-module -emit-module-path /Users/anushka_sharma/Library/Developer/Xcode/DerivedData/FMS-cwjlkvbqxgbddsairyzxkfxaxriv/Build/Intermediates.noindex/Supabase.build/Debug-iphonesimulator/Storage.build/Objects-normal/arm64/Storage.swiftmodule -validate-clang-modules-once -clang-build-session-file /Users/anushka_sharma/Library/Developer/Xcode/DerivedData/ModuleCache.noindex/Session.modulevalidation -package-name supabase_swift -Xcc -I/Users/anushka_sharma/Library/Developer/Xcode/DerivedData/FMS-cwjlkvbqxgbddsairyzxkfxaxriv/Build/Intermediates.noindex/Supabase.build/Debug-iphonesimulator/Storage.build/swift-overrides.hmap -emit-const-values -Xfrontend -const-gather-protocols-file -Xfrontend /Users/anushka_sharma/Library/Developer/Xcode/DerivedData/FMS-cwjlkvbqxgbddsairyzxkfxaxriv/Build/Intermediates.noindex/Supabase.build/Debug-iphonesimulator/Storage.build/Objects-normal/arm64/Storage_const_extract_protocols.json -Xcc -I/Users/anushka_sharma/Library/Developer/Xcode/DerivedData/FMS-cwjlkvbqxgbddsairyzxkfxaxriv/Build/Products/Debug-iphonesimulator/include -Xcc -I/Users/anushka_sharma/Library/Developer/Xcode/DerivedData/FMS-cwjlkvbqxgbddsairyzxkfxaxriv/Build/Intermediates.noindex/Supabase.build/Debug-iphonesimulator/Storage.build/DerivedSources-normal/arm64 -Xcc -I/Users/anushka_sharma/Library/Developer/Xcode/DerivedData/FMS-cwjlkvbqxgbddsairyzxkfxaxriv/Build/Intermediates.noindex/Supabase.build/Debug-iphonesimulator/Storage.build/DerivedSources/arm64 -Xcc -I/Users/anushka_sharma/Library/Developer/Xcode/DerivedData/FMS-cwjlkvbqxgbddsairyzxkfxaxriv/Build/Intermediates.noindex/Supabase.build/Debug-iphonesimulator/Storage.build/DerivedSources -Xcc -DSWIFT_PACKAGE -Xcc -DDEBUG\=1 -emit-objc-header -emit-objc-header-path /Users/anushka_sharma/Library/Developer/Xcode/DerivedData/FMS-cwjlkvbqxgbddsairyzxkfxaxriv/Build/Intermediates.noindex/Supabase.build/Debug-iphonesimulator/Storage.build/Objects-normal/arm64/Storage-Swift.h -working-directory /Users/anushka_sharma/Documents/FMS/FMS.xcodeproj -experimental-emit-module-separately -disable-cmo

SwiftDriver\ Compilation Storage normal arm64 com.apple.xcode.tools.swift.compiler (in target 'Storage' from project 'Supabase')
    cd /Users/anushka_sharma/Documents/FMS/FMS.xcodeproj
    builtin-Swift-Compilation -- /Applications/Xcode.app/Contents/Developer/Toolchains/XcodeDefault.xctoolchain/usr/bin/swiftc -module-name Storage -Onone -enforce-exclusivity\=checked @/Users/anushka_sharma/Library/Developer/Xcode/DerivedData/FMS-cwjlkvbqxgbddsairyzxkfxaxriv/Build/Intermediates.noindex/Supabase.build/Debug-iphonesimulator/Storage.build/Objects-normal/arm64/Storage.SwiftFileList -DSWIFT_PACKAGE -DDEBUG -DSWIFT_MODULE_RESOURCE_BUNDLE_UNAVAILABLE -DXcode -enable-upcoming-feature ExistentialAny -enable-experimental-feature StrictConcurrency -plugin-path /Applications/Xcode.app/Contents/Developer/Toolchains/XcodeDefault.xctoolchain/usr/lib/swift/host/plugins/testing -enable-experimental-feature DebugDescriptionMacro -sdk /Applications/Xcode.app/Contents/Developer/Platforms/iPhoneSimulator.platform/Developer/SDKs/iPhoneSimulator26.2.sdk -target arm64-apple-ios13.0-simulator -g -module-cache-path /Users/anushka_sharma/Library/Developer/Xcode/DerivedData/ModuleCache.noindex -Xfrontend -serialize-debugging-options -enable-testing -suppress-warnings -index-store-path /Users/anushka_sharma/Library/Developer/Xcode/DerivedData/FMS-cwjlkvbqxgbddsairyzxkfxaxriv/Index.noindex/DataStore -Xcc -D_LIBCPP_HARDENING_MODE\=_LIBCPP_HARDENING_MODE_DEBUG -swift-version 5 -I /Users/anushka_sharma/Library/Developer/Xcode/DerivedData/FMS-cwjlkvbqxgbddsairyzxkfxaxriv/Build/Products/Debug-iphonesimulator -Isystem /Applications/Xcode.app/Contents/Developer/Platforms/iPhoneSimulator.platform/Developer/usr/lib -F /Users/anushka_sharma/Library/Developer/Xcode/DerivedData/FMS-cwjlkvbqxgbddsairyzxkfxaxriv/Build/Products/Debug-iphonesimulator/PackageFrameworks -F /Users/anushka_sharma/Library/Developer/Xcode/DerivedData/FMS-cwjlkvbqxgbddsairyzxkfxaxriv/Build/Products/Debug-iphonesimulator/PackageFrameworks -F /Users/anushka_sharma/Library/Developer/Xcode/DerivedData/FMS-cwjlkvbqxgbddsairyzxkfxaxriv/Build/Products/Debug-iphonesimulator/PackageFrameworks -F /Users/anushka_sharma/Library/Developer/Xcode/DerivedData/FMS-cwjlkvbqxgbddsairyzxkfxaxriv/Build/Products/Debug-iphonesimulator/PackageFrameworks -F /Users/anushka_sharma/Library/Developer/Xcode/DerivedData/FMS-cwjlkvbqxgbddsairyzxkfxaxriv/Build/Products/Debug-iphonesimulator/PackageFrameworks -F /Users/anushka_sharma/Library/Developer/Xcode/DerivedData/FMS-cwjlkvbqxgbddsairyzxkfxaxriv/Build/Products/Debug-iphonesimulator/PackageFrameworks -F /Users/anushka_sharma/Library/Developer/Xcode/DerivedData/FMS-cwjlkvbqxgbddsairyzxkfxaxriv/Build/Products/Debug-iphonesimulator/PackageFrameworks -F /Users/anushka_sharma/Library/Developer/Xcode/DerivedData/FMS-cwjlkvbqxgbddsairyzxkfxaxriv/Build/Products/Debug-iphonesimulator -F /Applications/Xcode.app/Contents/Developer/Platforms/iPhoneSimulator.platform/Developer/Library/Frameworks -F /Applications/Xcode.app/Contents/Developer/Platforms/iPhoneSimulator.platform/Developer/SDKs/iPhoneSimulator26.2.sdk/Developer/Library/Frameworks -c -j10 -enable-batch-mode -incremental -Xcc -ivfsstatcache -Xcc /Users/anushka_sharma/Library/Developer/Xcode/DerivedData/SDKStatCaches.noindex/iphonesimulator26.2-23C53-7d00a8b37fbd7999ea79df8ebc024bf0.sdkstatcache -output-file-map /Users/anushka_sharma/Library/Developer/Xcode/DerivedData/FMS-cwjlkvbqxgbddsairyzxkfxaxriv/Build/Intermediates.noindex/Supabase.build/Debug-iphonesimulator/Storage.build/Objects-normal/arm64/Storage-OutputFileMap.json -use-frontend-parseable-output -save-temps -no-color-diagnostics -explicit-module-build -module-cache-path /Users/anushka_sharma/Library/Developer/Xcode/DerivedData/FMS-cwjlkvbqxgbddsairyzxkfxaxriv/Build/Intermediates.noindex/SwiftExplicitPrecompiledModules -clang-scanner-module-cache-path /Users/anushka_sharma/Library/Developer/Xcode/DerivedData/ModuleCache.noindex -sdk-module-cache-path /Users/anushka_sharma/Library/Developer/Xcode/DerivedData/ModuleCache.noindex -serialize-diagnostics -emit-dependencies -emit-module -emit-module-path /Users/anushka_sharma/Library/Developer/Xcode/DerivedData/FMS-cwjlkvbqxgbddsairyzxkfxaxriv/Build/Intermediates.noindex/Supabase.build/Debug-iphonesimulator/Storage.build/Objects-normal/arm64/Storage.swiftmodule -validate-clang-modules-once -clang-build-session-file /Users/anushka_sharma/Library/Developer/Xcode/DerivedData/ModuleCache.noindex/Session.modulevalidation -package-name supabase_swift -Xcc -I/Users/anushka_sharma/Library/Developer/Xcode/DerivedData/FMS-cwjlkvbqxgbddsairyzxkfxaxriv/Build/Intermediates.noindex/Supabase.build/Debug-iphonesimulator/Storage.build/swift-overrides.hmap -emit-const-values -Xfrontend -const-gather-protocols-file -Xfrontend /Users/anushka_sharma/Library/Developer/Xcode/DerivedData/FMS-cwjlkvbqxgbddsairyzxkfxaxriv/Build/Intermediates.noindex/Supabase.build/Debug-iphonesimulator/Storage.build/Objects-normal/arm64/Storage_const_extract_protocols.json -Xcc -I/Users/anushka_sharma/Library/Developer/Xcode/DerivedData/FMS-cwjlkvbqxgbddsairyzxkfxaxriv/Build/Products/Debug-iphonesimulator/include -Xcc -I/Users/anushka_sharma/Library/Developer/Xcode/DerivedData/FMS-cwjlkvbqxgbddsairyzxkfxaxriv/Build/Intermediates.noindex/Supabase.build/Debug-iphonesimulator/Storage.build/DerivedSources-normal/arm64 -Xcc -I/Users/anushka_sharma/Library/Developer/Xcode/DerivedData/FMS-cwjlkvbqxgbddsairyzxkfxaxriv/Build/Intermediates.noindex/Supabase.build/Debug-iphonesimulator/Storage.build/DerivedSources/arm64 -Xcc -I/Users/anushka_sharma/Library/Developer/Xcode/DerivedData/FMS-cwjlkvbqxgbddsairyzxkfxaxriv/Build/Intermediates.noindex/Supabase.build/Debug-iphonesimulator/Storage.build/DerivedSources -Xcc -DSWIFT_PACKAGE -Xcc -DDEBUG\=1 -emit-objc-header -emit-objc-header-path /Users/anushka_sharma/Library/Developer/Xcode/DerivedData/FMS-cwjlkvbqxgbddsairyzxkfxaxriv/Build/Intermediates.noindex/Supabase.build/Debug-iphonesimulator/Storage.build/Objects-normal/arm64/Storage-Swift.h -working-directory /Users/anushka_sharma/Documents/FMS/FMS.xcodeproj -experimental-emit-module-separately -disable-cmo

Copy /Users/anushka_sharma/Library/Developer/Xcode/DerivedData/FMS-cwjlkvbqxgbddsairyzxkfxaxriv/Build/Products/Debug-iphonesimulator/Storage.swiftmodule/Project/arm64-apple-ios-simulator.swiftsourceinfo /Users/anushka_sharma/Library/Developer/Xcode/DerivedData/FMS-cwjlkvbqxgbddsairyzxkfxaxriv/Build/Intermediates.noindex/Supabase.build/Debug-iphonesimulator/Storage.build/Objects-normal/arm64/Storage.swiftsourceinfo (in target 'Storage' from project 'Supabase')
    cd /Users/anushka_sharma/Library/Developer/Xcode/DerivedData/FMS-cwjlkvbqxgbddsairyzxkfxaxriv/SourcePackages/checkouts/supabase-swift
    builtin-copy -exclude .DS_Store -exclude CVS -exclude .svn -exclude .git -exclude .hg -resolve-src-symlinks -rename /Users/anushka_sharma/Library/Developer/Xcode/DerivedData/FMS-cwjlkvbqxgbddsairyzxkfxaxriv/Build/Intermediates.noindex/Supabase.build/Debug-iphonesimulator/Storage.build/Objects-normal/arm64/Storage.swiftsourceinfo /Users/anushka_sharma/Library/Developer/Xcode/DerivedData/FMS-cwjlkvbqxgbddsairyzxkfxaxriv/Build/Products/Debug-iphonesimulator/Storage.swiftmodule/Project/arm64-apple-ios-simulator.swiftsourceinfo

Copy /Users/anushka_sharma/Library/Developer/Xcode/DerivedData/FMS-cwjlkvbqxgbddsairyzxkfxaxriv/Build/Products/Debug-iphonesimulator/Storage.swiftmodule/arm64-apple-ios-simulator.abi.json /Users/anushka_sharma/Library/Developer/Xcode/DerivedData/FMS-cwjlkvbqxgbddsairyzxkfxaxriv/Build/Intermediates.noindex/Supabase.build/Debug-iphonesimulator/Storage.build/Objects-normal/arm64/Storage.abi.json (in target 'Storage' from project 'Supabase')
    cd /Users/anushka_sharma/Library/Developer/Xcode/DerivedData/FMS-cwjlkvbqxgbddsairyzxkfxaxriv/SourcePackages/checkouts/supabase-swift
    builtin-copy -exclude .DS_Store -exclude CVS -exclude .svn -exclude .git -exclude .hg -resolve-src-symlinks -rename /Users/anushka_sharma/Library/Developer/Xcode/DerivedData/FMS-cwjlkvbqxgbddsairyzxkfxaxriv/Build/Intermediates.noindex/Supabase.build/Debug-iphonesimulator/Storage.build/Objects-normal/arm64/Storage.abi.json /Users/anushka_sharma/Library/Developer/Xcode/DerivedData/FMS-cwjlkvbqxgbddsairyzxkfxaxriv/Build/Products/Debug-iphonesimulator/Storage.swiftmodule/arm64-apple-ios-simulator.abi.json

Copy /Users/anushka_sharma/Library/Developer/Xcode/DerivedData/FMS-cwjlkvbqxgbddsairyzxkfxaxriv/Build/Products/Debug-iphonesimulator/Storage.swiftmodule/arm64-apple-ios-simulator.swiftmodule /Users/anushka_sharma/Library/Developer/Xcode/DerivedData/FMS-cwjlkvbqxgbddsairyzxkfxaxriv/Build/Intermediates.noindex/Supabase.build/Debug-iphonesimulator/Storage.build/Objects-normal/arm64/Storage.swiftmodule (in target 'Storage' from project 'Supabase')
    cd /Users/anushka_sharma/Library/Developer/Xcode/DerivedData/FMS-cwjlkvbqxgbddsairyzxkfxaxriv/SourcePackages/checkouts/supabase-swift
    builtin-copy -exclude .DS_Store -exclude CVS -exclude .svn -exclude .git -exclude .hg -resolve-src-symlinks -rename /Users/anushka_sharma/Library/Developer/Xcode/DerivedData/FMS-cwjlkvbqxgbddsairyzxkfxaxriv/Build/Intermediates.noindex/Supabase.build/Debug-iphonesimulator/Storage.build/Objects-normal/arm64/Storage.swiftmodule /Users/anushka_sharma/Library/Developer/Xcode/DerivedData/FMS-cwjlkvbqxgbddsairyzxkfxaxriv/Build/Products/Debug-iphonesimulator/Storage.swiftmodule/arm64-apple-ios-simulator.swiftmodule

Copy /Users/anushka_sharma/Library/Developer/Xcode/DerivedData/FMS-cwjlkvbqxgbddsairyzxkfxaxriv/Build/Products/Debug-iphonesimulator/Storage.swiftmodule/arm64-apple-ios-simulator.swiftdoc /Users/anushka_sharma/Library/Developer/Xcode/DerivedData/FMS-cwjlkvbqxgbddsairyzxkfxaxriv/Build/Intermediates.noindex/Supabase.build/Debug-iphonesimulator/Storage.build/Objects-normal/arm64/Storage.swiftdoc (in target 'Storage' from project 'Supabase')
    cd /Users/anushka_sharma/Library/Developer/Xcode/DerivedData/FMS-cwjlkvbqxgbddsairyzxkfxaxriv/SourcePackages/checkouts/supabase-swift
    builtin-copy -exclude .DS_Store -exclude CVS -exclude .svn -exclude .git -exclude .hg -resolve-src-symlinks -rename /Users/anushka_sharma/Library/Developer/Xcode/DerivedData/FMS-cwjlkvbqxgbddsairyzxkfxaxriv/Build/Intermediates.noindex/Supabase.build/Debug-iphonesimulator/Storage.build/Objects-normal/arm64/Storage.swiftdoc /Users/anushka_sharma/Library/Developer/Xcode/DerivedData/FMS-cwjlkvbqxgbddsairyzxkfxaxriv/Build/Products/Debug-iphonesimulator/Storage.swiftmodule/arm64-apple-ios-simulator.swiftdoc

SwiftMergeGeneratedHeaders /Users/anushka_sharma/Library/Developer/Xcode/DerivedData/FMS-cwjlkvbqxgbddsairyzxkfxaxriv/Build/Intermediates.noindex/GeneratedModuleMaps-iphonesimulator/Storage-Swift.h /Users/anushka_sharma/Library/Developer/Xcode/DerivedData/FMS-cwjlkvbqxgbddsairyzxkfxaxriv/Build/Intermediates.noindex/Supabase.build/Debug-iphonesimulator/Storage.build/Objects-normal/arm64/Storage-Swift.h /Users/anushka_sharma/Library/Developer/Xcode/DerivedData/FMS-cwjlkvbqxgbddsairyzxkfxaxriv/Build/Intermediates.noindex/Supabase.build/Debug-iphonesimulator/Storage.build/Objects-normal/x86_64/Storage-Swift.h (in target 'Storage' from project 'Supabase')
    cd /Users/anushka_sharma/Library/Developer/Xcode/DerivedData/FMS-cwjlkvbqxgbddsairyzxkfxaxriv/SourcePackages/checkouts/supabase-swift
    builtin-swiftHeaderTool -arch arm64 /Users/anushka_sharma/Library/Developer/Xcode/DerivedData/FMS-cwjlkvbqxgbddsairyzxkfxaxriv/Build/Intermediates.noindex/Supabase.build/Debug-iphonesimulator/Storage.build/Objects-normal/arm64/Storage-Swift.h -arch x86_64 /Users/anushka_sharma/Library/Developer/Xcode/DerivedData/FMS-cwjlkvbqxgbddsairyzxkfxaxriv/Build/Intermediates.noindex/Supabase.build/Debug-iphonesimulator/Storage.build/Objects-normal/x86_64/Storage-Swift.h -o /Users/anushka_sharma/Library/Developer/Xcode/DerivedData/FMS-cwjlkvbqxgbddsairyzxkfxaxriv/Build/Intermediates.noindex/GeneratedModuleMaps-iphonesimulator/Storage-Swift.h

RegisterExecutionPolicyException /Users/anushka_sharma/Library/Developer/Xcode/DerivedData/FMS-cwjlkvbqxgbddsairyzxkfxaxriv/Build/Products/Debug-iphonesimulator/Helpers.o (in target 'Helpers' from project 'Supabase')
    cd /Users/anushka_sharma/Library/Developer/Xcode/DerivedData/FMS-cwjlkvbqxgbddsairyzxkfxaxriv/SourcePackages/checkouts/supabase-swift
    builtin-RegisterExecutionPolicyException /Users/anushka_sharma/Library/Developer/Xcode/DerivedData/FMS-cwjlkvbqxgbddsairyzxkfxaxriv/Build/Products/Debug-iphonesimulator/Helpers.o

Ld /Users/anushka_sharma/Library/Developer/Xcode/DerivedData/FMS-cwjlkvbqxgbddsairyzxkfxaxriv/Build/Intermediates.noindex/Supabase.build/Debug-iphonesimulator/Storage.build/Objects-normal/arm64/Binary/Storage.o normal arm64 (in target 'Storage' from project 'Supabase')
    cd /Users/anushka_sharma/Library/Developer/Xcode/DerivedData/FMS-cwjlkvbqxgbddsairyzxkfxaxriv/SourcePackages/checkouts/supabase-swift
    /Applications/Xcode.app/Contents/Developer/Toolchains/XcodeDefault.xctoolchain/usr/bin/clang -Xlinker -reproducible -target arm64-apple-ios13.0-simulator -r -isysroot /Applications/Xcode.app/Contents/Developer/Platforms/iPhoneSimulator.platform/Developer/SDKs/iPhoneSimulator26.2.sdk -O0 -w -L/Users/anushka_sharma/Library/Developer/Xcode/DerivedData/FMS-cwjlkvbqxgbddsairyzxkfxaxriv/Build/Intermediates.noindex/EagerLinkingTBDs/Debug-iphonesimulator -L/Users/anushka_sharma/Library/Developer/Xcode/DerivedData/FMS-cwjlkvbqxgbddsairyzxkfxaxriv/Build/Products/Debug-iphonesimulator -L/Applications/Xcode.app/Contents/Developer/Platforms/iPhoneSimulator.platform/Developer/usr/lib -F/Users/anushka_sharma/Library/Developer/Xcode/DerivedData/FMS-cwjlkvbqxgbddsairyzxkfxaxriv/Build/Intermediates.noindex/EagerLinkingTBDs/Debug-iphonesimulator -F/Users/anushka_sharma/Library/Developer/Xcode/DerivedData/FMS-cwjlkvbqxgbddsairyzxkfxaxriv/Build/Products/Debug-iphonesimulator/PackageFrameworks -F/Users/anushka_sharma/Library/Developer/Xcode/DerivedData/FMS-cwjlkvbqxgbddsairyzxkfxaxriv/Build/Products/Debug-iphonesimulator/PackageFrameworks -F/Users/anushka_sharma/Library/Developer/Xcode/DerivedData/FMS-cwjlkvbqxgbddsairyzxkfxaxriv/Build/Products/Debug-iphonesimulator/PackageFrameworks -F/Users/anushka_sharma/Library/Developer/Xcode/DerivedData/FMS-cwjlkvbqxgbddsairyzxkfxaxriv/Build/Products/Debug-iphonesimulator/PackageFrameworks -F/Users/anushka_sharma/Library/Developer/Xcode/DerivedData/FMS-cwjlkvbqxgbddsairyzxkfxaxriv/Build/Products/Debug-iphonesimulator/PackageFrameworks -F/Users/anushka_sharma/Library/Developer/Xcode/DerivedData/FMS-cwjlkvbqxgbddsairyzxkfxaxriv/Build/Products/Debug-iphonesimulator/PackageFrameworks -F/Users/anushka_sharma/Library/Developer/Xcode/DerivedData/FMS-cwjlkvbqxgbddsairyzxkfxaxriv/Build/Products/Debug-iphonesimulator/PackageFrameworks -F/Users/anushka_sharma/Library/Developer/Xcode/DerivedData/FMS-cwjlkvbqxgbddsairyzxkfxaxriv/Build/Products/Debug-iphonesimulator -iframework /Applications/Xcode.app/Contents/Developer/Platforms/iPhoneSimulator.platform/Developer/Library/Frameworks -iframework /Applications/Xcode.app/Contents/Developer/Platforms/iPhoneSimulator.platform/Developer/SDKs/iPhoneSimulator26.2.sdk/Developer/Library/Frameworks -filelist /Users/anushka_sharma/Library/Developer/Xcode/DerivedData/FMS-cwjlkvbqxgbddsairyzxkfxaxriv/Build/Intermediates.noindex/Supabase.build/Debug-iphonesimulator/Storage.build/Objects-normal/arm64/Storage.LinkFileList -nostdlib -Xlinker -object_path_lto -Xlinker /Users/anushka_sharma/Library/Developer/Xcode/DerivedData/FMS-cwjlkvbqxgbddsairyzxkfxaxriv/Build/Intermediates.noindex/Supabase.build/Debug-iphonesimulator/Storage.build/Objects-normal/arm64/Storage_lto.o -rdynamic -Xlinker -no_deduplicate -Xlinker -objc_abi_version -Xlinker 2 -Xlinker -dependency_info -Xlinker /Users/anushka_sharma/Library/Developer/Xcode/DerivedData/FMS-cwjlkvbqxgbddsairyzxkfxaxriv/Build/Intermediates.noindex/Supabase.build/Debug-iphonesimulator/Storage.build/Objects-normal/arm64/Storage_dependency_info.dat -fobjc-link-runtime -L/Applications/Xcode.app/Contents/Developer/Toolchains/XcodeDefault.xctoolchain/usr/lib/swift/iphonesimulator -L/usr/lib/swift -Xlinker -add_ast_path -Xlinker /Users/anushka_sharma/Library/Developer/Xcode/DerivedData/FMS-cwjlkvbqxgbddsairyzxkfxaxriv/Build/Intermediates.noindex/Supabase.build/Debug-iphonesimulator/Storage.build/Objects-normal/arm64/Storage.swiftmodule @/Users/anushka_sharma/Library/Developer/Xcode/DerivedData/FMS-cwjlkvbqxgbddsairyzxkfxaxriv/Build/Intermediates.noindex/Supabase.build/Debug-iphonesimulator/Storage.build/Objects-normal/arm64/Storage-linker-args.resp -o /Users/anushka_sharma/Library/Developer/Xcode/DerivedData/FMS-cwjlkvbqxgbddsairyzxkfxaxriv/Build/Intermediates.noindex/Supabase.build/Debug-iphonesimulator/Storage.build/Objects-normal/arm64/Binary/Storage.o

Ld /Users/anushka_sharma/Library/Developer/Xcode/DerivedData/FMS-cwjlkvbqxgbddsairyzxkfxaxriv/Build/Intermediates.noindex/Supabase.build/Debug-iphonesimulator/PostgREST.build/Objects-normal/arm64/Binary/PostgREST.o normal arm64 (in target 'PostgREST' from project 'Supabase')
    cd /Users/anushka_sharma/Library/Developer/Xcode/DerivedData/FMS-cwjlkvbqxgbddsairyzxkfxaxriv/SourcePackages/checkouts/supabase-swift
    /Applications/Xcode.app/Contents/Developer/Toolchains/XcodeDefault.xctoolchain/usr/bin/clang -Xlinker -reproducible -target arm64-apple-ios13.0-simulator -r -isysroot /Applications/Xcode.app/Contents/Developer/Platforms/iPhoneSimulator.platform/Developer/SDKs/iPhoneSimulator26.2.sdk -O0 -w -L/Users/anushka_sharma/Library/Developer/Xcode/DerivedData/FMS-cwjlkvbqxgbddsairyzxkfxaxriv/Build/Intermediates.noindex/EagerLinkingTBDs/Debug-iphonesimulator -L/Users/anushka_sharma/Library/Developer/Xcode/DerivedData/FMS-cwjlkvbqxgbddsairyzxkfxaxriv/Build/Products/Debug-iphonesimulator -L/Applications/Xcode.app/Contents/Developer/Platforms/iPhoneSimulator.platform/Developer/usr/lib -F/Users/anushka_sharma/Library/Developer/Xcode/DerivedData/FMS-cwjlkvbqxgbddsairyzxkfxaxriv/Build/Intermediates.noindex/EagerLinkingTBDs/Debug-iphonesimulator -F/Users/anushka_sharma/Library/Developer/Xcode/DerivedData/FMS-cwjlkvbqxgbddsairyzxkfxaxriv/Build/Products/Debug-iphonesimulator/PackageFrameworks -F/Users/anushka_sharma/Library/Developer/Xcode/DerivedData/FMS-cwjlkvbqxgbddsairyzxkfxaxriv/Build/Products/Debug-iphonesimulator/PackageFrameworks -F/Users/anushka_sharma/Library/Developer/Xcode/DerivedData/FMS-cwjlkvbqxgbddsairyzxkfxaxriv/Build/Products/Debug-iphonesimulator/PackageFrameworks -F/Users/anushka_sharma/Library/Developer/Xcode/DerivedData/FMS-cwjlkvbqxgbddsairyzxkfxaxriv/Build/Products/Debug-iphonesimulator/PackageFrameworks -F/Users/anushka_sharma/Library/Developer/Xcode/DerivedData/FMS-cwjlkvbqxgbddsairyzxkfxaxriv/Build/Products/Debug-iphonesimulator/PackageFrameworks -F/Users/anushka_sharma/Library/Developer/Xcode/DerivedData/FMS-cwjlkvbqxgbddsairyzxkfxaxriv/Build/Products/Debug-iphonesimulator/PackageFrameworks -F/Users/anushka_sharma/Library/Developer/Xcode/DerivedData/FMS-cwjlkvbqxgbddsairyzxkfxaxriv/Build/Products/Debug-iphonesimulator/PackageFrameworks -F/Users/anushka_sharma/Library/Developer/Xcode/DerivedData/FMS-cwjlkvbqxgbddsairyzxkfxaxriv/Build/Products/Debug-iphonesimulator -iframework /Applications/Xcode.app/Contents/Developer/Platforms/iPhoneSimulator.platform/Developer/Library/Frameworks -iframework /Applications/Xcode.app/Contents/Developer/Platforms/iPhoneSimulator.platform/Developer/SDKs/iPhoneSimulator26.2.sdk/Developer/Library/Frameworks -filelist /Users/anushka_sharma/Library/Developer/Xcode/DerivedData/FMS-cwjlkvbqxgbddsairyzxkfxaxriv/Build/Intermediates.noindex/Supabase.build/Debug-iphonesimulator/PostgREST.build/Objects-normal/arm64/PostgREST.LinkFileList -nostdlib -Xlinker -object_path_lto -Xlinker /Users/anushka_sharma/Library/Developer/Xcode/DerivedData/FMS-cwjlkvbqxgbddsairyzxkfxaxriv/Build/Intermediates.noindex/Supabase.build/Debug-iphonesimulator/PostgREST.build/Objects-normal/arm64/PostgREST_lto.o -rdynamic -Xlinker -no_deduplicate -Xlinker -objc_abi_version -Xlinker 2 -Xlinker -dependency_info -Xlinker /Users/anushka_sharma/Library/Developer/Xcode/DerivedData/FMS-cwjlkvbqxgbddsairyzxkfxaxriv/Build/Intermediates.noindex/Supabase.build/Debug-iphonesimulator/PostgREST.build/Objects-normal/arm64/PostgREST_dependency_info.dat -fobjc-link-runtime -L/Applications/Xcode.app/Contents/Developer/Toolchains/XcodeDefault.xctoolchain/usr/lib/swift/iphonesimulator -L/usr/lib/swift -Xlinker -add_ast_path -Xlinker /Users/anushka_sharma/Library/Developer/Xcode/DerivedData/FMS-cwjlkvbqxgbddsairyzxkfxaxriv/Build/Intermediates.noindex/Supabase.build/Debug-iphonesimulator/PostgREST.build/Objects-normal/arm64/PostgREST.swiftmodule @/Users/anushka_sharma/Library/Developer/Xcode/DerivedData/FMS-cwjlkvbqxgbddsairyzxkfxaxriv/Build/Intermediates.noindex/Supabase.build/Debug-iphonesimulator/PostgREST.build/Objects-normal/arm64/PostgREST-linker-args.resp -o /Users/anushka_sharma/Library/Developer/Xcode/DerivedData/FMS-cwjlkvbqxgbddsairyzxkfxaxriv/Build/Intermediates.noindex/Supabase.build/Debug-iphonesimulator/PostgREST.build/Objects-normal/arm64/Binary/PostgREST.o

Ld /Users/anushka_sharma/Library/Developer/Xcode/DerivedData/FMS-cwjlkvbqxgbddsairyzxkfxaxriv/Build/Intermediates.noindex/Supabase.build/Debug-iphonesimulator/Functions.build/Objects-normal/arm64/Binary/Functions.o normal arm64 (in target 'Functions' from project 'Supabase')
    cd /Users/anushka_sharma/Library/Developer/Xcode/DerivedData/FMS-cwjlkvbqxgbddsairyzxkfxaxriv/SourcePackages/checkouts/supabase-swift
    /Applications/Xcode.app/Contents/Developer/Toolchains/XcodeDefault.xctoolchain/usr/bin/clang -Xlinker -reproducible -target arm64-apple-ios13.0-simulator -r -isysroot /Applications/Xcode.app/Contents/Developer/Platforms/iPhoneSimulator.platform/Developer/SDKs/iPhoneSimulator26.2.sdk -O0 -w -L/Users/anushka_sharma/Library/Developer/Xcode/DerivedData/FMS-cwjlkvbqxgbddsairyzxkfxaxriv/Build/Intermediates.noindex/EagerLinkingTBDs/Debug-iphonesimulator -L/Users/anushka_sharma/Library/Developer/Xcode/DerivedData/FMS-cwjlkvbqxgbddsairyzxkfxaxriv/Build/Products/Debug-iphonesimulator -L/Applications/Xcode.app/Contents/Developer/Platforms/iPhoneSimulator.platform/Developer/usr/lib -F/Users/anushka_sharma/Library/Developer/Xcode/DerivedData/FMS-cwjlkvbqxgbddsairyzxkfxaxriv/Build/Intermediates.noindex/EagerLinkingTBDs/Debug-iphonesimulator -F/Users/anushka_sharma/Library/Developer/Xcode/DerivedData/FMS-cwjlkvbqxgbddsairyzxkfxaxriv/Build/Products/Debug-iphonesimulator/PackageFrameworks -F/Users/anushka_sharma/Library/Developer/Xcode/DerivedData/FMS-cwjlkvbqxgbddsairyzxkfxaxriv/Build/Products/Debug-iphonesimulator/PackageFrameworks -F/Users/anushka_sharma/Library/Developer/Xcode/DerivedData/FMS-cwjlkvbqxgbddsairyzxkfxaxriv/Build/Products/Debug-iphonesimulator/PackageFrameworks -F/Users/anushka_sharma/Library/Developer/Xcode/DerivedData/FMS-cwjlkvbqxgbddsairyzxkfxaxriv/Build/Products/Debug-iphonesimulator/PackageFrameworks -F/Users/anushka_sharma/Library/Developer/Xcode/DerivedData/FMS-cwjlkvbqxgbddsairyzxkfxaxriv/Build/Products/Debug-iphonesimulator/PackageFrameworks -F/Users/anushka_sharma/Library/Developer/Xcode/DerivedData/FMS-cwjlkvbqxgbddsairyzxkfxaxriv/Build/Products/Debug-iphonesimulator/PackageFrameworks -F/Users/anushka_sharma/Library/Developer/Xcode/DerivedData/FMS-cwjlkvbqxgbddsairyzxkfxaxriv/Build/Products/Debug-iphonesimulator/PackageFrameworks -F/Users/anushka_sharma/Library/Developer/Xcode/DerivedData/FMS-cwjlkvbqxgbddsairyzxkfxaxriv/Build/Products/Debug-iphonesimulator -iframework /Applications/Xcode.app/Contents/Developer/Platforms/iPhoneSimulator.platform/Developer/Library/Frameworks -iframework /Applications/Xcode.app/Contents/Developer/Platforms/iPhoneSimulator.platform/Developer/SDKs/iPhoneSimulator26.2.sdk/Developer/Library/Frameworks -filelist /Users/anushka_sharma/Library/Developer/Xcode/DerivedData/FMS-cwjlkvbqxgbddsairyzxkfxaxriv/Build/Intermediates.noindex/Supabase.build/Debug-iphonesimulator/Functions.build/Objects-normal/arm64/Functions.LinkFileList -nostdlib -Xlinker -object_path_lto -Xlinker /Users/anushka_sharma/Library/Developer/Xcode/DerivedData/FMS-cwjlkvbqxgbddsairyzxkfxaxriv/Build/Intermediates.noindex/Supabase.build/Debug-iphonesimulator/Functions.build/Objects-normal/arm64/Functions_lto.o -rdynamic -Xlinker -no_deduplicate -Xlinker -objc_abi_version -Xlinker 2 -Xlinker -dependency_info -Xlinker /Users/anushka_sharma/Library/Developer/Xcode/DerivedData/FMS-cwjlkvbqxgbddsairyzxkfxaxriv/Build/Intermediates.noindex/Supabase.build/Debug-iphonesimulator/Functions.build/Objects-normal/arm64/Functions_dependency_info.dat -fobjc-link-runtime -L/Applications/Xcode.app/Contents/Developer/Toolchains/XcodeDefault.xctoolchain/usr/lib/swift/iphonesimulator -L/usr/lib/swift -Xlinker -add_ast_path -Xlinker /Users/anushka_sharma/Library/Developer/Xcode/DerivedData/FMS-cwjlkvbqxgbddsairyzxkfxaxriv/Build/Intermediates.noindex/Supabase.build/Debug-iphonesimulator/Functions.build/Objects-normal/arm64/Functions.swiftmodule @/Users/anushka_sharma/Library/Developer/Xcode/DerivedData/FMS-cwjlkvbqxgbddsairyzxkfxaxriv/Build/Intermediates.noindex/Supabase.build/Debug-iphonesimulator/Functions.build/Objects-normal/arm64/Functions-linker-args.resp -o /Users/anushka_sharma/Library/Developer/Xcode/DerivedData/FMS-cwjlkvbqxgbddsairyzxkfxaxriv/Build/Intermediates.noindex/Supabase.build/Debug-iphonesimulator/Functions.build/Objects-normal/arm64/Binary/Functions.o

CreateUniversalBinary /Users/anushka_sharma/Library/Developer/Xcode/DerivedData/FMS-cwjlkvbqxgbddsairyzxkfxaxriv/Build/Products/Debug-iphonesimulator/Functions.o normal arm64\ x86_64 (in target 'Functions' from project 'Supabase')
    cd /Users/anushka_sharma/Library/Developer/Xcode/DerivedData/FMS-cwjlkvbqxgbddsairyzxkfxaxriv/SourcePackages/checkouts/supabase-swift
    /Applications/Xcode.app/Contents/Developer/Toolchains/XcodeDefault.xctoolchain/usr/bin/lipo -create /Users/anushka_sharma/Library/Developer/Xcode/DerivedData/FMS-cwjlkvbqxgbddsairyzxkfxaxriv/Build/Intermediates.noindex/Supabase.build/Debug-iphonesimulator/Functions.build/Objects-normal/arm64/Binary/Functions.o /Users/anushka_sharma/Library/Developer/Xcode/DerivedData/FMS-cwjlkvbqxgbddsairyzxkfxaxriv/Build/Intermediates.noindex/Supabase.build/Debug-iphonesimulator/Functions.build/Objects-normal/x86_64/Binary/Functions.o -output /Users/anushka_sharma/Library/Developer/Xcode/DerivedData/FMS-cwjlkvbqxgbddsairyzxkfxaxriv/Build/Products/Debug-iphonesimulator/Functions.o

CreateUniversalBinary /Users/anushka_sharma/Library/Developer/Xcode/DerivedData/FMS-cwjlkvbqxgbddsairyzxkfxaxriv/Build/Products/Debug-iphonesimulator/PostgREST.o normal arm64\ x86_64 (in target 'PostgREST' from project 'Supabase')
    cd /Users/anushka_sharma/Library/Developer/Xcode/DerivedData/FMS-cwjlkvbqxgbddsairyzxkfxaxriv/SourcePackages/checkouts/supabase-swift
    /Applications/Xcode.app/Contents/Developer/Toolchains/XcodeDefault.xctoolchain/usr/bin/lipo -create /Users/anushka_sharma/Library/Developer/Xcode/DerivedData/FMS-cwjlkvbqxgbddsairyzxkfxaxriv/Build/Intermediates.noindex/Supabase.build/Debug-iphonesimulator/PostgREST.build/Objects-normal/arm64/Binary/PostgREST.o /Users/anushka_sharma/Library/Developer/Xcode/DerivedData/FMS-cwjlkvbqxgbddsairyzxkfxaxriv/Build/Intermediates.noindex/Supabase.build/Debug-iphonesimulator/PostgREST.build/Objects-normal/x86_64/Binary/PostgREST.o -output /Users/anushka_sharma/Library/Developer/Xcode/DerivedData/FMS-cwjlkvbqxgbddsairyzxkfxaxriv/Build/Products/Debug-iphonesimulator/PostgREST.o

SwiftDriver\ Compilation\ Requirements Auth normal x86_64 com.apple.xcode.tools.swift.compiler (in target 'Auth' from project 'Supabase')
    cd /Users/anushka_sharma/Documents/FMS/FMS.xcodeproj
    builtin-Swift-Compilation-Requirements -- /Applications/Xcode.app/Contents/Developer/Toolchains/XcodeDefault.xctoolchain/usr/bin/swiftc -module-name Auth -Onone -enforce-exclusivity\=checked @/Users/anushka_sharma/Library/Developer/Xcode/DerivedData/FMS-cwjlkvbqxgbddsairyzxkfxaxriv/Build/Intermediates.noindex/Supabase.build/Debug-iphonesimulator/Auth.build/Objects-normal/x86_64/Auth.SwiftFileList -DSWIFT_PACKAGE -DDEBUG -DSWIFT_MODULE_RESOURCE_BUNDLE_UNAVAILABLE -DXcode -enable-upcoming-feature ExistentialAny -enable-experimental-feature StrictConcurrency -plugin-path /Applications/Xcode.app/Contents/Developer/Toolchains/XcodeDefault.xctoolchain/usr/lib/swift/host/plugins/testing -enable-experimental-feature DebugDescriptionMacro -sdk /Applications/Xcode.app/Contents/Developer/Platforms/iPhoneSimulator.platform/Developer/SDKs/iPhoneSimulator26.2.sdk -target x86_64-apple-ios13.0-simulator -g -module-cache-path /Users/anushka_sharma/Library/Developer/Xcode/DerivedData/ModuleCache.noindex -Xfrontend -serialize-debugging-options -enable-testing -suppress-warnings -index-store-path /Users/anushka_sharma/Library/Developer/Xcode/DerivedData/FMS-cwjlkvbqxgbddsairyzxkfxaxriv/Index.noindex/DataStore -Xcc -D_LIBCPP_HARDENING_MODE\=_LIBCPP_HARDENING_MODE_DEBUG -swift-version 5 -I /Users/anushka_sharma/Library/Developer/Xcode/DerivedData/FMS-cwjlkvbqxgbddsairyzxkfxaxriv/Build/Products/Debug-iphonesimulator -Isystem /Applications/Xcode.app/Contents/Developer/Platforms/iPhoneSimulator.platform/Developer/usr/lib -F /Users/anushka_sharma/Library/Developer/Xcode/DerivedData/FMS-cwjlkvbqxgbddsairyzxkfxaxriv/Build/Products/Debug-iphonesimulator/PackageFrameworks -F /Users/anushka_sharma/Library/Developer/Xcode/DerivedData/FMS-cwjlkvbqxgbddsairyzxkfxaxriv/Build/Products/Debug-iphonesimulator/PackageFrameworks -F /Users/anushka_sharma/Library/Developer/Xcode/DerivedData/FMS-cwjlkvbqxgbddsairyzxkfxaxriv/Build/Products/Debug-iphonesimulator/PackageFrameworks -F /Users/anushka_sharma/Library/Developer/Xcode/DerivedData/FMS-cwjlkvbqxgbddsairyzxkfxaxriv/Build/Products/Debug-iphonesimulator/PackageFrameworks -F /Users/anushka_sharma/Library/Developer/Xcode/DerivedData/FMS-cwjlkvbqxgbddsairyzxkfxaxriv/Build/Products/Debug-iphonesimulator/PackageFrameworks -F /Users/anushka_sharma/Library/Developer/Xcode/DerivedData/FMS-cwjlkvbqxgbddsairyzxkfxaxriv/Build/Products/Debug-iphonesimulator/PackageFrameworks -F /Users/anushka_sharma/Library/Developer/Xcode/DerivedData/FMS-cwjlkvbqxgbddsairyzxkfxaxriv/Build/Products/Debug-iphonesimulator/PackageFrameworks -F /Users/anushka_sharma/Library/Developer/Xcode/DerivedData/FMS-cwjlkvbqxgbddsairyzxkfxaxriv/Build/Products/Debug-iphonesimulator/PackageFrameworks -F /Users/anushka_sharma/Library/Developer/Xcode/DerivedData/FMS-cwjlkvbqxgbddsairyzxkfxaxriv/Build/Products/Debug-iphonesimulator -F /Applications/Xcode.app/Contents/Developer/Platforms/iPhoneSimulator.platform/Developer/Library/Frameworks -F /Applications/Xcode.app/Contents/Developer/Platforms/iPhoneSimulator.platform/Developer/SDKs/iPhoneSimulator26.2.sdk/Developer/Library/Frameworks -c -j10 -enable-batch-mode -incremental -Xcc -ivfsstatcache -Xcc /Users/anushka_sharma/Library/Developer/Xcode/DerivedData/SDKStatCaches.noindex/iphonesimulator26.2-23C53-7d00a8b37fbd7999ea79df8ebc024bf0.sdkstatcache -output-file-map /Users/anushka_sharma/Library/Developer/Xcode/DerivedData/FMS-cwjlkvbqxgbddsairyzxkfxaxriv/Build/Intermediates.noindex/Supabase.build/Debug-iphonesimulator/Auth.build/Objects-normal/x86_64/Auth-OutputFileMap.json -use-frontend-parseable-output -save-temps -no-color-diagnostics -explicit-module-build -module-cache-path /Users/anushka_sharma/Library/Developer/Xcode/DerivedData/FMS-cwjlkvbqxgbddsairyzxkfxaxriv/Build/Intermediates.noindex/SwiftExplicitPrecompiledModules -clang-scanner-module-cache-path /Users/anushka_sharma/Library/Developer/Xcode/DerivedData/ModuleCache.noindex -sdk-module-cache-path /Users/anushka_sharma/Library/Developer/Xcode/DerivedData/ModuleCache.noindex -serialize-diagnostics -emit-dependencies -emit-module -emit-module-path /Users/anushka_sharma/Library/Developer/Xcode/DerivedData/FMS-cwjlkvbqxgbddsairyzxkfxaxriv/Build/Intermediates.noindex/Supabase.build/Debug-iphonesimulator/Auth.build/Objects-normal/x86_64/Auth.swiftmodule -validate-clang-modules-once -clang-build-session-file /Users/anushka_sharma/Library/Developer/Xcode/DerivedData/ModuleCache.noindex/Session.modulevalidation -package-name supabase_swift -Xcc -I/Users/anushka_sharma/Library/Developer/Xcode/DerivedData/FMS-cwjlkvbqxgbddsairyzxkfxaxriv/Build/Intermediates.noindex/Supabase.build/Debug-iphonesimulator/Auth.build/swift-overrides.hmap -emit-const-values -Xfrontend -const-gather-protocols-file -Xfrontend /Users/anushka_sharma/Library/Developer/Xcode/DerivedData/FMS-cwjlkvbqxgbddsairyzxkfxaxriv/Build/Intermediates.noindex/Supabase.build/Debug-iphonesimulator/Auth.build/Objects-normal/x86_64/Auth_const_extract_protocols.json -Xcc -I/Users/anushka_sharma/Library/Developer/Xcode/DerivedData/FMS-cwjlkvbqxgbddsairyzxkfxaxriv/Build/Products/Debug-iphonesimulator/include -Xcc -I/Users/anushka_sharma/Library/Developer/Xcode/DerivedData/FMS-cwjlkvbqxgbddsairyzxkfxaxriv/Build/Intermediates.noindex/Supabase.build/Debug-iphonesimulator/Auth.build/DerivedSources-normal/x86_64 -Xcc -I/Users/anushka_sharma/Library/Developer/Xcode/DerivedData/FMS-cwjlkvbqxgbddsairyzxkfxaxriv/Build/Intermediates.noindex/Supabase.build/Debug-iphonesimulator/Auth.build/DerivedSources/x86_64 -Xcc -I/Users/anushka_sharma/Library/Developer/Xcode/DerivedData/FMS-cwjlkvbqxgbddsairyzxkfxaxriv/Build/Intermediates.noindex/Supabase.build/Debug-iphonesimulator/Auth.build/DerivedSources -Xcc -DSWIFT_PACKAGE -Xcc -DDEBUG\=1 -emit-objc-header -emit-objc-header-path /Users/anushka_sharma/Library/Developer/Xcode/DerivedData/FMS-cwjlkvbqxgbddsairyzxkfxaxriv/Build/Intermediates.noindex/Supabase.build/Debug-iphonesimulator/Auth.build/Objects-normal/x86_64/Auth-Swift.h -working-directory /Users/anushka_sharma/Documents/FMS/FMS.xcodeproj -experimental-emit-module-separately -disable-cmo

SwiftDriver\ Compilation Auth normal x86_64 com.apple.xcode.tools.swift.compiler (in target 'Auth' from project 'Supabase')
    cd /Users/anushka_sharma/Documents/FMS/FMS.xcodeproj
    builtin-Swift-Compilation -- /Applications/Xcode.app/Contents/Developer/Toolchains/XcodeDefault.xctoolchain/usr/bin/swiftc -module-name Auth -Onone -enforce-exclusivity\=checked @/Users/anushka_sharma/Library/Developer/Xcode/DerivedData/FMS-cwjlkvbqxgbddsairyzxkfxaxriv/Build/Intermediates.noindex/Supabase.build/Debug-iphonesimulator/Auth.build/Objects-normal/x86_64/Auth.SwiftFileList -DSWIFT_PACKAGE -DDEBUG -DSWIFT_MODULE_RESOURCE_BUNDLE_UNAVAILABLE -DXcode -enable-upcoming-feature ExistentialAny -enable-experimental-feature StrictConcurrency -plugin-path /Applications/Xcode.app/Contents/Developer/Toolchains/XcodeDefault.xctoolchain/usr/lib/swift/host/plugins/testing -enable-experimental-feature DebugDescriptionMacro -sdk /Applications/Xcode.app/Contents/Developer/Platforms/iPhoneSimulator.platform/Developer/SDKs/iPhoneSimulator26.2.sdk -target x86_64-apple-ios13.0-simulator -g -module-cache-path /Users/anushka_sharma/Library/Developer/Xcode/DerivedData/ModuleCache.noindex -Xfrontend -serialize-debugging-options -enable-testing -suppress-warnings -index-store-path /Users/anushka_sharma/Library/Developer/Xcode/DerivedData/FMS-cwjlkvbqxgbddsairyzxkfxaxriv/Index.noindex/DataStore -Xcc -D_LIBCPP_HARDENING_MODE\=_LIBCPP_HARDENING_MODE_DEBUG -swift-version 5 -I /Users/anushka_sharma/Library/Developer/Xcode/DerivedData/FMS-cwjlkvbqxgbddsairyzxkfxaxriv/Build/Products/Debug-iphonesimulator -Isystem /Applications/Xcode.app/Contents/Developer/Platforms/iPhoneSimulator.platform/Developer/usr/lib -F /Users/anushka_sharma/Library/Developer/Xcode/DerivedData/FMS-cwjlkvbqxgbddsairyzxkfxaxriv/Build/Products/Debug-iphonesimulator/PackageFrameworks -F /Users/anushka_sharma/Library/Developer/Xcode/DerivedData/FMS-cwjlkvbqxgbddsairyzxkfxaxriv/Build/Products/Debug-iphonesimulator/PackageFrameworks -F /Users/anushka_sharma/Library/Developer/Xcode/DerivedData/FMS-cwjlkvbqxgbddsairyzxkfxaxriv/Build/Products/Debug-iphonesimulator/PackageFrameworks -F /Users/anushka_sharma/Library/Developer/Xcode/DerivedData/FMS-cwjlkvbqxgbddsairyzxkfxaxriv/Build/Products/Debug-iphonesimulator/PackageFrameworks -F /Users/anushka_sharma/Library/Developer/Xcode/DerivedData/FMS-cwjlkvbqxgbddsairyzxkfxaxriv/Build/Products/Debug-iphonesimulator/PackageFrameworks -F /Users/anushka_sharma/Library/Developer/Xcode/DerivedData/FMS-cwjlkvbqxgbddsairyzxkfxaxriv/Build/Products/Debug-iphonesimulator/PackageFrameworks -F /Users/anushka_sharma/Library/Developer/Xcode/DerivedData/FMS-cwjlkvbqxgbddsairyzxkfxaxriv/Build/Products/Debug-iphonesimulator/PackageFrameworks -F /Users/anushka_sharma/Library/Developer/Xcode/DerivedData/FMS-cwjlkvbqxgbddsairyzxkfxaxriv/Build/Products/Debug-iphonesimulator/PackageFrameworks -F /Users/anushka_sharma/Library/Developer/Xcode/DerivedData/FMS-cwjlkvbqxgbddsairyzxkfxaxriv/Build/Products/Debug-iphonesimulator -F /Applications/Xcode.app/Contents/Developer/Platforms/iPhoneSimulator.platform/Developer/Library/Frameworks -F /Applications/Xcode.app/Contents/Developer/Platforms/iPhoneSimulator.platform/Developer/SDKs/iPhoneSimulator26.2.sdk/Developer/Library/Frameworks -c -j10 -enable-batch-mode -incremental -Xcc -ivfsstatcache -Xcc /Users/anushka_sharma/Library/Developer/Xcode/DerivedData/SDKStatCaches.noindex/iphonesimulator26.2-23C53-7d00a8b37fbd7999ea79df8ebc024bf0.sdkstatcache -output-file-map /Users/anushka_sharma/Library/Developer/Xcode/DerivedData/FMS-cwjlkvbqxgbddsairyzxkfxaxriv/Build/Intermediates.noindex/Supabase.build/Debug-iphonesimulator/Auth.build/Objects-normal/x86_64/Auth-OutputFileMap.json -use-frontend-parseable-output -save-temps -no-color-diagnostics -explicit-module-build -module-cache-path /Users/anushka_sharma/Library/Developer/Xcode/DerivedData/FMS-cwjlkvbqxgbddsairyzxkfxaxriv/Build/Intermediates.noindex/SwiftExplicitPrecompiledModules -clang-scanner-module-cache-path /Users/anushka_sharma/Library/Developer/Xcode/DerivedData/ModuleCache.noindex -sdk-module-cache-path /Users/anushka_sharma/Library/Developer/Xcode/DerivedData/ModuleCache.noindex -serialize-diagnostics -emit-dependencies -emit-module -emit-module-path /Users/anushka_sharma/Library/Developer/Xcode/DerivedData/FMS-cwjlkvbqxgbddsairyzxkfxaxriv/Build/Intermediates.noindex/Supabase.build/Debug-iphonesimulator/Auth.build/Objects-normal/x86_64/Auth.swiftmodule -validate-clang-modules-once -clang-build-session-file /Users/anushka_sharma/Library/Developer/Xcode/DerivedData/ModuleCache.noindex/Session.modulevalidation -package-name supabase_swift -Xcc -I/Users/anushka_sharma/Library/Developer/Xcode/DerivedData/FMS-cwjlkvbqxgbddsairyzxkfxaxriv/Build/Intermediates.noindex/Supabase.build/Debug-iphonesimulator/Auth.build/swift-overrides.hmap -emit-const-values -Xfrontend -const-gather-protocols-file -Xfrontend /Users/anushka_sharma/Library/Developer/Xcode/DerivedData/FMS-cwjlkvbqxgbddsairyzxkfxaxriv/Build/Intermediates.noindex/Supabase.build/Debug-iphonesimulator/Auth.build/Objects-normal/x86_64/Auth_const_extract_protocols.json -Xcc -I/Users/anushka_sharma/Library/Developer/Xcode/DerivedData/FMS-cwjlkvbqxgbddsairyzxkfxaxriv/Build/Products/Debug-iphonesimulator/include -Xcc -I/Users/anushka_sharma/Library/Developer/Xcode/DerivedData/FMS-cwjlkvbqxgbddsairyzxkfxaxriv/Build/Intermediates.noindex/Supabase.build/Debug-iphonesimulator/Auth.build/DerivedSources-normal/x86_64 -Xcc -I/Users/anushka_sharma/Library/Developer/Xcode/DerivedData/FMS-cwjlkvbqxgbddsairyzxkfxaxriv/Build/Intermediates.noindex/Supabase.build/Debug-iphonesimulator/Auth.build/DerivedSources/x86_64 -Xcc -I/Users/anushka_sharma/Library/Developer/Xcode/DerivedData/FMS-cwjlkvbqxgbddsairyzxkfxaxriv/Build/Intermediates.noindex/Supabase.build/Debug-iphonesimulator/Auth.build/DerivedSources -Xcc -DSWIFT_PACKAGE -Xcc -DDEBUG\=1 -emit-objc-header -emit-objc-header-path /Users/anushka_sharma/Library/Developer/Xcode/DerivedData/FMS-cwjlkvbqxgbddsairyzxkfxaxriv/Build/Intermediates.noindex/Supabase.build/Debug-iphonesimulator/Auth.build/Objects-normal/x86_64/Auth-Swift.h -working-directory /Users/anushka_sharma/Documents/FMS/FMS.xcodeproj -experimental-emit-module-separately -disable-cmo

ExtractAppIntentsMetadata (in target 'Functions' from project 'Supabase')
    cd /Users/anushka_sharma/Library/Developer/Xcode/DerivedData/FMS-cwjlkvbqxgbddsairyzxkfxaxriv/SourcePackages/checkouts/supabase-swift
    /Applications/Xcode.app/Contents/Developer/Toolchains/XcodeDefault.xctoolchain/usr/bin/appintentsmetadataprocessor --toolchain-dir /Applications/Xcode.app/Contents/Developer/Toolchains/XcodeDefault.xctoolchain --module-name Functions --sdk-root /Applications/Xcode.app/Contents/Developer/Platforms/iPhoneSimulator.platform/Developer/SDKs/iPhoneSimulator26.2.sdk --xcode-version 17C52 --platform-family iOS --deployment-target 13.0 --bundle-identifier supabase-swift.Functions --output /Users/anushka_sharma/Library/Developer/Xcode/DerivedData/FMS-cwjlkvbqxgbddsairyzxkfxaxriv/Build/Products/Debug-iphonesimulator/Functions.appintents --target-triple arm64-apple-ios13.0-simulator --target-triple x86_64-apple-ios13.0-simulator --binary-file /Users/anushka_sharma/Library/Developer/Xcode/DerivedData/FMS-cwjlkvbqxgbddsairyzxkfxaxriv/Build/Products/Debug-iphonesimulator/Functions.o --dependency-file /Users/anushka_sharma/Library/Developer/Xcode/DerivedData/FMS-cwjlkvbqxgbddsairyzxkfxaxriv/Build/Intermediates.noindex/Supabase.build/Debug-iphonesimulator/Functions.build/Objects-normal/arm64/Functions_dependency_info.dat --dependency-file /Users/anushka_sharma/Library/Developer/Xcode/DerivedData/FMS-cwjlkvbqxgbddsairyzxkfxaxriv/Build/Intermediates.noindex/Supabase.build/Debug-iphonesimulator/Functions.build/Objects-normal/x86_64/Functions_dependency_info.dat --stringsdata-file /Users/anushka_sharma/Library/Developer/Xcode/DerivedData/FMS-cwjlkvbqxgbddsairyzxkfxaxriv/Build/Intermediates.noindex/Supabase.build/Debug-iphonesimulator/Functions.build/Objects-normal/arm64/ExtractedAppShortcutsMetadata.stringsdata --stringsdata-file /Users/anushka_sharma/Library/Developer/Xcode/DerivedData/FMS-cwjlkvbqxgbddsairyzxkfxaxriv/Build/Intermediates.noindex/Supabase.build/Debug-iphonesimulator/Functions.build/Objects-normal/x86_64/ExtractedAppShortcutsMetadata.stringsdata --source-file-list /Users/anushka_sharma/Library/Developer/Xcode/DerivedData/FMS-cwjlkvbqxgbddsairyzxkfxaxriv/Build/Intermediates.noindex/Supabase.build/Debug-iphonesimulator/Functions.build/Objects-normal/arm64/Functions.SwiftFileList --source-file-list /Users/anushka_sharma/Library/Developer/Xcode/DerivedData/FMS-cwjlkvbqxgbddsairyzxkfxaxriv/Build/Intermediates.noindex/Supabase.build/Debug-iphonesimulator/Functions.build/Objects-normal/x86_64/Functions.SwiftFileList --metadata-file-list /Users/anushka_sharma/Library/Developer/Xcode/DerivedData/FMS-cwjlkvbqxgbddsairyzxkfxaxriv/Build/Intermediates.noindex/Supabase.build/Debug-iphonesimulator/Functions.build/Functions.DependencyMetadataFileList --static-metadata-file-list /Users/anushka_sharma/Library/Developer/Xcode/DerivedData/FMS-cwjlkvbqxgbddsairyzxkfxaxriv/Build/Intermediates.noindex/Supabase.build/Debug-iphonesimulator/Functions.build/Functions.DependencyStaticMetadataFileList --swift-const-vals-list /Users/anushka_sharma/Library/Developer/Xcode/DerivedData/FMS-cwjlkvbqxgbddsairyzxkfxaxriv/Build/Intermediates.noindex/Supabase.build/Debug-iphonesimulator/Functions.build/Objects-normal/arm64/Functions.SwiftConstValuesFileList --swift-const-vals-list /Users/anushka_sharma/Library/Developer/Xcode/DerivedData/FMS-cwjlkvbqxgbddsairyzxkfxaxriv/Build/Intermediates.noindex/Supabase.build/Debug-iphonesimulator/Functions.build/Objects-normal/x86_64/Functions.SwiftConstValuesFileList --force --compile-time-extraction --deployment-aware-processing --validate-assistant-intents --no-app-shortcuts-localization
2026-05-29 10:07:13.573 appintentsmetadataprocessor[29908:518984] Starting appintentsmetadataprocessor export
2026-05-29 10:07:13.820 appintentsmetadataprocessor[29908:518984] Extracted no relevant App Intents symbols, skipping writing output

CreateUniversalBinary /Users/anushka_sharma/Library/Developer/Xcode/DerivedData/FMS-cwjlkvbqxgbddsairyzxkfxaxriv/Build/Products/Debug-iphonesimulator/Storage.o normal arm64\ x86_64 (in target 'Storage' from project 'Supabase')
    cd /Users/anushka_sharma/Library/Developer/Xcode/DerivedData/FMS-cwjlkvbqxgbddsairyzxkfxaxriv/SourcePackages/checkouts/supabase-swift
    /Applications/Xcode.app/Contents/Developer/Toolchains/XcodeDefault.xctoolchain/usr/bin/lipo -create /Users/anushka_sharma/Library/Developer/Xcode/DerivedData/FMS-cwjlkvbqxgbddsairyzxkfxaxriv/Build/Intermediates.noindex/Supabase.build/Debug-iphonesimulator/Storage.build/Objects-normal/arm64/Binary/Storage.o /Users/anushka_sharma/Library/Developer/Xcode/DerivedData/FMS-cwjlkvbqxgbddsairyzxkfxaxriv/Build/Intermediates.noindex/Supabase.build/Debug-iphonesimulator/Storage.build/Objects-normal/x86_64/Binary/Storage.o -output /Users/anushka_sharma/Library/Developer/Xcode/DerivedData/FMS-cwjlkvbqxgbddsairyzxkfxaxriv/Build/Products/Debug-iphonesimulator/Storage.o

ExtractAppIntentsMetadata (in target 'PostgREST' from project 'Supabase')
    cd /Users/anushka_sharma/Library/Developer/Xcode/DerivedData/FMS-cwjlkvbqxgbddsairyzxkfxaxriv/SourcePackages/checkouts/supabase-swift
    /Applications/Xcode.app/Contents/Developer/Toolchains/XcodeDefault.xctoolchain/usr/bin/appintentsmetadataprocessor --toolchain-dir /Applications/Xcode.app/Contents/Developer/Toolchains/XcodeDefault.xctoolchain --module-name PostgREST --sdk-root /Applications/Xcode.app/Contents/Developer/Platforms/iPhoneSimulator.platform/Developer/SDKs/iPhoneSimulator26.2.sdk --xcode-version 17C52 --platform-family iOS --deployment-target 13.0 --bundle-identifier supabase-swift.PostgREST --output /Users/anushka_sharma/Library/Developer/Xcode/DerivedData/FMS-cwjlkvbqxgbddsairyzxkfxaxriv/Build/Products/Debug-iphonesimulator/PostgREST.appintents --target-triple arm64-apple-ios13.0-simulator --target-triple x86_64-apple-ios13.0-simulator --binary-file /Users/anushka_sharma/Library/Developer/Xcode/DerivedData/FMS-cwjlkvbqxgbddsairyzxkfxaxriv/Build/Products/Debug-iphonesimulator/PostgREST.o --dependency-file /Users/anushka_sharma/Library/Developer/Xcode/DerivedData/FMS-cwjlkvbqxgbddsairyzxkfxaxriv/Build/Intermediates.noindex/Supabase.build/Debug-iphonesimulator/PostgREST.build/Objects-normal/arm64/PostgREST_dependency_info.dat --dependency-file /Users/anushka_sharma/Library/Developer/Xcode/DerivedData/FMS-cwjlkvbqxgbddsairyzxkfxaxriv/Build/Intermediates.noindex/Supabase.build/Debug-iphonesimulator/PostgREST.build/Objects-normal/x86_64/PostgREST_dependency_info.dat --stringsdata-file /Users/anushka_sharma/Library/Developer/Xcode/DerivedData/FMS-cwjlkvbqxgbddsairyzxkfxaxriv/Build/Intermediates.noindex/Supabase.build/Debug-iphonesimulator/PostgREST.build/Objects-normal/arm64/ExtractedAppShortcutsMetadata.stringsdata --stringsdata-file /Users/anushka_sharma/Library/Developer/Xcode/DerivedData/FMS-cwjlkvbqxgbddsairyzxkfxaxriv/Build/Intermediates.noindex/Supabase.build/Debug-iphonesimulator/PostgREST.build/Objects-normal/x86_64/ExtractedAppShortcutsMetadata.stringsdata --source-file-list /Users/anushka_sharma/Library/Developer/Xcode/DerivedData/FMS-cwjlkvbqxgbddsairyzxkfxaxriv/Build/Intermediates.noindex/Supabase.build/Debug-iphonesimulator/PostgREST.build/Objects-normal/arm64/PostgREST.SwiftFileList --source-file-list /Users/anushka_sharma/Library/Developer/Xcode/DerivedData/FMS-cwjlkvbqxgbddsairyzxkfxaxriv/Build/Intermediates.noindex/Supabase.build/Debug-iphonesimulator/PostgREST.build/Objects-normal/x86_64/PostgREST.SwiftFileList --metadata-file-list /Users/anushka_sharma/Library/Developer/Xcode/DerivedData/FMS-cwjlkvbqxgbddsairyzxkfxaxriv/Build/Intermediates.noindex/Supabase.build/Debug-iphonesimulator/PostgREST.build/PostgREST.DependencyMetadataFileList --static-metadata-file-list /Users/anushka_sharma/Library/Developer/Xcode/DerivedData/FMS-cwjlkvbqxgbddsairyzxkfxaxriv/Build/Intermediates.noindex/Supabase.build/Debug-iphonesimulator/PostgREST.build/PostgREST.DependencyStaticMetadataFileList --swift-const-vals-list /Users/anushka_sharma/Library/Developer/Xcode/DerivedData/FMS-cwjlkvbqxgbddsairyzxkfxaxriv/Build/Intermediates.noindex/Supabase.build/Debug-iphonesimulator/PostgREST.build/Objects-normal/arm64/PostgREST.SwiftConstValuesFileList --swift-const-vals-list /Users/anushka_sharma/Library/Developer/Xcode/DerivedData/FMS-cwjlkvbqxgbddsairyzxkfxaxriv/Build/Intermediates.noindex/Supabase.build/Debug-iphonesimulator/PostgREST.build/Objects-normal/x86_64/PostgREST.SwiftConstValuesFileList --force --compile-time-extraction --deployment-aware-processing --validate-assistant-intents --no-app-shortcuts-localization
2026-05-29 10:07:13.580 appintentsmetadataprocessor[29910:518986] Starting appintentsmetadataprocessor export
2026-05-29 10:07:13.854 appintentsmetadataprocessor[29910:518986] Extracted no relevant App Intents symbols, skipping writing output

ExtractAppIntentsMetadata (in target 'Storage' from project 'Supabase')
    cd /Users/anushka_sharma/Library/Developer/Xcode/DerivedData/FMS-cwjlkvbqxgbddsairyzxkfxaxriv/SourcePackages/checkouts/supabase-swift
    /Applications/Xcode.app/Contents/Developer/Toolchains/XcodeDefault.xctoolchain/usr/bin/appintentsmetadataprocessor --toolchain-dir /Applications/Xcode.app/Contents/Developer/Toolchains/XcodeDefault.xctoolchain --module-name Storage --sdk-root /Applications/Xcode.app/Contents/Developer/Platforms/iPhoneSimulator.platform/Developer/SDKs/iPhoneSimulator26.2.sdk --xcode-version 17C52 --platform-family iOS --deployment-target 13.0 --bundle-identifier supabase-swift.Storage --output /Users/anushka_sharma/Library/Developer/Xcode/DerivedData/FMS-cwjlkvbqxgbddsairyzxkfxaxriv/Build/Products/Debug-iphonesimulator/Storage.appintents --target-triple arm64-apple-ios13.0-simulator --target-triple x86_64-apple-ios13.0-simulator --binary-file /Users/anushka_sharma/Library/Developer/Xcode/DerivedData/FMS-cwjlkvbqxgbddsairyzxkfxaxriv/Build/Products/Debug-iphonesimulator/Storage.o --dependency-file /Users/anushka_sharma/Library/Developer/Xcode/DerivedData/FMS-cwjlkvbqxgbddsairyzxkfxaxriv/Build/Intermediates.noindex/Supabase.build/Debug-iphonesimulator/Storage.build/Objects-normal/arm64/Storage_dependency_info.dat --dependency-file /Users/anushka_sharma/Library/Developer/Xcode/DerivedData/FMS-cwjlkvbqxgbddsairyzxkfxaxriv/Build/Intermediates.noindex/Supabase.build/Debug-iphonesimulator/Storage.build/Objects-normal/x86_64/Storage_dependency_info.dat --stringsdata-file /Users/anushka_sharma/Library/Developer/Xcode/DerivedData/FMS-cwjlkvbqxgbddsairyzxkfxaxriv/Build/Intermediates.noindex/Supabase.build/Debug-iphonesimulator/Storage.build/Objects-normal/arm64/ExtractedAppShortcutsMetadata.stringsdata --stringsdata-file /Users/anushka_sharma/Library/Developer/Xcode/DerivedData/FMS-cwjlkvbqxgbddsairyzxkfxaxriv/Build/Intermediates.noindex/Supabase.build/Debug-iphonesimulator/Storage.build/Objects-normal/x86_64/ExtractedAppShortcutsMetadata.stringsdata --source-file-list /Users/anushka_sharma/Library/Developer/Xcode/DerivedData/FMS-cwjlkvbqxgbddsairyzxkfxaxriv/Build/Intermediates.noindex/Supabase.build/Debug-iphonesimulator/Storage.build/Objects-normal/arm64/Storage.SwiftFileList --source-file-list /Users/anushka_sharma/Library/Developer/Xcode/DerivedData/FMS-cwjlkvbqxgbddsairyzxkfxaxriv/Build/Intermediates.noindex/Supabase.build/Debug-iphonesimulator/Storage.build/Objects-normal/x86_64/Storage.SwiftFileList --metadata-file-list /Users/anushka_sharma/Library/Developer/Xcode/DerivedData/FMS-cwjlkvbqxgbddsairyzxkfxaxriv/Build/Intermediates.noindex/Supabase.build/Debug-iphonesimulator/Storage.build/Storage.DependencyMetadataFileList --static-metadata-file-list /Users/anushka_sharma/Library/Developer/Xcode/DerivedData/FMS-cwjlkvbqxgbddsairyzxkfxaxriv/Build/Intermediates.noindex/Supabase.build/Debug-iphonesimulator/Storage.build/Storage.DependencyStaticMetadataFileList --swift-const-vals-list /Users/anushka_sharma/Library/Developer/Xcode/DerivedData/FMS-cwjlkvbqxgbddsairyzxkfxaxriv/Build/Intermediates.noindex/Supabase.build/Debug-iphonesimulator/Storage.build/Objects-normal/arm64/Storage.SwiftConstValuesFileList --swift-const-vals-list /Users/anushka_sharma/Library/Developer/Xcode/DerivedData/FMS-cwjlkvbqxgbddsairyzxkfxaxriv/Build/Intermediates.noindex/Supabase.build/Debug-iphonesimulator/Storage.build/Objects-normal/x86_64/Storage.SwiftConstValuesFileList --force --compile-time-extraction --deployment-aware-processing --validate-assistant-intents --no-app-shortcuts-localization
2026-05-29 10:07:13.588 appintentsmetadataprocessor[29913:518989] Starting appintentsmetadataprocessor export
2026-05-29 10:07:13.856 appintentsmetadataprocessor[29913:518989] Extracted no relevant App Intents symbols, skipping writing output

SwiftDriver\ Compilation\ Requirements Realtime normal x86_64 com.apple.xcode.tools.swift.compiler (in target 'Realtime' from project 'Supabase')
    cd /Users/anushka_sharma/Documents/FMS/FMS.xcodeproj
    builtin-Swift-Compilation-Requirements -- /Applications/Xcode.app/Contents/Developer/Toolchains/XcodeDefault.xctoolchain/usr/bin/swiftc -module-name Realtime -Onone -enforce-exclusivity\=checked @/Users/anushka_sharma/Library/Developer/Xcode/DerivedData/FMS-cwjlkvbqxgbddsairyzxkfxaxriv/Build/Intermediates.noindex/Supabase.build/Debug-iphonesimulator/Realtime.build/Objects-normal/x86_64/Realtime.SwiftFileList -DSWIFT_PACKAGE -DDEBUG -DSWIFT_MODULE_RESOURCE_BUNDLE_UNAVAILABLE -DXcode -enable-upcoming-feature ExistentialAny -enable-experimental-feature StrictConcurrency -plugin-path /Applications/Xcode.app/Contents/Developer/Toolchains/XcodeDefault.xctoolchain/usr/lib/swift/host/plugins/testing -enable-experimental-feature DebugDescriptionMacro -sdk /Applications/Xcode.app/Contents/Developer/Platforms/iPhoneSimulator.platform/Developer/SDKs/iPhoneSimulator26.2.sdk -target x86_64-apple-ios13.0-simulator -g -module-cache-path /Users/anushka_sharma/Library/Developer/Xcode/DerivedData/ModuleCache.noindex -Xfrontend -serialize-debugging-options -enable-testing -suppress-warnings -index-store-path /Users/anushka_sharma/Library/Developer/Xcode/DerivedData/FMS-cwjlkvbqxgbddsairyzxkfxaxriv/Index.noindex/DataStore -Xcc -D_LIBCPP_HARDENING_MODE\=_LIBCPP_HARDENING_MODE_DEBUG -swift-version 5 -I /Users/anushka_sharma/Library/Developer/Xcode/DerivedData/FMS-cwjlkvbqxgbddsairyzxkfxaxriv/Build/Products/Debug-iphonesimulator -Isystem /Applications/Xcode.app/Contents/Developer/Platforms/iPhoneSimulator.platform/Developer/usr/lib -F /Users/anushka_sharma/Library/Developer/Xcode/DerivedData/FMS-cwjlkvbqxgbddsairyzxkfxaxriv/Build/Products/Debug-iphonesimulator/PackageFrameworks -F /Users/anushka_sharma/Library/Developer/Xcode/DerivedData/FMS-cwjlkvbqxgbddsairyzxkfxaxriv/Build/Products/Debug-iphonesimulator/PackageFrameworks -F /Users/anushka_sharma/Library/Developer/Xcode/DerivedData/FMS-cwjlkvbqxgbddsairyzxkfxaxriv/Build/Products/Debug-iphonesimulator/PackageFrameworks -F /Users/anushka_sharma/Library/Developer/Xcode/DerivedData/FMS-cwjlkvbqxgbddsairyzxkfxaxriv/Build/Products/Debug-iphonesimulator/PackageFrameworks -F /Users/anushka_sharma/Library/Developer/Xcode/DerivedData/FMS-cwjlkvbqxgbddsairyzxkfxaxriv/Build/Products/Debug-iphonesimulator/PackageFrameworks -F /Users/anushka_sharma/Library/Developer/Xcode/DerivedData/FMS-cwjlkvbqxgbddsairyzxkfxaxriv/Build/Products/Debug-iphonesimulator/PackageFrameworks -F /Users/anushka_sharma/Library/Developer/Xcode/DerivedData/FMS-cwjlkvbqxgbddsairyzxkfxaxriv/Build/Products/Debug-iphonesimulator/PackageFrameworks -F /Users/anushka_sharma/Library/Developer/Xcode/DerivedData/FMS-cwjlkvbqxgbddsairyzxkfxaxriv/Build/Products/Debug-iphonesimulator -F /Applications/Xcode.app/Contents/Developer/Platforms/iPhoneSimulator.platform/Developer/Library/Frameworks -F /Applications/Xcode.app/Contents/Developer/Platforms/iPhoneSimulator.platform/Developer/SDKs/iPhoneSimulator26.2.sdk/Developer/Library/Frameworks -c -j10 -enable-batch-mode -incremental -Xcc -ivfsstatcache -Xcc /Users/anushka_sharma/Library/Developer/Xcode/DerivedData/SDKStatCaches.noindex/iphonesimulator26.2-23C53-7d00a8b37fbd7999ea79df8ebc024bf0.sdkstatcache -output-file-map /Users/anushka_sharma/Library/Developer/Xcode/DerivedData/FMS-cwjlkvbqxgbddsairyzxkfxaxriv/Build/Intermediates.noindex/Supabase.build/Debug-iphonesimulator/Realtime.build/Objects-normal/x86_64/Realtime-OutputFileMap.json -use-frontend-parseable-output -save-temps -no-color-diagnostics -explicit-module-build -module-cache-path /Users/anushka_sharma/Library/Developer/Xcode/DerivedData/FMS-cwjlkvbqxgbddsairyzxkfxaxriv/Build/Intermediates.noindex/SwiftExplicitPrecompiledModules -clang-scanner-module-cache-path /Users/anushka_sharma/Library/Developer/Xcode/DerivedData/ModuleCache.noindex -sdk-module-cache-path /Users/anushka_sharma/Library/Developer/Xcode/DerivedData/ModuleCache.noindex -serialize-diagnostics -emit-dependencies -emit-module -emit-module-path /Users/anushka_sharma/Library/Developer/Xcode/DerivedData/FMS-cwjlkvbqxgbddsairyzxkfxaxriv/Build/Intermediates.noindex/Supabase.build/Debug-iphonesimulator/Realtime.build/Objects-normal/x86_64/Realtime.swiftmodule -validate-clang-modules-once -clang-build-session-file /Users/anushka_sharma/Library/Developer/Xcode/DerivedData/ModuleCache.noindex/Session.modulevalidation -package-name supabase_swift -Xcc -I/Users/anushka_sharma/Library/Developer/Xcode/DerivedData/FMS-cwjlkvbqxgbddsairyzxkfxaxriv/Build/Intermediates.noindex/Supabase.build/Debug-iphonesimulator/Realtime.build/swift-overrides.hmap -emit-const-values -Xfrontend -const-gather-protocols-file -Xfrontend /Users/anushka_sharma/Library/Developer/Xcode/DerivedData/FMS-cwjlkvbqxgbddsairyzxkfxaxriv/Build/Intermediates.noindex/Supabase.build/Debug-iphonesimulator/Realtime.build/Objects-normal/x86_64/Realtime_const_extract_protocols.json -Xcc -I/Users/anushka_sharma/Library/Developer/Xcode/DerivedData/FMS-cwjlkvbqxgbddsairyzxkfxaxriv/Build/Products/Debug-iphonesimulator/include -Xcc -I/Users/anushka_sharma/Library/Developer/Xcode/DerivedData/FMS-cwjlkvbqxgbddsairyzxkfxaxriv/Build/Intermediates.noindex/Supabase.build/Debug-iphonesimulator/Realtime.build/DerivedSources-normal/x86_64 -Xcc -I/Users/anushka_sharma/Library/Developer/Xcode/DerivedData/FMS-cwjlkvbqxgbddsairyzxkfxaxriv/Build/Intermediates.noindex/Supabase.build/Debug-iphonesimulator/Realtime.build/DerivedSources/x86_64 -Xcc -I/Users/anushka_sharma/Library/Developer/Xcode/DerivedData/FMS-cwjlkvbqxgbddsairyzxkfxaxriv/Build/Intermediates.noindex/Supabase.build/Debug-iphonesimulator/Realtime.build/DerivedSources -Xcc -DSWIFT_PACKAGE -Xcc -DDEBUG\=1 -emit-objc-header -emit-objc-header-path /Users/anushka_sharma/Library/Developer/Xcode/DerivedData/FMS-cwjlkvbqxgbddsairyzxkfxaxriv/Build/Intermediates.noindex/Supabase.build/Debug-iphonesimulator/Realtime.build/Objects-normal/x86_64/Realtime-Swift.h -working-directory /Users/anushka_sharma/Documents/FMS/FMS.xcodeproj -experimental-emit-module-separately -disable-cmo

SwiftDriver\ Compilation Realtime normal x86_64 com.apple.xcode.tools.swift.compiler (in target 'Realtime' from project 'Supabase')
    cd /Users/anushka_sharma/Documents/FMS/FMS.xcodeproj
    builtin-Swift-Compilation -- /Applications/Xcode.app/Contents/Developer/Toolchains/XcodeDefault.xctoolchain/usr/bin/swiftc -module-name Realtime -Onone -enforce-exclusivity\=checked @/Users/anushka_sharma/Library/Developer/Xcode/DerivedData/FMS-cwjlkvbqxgbddsairyzxkfxaxriv/Build/Intermediates.noindex/Supabase.build/Debug-iphonesimulator/Realtime.build/Objects-normal/x86_64/Realtime.SwiftFileList -DSWIFT_PACKAGE -DDEBUG -DSWIFT_MODULE_RESOURCE_BUNDLE_UNAVAILABLE -DXcode -enable-upcoming-feature ExistentialAny -enable-experimental-feature StrictConcurrency -plugin-path /Applications/Xcode.app/Contents/Developer/Toolchains/XcodeDefault.xctoolchain/usr/lib/swift/host/plugins/testing -enable-experimental-feature DebugDescriptionMacro -sdk /Applications/Xcode.app/Contents/Developer/Platforms/iPhoneSimulator.platform/Developer/SDKs/iPhoneSimulator26.2.sdk -target x86_64-apple-ios13.0-simulator -g -module-cache-path /Users/anushka_sharma/Library/Developer/Xcode/DerivedData/ModuleCache.noindex -Xfrontend -serialize-debugging-options -enable-testing -suppress-warnings -index-store-path /Users/anushka_sharma/Library/Developer/Xcode/DerivedData/FMS-cwjlkvbqxgbddsairyzxkfxaxriv/Index.noindex/DataStore -Xcc -D_LIBCPP_HARDENING_MODE\=_LIBCPP_HARDENING_MODE_DEBUG -swift-version 5 -I /Users/anushka_sharma/Library/Developer/Xcode/DerivedData/FMS-cwjlkvbqxgbddsairyzxkfxaxriv/Build/Products/Debug-iphonesimulator -Isystem /Applications/Xcode.app/Contents/Developer/Platforms/iPhoneSimulator.platform/Developer/usr/lib -F /Users/anushka_sharma/Library/Developer/Xcode/DerivedData/FMS-cwjlkvbqxgbddsairyzxkfxaxriv/Build/Products/Debug-iphonesimulator/PackageFrameworks -F /Users/anushka_sharma/Library/Developer/Xcode/DerivedData/FMS-cwjlkvbqxgbddsairyzxkfxaxriv/Build/Products/Debug-iphonesimulator/PackageFrameworks -F /Users/anushka_sharma/Library/Developer/Xcode/DerivedData/FMS-cwjlkvbqxgbddsairyzxkfxaxriv/Build/Products/Debug-iphonesimulator/PackageFrameworks -F /Users/anushka_sharma/Library/Developer/Xcode/DerivedData/FMS-cwjlkvbqxgbddsairyzxkfxaxriv/Build/Products/Debug-iphonesimulator/PackageFrameworks -F /Users/anushka_sharma/Library/Developer/Xcode/DerivedData/FMS-cwjlkvbqxgbddsairyzxkfxaxriv/Build/Products/Debug-iphonesimulator/PackageFrameworks -F /Users/anushka_sharma/Library/Developer/Xcode/DerivedData/FMS-cwjlkvbqxgbddsairyzxkfxaxriv/Build/Products/Debug-iphonesimulator/PackageFrameworks -F /Users/anushka_sharma/Library/Developer/Xcode/DerivedData/FMS-cwjlkvbqxgbddsairyzxkfxaxriv/Build/Products/Debug-iphonesimulator/PackageFrameworks -F /Users/anushka_sharma/Library/Developer/Xcode/DerivedData/FMS-cwjlkvbqxgbddsairyzxkfxaxriv/Build/Products/Debug-iphonesimulator -F /Applications/Xcode.app/Contents/Developer/Platforms/iPhoneSimulator.platform/Developer/Library/Frameworks -F /Applications/Xcode.app/Contents/Developer/Platforms/iPhoneSimulator.platform/Developer/SDKs/iPhoneSimulator26.2.sdk/Developer/Library/Frameworks -c -j10 -enable-batch-mode -incremental -Xcc -ivfsstatcache -Xcc /Users/anushka_sharma/Library/Developer/Xcode/DerivedData/SDKStatCaches.noindex/iphonesimulator26.2-23C53-7d00a8b37fbd7999ea79df8ebc024bf0.sdkstatcache -output-file-map /Users/anushka_sharma/Library/Developer/Xcode/DerivedData/FMS-cwjlkvbqxgbddsairyzxkfxaxriv/Build/Intermediates.noindex/Supabase.build/Debug-iphonesimulator/Realtime.build/Objects-normal/x86_64/Realtime-OutputFileMap.json -use-frontend-parseable-output -save-temps -no-color-diagnostics -explicit-module-build -module-cache-path /Users/anushka_sharma/Library/Developer/Xcode/DerivedData/FMS-cwjlkvbqxgbddsairyzxkfxaxriv/Build/Intermediates.noindex/SwiftExplicitPrecompiledModules -clang-scanner-module-cache-path /Users/anushka_sharma/Library/Developer/Xcode/DerivedData/ModuleCache.noindex -sdk-module-cache-path /Users/anushka_sharma/Library/Developer/Xcode/DerivedData/ModuleCache.noindex -serialize-diagnostics -emit-dependencies -emit-module -emit-module-path /Users/anushka_sharma/Library/Developer/Xcode/DerivedData/FMS-cwjlkvbqxgbddsairyzxkfxaxriv/Build/Intermediates.noindex/Supabase.build/Debug-iphonesimulator/Realtime.build/Objects-normal/x86_64/Realtime.swiftmodule -validate-clang-modules-once -clang-build-session-file /Users/anushka_sharma/Library/Developer/Xcode/DerivedData/ModuleCache.noindex/Session.modulevalidation -package-name supabase_swift -Xcc -I/Users/anushka_sharma/Library/Developer/Xcode/DerivedData/FMS-cwjlkvbqxgbddsairyzxkfxaxriv/Build/Intermediates.noindex/Supabase.build/Debug-iphonesimulator/Realtime.build/swift-overrides.hmap -emit-const-values -Xfrontend -const-gather-protocols-file -Xfrontend /Users/anushka_sharma/Library/Developer/Xcode/DerivedData/FMS-cwjlkvbqxgbddsairyzxkfxaxriv/Build/Intermediates.noindex/Supabase.build/Debug-iphonesimulator/Realtime.build/Objects-normal/x86_64/Realtime_const_extract_protocols.json -Xcc -I/Users/anushka_sharma/Library/Developer/Xcode/DerivedData/FMS-cwjlkvbqxgbddsairyzxkfxaxriv/Build/Products/Debug-iphonesimulator/include -Xcc -I/Users/anushka_sharma/Library/Developer/Xcode/DerivedData/FMS-cwjlkvbqxgbddsairyzxkfxaxriv/Build/Intermediates.noindex/Supabase.build/Debug-iphonesimulator/Realtime.build/DerivedSources-normal/x86_64 -Xcc -I/Users/anushka_sharma/Library/Developer/Xcode/DerivedData/FMS-cwjlkvbqxgbddsairyzxkfxaxriv/Build/Intermediates.noindex/Supabase.build/Debug-iphonesimulator/Realtime.build/DerivedSources/x86_64 -Xcc -I/Users/anushka_sharma/Library/Developer/Xcode/DerivedData/FMS-cwjlkvbqxgbddsairyzxkfxaxriv/Build/Intermediates.noindex/Supabase.build/Debug-iphonesimulator/Realtime.build/DerivedSources -Xcc -DSWIFT_PACKAGE -Xcc -DDEBUG\=1 -emit-objc-header -emit-objc-header-path /Users/anushka_sharma/Library/Developer/Xcode/DerivedData/FMS-cwjlkvbqxgbddsairyzxkfxaxriv/Build/Intermediates.noindex/Supabase.build/Debug-iphonesimulator/Realtime.build/Objects-normal/x86_64/Realtime-Swift.h -working-directory /Users/anushka_sharma/Documents/FMS/FMS.xcodeproj -experimental-emit-module-separately -disable-cmo

SwiftDriver\ Compilation\ Requirements Realtime normal arm64 com.apple.xcode.tools.swift.compiler (in target 'Realtime' from project 'Supabase')
    cd /Users/anushka_sharma/Documents/FMS/FMS.xcodeproj
    builtin-Swift-Compilation-Requirements -- /Applications/Xcode.app/Contents/Developer/Toolchains/XcodeDefault.xctoolchain/usr/bin/swiftc -module-name Realtime -Onone -enforce-exclusivity\=checked @/Users/anushka_sharma/Library/Developer/Xcode/DerivedData/FMS-cwjlkvbqxgbddsairyzxkfxaxriv/Build/Intermediates.noindex/Supabase.build/Debug-iphonesimulator/Realtime.build/Objects-normal/arm64/Realtime.SwiftFileList -DSWIFT_PACKAGE -DDEBUG -DSWIFT_MODULE_RESOURCE_BUNDLE_UNAVAILABLE -DXcode -enable-upcoming-feature ExistentialAny -enable-experimental-feature StrictConcurrency -plugin-path /Applications/Xcode.app/Contents/Developer/Toolchains/XcodeDefault.xctoolchain/usr/lib/swift/host/plugins/testing -enable-experimental-feature DebugDescriptionMacro -sdk /Applications/Xcode.app/Contents/Developer/Platforms/iPhoneSimulator.platform/Developer/SDKs/iPhoneSimulator26.2.sdk -target arm64-apple-ios13.0-simulator -g -module-cache-path /Users/anushka_sharma/Library/Developer/Xcode/DerivedData/ModuleCache.noindex -Xfrontend -serialize-debugging-options -enable-testing -suppress-warnings -index-store-path /Users/anushka_sharma/Library/Developer/Xcode/DerivedData/FMS-cwjlkvbqxgbddsairyzxkfxaxriv/Index.noindex/DataStore -Xcc -D_LIBCPP_HARDENING_MODE\=_LIBCPP_HARDENING_MODE_DEBUG -swift-version 5 -I /Users/anushka_sharma/Library/Developer/Xcode/DerivedData/FMS-cwjlkvbqxgbddsairyzxkfxaxriv/Build/Products/Debug-iphonesimulator -Isystem /Applications/Xcode.app/Contents/Developer/Platforms/iPhoneSimulator.platform/Developer/usr/lib -F /Users/anushka_sharma/Library/Developer/Xcode/DerivedData/FMS-cwjlkvbqxgbddsairyzxkfxaxriv/Build/Products/Debug-iphonesimulator/PackageFrameworks -F /Users/anushka_sharma/Library/Developer/Xcode/DerivedData/FMS-cwjlkvbqxgbddsairyzxkfxaxriv/Build/Products/Debug-iphonesimulator/PackageFrameworks -F /Users/anushka_sharma/Library/Developer/Xcode/DerivedData/FMS-cwjlkvbqxgbddsairyzxkfxaxriv/Build/Products/Debug-iphonesimulator/PackageFrameworks -F /Users/anushka_sharma/Library/Developer/Xcode/DerivedData/FMS-cwjlkvbqxgbddsairyzxkfxaxriv/Build/Products/Debug-iphonesimulator/PackageFrameworks -F /Users/anushka_sharma/Library/Developer/Xcode/DerivedData/FMS-cwjlkvbqxgbddsairyzxkfxaxriv/Build/Products/Debug-iphonesimulator/PackageFrameworks -F /Users/anushka_sharma/Library/Developer/Xcode/DerivedData/FMS-cwjlkvbqxgbddsairyzxkfxaxriv/Build/Products/Debug-iphonesimulator/PackageFrameworks -F /Users/anushka_sharma/Library/Developer/Xcode/DerivedData/FMS-cwjlkvbqxgbddsairyzxkfxaxriv/Build/Products/Debug-iphonesimulator/PackageFrameworks -F /Users/anushka_sharma/Library/Developer/Xcode/DerivedData/FMS-cwjlkvbqxgbddsairyzxkfxaxriv/Build/Products/Debug-iphonesimulator -F /Applications/Xcode.app/Contents/Developer/Platforms/iPhoneSimulator.platform/Developer/Library/Frameworks -F /Applications/Xcode.app/Contents/Developer/Platforms/iPhoneSimulator.platform/Developer/SDKs/iPhoneSimulator26.2.sdk/Developer/Library/Frameworks -c -j10 -enable-batch-mode -incremental -Xcc -ivfsstatcache -Xcc /Users/anushka_sharma/Library/Developer/Xcode/DerivedData/SDKStatCaches.noindex/iphonesimulator26.2-23C53-7d00a8b37fbd7999ea79df8ebc024bf0.sdkstatcache -output-file-map /Users/anushka_sharma/Library/Developer/Xcode/DerivedData/FMS-cwjlkvbqxgbddsairyzxkfxaxriv/Build/Intermediates.noindex/Supabase.build/Debug-iphonesimulator/Realtime.build/Objects-normal/arm64/Realtime-OutputFileMap.json -use-frontend-parseable-output -save-temps -no-color-diagnostics -explicit-module-build -module-cache-path /Users/anushka_sharma/Library/Developer/Xcode/DerivedData/FMS-cwjlkvbqxgbddsairyzxkfxaxriv/Build/Intermediates.noindex/SwiftExplicitPrecompiledModules -clang-scanner-module-cache-path /Users/anushka_sharma/Library/Developer/Xcode/DerivedData/ModuleCache.noindex -sdk-module-cache-path /Users/anushka_sharma/Library/Developer/Xcode/DerivedData/ModuleCache.noindex -serialize-diagnostics -emit-dependencies -emit-module -emit-module-path /Users/anushka_sharma/Library/Developer/Xcode/DerivedData/FMS-cwjlkvbqxgbddsairyzxkfxaxriv/Build/Intermediates.noindex/Supabase.build/Debug-iphonesimulator/Realtime.build/Objects-normal/arm64/Realtime.swiftmodule -validate-clang-modules-once -clang-build-session-file /Users/anushka_sharma/Library/Developer/Xcode/DerivedData/ModuleCache.noindex/Session.modulevalidation -package-name supabase_swift -Xcc -I/Users/anushka_sharma/Library/Developer/Xcode/DerivedData/FMS-cwjlkvbqxgbddsairyzxkfxaxriv/Build/Intermediates.noindex/Supabase.build/Debug-iphonesimulator/Realtime.build/swift-overrides.hmap -emit-const-values -Xfrontend -const-gather-protocols-file -Xfrontend /Users/anushka_sharma/Library/Developer/Xcode/DerivedData/FMS-cwjlkvbqxgbddsairyzxkfxaxriv/Build/Intermediates.noindex/Supabase.build/Debug-iphonesimulator/Realtime.build/Objects-normal/arm64/Realtime_const_extract_protocols.json -Xcc -I/Users/anushka_sharma/Library/Developer/Xcode/DerivedData/FMS-cwjlkvbqxgbddsairyzxkfxaxriv/Build/Products/Debug-iphonesimulator/include -Xcc -I/Users/anushka_sharma/Library/Developer/Xcode/DerivedData/FMS-cwjlkvbqxgbddsairyzxkfxaxriv/Build/Intermediates.noindex/Supabase.build/Debug-iphonesimulator/Realtime.build/DerivedSources-normal/arm64 -Xcc -I/Users/anushka_sharma/Library/Developer/Xcode/DerivedData/FMS-cwjlkvbqxgbddsairyzxkfxaxriv/Build/Intermediates.noindex/Supabase.build/Debug-iphonesimulator/Realtime.build/DerivedSources/arm64 -Xcc -I/Users/anushka_sharma/Library/Developer/Xcode/DerivedData/FMS-cwjlkvbqxgbddsairyzxkfxaxriv/Build/Intermediates.noindex/Supabase.build/Debug-iphonesimulator/Realtime.build/DerivedSources -Xcc -DSWIFT_PACKAGE -Xcc -DDEBUG\=1 -emit-objc-header -emit-objc-header-path /Users/anushka_sharma/Library/Developer/Xcode/DerivedData/FMS-cwjlkvbqxgbddsairyzxkfxaxriv/Build/Intermediates.noindex/Supabase.build/Debug-iphonesimulator/Realtime.build/Objects-normal/arm64/Realtime-Swift.h -working-directory /Users/anushka_sharma/Documents/FMS/FMS.xcodeproj -experimental-emit-module-separately -disable-cmo

SwiftDriver\ Compilation Realtime normal arm64 com.apple.xcode.tools.swift.compiler (in target 'Realtime' from project 'Supabase')
    cd /Users/anushka_sharma/Documents/FMS/FMS.xcodeproj
    builtin-Swift-Compilation -- /Applications/Xcode.app/Contents/Developer/Toolchains/XcodeDefault.xctoolchain/usr/bin/swiftc -module-name Realtime -Onone -enforce-exclusivity\=checked @/Users/anushka_sharma/Library/Developer/Xcode/DerivedData/FMS-cwjlkvbqxgbddsairyzxkfxaxriv/Build/Intermediates.noindex/Supabase.build/Debug-iphonesimulator/Realtime.build/Objects-normal/arm64/Realtime.SwiftFileList -DSWIFT_PACKAGE -DDEBUG -DSWIFT_MODULE_RESOURCE_BUNDLE_UNAVAILABLE -DXcode -enable-upcoming-feature ExistentialAny -enable-experimental-feature StrictConcurrency -plugin-path /Applications/Xcode.app/Contents/Developer/Toolchains/XcodeDefault.xctoolchain/usr/lib/swift/host/plugins/testing -enable-experimental-feature DebugDescriptionMacro -sdk /Applications/Xcode.app/Contents/Developer/Platforms/iPhoneSimulator.platform/Developer/SDKs/iPhoneSimulator26.2.sdk -target arm64-apple-ios13.0-simulator -g -module-cache-path /Users/anushka_sharma/Library/Developer/Xcode/DerivedData/ModuleCache.noindex -Xfrontend -serialize-debugging-options -enable-testing -suppress-warnings -index-store-path /Users/anushka_sharma/Library/Developer/Xcode/DerivedData/FMS-cwjlkvbqxgbddsairyzxkfxaxriv/Index.noindex/DataStore -Xcc -D_LIBCPP_HARDENING_MODE\=_LIBCPP_HARDENING_MODE_DEBUG -swift-version 5 -I /Users/anushka_sharma/Library/Developer/Xcode/DerivedData/FMS-cwjlkvbqxgbddsairyzxkfxaxriv/Build/Products/Debug-iphonesimulator -Isystem /Applications/Xcode.app/Contents/Developer/Platforms/iPhoneSimulator.platform/Developer/usr/lib -F /Users/anushka_sharma/Library/Developer/Xcode/DerivedData/FMS-cwjlkvbqxgbddsairyzxkfxaxriv/Build/Products/Debug-iphonesimulator/PackageFrameworks -F /Users/anushka_sharma/Library/Developer/Xcode/DerivedData/FMS-cwjlkvbqxgbddsairyzxkfxaxriv/Build/Products/Debug-iphonesimulator/PackageFrameworks -F /Users/anushka_sharma/Library/Developer/Xcode/DerivedData/FMS-cwjlkvbqxgbddsairyzxkfxaxriv/Build/Products/Debug-iphonesimulator/PackageFrameworks -F /Users/anushka_sharma/Library/Developer/Xcode/DerivedData/FMS-cwjlkvbqxgbddsairyzxkfxaxriv/Build/Products/Debug-iphonesimulator/PackageFrameworks -F /Users/anushka_sharma/Library/Developer/Xcode/DerivedData/FMS-cwjlkvbqxgbddsairyzxkfxaxriv/Build/Products/Debug-iphonesimulator/PackageFrameworks -F /Users/anushka_sharma/Library/Developer/Xcode/DerivedData/FMS-cwjlkvbqxgbddsairyzxkfxaxriv/Build/Products/Debug-iphonesimulator/PackageFrameworks -F /Users/anushka_sharma/Library/Developer/Xcode/DerivedData/FMS-cwjlkvbqxgbddsairyzxkfxaxriv/Build/Products/Debug-iphonesimulator/PackageFrameworks -F /Users/anushka_sharma/Library/Developer/Xcode/DerivedData/FMS-cwjlkvbqxgbddsairyzxkfxaxriv/Build/Products/Debug-iphonesimulator -F /Applications/Xcode.app/Contents/Developer/Platforms/iPhoneSimulator.platform/Developer/Library/Frameworks -F /Applications/Xcode.app/Contents/Developer/Platforms/iPhoneSimulator.platform/Developer/SDKs/iPhoneSimulator26.2.sdk/Developer/Library/Frameworks -c -j10 -enable-batch-mode -incremental -Xcc -ivfsstatcache -Xcc /Users/anushka_sharma/Library/Developer/Xcode/DerivedData/SDKStatCaches.noindex/iphonesimulator26.2-23C53-7d00a8b37fbd7999ea79df8ebc024bf0.sdkstatcache -output-file-map /Users/anushka_sharma/Library/Developer/Xcode/DerivedData/FMS-cwjlkvbqxgbddsairyzxkfxaxriv/Build/Intermediates.noindex/Supabase.build/Debug-iphonesimulator/Realtime.build/Objects-normal/arm64/Realtime-OutputFileMap.json -use-frontend-parseable-output -save-temps -no-color-diagnostics -explicit-module-build -module-cache-path /Users/anushka_sharma/Library/Developer/Xcode/DerivedData/FMS-cwjlkvbqxgbddsairyzxkfxaxriv/Build/Intermediates.noindex/SwiftExplicitPrecompiledModules -clang-scanner-module-cache-path /Users/anushka_sharma/Library/Developer/Xcode/DerivedData/ModuleCache.noindex -sdk-module-cache-path /Users/anushka_sharma/Library/Developer/Xcode/DerivedData/ModuleCache.noindex -serialize-diagnostics -emit-dependencies -emit-module -emit-module-path /Users/anushka_sharma/Library/Developer/Xcode/DerivedData/FMS-cwjlkvbqxgbddsairyzxkfxaxriv/Build/Intermediates.noindex/Supabase.build/Debug-iphonesimulator/Realtime.build/Objects-normal/arm64/Realtime.swiftmodule -validate-clang-modules-once -clang-build-session-file /Users/anushka_sharma/Library/Developer/Xcode/DerivedData/ModuleCache.noindex/Session.modulevalidation -package-name supabase_swift -Xcc -I/Users/anushka_sharma/Library/Developer/Xcode/DerivedData/FMS-cwjlkvbqxgbddsairyzxkfxaxriv/Build/Intermediates.noindex/Supabase.build/Debug-iphonesimulator/Realtime.build/swift-overrides.hmap -emit-const-values -Xfrontend -const-gather-protocols-file -Xfrontend /Users/anushka_sharma/Library/Developer/Xcode/DerivedData/FMS-cwjlkvbqxgbddsairyzxkfxaxriv/Build/Intermediates.noindex/Supabase.build/Debug-iphonesimulator/Realtime.build/Objects-normal/arm64/Realtime_const_extract_protocols.json -Xcc -I/Users/anushka_sharma/Library/Developer/Xcode/DerivedData/FMS-cwjlkvbqxgbddsairyzxkfxaxriv/Build/Products/Debug-iphonesimulator/include -Xcc -I/Users/anushka_sharma/Library/Developer/Xcode/DerivedData/FMS-cwjlkvbqxgbddsairyzxkfxaxriv/Build/Intermediates.noindex/Supabase.build/Debug-iphonesimulator/Realtime.build/DerivedSources-normal/arm64 -Xcc -I/Users/anushka_sharma/Library/Developer/Xcode/DerivedData/FMS-cwjlkvbqxgbddsairyzxkfxaxriv/Build/Intermediates.noindex/Supabase.build/Debug-iphonesimulator/Realtime.build/DerivedSources/arm64 -Xcc -I/Users/anushka_sharma/Library/Developer/Xcode/DerivedData/FMS-cwjlkvbqxgbddsairyzxkfxaxriv/Build/Intermediates.noindex/Supabase.build/Debug-iphonesimulator/Realtime.build/DerivedSources -Xcc -DSWIFT_PACKAGE -Xcc -DDEBUG\=1 -emit-objc-header -emit-objc-header-path /Users/anushka_sharma/Library/Developer/Xcode/DerivedData/FMS-cwjlkvbqxgbddsairyzxkfxaxriv/Build/Intermediates.noindex/Supabase.build/Debug-iphonesimulator/Realtime.build/Objects-normal/arm64/Realtime-Swift.h -working-directory /Users/anushka_sharma/Documents/FMS/FMS.xcodeproj -experimental-emit-module-separately -disable-cmo

Copy /Users/anushka_sharma/Library/Developer/Xcode/DerivedData/FMS-cwjlkvbqxgbddsairyzxkfxaxriv/Build/Products/Debug-iphonesimulator/Realtime.swiftmodule/arm64-apple-ios-simulator.swiftmodule /Users/anushka_sharma/Library/Developer/Xcode/DerivedData/FMS-cwjlkvbqxgbddsairyzxkfxaxriv/Build/Intermediates.noindex/Supabase.build/Debug-iphonesimulator/Realtime.build/Objects-normal/arm64/Realtime.swiftmodule (in target 'Realtime' from project 'Supabase')
    cd /Users/anushka_sharma/Library/Developer/Xcode/DerivedData/FMS-cwjlkvbqxgbddsairyzxkfxaxriv/SourcePackages/checkouts/supabase-swift
    builtin-copy -exclude .DS_Store -exclude CVS -exclude .svn -exclude .git -exclude .hg -resolve-src-symlinks -rename /Users/anushka_sharma/Library/Developer/Xcode/DerivedData/FMS-cwjlkvbqxgbddsairyzxkfxaxriv/Build/Intermediates.noindex/Supabase.build/Debug-iphonesimulator/Realtime.build/Objects-normal/arm64/Realtime.swiftmodule /Users/anushka_sharma/Library/Developer/Xcode/DerivedData/FMS-cwjlkvbqxgbddsairyzxkfxaxriv/Build/Products/Debug-iphonesimulator/Realtime.swiftmodule/arm64-apple-ios-simulator.swiftmodule

SwiftMergeGeneratedHeaders /Users/anushka_sharma/Library/Developer/Xcode/DerivedData/FMS-cwjlkvbqxgbddsairyzxkfxaxriv/Build/Intermediates.noindex/GeneratedModuleMaps-iphonesimulator/Realtime-Swift.h /Users/anushka_sharma/Library/Developer/Xcode/DerivedData/FMS-cwjlkvbqxgbddsairyzxkfxaxriv/Build/Intermediates.noindex/Supabase.build/Debug-iphonesimulator/Realtime.build/Objects-normal/arm64/Realtime-Swift.h /Users/anushka_sharma/Library/Developer/Xcode/DerivedData/FMS-cwjlkvbqxgbddsairyzxkfxaxriv/Build/Intermediates.noindex/Supabase.build/Debug-iphonesimulator/Realtime.build/Objects-normal/x86_64/Realtime-Swift.h (in target 'Realtime' from project 'Supabase')
    cd /Users/anushka_sharma/Library/Developer/Xcode/DerivedData/FMS-cwjlkvbqxgbddsairyzxkfxaxriv/SourcePackages/checkouts/supabase-swift
    builtin-swiftHeaderTool -arch arm64 /Users/anushka_sharma/Library/Developer/Xcode/DerivedData/FMS-cwjlkvbqxgbddsairyzxkfxaxriv/Build/Intermediates.noindex/Supabase.build/Debug-iphonesimulator/Realtime.build/Objects-normal/arm64/Realtime-Swift.h -arch x86_64 /Users/anushka_sharma/Library/Developer/Xcode/DerivedData/FMS-cwjlkvbqxgbddsairyzxkfxaxriv/Build/Intermediates.noindex/Supabase.build/Debug-iphonesimulator/Realtime.build/Objects-normal/x86_64/Realtime-Swift.h -o /Users/anushka_sharma/Library/Developer/Xcode/DerivedData/FMS-cwjlkvbqxgbddsairyzxkfxaxriv/Build/Intermediates.noindex/GeneratedModuleMaps-iphonesimulator/Realtime-Swift.h

Copy /Users/anushka_sharma/Library/Developer/Xcode/DerivedData/FMS-cwjlkvbqxgbddsairyzxkfxaxriv/Build/Products/Debug-iphonesimulator/Realtime.swiftmodule/arm64-apple-ios-simulator.swiftdoc /Users/anushka_sharma/Library/Developer/Xcode/DerivedData/FMS-cwjlkvbqxgbddsairyzxkfxaxriv/Build/Intermediates.noindex/Supabase.build/Debug-iphonesimulator/Realtime.build/Objects-normal/arm64/Realtime.swiftdoc (in target 'Realtime' from project 'Supabase')
    cd /Users/anushka_sharma/Library/Developer/Xcode/DerivedData/FMS-cwjlkvbqxgbddsairyzxkfxaxriv/SourcePackages/checkouts/supabase-swift
    builtin-copy -exclude .DS_Store -exclude CVS -exclude .svn -exclude .git -exclude .hg -resolve-src-symlinks -rename /Users/anushka_sharma/Library/Developer/Xcode/DerivedData/FMS-cwjlkvbqxgbddsairyzxkfxaxriv/Build/Intermediates.noindex/Supabase.build/Debug-iphonesimulator/Realtime.build/Objects-normal/arm64/Realtime.swiftdoc /Users/anushka_sharma/Library/Developer/Xcode/DerivedData/FMS-cwjlkvbqxgbddsairyzxkfxaxriv/Build/Products/Debug-iphonesimulator/Realtime.swiftmodule/arm64-apple-ios-simulator.swiftdoc

Copy /Users/anushka_sharma/Library/Developer/Xcode/DerivedData/FMS-cwjlkvbqxgbddsairyzxkfxaxriv/Build/Products/Debug-iphonesimulator/Realtime.swiftmodule/arm64-apple-ios-simulator.abi.json /Users/anushka_sharma/Library/Developer/Xcode/DerivedData/FMS-cwjlkvbqxgbddsairyzxkfxaxriv/Build/Intermediates.noindex/Supabase.build/Debug-iphonesimulator/Realtime.build/Objects-normal/arm64/Realtime.abi.json (in target 'Realtime' from project 'Supabase')
    cd /Users/anushka_sharma/Library/Developer/Xcode/DerivedData/FMS-cwjlkvbqxgbddsairyzxkfxaxriv/SourcePackages/checkouts/supabase-swift
    builtin-copy -exclude .DS_Store -exclude CVS -exclude .svn -exclude .git -exclude .hg -resolve-src-symlinks -rename /Users/anushka_sharma/Library/Developer/Xcode/DerivedData/FMS-cwjlkvbqxgbddsairyzxkfxaxriv/Build/Intermediates.noindex/Supabase.build/Debug-iphonesimulator/Realtime.build/Objects-normal/arm64/Realtime.abi.json /Users/anushka_sharma/Library/Developer/Xcode/DerivedData/FMS-cwjlkvbqxgbddsairyzxkfxaxriv/Build/Products/Debug-iphonesimulator/Realtime.swiftmodule/arm64-apple-ios-simulator.abi.json

Copy /Users/anushka_sharma/Library/Developer/Xcode/DerivedData/FMS-cwjlkvbqxgbddsairyzxkfxaxriv/Build/Products/Debug-iphonesimulator/Realtime.swiftmodule/Project/arm64-apple-ios-simulator.swiftsourceinfo /Users/anushka_sharma/Library/Developer/Xcode/DerivedData/FMS-cwjlkvbqxgbddsairyzxkfxaxriv/Build/Intermediates.noindex/Supabase.build/Debug-iphonesimulator/Realtime.build/Objects-normal/arm64/Realtime.swiftsourceinfo (in target 'Realtime' from project 'Supabase')
    cd /Users/anushka_sharma/Library/Developer/Xcode/DerivedData/FMS-cwjlkvbqxgbddsairyzxkfxaxriv/SourcePackages/checkouts/supabase-swift
    builtin-copy -exclude .DS_Store -exclude CVS -exclude .svn -exclude .git -exclude .hg -resolve-src-symlinks -rename /Users/anushka_sharma/Library/Developer/Xcode/DerivedData/FMS-cwjlkvbqxgbddsairyzxkfxaxriv/Build/Intermediates.noindex/Supabase.build/Debug-iphonesimulator/Realtime.build/Objects-normal/arm64/Realtime.swiftsourceinfo /Users/anushka_sharma/Library/Developer/Xcode/DerivedData/FMS-cwjlkvbqxgbddsairyzxkfxaxriv/Build/Products/Debug-iphonesimulator/Realtime.swiftmodule/Project/arm64-apple-ios-simulator.swiftsourceinfo

SwiftDriver\ Compilation\ Requirements Auth normal arm64 com.apple.xcode.tools.swift.compiler (in target 'Auth' from project 'Supabase')
    cd /Users/anushka_sharma/Documents/FMS/FMS.xcodeproj
    builtin-Swift-Compilation-Requirements -- /Applications/Xcode.app/Contents/Developer/Toolchains/XcodeDefault.xctoolchain/usr/bin/swiftc -module-name Auth -Onone -enforce-exclusivity\=checked @/Users/anushka_sharma/Library/Developer/Xcode/DerivedData/FMS-cwjlkvbqxgbddsairyzxkfxaxriv/Build/Intermediates.noindex/Supabase.build/Debug-iphonesimulator/Auth.build/Objects-normal/arm64/Auth.SwiftFileList -DSWIFT_PACKAGE -DDEBUG -DSWIFT_MODULE_RESOURCE_BUNDLE_UNAVAILABLE -DXcode -enable-upcoming-feature ExistentialAny -enable-experimental-feature StrictConcurrency -plugin-path /Applications/Xcode.app/Contents/Developer/Toolchains/XcodeDefault.xctoolchain/usr/lib/swift/host/plugins/testing -enable-experimental-feature DebugDescriptionMacro -sdk /Applications/Xcode.app/Contents/Developer/Platforms/iPhoneSimulator.platform/Developer/SDKs/iPhoneSimulator26.2.sdk -target arm64-apple-ios13.0-simulator -g -module-cache-path /Users/anushka_sharma/Library/Developer/Xcode/DerivedData/ModuleCache.noindex -Xfrontend -serialize-debugging-options -enable-testing -suppress-warnings -index-store-path /Users/anushka_sharma/Library/Developer/Xcode/DerivedData/FMS-cwjlkvbqxgbddsairyzxkfxaxriv/Index.noindex/DataStore -Xcc -D_LIBCPP_HARDENING_MODE\=_LIBCPP_HARDENING_MODE_DEBUG -swift-version 5 -I /Users/anushka_sharma/Library/Developer/Xcode/DerivedData/FMS-cwjlkvbqxgbddsairyzxkfxaxriv/Build/Products/Debug-iphonesimulator -Isystem /Applications/Xcode.app/Contents/Developer/Platforms/iPhoneSimulator.platform/Developer/usr/lib -F /Users/anushka_sharma/Library/Developer/Xcode/DerivedData/FMS-cwjlkvbqxgbddsairyzxkfxaxriv/Build/Products/Debug-iphonesimulator/PackageFrameworks -F /Users/anushka_sharma/Library/Developer/Xcode/DerivedData/FMS-cwjlkvbqxgbddsairyzxkfxaxriv/Build/Products/Debug-iphonesimulator/PackageFrameworks -F /Users/anushka_sharma/Library/Developer/Xcode/DerivedData/FMS-cwjlkvbqxgbddsairyzxkfxaxriv/Build/Products/Debug-iphonesimulator/PackageFrameworks -F /Users/anushka_sharma/Library/Developer/Xcode/DerivedData/FMS-cwjlkvbqxgbddsairyzxkfxaxriv/Build/Products/Debug-iphonesimulator/PackageFrameworks -F /Users/anushka_sharma/Library/Developer/Xcode/DerivedData/FMS-cwjlkvbqxgbddsairyzxkfxaxriv/Build/Products/Debug-iphonesimulator/PackageFrameworks -F /Users/anushka_sharma/Library/Developer/Xcode/DerivedData/FMS-cwjlkvbqxgbddsairyzxkfxaxriv/Build/Products/Debug-iphonesimulator/PackageFrameworks -F /Users/anushka_sharma/Library/Developer/Xcode/DerivedData/FMS-cwjlkvbqxgbddsairyzxkfxaxriv/Build/Products/Debug-iphonesimulator/PackageFrameworks -F /Users/anushka_sharma/Library/Developer/Xcode/DerivedData/FMS-cwjlkvbqxgbddsairyzxkfxaxriv/Build/Products/Debug-iphonesimulator/PackageFrameworks -F /Users/anushka_sharma/Library/Developer/Xcode/DerivedData/FMS-cwjlkvbqxgbddsairyzxkfxaxriv/Build/Products/Debug-iphonesimulator -F /Applications/Xcode.app/Contents/Developer/Platforms/iPhoneSimulator.platform/Developer/Library/Frameworks -F /Applications/Xcode.app/Contents/Developer/Platforms/iPhoneSimulator.platform/Developer/SDKs/iPhoneSimulator26.2.sdk/Developer/Library/Frameworks -c -j10 -enable-batch-mode -incremental -Xcc -ivfsstatcache -Xcc /Users/anushka_sharma/Library/Developer/Xcode/DerivedData/SDKStatCaches.noindex/iphonesimulator26.2-23C53-7d00a8b37fbd7999ea79df8ebc024bf0.sdkstatcache -output-file-map /Users/anushka_sharma/Library/Developer/Xcode/DerivedData/FMS-cwjlkvbqxgbddsairyzxkfxaxriv/Build/Intermediates.noindex/Supabase.build/Debug-iphonesimulator/Auth.build/Objects-normal/arm64/Auth-OutputFileMap.json -use-frontend-parseable-output -save-temps -no-color-diagnostics -explicit-module-build -module-cache-path /Users/anushka_sharma/Library/Developer/Xcode/DerivedData/FMS-cwjlkvbqxgbddsairyzxkfxaxriv/Build/Intermediates.noindex/SwiftExplicitPrecompiledModules -clang-scanner-module-cache-path /Users/anushka_sharma/Library/Developer/Xcode/DerivedData/ModuleCache.noindex -sdk-module-cache-path /Users/anushka_sharma/Library/Developer/Xcode/DerivedData/ModuleCache.noindex -serialize-diagnostics -emit-dependencies -emit-module -emit-module-path /Users/anushka_sharma/Library/Developer/Xcode/DerivedData/FMS-cwjlkvbqxgbddsairyzxkfxaxriv/Build/Intermediates.noindex/Supabase.build/Debug-iphonesimulator/Auth.build/Objects-normal/arm64/Auth.swiftmodule -validate-clang-modules-once -clang-build-session-file /Users/anushka_sharma/Library/Developer/Xcode/DerivedData/ModuleCache.noindex/Session.modulevalidation -package-name supabase_swift -Xcc -I/Users/anushka_sharma/Library/Developer/Xcode/DerivedData/FMS-cwjlkvbqxgbddsairyzxkfxaxriv/Build/Intermediates.noindex/Supabase.build/Debug-iphonesimulator/Auth.build/swift-overrides.hmap -emit-const-values -Xfrontend -const-gather-protocols-file -Xfrontend /Users/anushka_sharma/Library/Developer/Xcode/DerivedData/FMS-cwjlkvbqxgbddsairyzxkfxaxriv/Build/Intermediates.noindex/Supabase.build/Debug-iphonesimulator/Auth.build/Objects-normal/arm64/Auth_const_extract_protocols.json -Xcc -I/Users/anushka_sharma/Library/Developer/Xcode/DerivedData/FMS-cwjlkvbqxgbddsairyzxkfxaxriv/Build/Products/Debug-iphonesimulator/include -Xcc -I/Users/anushka_sharma/Library/Developer/Xcode/DerivedData/FMS-cwjlkvbqxgbddsairyzxkfxaxriv/Build/Intermediates.noindex/Supabase.build/Debug-iphonesimulator/Auth.build/DerivedSources-normal/arm64 -Xcc -I/Users/anushka_sharma/Library/Developer/Xcode/DerivedData/FMS-cwjlkvbqxgbddsairyzxkfxaxriv/Build/Intermediates.noindex/Supabase.build/Debug-iphonesimulator/Auth.build/DerivedSources/arm64 -Xcc -I/Users/anushka_sharma/Library/Developer/Xcode/DerivedData/FMS-cwjlkvbqxgbddsairyzxkfxaxriv/Build/Intermediates.noindex/Supabase.build/Debug-iphonesimulator/Auth.build/DerivedSources -Xcc -DSWIFT_PACKAGE -Xcc -DDEBUG\=1 -emit-objc-header -emit-objc-header-path /Users/anushka_sharma/Library/Developer/Xcode/DerivedData/FMS-cwjlkvbqxgbddsairyzxkfxaxriv/Build/Intermediates.noindex/Supabase.build/Debug-iphonesimulator/Auth.build/Objects-normal/arm64/Auth-Swift.h -working-directory /Users/anushka_sharma/Documents/FMS/FMS.xcodeproj -experimental-emit-module-separately -disable-cmo

SwiftDriver\ Compilation Auth normal arm64 com.apple.xcode.tools.swift.compiler (in target 'Auth' from project 'Supabase')
    cd /Users/anushka_sharma/Documents/FMS/FMS.xcodeproj
    builtin-Swift-Compilation -- /Applications/Xcode.app/Contents/Developer/Toolchains/XcodeDefault.xctoolchain/usr/bin/swiftc -module-name Auth -Onone -enforce-exclusivity\=checked @/Users/anushka_sharma/Library/Developer/Xcode/DerivedData/FMS-cwjlkvbqxgbddsairyzxkfxaxriv/Build/Intermediates.noindex/Supabase.build/Debug-iphonesimulator/Auth.build/Objects-normal/arm64/Auth.SwiftFileList -DSWIFT_PACKAGE -DDEBUG -DSWIFT_MODULE_RESOURCE_BUNDLE_UNAVAILABLE -DXcode -enable-upcoming-feature ExistentialAny -enable-experimental-feature StrictConcurrency -plugin-path /Applications/Xcode.app/Contents/Developer/Toolchains/XcodeDefault.xctoolchain/usr/lib/swift/host/plugins/testing -enable-experimental-feature DebugDescriptionMacro -sdk /Applications/Xcode.app/Contents/Developer/Platforms/iPhoneSimulator.platform/Developer/SDKs/iPhoneSimulator26.2.sdk -target arm64-apple-ios13.0-simulator -g -module-cache-path /Users/anushka_sharma/Library/Developer/Xcode/DerivedData/ModuleCache.noindex -Xfrontend -serialize-debugging-options -enable-testing -suppress-warnings -index-store-path /Users/anushka_sharma/Library/Developer/Xcode/DerivedData/FMS-cwjlkvbqxgbddsairyzxkfxaxriv/Index.noindex/DataStore -Xcc -D_LIBCPP_HARDENING_MODE\=_LIBCPP_HARDENING_MODE_DEBUG -swift-version 5 -I /Users/anushka_sharma/Library/Developer/Xcode/DerivedData/FMS-cwjlkvbqxgbddsairyzxkfxaxriv/Build/Products/Debug-iphonesimulator -Isystem /Applications/Xcode.app/Contents/Developer/Platforms/iPhoneSimulator.platform/Developer/usr/lib -F /Users/anushka_sharma/Library/Developer/Xcode/DerivedData/FMS-cwjlkvbqxgbddsairyzxkfxaxriv/Build/Products/Debug-iphonesimulator/PackageFrameworks -F /Users/anushka_sharma/Library/Developer/Xcode/DerivedData/FMS-cwjlkvbqxgbddsairyzxkfxaxriv/Build/Products/Debug-iphonesimulator/PackageFrameworks -F /Users/anushka_sharma/Library/Developer/Xcode/DerivedData/FMS-cwjlkvbqxgbddsairyzxkfxaxriv/Build/Products/Debug-iphonesimulator/PackageFrameworks -F /Users/anushka_sharma/Library/Developer/Xcode/DerivedData/FMS-cwjlkvbqxgbddsairyzxkfxaxriv/Build/Products/Debug-iphonesimulator/PackageFrameworks -F /Users/anushka_sharma/Library/Developer/Xcode/DerivedData/FMS-cwjlkvbqxgbddsairyzxkfxaxriv/Build/Products/Debug-iphonesimulator/PackageFrameworks -F /Users/anushka_sharma/Library/Developer/Xcode/DerivedData/FMS-cwjlkvbqxgbddsairyzxkfxaxriv/Build/Products/Debug-iphonesimulator/PackageFrameworks -F /Users/anushka_sharma/Library/Developer/Xcode/DerivedData/FMS-cwjlkvbqxgbddsairyzxkfxaxriv/Build/Products/Debug-iphonesimulator/PackageFrameworks -F /Users/anushka_sharma/Library/Developer/Xcode/DerivedData/FMS-cwjlkvbqxgbddsairyzxkfxaxriv/Build/Products/Debug-iphonesimulator/PackageFrameworks -F /Users/anushka_sharma/Library/Developer/Xcode/DerivedData/FMS-cwjlkvbqxgbddsairyzxkfxaxriv/Build/Products/Debug-iphonesimulator -F /Applications/Xcode.app/Contents/Developer/Platforms/iPhoneSimulator.platform/Developer/Library/Frameworks -F /Applications/Xcode.app/Contents/Developer/Platforms/iPhoneSimulator.platform/Developer/SDKs/iPhoneSimulator26.2.sdk/Developer/Library/Frameworks -c -j10 -enable-batch-mode -incremental -Xcc -ivfsstatcache -Xcc /Users/anushka_sharma/Library/Developer/Xcode/DerivedData/SDKStatCaches.noindex/iphonesimulator26.2-23C53-7d00a8b37fbd7999ea79df8ebc024bf0.sdkstatcache -output-file-map /Users/anushka_sharma/Library/Developer/Xcode/DerivedData/FMS-cwjlkvbqxgbddsairyzxkfxaxriv/Build/Intermediates.noindex/Supabase.build/Debug-iphonesimulator/Auth.build/Objects-normal/arm64/Auth-OutputFileMap.json -use-frontend-parseable-output -save-temps -no-color-diagnostics -explicit-module-build -module-cache-path /Users/anushka_sharma/Library/Developer/Xcode/DerivedData/FMS-cwjlkvbqxgbddsairyzxkfxaxriv/Build/Intermediates.noindex/SwiftExplicitPrecompiledModules -clang-scanner-module-cache-path /Users/anushka_sharma/Library/Developer/Xcode/DerivedData/ModuleCache.noindex -sdk-module-cache-path /Users/anushka_sharma/Library/Developer/Xcode/DerivedData/ModuleCache.noindex -serialize-diagnostics -emit-dependencies -emit-module -emit-module-path /Users/anushka_sharma/Library/Developer/Xcode/DerivedData/FMS-cwjlkvbqxgbddsairyzxkfxaxriv/Build/Intermediates.noindex/Supabase.build/Debug-iphonesimulator/Auth.build/Objects-normal/arm64/Auth.swiftmodule -validate-clang-modules-once -clang-build-session-file /Users/anushka_sharma/Library/Developer/Xcode/DerivedData/ModuleCache.noindex/Session.modulevalidation -package-name supabase_swift -Xcc -I/Users/anushka_sharma/Library/Developer/Xcode/DerivedData/FMS-cwjlkvbqxgbddsairyzxkfxaxriv/Build/Intermediates.noindex/Supabase.build/Debug-iphonesimulator/Auth.build/swift-overrides.hmap -emit-const-values -Xfrontend -const-gather-protocols-file -Xfrontend /Users/anushka_sharma/Library/Developer/Xcode/DerivedData/FMS-cwjlkvbqxgbddsairyzxkfxaxriv/Build/Intermediates.noindex/Supabase.build/Debug-iphonesimulator/Auth.build/Objects-normal/arm64/Auth_const_extract_protocols.json -Xcc -I/Users/anushka_sharma/Library/Developer/Xcode/DerivedData/FMS-cwjlkvbqxgbddsairyzxkfxaxriv/Build/Products/Debug-iphonesimulator/include -Xcc -I/Users/anushka_sharma/Library/Developer/Xcode/DerivedData/FMS-cwjlkvbqxgbddsairyzxkfxaxriv/Build/Intermediates.noindex/Supabase.build/Debug-iphonesimulator/Auth.build/DerivedSources-normal/arm64 -Xcc -I/Users/anushka_sharma/Library/Developer/Xcode/DerivedData/FMS-cwjlkvbqxgbddsairyzxkfxaxriv/Build/Intermediates.noindex/Supabase.build/Debug-iphonesimulator/Auth.build/DerivedSources/arm64 -Xcc -I/Users/anushka_sharma/Library/Developer/Xcode/DerivedData/FMS-cwjlkvbqxgbddsairyzxkfxaxriv/Build/Intermediates.noindex/Supabase.build/Debug-iphonesimulator/Auth.build/DerivedSources -Xcc -DSWIFT_PACKAGE -Xcc -DDEBUG\=1 -emit-objc-header -emit-objc-header-path /Users/anushka_sharma/Library/Developer/Xcode/DerivedData/FMS-cwjlkvbqxgbddsairyzxkfxaxriv/Build/Intermediates.noindex/Supabase.build/Debug-iphonesimulator/Auth.build/Objects-normal/arm64/Auth-Swift.h -working-directory /Users/anushka_sharma/Documents/FMS/FMS.xcodeproj -experimental-emit-module-separately -disable-cmo

SwiftMergeGeneratedHeaders /Users/anushka_sharma/Library/Developer/Xcode/DerivedData/FMS-cwjlkvbqxgbddsairyzxkfxaxriv/Build/Intermediates.noindex/GeneratedModuleMaps-iphonesimulator/Auth-Swift.h /Users/anushka_sharma/Library/Developer/Xcode/DerivedData/FMS-cwjlkvbqxgbddsairyzxkfxaxriv/Build/Intermediates.noindex/Supabase.build/Debug-iphonesimulator/Auth.build/Objects-normal/arm64/Auth-Swift.h /Users/anushka_sharma/Library/Developer/Xcode/DerivedData/FMS-cwjlkvbqxgbddsairyzxkfxaxriv/Build/Intermediates.noindex/Supabase.build/Debug-iphonesimulator/Auth.build/Objects-normal/x86_64/Auth-Swift.h (in target 'Auth' from project 'Supabase')
    cd /Users/anushka_sharma/Library/Developer/Xcode/DerivedData/FMS-cwjlkvbqxgbddsairyzxkfxaxriv/SourcePackages/checkouts/supabase-swift
    builtin-swiftHeaderTool -arch arm64 /Users/anushka_sharma/Library/Developer/Xcode/DerivedData/FMS-cwjlkvbqxgbddsairyzxkfxaxriv/Build/Intermediates.noindex/Supabase.build/Debug-iphonesimulator/Auth.build/Objects-normal/arm64/Auth-Swift.h -arch x86_64 /Users/anushka_sharma/Library/Developer/Xcode/DerivedData/FMS-cwjlkvbqxgbddsairyzxkfxaxriv/Build/Intermediates.noindex/Supabase.build/Debug-iphonesimulator/Auth.build/Objects-normal/x86_64/Auth-Swift.h -o /Users/anushka_sharma/Library/Developer/Xcode/DerivedData/FMS-cwjlkvbqxgbddsairyzxkfxaxriv/Build/Intermediates.noindex/GeneratedModuleMaps-iphonesimulator/Auth-Swift.h

Copy /Users/anushka_sharma/Library/Developer/Xcode/DerivedData/FMS-cwjlkvbqxgbddsairyzxkfxaxriv/Build/Products/Debug-iphonesimulator/Auth.swiftmodule/arm64-apple-ios-simulator.swiftdoc /Users/anushka_sharma/Library/Developer/Xcode/DerivedData/FMS-cwjlkvbqxgbddsairyzxkfxaxriv/Build/Intermediates.noindex/Supabase.build/Debug-iphonesimulator/Auth.build/Objects-normal/arm64/Auth.swiftdoc (in target 'Auth' from project 'Supabase')
    cd /Users/anushka_sharma/Library/Developer/Xcode/DerivedData/FMS-cwjlkvbqxgbddsairyzxkfxaxriv/SourcePackages/checkouts/supabase-swift
    builtin-copy -exclude .DS_Store -exclude CVS -exclude .svn -exclude .git -exclude .hg -resolve-src-symlinks -rename /Users/anushka_sharma/Library/Developer/Xcode/DerivedData/FMS-cwjlkvbqxgbddsairyzxkfxaxriv/Build/Intermediates.noindex/Supabase.build/Debug-iphonesimulator/Auth.build/Objects-normal/arm64/Auth.swiftdoc /Users/anushka_sharma/Library/Developer/Xcode/DerivedData/FMS-cwjlkvbqxgbddsairyzxkfxaxriv/Build/Products/Debug-iphonesimulator/Auth.swiftmodule/arm64-apple-ios-simulator.swiftdoc

Copy /Users/anushka_sharma/Library/Developer/Xcode/DerivedData/FMS-cwjlkvbqxgbddsairyzxkfxaxriv/Build/Products/Debug-iphonesimulator/Auth.swiftmodule/arm64-apple-ios-simulator.abi.json /Users/anushka_sharma/Library/Developer/Xcode/DerivedData/FMS-cwjlkvbqxgbddsairyzxkfxaxriv/Build/Intermediates.noindex/Supabase.build/Debug-iphonesimulator/Auth.build/Objects-normal/arm64/Auth.abi.json (in target 'Auth' from project 'Supabase')
    cd /Users/anushka_sharma/Library/Developer/Xcode/DerivedData/FMS-cwjlkvbqxgbddsairyzxkfxaxriv/SourcePackages/checkouts/supabase-swift
    builtin-copy -exclude .DS_Store -exclude CVS -exclude .svn -exclude .git -exclude .hg -resolve-src-symlinks -rename /Users/anushka_sharma/Library/Developer/Xcode/DerivedData/FMS-cwjlkvbqxgbddsairyzxkfxaxriv/Build/Intermediates.noindex/Supabase.build/Debug-iphonesimulator/Auth.build/Objects-normal/arm64/Auth.abi.json /Users/anushka_sharma/Library/Developer/Xcode/DerivedData/FMS-cwjlkvbqxgbddsairyzxkfxaxriv/Build/Products/Debug-iphonesimulator/Auth.swiftmodule/arm64-apple-ios-simulator.abi.json

Copy /Users/anushka_sharma/Library/Developer/Xcode/DerivedData/FMS-cwjlkvbqxgbddsairyzxkfxaxriv/Build/Products/Debug-iphonesimulator/Auth.swiftmodule/arm64-apple-ios-simulator.swiftmodule /Users/anushka_sharma/Library/Developer/Xcode/DerivedData/FMS-cwjlkvbqxgbddsairyzxkfxaxriv/Build/Intermediates.noindex/Supabase.build/Debug-iphonesimulator/Auth.build/Objects-normal/arm64/Auth.swiftmodule (in target 'Auth' from project 'Supabase')
    cd /Users/anushka_sharma/Library/Developer/Xcode/DerivedData/FMS-cwjlkvbqxgbddsairyzxkfxaxriv/SourcePackages/checkouts/supabase-swift
    builtin-copy -exclude .DS_Store -exclude CVS -exclude .svn -exclude .git -exclude .hg -resolve-src-symlinks -rename /Users/anushka_sharma/Library/Developer/Xcode/DerivedData/FMS-cwjlkvbqxgbddsairyzxkfxaxriv/Build/Intermediates.noindex/Supabase.build/Debug-iphonesimulator/Auth.build/Objects-normal/arm64/Auth.swiftmodule /Users/anushka_sharma/Library/Developer/Xcode/DerivedData/FMS-cwjlkvbqxgbddsairyzxkfxaxriv/Build/Products/Debug-iphonesimulator/Auth.swiftmodule/arm64-apple-ios-simulator.swiftmodule

Copy /Users/anushka_sharma/Library/Developer/Xcode/DerivedData/FMS-cwjlkvbqxgbddsairyzxkfxaxriv/Build/Products/Debug-iphonesimulator/Auth.swiftmodule/Project/arm64-apple-ios-simulator.swiftsourceinfo /Users/anushka_sharma/Library/Developer/Xcode/DerivedData/FMS-cwjlkvbqxgbddsairyzxkfxaxriv/Build/Intermediates.noindex/Supabase.build/Debug-iphonesimulator/Auth.build/Objects-normal/arm64/Auth.swiftsourceinfo (in target 'Auth' from project 'Supabase')
    cd /Users/anushka_sharma/Library/Developer/Xcode/DerivedData/FMS-cwjlkvbqxgbddsairyzxkfxaxriv/SourcePackages/checkouts/supabase-swift
    builtin-copy -exclude .DS_Store -exclude CVS -exclude .svn -exclude .git -exclude .hg -resolve-src-symlinks -rename /Users/anushka_sharma/Library/Developer/Xcode/DerivedData/FMS-cwjlkvbqxgbddsairyzxkfxaxriv/Build/Intermediates.noindex/Supabase.build/Debug-iphonesimulator/Auth.build/Objects-normal/arm64/Auth.swiftsourceinfo /Users/anushka_sharma/Library/Developer/Xcode/DerivedData/FMS-cwjlkvbqxgbddsairyzxkfxaxriv/Build/Products/Debug-iphonesimulator/Auth.swiftmodule/Project/arm64-apple-ios-simulator.swiftsourceinfo

Ld /Users/anushka_sharma/Library/Developer/Xcode/DerivedData/FMS-cwjlkvbqxgbddsairyzxkfxaxriv/Build/Intermediates.noindex/Supabase.build/Debug-iphonesimulator/Realtime.build/Objects-normal/arm64/Binary/Realtime.o normal arm64 (in target 'Realtime' from project 'Supabase')
    cd /Users/anushka_sharma/Library/Developer/Xcode/DerivedData/FMS-cwjlkvbqxgbddsairyzxkfxaxriv/SourcePackages/checkouts/supabase-swift
    /Applications/Xcode.app/Contents/Developer/Toolchains/XcodeDefault.xctoolchain/usr/bin/clang -Xlinker -reproducible -target arm64-apple-ios13.0-simulator -r -isysroot /Applications/Xcode.app/Contents/Developer/Platforms/iPhoneSimulator.platform/Developer/SDKs/iPhoneSimulator26.2.sdk -O0 -w -L/Users/anushka_sharma/Library/Developer/Xcode/DerivedData/FMS-cwjlkvbqxgbddsairyzxkfxaxriv/Build/Intermediates.noindex/EagerLinkingTBDs/Debug-iphonesimulator -L/Users/anushka_sharma/Library/Developer/Xcode/DerivedData/FMS-cwjlkvbqxgbddsairyzxkfxaxriv/Build/Products/Debug-iphonesimulator -L/Applications/Xcode.app/Contents/Developer/Platforms/iPhoneSimulator.platform/Developer/usr/lib -F/Users/anushka_sharma/Library/Developer/Xcode/DerivedData/FMS-cwjlkvbqxgbddsairyzxkfxaxriv/Build/Intermediates.noindex/EagerLinkingTBDs/Debug-iphonesimulator -F/Users/anushka_sharma/Library/Developer/Xcode/DerivedData/FMS-cwjlkvbqxgbddsairyzxkfxaxriv/Build/Products/Debug-iphonesimulator/PackageFrameworks -F/Users/anushka_sharma/Library/Developer/Xcode/DerivedData/FMS-cwjlkvbqxgbddsairyzxkfxaxriv/Build/Products/Debug-iphonesimulator/PackageFrameworks -F/Users/anushka_sharma/Library/Developer/Xcode/DerivedData/FMS-cwjlkvbqxgbddsairyzxkfxaxriv/Build/Products/Debug-iphonesimulator/PackageFrameworks -F/Users/anushka_sharma/Library/Developer/Xcode/DerivedData/FMS-cwjlkvbqxgbddsairyzxkfxaxriv/Build/Products/Debug-iphonesimulator/PackageFrameworks -F/Users/anushka_sharma/Library/Developer/Xcode/DerivedData/FMS-cwjlkvbqxgbddsairyzxkfxaxriv/Build/Products/Debug-iphonesimulator/PackageFrameworks -F/Users/anushka_sharma/Library/Developer/Xcode/DerivedData/FMS-cwjlkvbqxgbddsairyzxkfxaxriv/Build/Products/Debug-iphonesimulator/PackageFrameworks -F/Users/anushka_sharma/Library/Developer/Xcode/DerivedData/FMS-cwjlkvbqxgbddsairyzxkfxaxriv/Build/Products/Debug-iphonesimulator/PackageFrameworks -F/Users/anushka_sharma/Library/Developer/Xcode/DerivedData/FMS-cwjlkvbqxgbddsairyzxkfxaxriv/Build/Products/Debug-iphonesimulator -iframework /Applications/Xcode.app/Contents/Developer/Platforms/iPhoneSimulator.platform/Developer/Library/Frameworks -iframework /Applications/Xcode.app/Contents/Developer/Platforms/iPhoneSimulator.platform/Developer/SDKs/iPhoneSimulator26.2.sdk/Developer/Library/Frameworks -filelist /Users/anushka_sharma/Library/Developer/Xcode/DerivedData/FMS-cwjlkvbqxgbddsairyzxkfxaxriv/Build/Intermediates.noindex/Supabase.build/Debug-iphonesimulator/Realtime.build/Objects-normal/arm64/Realtime.LinkFileList -nostdlib -Xlinker -object_path_lto -Xlinker /Users/anushka_sharma/Library/Developer/Xcode/DerivedData/FMS-cwjlkvbqxgbddsairyzxkfxaxriv/Build/Intermediates.noindex/Supabase.build/Debug-iphonesimulator/Realtime.build/Objects-normal/arm64/Realtime_lto.o -rdynamic -Xlinker -no_deduplicate -Xlinker -objc_abi_version -Xlinker 2 -Xlinker -dependency_info -Xlinker /Users/anushka_sharma/Library/Developer/Xcode/DerivedData/FMS-cwjlkvbqxgbddsairyzxkfxaxriv/Build/Intermediates.noindex/Supabase.build/Debug-iphonesimulator/Realtime.build/Objects-normal/arm64/Realtime_dependency_info.dat -fobjc-link-runtime -L/Applications/Xcode.app/Contents/Developer/Toolchains/XcodeDefault.xctoolchain/usr/lib/swift/iphonesimulator -L/usr/lib/swift -Xlinker -add_ast_path -Xlinker /Users/anushka_sharma/Library/Developer/Xcode/DerivedData/FMS-cwjlkvbqxgbddsairyzxkfxaxriv/Build/Intermediates.noindex/Supabase.build/Debug-iphonesimulator/Realtime.build/Objects-normal/arm64/Realtime.swiftmodule @/Users/anushka_sharma/Library/Developer/Xcode/DerivedData/FMS-cwjlkvbqxgbddsairyzxkfxaxriv/Build/Intermediates.noindex/Supabase.build/Debug-iphonesimulator/Realtime.build/Objects-normal/arm64/Realtime-linker-args.resp -o /Users/anushka_sharma/Library/Developer/Xcode/DerivedData/FMS-cwjlkvbqxgbddsairyzxkfxaxriv/Build/Intermediates.noindex/Supabase.build/Debug-iphonesimulator/Realtime.build/Objects-normal/arm64/Binary/Realtime.o

SwiftDriver Supabase normal x86_64 com.apple.xcode.tools.swift.compiler (in target 'Supabase' from project 'Supabase')
    cd /Users/anushka_sharma/Documents/FMS/FMS.xcodeproj
    builtin-SwiftDriver -- /Applications/Xcode.app/Contents/Developer/Toolchains/XcodeDefault.xctoolchain/usr/bin/swiftc -module-name Supabase -Onone -enforce-exclusivity\=checked @/Users/anushka_sharma/Library/Developer/Xcode/DerivedData/FMS-cwjlkvbqxgbddsairyzxkfxaxriv/Build/Intermediates.noindex/Supabase.build/Debug-iphonesimulator/Supabase.build/Objects-normal/x86_64/Supabase.SwiftFileList -DSWIFT_PACKAGE -DDEBUG -DSWIFT_MODULE_RESOURCE_BUNDLE_UNAVAILABLE -DXcode -enable-upcoming-feature ExistentialAny -enable-experimental-feature StrictConcurrency -plugin-path /Applications/Xcode.app/Contents/Developer/Toolchains/XcodeDefault.xctoolchain/usr/lib/swift/host/plugins/testing -enable-experimental-feature DebugDescriptionMacro -sdk /Applications/Xcode.app/Contents/Developer/Platforms/iPhoneSimulator.platform/Developer/SDKs/iPhoneSimulator26.2.sdk -target x86_64-apple-ios13.0-simulator -g -module-cache-path /Users/anushka_sharma/Library/Developer/Xcode/DerivedData/ModuleCache.noindex -Xfrontend -serialize-debugging-options -enable-testing -suppress-warnings -index-store-path /Users/anushka_sharma/Library/Developer/Xcode/DerivedData/FMS-cwjlkvbqxgbddsairyzxkfxaxriv/Index.noindex/DataStore -Xcc -D_LIBCPP_HARDENING_MODE\=_LIBCPP_HARDENING_MODE_DEBUG -swift-version 5 -I /Users/anushka_sharma/Library/Developer/Xcode/DerivedData/FMS-cwjlkvbqxgbddsairyzxkfxaxriv/Build/Products/Debug-iphonesimulator -Isystem /Applications/Xcode.app/Contents/Developer/Platforms/iPhoneSimulator.platform/Developer/usr/lib -F /Users/anushka_sharma/Library/Developer/Xcode/DerivedData/FMS-cwjlkvbqxgbddsairyzxkfxaxriv/Build/Products/Debug-iphonesimulator/PackageFrameworks -F /Users/anushka_sharma/Library/Developer/Xcode/DerivedData/FMS-cwjlkvbqxgbddsairyzxkfxaxriv/Build/Products/Debug-iphonesimulator/PackageFrameworks -F /Users/anushka_sharma/Library/Developer/Xcode/DerivedData/FMS-cwjlkvbqxgbddsairyzxkfxaxriv/Build/Products/Debug-iphonesimulator/PackageFrameworks -F /Users/anushka_sharma/Library/Developer/Xcode/DerivedData/FMS-cwjlkvbqxgbddsairyzxkfxaxriv/Build/Products/Debug-iphonesimulator/PackageFrameworks -F /Users/anushka_sharma/Library/Developer/Xcode/DerivedData/FMS-cwjlkvbqxgbddsairyzxkfxaxriv/Build/Products/Debug-iphonesimulator/PackageFrameworks -F /Users/anushka_sharma/Library/Developer/Xcode/DerivedData/FMS-cwjlkvbqxgbddsairyzxkfxaxriv/Build/Products/Debug-iphonesimulator/PackageFrameworks -F /Users/anushka_sharma/Library/Developer/Xcode/DerivedData/FMS-cwjlkvbqxgbddsairyzxkfxaxriv/Build/Products/Debug-iphonesimulator/PackageFrameworks -F /Users/anushka_sharma/Library/Developer/Xcode/DerivedData/FMS-cwjlkvbqxgbddsairyzxkfxaxriv/Build/Products/Debug-iphonesimulator/PackageFrameworks -F /Users/anushka_sharma/Library/Developer/Xcode/DerivedData/FMS-cwjlkvbqxgbddsairyzxkfxaxriv/Build/Products/Debug-iphonesimulator/PackageFrameworks -F /Users/anushka_sharma/Library/Developer/Xcode/DerivedData/FMS-cwjlkvbqxgbddsairyzxkfxaxriv/Build/Products/Debug-iphonesimulator/PackageFrameworks -F /Users/anushka_sharma/Library/Developer/Xcode/DerivedData/FMS-cwjlkvbqxgbddsairyzxkfxaxriv/Build/Products/Debug-iphonesimulator/PackageFrameworks -F /Users/anushka_sharma/Library/Developer/Xcode/DerivedData/FMS-cwjlkvbqxgbddsairyzxkfxaxriv/Build/Products/Debug-iphonesimulator/PackageFrameworks -F /Users/anushka_sharma/Library/Developer/Xcode/DerivedData/FMS-cwjlkvbqxgbddsairyzxkfxaxriv/Build/Products/Debug-iphonesimulator/PackageFrameworks -F /Users/anushka_sharma/Library/Developer/Xcode/DerivedData/FMS-cwjlkvbqxgbddsairyzxkfxaxriv/Build/Products/Debug-iphonesimulator -F /Applications/Xcode.app/Contents/Developer/Platforms/iPhoneSimulator.platform/Developer/Library/Frameworks -F /Applications/Xcode.app/Contents/Developer/Platforms/iPhoneSimulator.platform/Developer/SDKs/iPhoneSimulator26.2.sdk/Developer/Library/Frameworks -c -j10 -enable-batch-mode -incremental -Xcc -ivfsstatcache -Xcc /Users/anushka_sharma/Library/Developer/Xcode/DerivedData/SDKStatCaches.noindex/iphonesimulator26.2-23C53-7d00a8b37fbd7999ea79df8ebc024bf0.sdkstatcache -output-file-map /Users/anushka_sharma/Library/Developer/Xcode/DerivedData/FMS-cwjlkvbqxgbddsairyzxkfxaxriv/Build/Intermediates.noindex/Supabase.build/Debug-iphonesimulator/Supabase.build/Objects-normal/x86_64/Supabase-OutputFileMap.json -use-frontend-parseable-output -save-temps -no-color-diagnostics -explicit-module-build -module-cache-path /Users/anushka_sharma/Library/Developer/Xcode/DerivedData/FMS-cwjlkvbqxgbddsairyzxkfxaxriv/Build/Intermediates.noindex/SwiftExplicitPrecompiledModules -clang-scanner-module-cache-path /Users/anushka_sharma/Library/Developer/Xcode/DerivedData/ModuleCache.noindex -sdk-module-cache-path /Users/anushka_sharma/Library/Developer/Xcode/DerivedData/ModuleCache.noindex -serialize-diagnostics -emit-dependencies -emit-module -emit-module-path /Users/anushka_sharma/Library/Developer/Xcode/DerivedData/FMS-cwjlkvbqxgbddsairyzxkfxaxriv/Build/Intermediates.noindex/Supabase.build/Debug-iphonesimulator/Supabase.build/Objects-normal/x86_64/Supabase.swiftmodule -validate-clang-modules-once -clang-build-session-file /Users/anushka_sharma/Library/Developer/Xcode/DerivedData/ModuleCache.noindex/Session.modulevalidation -package-name supabase_swift -Xcc -I/Users/anushka_sharma/Library/Developer/Xcode/DerivedData/FMS-cwjlkvbqxgbddsairyzxkfxaxriv/Build/Intermediates.noindex/Supabase.build/Debug-iphonesimulator/Supabase.build/swift-overrides.hmap -emit-const-values -Xfrontend -const-gather-protocols-file -Xfrontend /Users/anushka_sharma/Library/Developer/Xcode/DerivedData/FMS-cwjlkvbqxgbddsairyzxkfxaxriv/Build/Intermediates.noindex/Supabase.build/Debug-iphonesimulator/Supabase.build/Objects-normal/x86_64/Supabase_const_extract_protocols.json -Xcc -I/Users/anushka_sharma/Library/Developer/Xcode/DerivedData/FMS-cwjlkvbqxgbddsairyzxkfxaxriv/Build/Products/Debug-iphonesimulator/include -Xcc -I/Users/anushka_sharma/Library/Developer/Xcode/DerivedData/FMS-cwjlkvbqxgbddsairyzxkfxaxriv/Build/Intermediates.noindex/Supabase.build/Debug-iphonesimulator/Supabase.build/DerivedSources-normal/x86_64 -Xcc -I/Users/anushka_sharma/Library/Developer/Xcode/DerivedData/FMS-cwjlkvbqxgbddsairyzxkfxaxriv/Build/Intermediates.noindex/Supabase.build/Debug-iphonesimulator/Supabase.build/DerivedSources/x86_64 -Xcc -I/Users/anushka_sharma/Library/Developer/Xcode/DerivedData/FMS-cwjlkvbqxgbddsairyzxkfxaxriv/Build/Intermediates.noindex/Supabase.build/Debug-iphonesimulator/Supabase.build/DerivedSources -Xcc -DSWIFT_PACKAGE -Xcc -DDEBUG\=1 -emit-objc-header -emit-objc-header-path /Users/anushka_sharma/Library/Developer/Xcode/DerivedData/FMS-cwjlkvbqxgbddsairyzxkfxaxriv/Build/Intermediates.noindex/Supabase.build/Debug-iphonesimulator/Supabase.build/Objects-normal/x86_64/Supabase-Swift.h -working-directory /Users/anushka_sharma/Documents/FMS/FMS.xcodeproj -experimental-emit-module-separately -disable-cmo

SwiftDriver Supabase normal arm64 com.apple.xcode.tools.swift.compiler (in target 'Supabase' from project 'Supabase')
    cd /Users/anushka_sharma/Documents/FMS/FMS.xcodeproj
    builtin-SwiftDriver -- /Applications/Xcode.app/Contents/Developer/Toolchains/XcodeDefault.xctoolchain/usr/bin/swiftc -module-name Supabase -Onone -enforce-exclusivity\=checked @/Users/anushka_sharma/Library/Developer/Xcode/DerivedData/FMS-cwjlkvbqxgbddsairyzxkfxaxriv/Build/Intermediates.noindex/Supabase.build/Debug-iphonesimulator/Supabase.build/Objects-normal/arm64/Supabase.SwiftFileList -DSWIFT_PACKAGE -DDEBUG -DSWIFT_MODULE_RESOURCE_BUNDLE_UNAVAILABLE -DXcode -enable-upcoming-feature ExistentialAny -enable-experimental-feature StrictConcurrency -plugin-path /Applications/Xcode.app/Contents/Developer/Toolchains/XcodeDefault.xctoolchain/usr/lib/swift/host/plugins/testing -enable-experimental-feature DebugDescriptionMacro -sdk /Applications/Xcode.app/Contents/Developer/Platforms/iPhoneSimulator.platform/Developer/SDKs/iPhoneSimulator26.2.sdk -target arm64-apple-ios13.0-simulator -g -module-cache-path /Users/anushka_sharma/Library/Developer/Xcode/DerivedData/ModuleCache.noindex -Xfrontend -serialize-debugging-options -enable-testing -suppress-warnings -index-store-path /Users/anushka_sharma/Library/Developer/Xcode/DerivedData/FMS-cwjlkvbqxgbddsairyzxkfxaxriv/Index.noindex/DataStore -Xcc -D_LIBCPP_HARDENING_MODE\=_LIBCPP_HARDENING_MODE_DEBUG -swift-version 5 -I /Users/anushka_sharma/Library/Developer/Xcode/DerivedData/FMS-cwjlkvbqxgbddsairyzxkfxaxriv/Build/Products/Debug-iphonesimulator -Isystem /Applications/Xcode.app/Contents/Developer/Platforms/iPhoneSimulator.platform/Developer/usr/lib -F /Users/anushka_sharma/Library/Developer/Xcode/DerivedData/FMS-cwjlkvbqxgbddsairyzxkfxaxriv/Build/Products/Debug-iphonesimulator/PackageFrameworks -F /Users/anushka_sharma/Library/Developer/Xcode/DerivedData/FMS-cwjlkvbqxgbddsairyzxkfxaxriv/Build/Products/Debug-iphonesimulator/PackageFrameworks -F /Users/anushka_sharma/Library/Developer/Xcode/DerivedData/FMS-cwjlkvbqxgbddsairyzxkfxaxriv/Build/Products/Debug-iphonesimulator/PackageFrameworks -F /Users/anushka_sharma/Library/Developer/Xcode/DerivedData/FMS-cwjlkvbqxgbddsairyzxkfxaxriv/Build/Products/Debug-iphonesimulator/PackageFrameworks -F /Users/anushka_sharma/Library/Developer/Xcode/DerivedData/FMS-cwjlkvbqxgbddsairyzxkfxaxriv/Build/Products/Debug-iphonesimulator/PackageFrameworks -F /Users/anushka_sharma/Library/Developer/Xcode/DerivedData/FMS-cwjlkvbqxgbddsairyzxkfxaxriv/Build/Products/Debug-iphonesimulator/PackageFrameworks -F /Users/anushka_sharma/Library/Developer/Xcode/DerivedData/FMS-cwjlkvbqxgbddsairyzxkfxaxriv/Build/Products/Debug-iphonesimulator/PackageFrameworks -F /Users/anushka_sharma/Library/Developer/Xcode/DerivedData/FMS-cwjlkvbqxgbddsairyzxkfxaxriv/Build/Products/Debug-iphonesimulator/PackageFrameworks -F /Users/anushka_sharma/Library/Developer/Xcode/DerivedData/FMS-cwjlkvbqxgbddsairyzxkfxaxriv/Build/Products/Debug-iphonesimulator/PackageFrameworks -F /Users/anushka_sharma/Library/Developer/Xcode/DerivedData/FMS-cwjlkvbqxgbddsairyzxkfxaxriv/Build/Products/Debug-iphonesimulator/PackageFrameworks -F /Users/anushka_sharma/Library/Developer/Xcode/DerivedData/FMS-cwjlkvbqxgbddsairyzxkfxaxriv/Build/Products/Debug-iphonesimulator/PackageFrameworks -F /Users/anushka_sharma/Library/Developer/Xcode/DerivedData/FMS-cwjlkvbqxgbddsairyzxkfxaxriv/Build/Products/Debug-iphonesimulator/PackageFrameworks -F /Users/anushka_sharma/Library/Developer/Xcode/DerivedData/FMS-cwjlkvbqxgbddsairyzxkfxaxriv/Build/Products/Debug-iphonesimulator/PackageFrameworks -F /Users/anushka_sharma/Library/Developer/Xcode/DerivedData/FMS-cwjlkvbqxgbddsairyzxkfxaxriv/Build/Products/Debug-iphonesimulator -F /Applications/Xcode.app/Contents/Developer/Platforms/iPhoneSimulator.platform/Developer/Library/Frameworks -F /Applications/Xcode.app/Contents/Developer/Platforms/iPhoneSimulator.platform/Developer/SDKs/iPhoneSimulator26.2.sdk/Developer/Library/Frameworks -c -j10 -enable-batch-mode -incremental -Xcc -ivfsstatcache -Xcc /Users/anushka_sharma/Library/Developer/Xcode/DerivedData/SDKStatCaches.noindex/iphonesimulator26.2-23C53-7d00a8b37fbd7999ea79df8ebc024bf0.sdkstatcache -output-file-map /Users/anushka_sharma/Library/Developer/Xcode/DerivedData/FMS-cwjlkvbqxgbddsairyzxkfxaxriv/Build/Intermediates.noindex/Supabase.build/Debug-iphonesimulator/Supabase.build/Objects-normal/arm64/Supabase-OutputFileMap.json -use-frontend-parseable-output -save-temps -no-color-diagnostics -explicit-module-build -module-cache-path /Users/anushka_sharma/Library/Developer/Xcode/DerivedData/FMS-cwjlkvbqxgbddsairyzxkfxaxriv/Build/Intermediates.noindex/SwiftExplicitPrecompiledModules -clang-scanner-module-cache-path /Users/anushka_sharma/Library/Developer/Xcode/DerivedData/ModuleCache.noindex -sdk-module-cache-path /Users/anushka_sharma/Library/Developer/Xcode/DerivedData/ModuleCache.noindex -serialize-diagnostics -emit-dependencies -emit-module -emit-module-path /Users/anushka_sharma/Library/Developer/Xcode/DerivedData/FMS-cwjlkvbqxgbddsairyzxkfxaxriv/Build/Intermediates.noindex/Supabase.build/Debug-iphonesimulator/Supabase.build/Objects-normal/arm64/Supabase.swiftmodule -validate-clang-modules-once -clang-build-session-file /Users/anushka_sharma/Library/Developer/Xcode/DerivedData/ModuleCache.noindex/Session.modulevalidation -package-name supabase_swift -Xcc -I/Users/anushka_sharma/Library/Developer/Xcode/DerivedData/FMS-cwjlkvbqxgbddsairyzxkfxaxriv/Build/Intermediates.noindex/Supabase.build/Debug-iphonesimulator/Supabase.build/swift-overrides.hmap -emit-const-values -Xfrontend -const-gather-protocols-file -Xfrontend /Users/anushka_sharma/Library/Developer/Xcode/DerivedData/FMS-cwjlkvbqxgbddsairyzxkfxaxriv/Build/Intermediates.noindex/Supabase.build/Debug-iphonesimulator/Supabase.build/Objects-normal/arm64/Supabase_const_extract_protocols.json -Xcc -I/Users/anushka_sharma/Library/Developer/Xcode/DerivedData/FMS-cwjlkvbqxgbddsairyzxkfxaxriv/Build/Products/Debug-iphonesimulator/include -Xcc -I/Users/anushka_sharma/Library/Developer/Xcode/DerivedData/FMS-cwjlkvbqxgbddsairyzxkfxaxriv/Build/Intermediates.noindex/Supabase.build/Debug-iphonesimulator/Supabase.build/DerivedSources-normal/arm64 -Xcc -I/Users/anushka_sharma/Library/Developer/Xcode/DerivedData/FMS-cwjlkvbqxgbddsairyzxkfxaxriv/Build/Intermediates.noindex/Supabase.build/Debug-iphonesimulator/Supabase.build/DerivedSources/arm64 -Xcc -I/Users/anushka_sharma/Library/Developer/Xcode/DerivedData/FMS-cwjlkvbqxgbddsairyzxkfxaxriv/Build/Intermediates.noindex/Supabase.build/Debug-iphonesimulator/Supabase.build/DerivedSources -Xcc -DSWIFT_PACKAGE -Xcc -DDEBUG\=1 -emit-objc-header -emit-objc-header-path /Users/anushka_sharma/Library/Developer/Xcode/DerivedData/FMS-cwjlkvbqxgbddsairyzxkfxaxriv/Build/Intermediates.noindex/Supabase.build/Debug-iphonesimulator/Supabase.build/Objects-normal/arm64/Supabase-Swift.h -working-directory /Users/anushka_sharma/Documents/FMS/FMS.xcodeproj -experimental-emit-module-separately -disable-cmo

Ld /Users/anushka_sharma/Library/Developer/Xcode/DerivedData/FMS-cwjlkvbqxgbddsairyzxkfxaxriv/Build/Intermediates.noindex/Supabase.build/Debug-iphonesimulator/Auth.build/Objects-normal/arm64/Binary/Auth.o normal arm64 (in target 'Auth' from project 'Supabase')
    cd /Users/anushka_sharma/Library/Developer/Xcode/DerivedData/FMS-cwjlkvbqxgbddsairyzxkfxaxriv/SourcePackages/checkouts/supabase-swift
    /Applications/Xcode.app/Contents/Developer/Toolchains/XcodeDefault.xctoolchain/usr/bin/clang -Xlinker -reproducible -target arm64-apple-ios13.0-simulator -r -isysroot /Applications/Xcode.app/Contents/Developer/Platforms/iPhoneSimulator.platform/Developer/SDKs/iPhoneSimulator26.2.sdk -O0 -w -L/Users/anushka_sharma/Library/Developer/Xcode/DerivedData/FMS-cwjlkvbqxgbddsairyzxkfxaxriv/Build/Intermediates.noindex/EagerLinkingTBDs/Debug-iphonesimulator -L/Users/anushka_sharma/Library/Developer/Xcode/DerivedData/FMS-cwjlkvbqxgbddsairyzxkfxaxriv/Build/Products/Debug-iphonesimulator -L/Applications/Xcode.app/Contents/Developer/Platforms/iPhoneSimulator.platform/Developer/usr/lib -F/Users/anushka_sharma/Library/Developer/Xcode/DerivedData/FMS-cwjlkvbqxgbddsairyzxkfxaxriv/Build/Intermediates.noindex/EagerLinkingTBDs/Debug-iphonesimulator -F/Users/anushka_sharma/Library/Developer/Xcode/DerivedData/FMS-cwjlkvbqxgbddsairyzxkfxaxriv/Build/Products/Debug-iphonesimulator/PackageFrameworks -F/Users/anushka_sharma/Library/Developer/Xcode/DerivedData/FMS-cwjlkvbqxgbddsairyzxkfxaxriv/Build/Products/Debug-iphonesimulator/PackageFrameworks -F/Users/anushka_sharma/Library/Developer/Xcode/DerivedData/FMS-cwjlkvbqxgbddsairyzxkfxaxriv/Build/Products/Debug-iphonesimulator/PackageFrameworks -F/Users/anushka_sharma/Library/Developer/Xcode/DerivedData/FMS-cwjlkvbqxgbddsairyzxkfxaxriv/Build/Products/Debug-iphonesimulator/PackageFrameworks -F/Users/anushka_sharma/Library/Developer/Xcode/DerivedData/FMS-cwjlkvbqxgbddsairyzxkfxaxriv/Build/Products/Debug-iphonesimulator/PackageFrameworks -F/Users/anushka_sharma/Library/Developer/Xcode/DerivedData/FMS-cwjlkvbqxgbddsairyzxkfxaxriv/Build/Products/Debug-iphonesimulator/PackageFrameworks -F/Users/anushka_sharma/Library/Developer/Xcode/DerivedData/FMS-cwjlkvbqxgbddsairyzxkfxaxriv/Build/Products/Debug-iphonesimulator/PackageFrameworks -F/Users/anushka_sharma/Library/Developer/Xcode/DerivedData/FMS-cwjlkvbqxgbddsairyzxkfxaxriv/Build/Products/Debug-iphonesimulator/PackageFrameworks -F/Users/anushka_sharma/Library/Developer/Xcode/DerivedData/FMS-cwjlkvbqxgbddsairyzxkfxaxriv/Build/Products/Debug-iphonesimulator -iframework /Applications/Xcode.app/Contents/Developer/Platforms/iPhoneSimulator.platform/Developer/Library/Frameworks -iframework /Applications/Xcode.app/Contents/Developer/Platforms/iPhoneSimulator.platform/Developer/SDKs/iPhoneSimulator26.2.sdk/Developer/Library/Frameworks -filelist /Users/anushka_sharma/Library/Developer/Xcode/DerivedData/FMS-cwjlkvbqxgbddsairyzxkfxaxriv/Build/Intermediates.noindex/Supabase.build/Debug-iphonesimulator/Auth.build/Objects-normal/arm64/Auth.LinkFileList -nostdlib -Xlinker -object_path_lto -Xlinker /Users/anushka_sharma/Library/Developer/Xcode/DerivedData/FMS-cwjlkvbqxgbddsairyzxkfxaxriv/Build/Intermediates.noindex/Supabase.build/Debug-iphonesimulator/Auth.build/Objects-normal/arm64/Auth_lto.o -rdynamic -Xlinker -no_deduplicate -Xlinker -objc_abi_version -Xlinker 2 -Xlinker -dependency_info -Xlinker /Users/anushka_sharma/Library/Developer/Xcode/DerivedData/FMS-cwjlkvbqxgbddsairyzxkfxaxriv/Build/Intermediates.noindex/Supabase.build/Debug-iphonesimulator/Auth.build/Objects-normal/arm64/Auth_dependency_info.dat -fobjc-link-runtime -L/Applications/Xcode.app/Contents/Developer/Toolchains/XcodeDefault.xctoolchain/usr/lib/swift/iphonesimulator -L/usr/lib/swift -Xlinker -add_ast_path -Xlinker /Users/anushka_sharma/Library/Developer/Xcode/DerivedData/FMS-cwjlkvbqxgbddsairyzxkfxaxriv/Build/Intermediates.noindex/Supabase.build/Debug-iphonesimulator/Auth.build/Objects-normal/arm64/Auth.swiftmodule @/Users/anushka_sharma/Library/Developer/Xcode/DerivedData/FMS-cwjlkvbqxgbddsairyzxkfxaxriv/Build/Intermediates.noindex/Supabase.build/Debug-iphonesimulator/Auth.build/Objects-normal/arm64/Auth-linker-args.resp -o /Users/anushka_sharma/Library/Developer/Xcode/DerivedData/FMS-cwjlkvbqxgbddsairyzxkfxaxriv/Build/Intermediates.noindex/Supabase.build/Debug-iphonesimulator/Auth.build/Objects-normal/arm64/Binary/Auth.o

CreateUniversalBinary /Users/anushka_sharma/Library/Developer/Xcode/DerivedData/FMS-cwjlkvbqxgbddsairyzxkfxaxriv/Build/Products/Debug-iphonesimulator/Realtime.o normal arm64\ x86_64 (in target 'Realtime' from project 'Supabase')
    cd /Users/anushka_sharma/Library/Developer/Xcode/DerivedData/FMS-cwjlkvbqxgbddsairyzxkfxaxriv/SourcePackages/checkouts/supabase-swift
    /Applications/Xcode.app/Contents/Developer/Toolchains/XcodeDefault.xctoolchain/usr/bin/lipo -create /Users/anushka_sharma/Library/Developer/Xcode/DerivedData/FMS-cwjlkvbqxgbddsairyzxkfxaxriv/Build/Intermediates.noindex/Supabase.build/Debug-iphonesimulator/Realtime.build/Objects-normal/arm64/Binary/Realtime.o /Users/anushka_sharma/Library/Developer/Xcode/DerivedData/FMS-cwjlkvbqxgbddsairyzxkfxaxriv/Build/Intermediates.noindex/Supabase.build/Debug-iphonesimulator/Realtime.build/Objects-normal/x86_64/Binary/Realtime.o -output /Users/anushka_sharma/Library/Developer/Xcode/DerivedData/FMS-cwjlkvbqxgbddsairyzxkfxaxriv/Build/Products/Debug-iphonesimulator/Realtime.o

ExtractAppIntentsMetadata (in target 'Realtime' from project 'Supabase')
    cd /Users/anushka_sharma/Library/Developer/Xcode/DerivedData/FMS-cwjlkvbqxgbddsairyzxkfxaxriv/SourcePackages/checkouts/supabase-swift
    /Applications/Xcode.app/Contents/Developer/Toolchains/XcodeDefault.xctoolchain/usr/bin/appintentsmetadataprocessor --toolchain-dir /Applications/Xcode.app/Contents/Developer/Toolchains/XcodeDefault.xctoolchain --module-name Realtime --sdk-root /Applications/Xcode.app/Contents/Developer/Platforms/iPhoneSimulator.platform/Developer/SDKs/iPhoneSimulator26.2.sdk --xcode-version 17C52 --platform-family iOS --deployment-target 13.0 --bundle-identifier supabase-swift.Realtime --output /Users/anushka_sharma/Library/Developer/Xcode/DerivedData/FMS-cwjlkvbqxgbddsairyzxkfxaxriv/Build/Products/Debug-iphonesimulator/Realtime.appintents --target-triple arm64-apple-ios13.0-simulator --target-triple x86_64-apple-ios13.0-simulator --binary-file /Users/anushka_sharma/Library/Developer/Xcode/DerivedData/FMS-cwjlkvbqxgbddsairyzxkfxaxriv/Build/Products/Debug-iphonesimulator/Realtime.o --dependency-file /Users/anushka_sharma/Library/Developer/Xcode/DerivedData/FMS-cwjlkvbqxgbddsairyzxkfxaxriv/Build/Intermediates.noindex/Supabase.build/Debug-iphonesimulator/Realtime.build/Objects-normal/arm64/Realtime_dependency_info.dat --dependency-file /Users/anushka_sharma/Library/Developer/Xcode/DerivedData/FMS-cwjlkvbqxgbddsairyzxkfxaxriv/Build/Intermediates.noindex/Supabase.build/Debug-iphonesimulator/Realtime.build/Objects-normal/x86_64/Realtime_dependency_info.dat --stringsdata-file /Users/anushka_sharma/Library/Developer/Xcode/DerivedData/FMS-cwjlkvbqxgbddsairyzxkfxaxriv/Build/Intermediates.noindex/Supabase.build/Debug-iphonesimulator/Realtime.build/Objects-normal/arm64/ExtractedAppShortcutsMetadata.stringsdata --stringsdata-file /Users/anushka_sharma/Library/Developer/Xcode/DerivedData/FMS-cwjlkvbqxgbddsairyzxkfxaxriv/Build/Intermediates.noindex/Supabase.build/Debug-iphonesimulator/Realtime.build/Objects-normal/x86_64/ExtractedAppShortcutsMetadata.stringsdata --source-file-list /Users/anushka_sharma/Library/Developer/Xcode/DerivedData/FMS-cwjlkvbqxgbddsairyzxkfxaxriv/Build/Intermediates.noindex/Supabase.build/Debug-iphonesimulator/Realtime.build/Objects-normal/arm64/Realtime.SwiftFileList --source-file-list /Users/anushka_sharma/Library/Developer/Xcode/DerivedData/FMS-cwjlkvbqxgbddsairyzxkfxaxriv/Build/Intermediates.noindex/Supabase.build/Debug-iphonesimulator/Realtime.build/Objects-normal/x86_64/Realtime.SwiftFileList --metadata-file-list /Users/anushka_sharma/Library/Developer/Xcode/DerivedData/FMS-cwjlkvbqxgbddsairyzxkfxaxriv/Build/Intermediates.noindex/Supabase.build/Debug-iphonesimulator/Realtime.build/Realtime.DependencyMetadataFileList --static-metadata-file-list /Users/anushka_sharma/Library/Developer/Xcode/DerivedData/FMS-cwjlkvbqxgbddsairyzxkfxaxriv/Build/Intermediates.noindex/Supabase.build/Debug-iphonesimulator/Realtime.build/Realtime.DependencyStaticMetadataFileList --swift-const-vals-list /Users/anushka_sharma/Library/Developer/Xcode/DerivedData/FMS-cwjlkvbqxgbddsairyzxkfxaxriv/Build/Intermediates.noindex/Supabase.build/Debug-iphonesimulator/Realtime.build/Objects-normal/arm64/Realtime.SwiftConstValuesFileList --swift-const-vals-list /Users/anushka_sharma/Library/Developer/Xcode/DerivedData/FMS-cwjlkvbqxgbddsairyzxkfxaxriv/Build/Intermediates.noindex/Supabase.build/Debug-iphonesimulator/Realtime.build/Objects-normal/x86_64/Realtime.SwiftConstValuesFileList --force --compile-time-extraction --deployment-aware-processing --validate-assistant-intents --no-app-shortcuts-localization
2026-05-29 10:07:13.761 appintentsmetadataprocessor[29919:519034] Starting appintentsmetadataprocessor export
2026-05-29 10:07:14.209 appintentsmetadataprocessor[29919:519034] Extracted no relevant App Intents symbols, skipping writing output

CreateUniversalBinary /Users/anushka_sharma/Library/Developer/Xcode/DerivedData/FMS-cwjlkvbqxgbddsairyzxkfxaxriv/Build/Products/Debug-iphonesimulator/Auth.o normal arm64\ x86_64 (in target 'Auth' from project 'Supabase')
    cd /Users/anushka_sharma/Library/Developer/Xcode/DerivedData/FMS-cwjlkvbqxgbddsairyzxkfxaxriv/SourcePackages/checkouts/supabase-swift
    /Applications/Xcode.app/Contents/Developer/Toolchains/XcodeDefault.xctoolchain/usr/bin/lipo -create /Users/anushka_sharma/Library/Developer/Xcode/DerivedData/FMS-cwjlkvbqxgbddsairyzxkfxaxriv/Build/Intermediates.noindex/Supabase.build/Debug-iphonesimulator/Auth.build/Objects-normal/arm64/Binary/Auth.o /Users/anushka_sharma/Library/Developer/Xcode/DerivedData/FMS-cwjlkvbqxgbddsairyzxkfxaxriv/Build/Intermediates.noindex/Supabase.build/Debug-iphonesimulator/Auth.build/Objects-normal/x86_64/Binary/Auth.o -output /Users/anushka_sharma/Library/Developer/Xcode/DerivedData/FMS-cwjlkvbqxgbddsairyzxkfxaxriv/Build/Products/Debug-iphonesimulator/Auth.o

ExtractAppIntentsMetadata (in target 'Auth' from project 'Supabase')
    cd /Users/anushka_sharma/Library/Developer/Xcode/DerivedData/FMS-cwjlkvbqxgbddsairyzxkfxaxriv/SourcePackages/checkouts/supabase-swift
    /Applications/Xcode.app/Contents/Developer/Toolchains/XcodeDefault.xctoolchain/usr/bin/appintentsmetadataprocessor --toolchain-dir /Applications/Xcode.app/Contents/Developer/Toolchains/XcodeDefault.xctoolchain --module-name Auth --sdk-root /Applications/Xcode.app/Contents/Developer/Platforms/iPhoneSimulator.platform/Developer/SDKs/iPhoneSimulator26.2.sdk --xcode-version 17C52 --platform-family iOS --deployment-target 13.0 --bundle-identifier supabase-swift.Auth --output /Users/anushka_sharma/Library/Developer/Xcode/DerivedData/FMS-cwjlkvbqxgbddsairyzxkfxaxriv/Build/Products/Debug-iphonesimulator/Auth.appintents --target-triple arm64-apple-ios13.0-simulator --target-triple x86_64-apple-ios13.0-simulator --binary-file /Users/anushka_sharma/Library/Developer/Xcode/DerivedData/FMS-cwjlkvbqxgbddsairyzxkfxaxriv/Build/Products/Debug-iphonesimulator/Auth.o --dependency-file /Users/anushka_sharma/Library/Developer/Xcode/DerivedData/FMS-cwjlkvbqxgbddsairyzxkfxaxriv/Build/Intermediates.noindex/Supabase.build/Debug-iphonesimulator/Auth.build/Objects-normal/arm64/Auth_dependency_info.dat --dependency-file /Users/anushka_sharma/Library/Developer/Xcode/DerivedData/FMS-cwjlkvbqxgbddsairyzxkfxaxriv/Build/Intermediates.noindex/Supabase.build/Debug-iphonesimulator/Auth.build/Objects-normal/x86_64/Auth_dependency_info.dat --stringsdata-file /Users/anushka_sharma/Library/Developer/Xcode/DerivedData/FMS-cwjlkvbqxgbddsairyzxkfxaxriv/Build/Intermediates.noindex/Supabase.build/Debug-iphonesimulator/Auth.build/Objects-normal/arm64/ExtractedAppShortcutsMetadata.stringsdata --stringsdata-file /Users/anushka_sharma/Library/Developer/Xcode/DerivedData/FMS-cwjlkvbqxgbddsairyzxkfxaxriv/Build/Intermediates.noindex/Supabase.build/Debug-iphonesimulator/Auth.build/Objects-normal/x86_64/ExtractedAppShortcutsMetadata.stringsdata --source-file-list /Users/anushka_sharma/Library/Developer/Xcode/DerivedData/FMS-cwjlkvbqxgbddsairyzxkfxaxriv/Build/Intermediates.noindex/Supabase.build/Debug-iphonesimulator/Auth.build/Objects-normal/arm64/Auth.SwiftFileList --source-file-list /Users/anushka_sharma/Library/Developer/Xcode/DerivedData/FMS-cwjlkvbqxgbddsairyzxkfxaxriv/Build/Intermediates.noindex/Supabase.build/Debug-iphonesimulator/Auth.build/Objects-normal/x86_64/Auth.SwiftFileList --metadata-file-list /Users/anushka_sharma/Library/Developer/Xcode/DerivedData/FMS-cwjlkvbqxgbddsairyzxkfxaxriv/Build/Intermediates.noindex/Supabase.build/Debug-iphonesimulator/Auth.build/Auth.DependencyMetadataFileList --static-metadata-file-list /Users/anushka_sharma/Library/Developer/Xcode/DerivedData/FMS-cwjlkvbqxgbddsairyzxkfxaxriv/Build/Intermediates.noindex/Supabase.build/Debug-iphonesimulator/Auth.build/Auth.DependencyStaticMetadataFileList --swift-const-vals-list /Users/anushka_sharma/Library/Developer/Xcode/DerivedData/FMS-cwjlkvbqxgbddsairyzxkfxaxriv/Build/Intermediates.noindex/Supabase.build/Debug-iphonesimulator/Auth.build/Objects-normal/arm64/Auth.SwiftConstValuesFileList --swift-const-vals-list /Users/anushka_sharma/Library/Developer/Xcode/DerivedData/FMS-cwjlkvbqxgbddsairyzxkfxaxriv/Build/Intermediates.noindex/Supabase.build/Debug-iphonesimulator/Auth.build/Objects-normal/x86_64/Auth.SwiftConstValuesFileList --force --compile-time-extraction --deployment-aware-processing --validate-assistant-intents --no-app-shortcuts-localization
2026-05-29 10:07:13.775 appintentsmetadataprocessor[29921:519046] Starting appintentsmetadataprocessor export
2026-05-29 10:07:14.231 appintentsmetadataprocessor[29921:519046] Extracted no relevant App Intents symbols, skipping writing output

RegisterExecutionPolicyException /Users/anushka_sharma/Library/Developer/Xcode/DerivedData/FMS-cwjlkvbqxgbddsairyzxkfxaxriv/Build/Products/Debug-iphonesimulator/Functions.o (in target 'Functions' from project 'Supabase')
    cd /Users/anushka_sharma/Library/Developer/Xcode/DerivedData/FMS-cwjlkvbqxgbddsairyzxkfxaxriv/SourcePackages/checkouts/supabase-swift
    builtin-RegisterExecutionPolicyException /Users/anushka_sharma/Library/Developer/Xcode/DerivedData/FMS-cwjlkvbqxgbddsairyzxkfxaxriv/Build/Products/Debug-iphonesimulator/Functions.o

RegisterExecutionPolicyException /Users/anushka_sharma/Library/Developer/Xcode/DerivedData/FMS-cwjlkvbqxgbddsairyzxkfxaxriv/Build/Products/Debug-iphonesimulator/Storage.o (in target 'Storage' from project 'Supabase')
    cd /Users/anushka_sharma/Library/Developer/Xcode/DerivedData/FMS-cwjlkvbqxgbddsairyzxkfxaxriv/SourcePackages/checkouts/supabase-swift
    builtin-RegisterExecutionPolicyException /Users/anushka_sharma/Library/Developer/Xcode/DerivedData/FMS-cwjlkvbqxgbddsairyzxkfxaxriv/Build/Products/Debug-iphonesimulator/Storage.o

RegisterExecutionPolicyException /Users/anushka_sharma/Library/Developer/Xcode/DerivedData/FMS-cwjlkvbqxgbddsairyzxkfxaxriv/Build/Products/Debug-iphonesimulator/PostgREST.o (in target 'PostgREST' from project 'Supabase')
    cd /Users/anushka_sharma/Library/Developer/Xcode/DerivedData/FMS-cwjlkvbqxgbddsairyzxkfxaxriv/SourcePackages/checkouts/supabase-swift
    builtin-RegisterExecutionPolicyException /Users/anushka_sharma/Library/Developer/Xcode/DerivedData/FMS-cwjlkvbqxgbddsairyzxkfxaxriv/Build/Products/Debug-iphonesimulator/PostgREST.o

RegisterExecutionPolicyException /Users/anushka_sharma/Library/Developer/Xcode/DerivedData/FMS-cwjlkvbqxgbddsairyzxkfxaxriv/Build/Products/Debug-iphonesimulator/Realtime.o (in target 'Realtime' from project 'Supabase')
    cd /Users/anushka_sharma/Library/Developer/Xcode/DerivedData/FMS-cwjlkvbqxgbddsairyzxkfxaxriv/SourcePackages/checkouts/supabase-swift
    builtin-RegisterExecutionPolicyException /Users/anushka_sharma/Library/Developer/Xcode/DerivedData/FMS-cwjlkvbqxgbddsairyzxkfxaxriv/Build/Products/Debug-iphonesimulator/Realtime.o

SwiftDriver\ Compilation\ Requirements Supabase normal x86_64 com.apple.xcode.tools.swift.compiler (in target 'Supabase' from project 'Supabase')
    cd /Users/anushka_sharma/Documents/FMS/FMS.xcodeproj
    builtin-Swift-Compilation-Requirements -- /Applications/Xcode.app/Contents/Developer/Toolchains/XcodeDefault.xctoolchain/usr/bin/swiftc -module-name Supabase -Onone -enforce-exclusivity\=checked @/Users/anushka_sharma/Library/Developer/Xcode/DerivedData/FMS-cwjlkvbqxgbddsairyzxkfxaxriv/Build/Intermediates.noindex/Supabase.build/Debug-iphonesimulator/Supabase.build/Objects-normal/x86_64/Supabase.SwiftFileList -DSWIFT_PACKAGE -DDEBUG -DSWIFT_MODULE_RESOURCE_BUNDLE_UNAVAILABLE -DXcode -enable-upcoming-feature ExistentialAny -enable-experimental-feature StrictConcurrency -plugin-path /Applications/Xcode.app/Contents/Developer/Toolchains/XcodeDefault.xctoolchain/usr/lib/swift/host/plugins/testing -enable-experimental-feature DebugDescriptionMacro -sdk /Applications/Xcode.app/Contents/Developer/Platforms/iPhoneSimulator.platform/Developer/SDKs/iPhoneSimulator26.2.sdk -target x86_64-apple-ios13.0-simulator -g -module-cache-path /Users/anushka_sharma/Library/Developer/Xcode/DerivedData/ModuleCache.noindex -Xfrontend -serialize-debugging-options -enable-testing -suppress-warnings -index-store-path /Users/anushka_sharma/Library/Developer/Xcode/DerivedData/FMS-cwjlkvbqxgbddsairyzxkfxaxriv/Index.noindex/DataStore -Xcc -D_LIBCPP_HARDENING_MODE\=_LIBCPP_HARDENING_MODE_DEBUG -swift-version 5 -I /Users/anushka_sharma/Library/Developer/Xcode/DerivedData/FMS-cwjlkvbqxgbddsairyzxkfxaxriv/Build/Products/Debug-iphonesimulator -Isystem /Applications/Xcode.app/Contents/Developer/Platforms/iPhoneSimulator.platform/Developer/usr/lib -F /Users/anushka_sharma/Library/Developer/Xcode/DerivedData/FMS-cwjlkvbqxgbddsairyzxkfxaxriv/Build/Products/Debug-iphonesimulator/PackageFrameworks -F /Users/anushka_sharma/Library/Developer/Xcode/DerivedData/FMS-cwjlkvbqxgbddsairyzxkfxaxriv/Build/Products/Debug-iphonesimulator/PackageFrameworks -F /Users/anushka_sharma/Library/Developer/Xcode/DerivedData/FMS-cwjlkvbqxgbddsairyzxkfxaxriv/Build/Products/Debug-iphonesimulator/PackageFrameworks -F /Users/anushka_sharma/Library/Developer/Xcode/DerivedData/FMS-cwjlkvbqxgbddsairyzxkfxaxriv/Build/Products/Debug-iphonesimulator/PackageFrameworks -F /Users/anushka_sharma/Library/Developer/Xcode/DerivedData/FMS-cwjlkvbqxgbddsairyzxkfxaxriv/Build/Products/Debug-iphonesimulator/PackageFrameworks -F /Users/anushka_sharma/Library/Developer/Xcode/DerivedData/FMS-cwjlkvbqxgbddsairyzxkfxaxriv/Build/Products/Debug-iphonesimulator/PackageFrameworks -F /Users/anushka_sharma/Library/Developer/Xcode/DerivedData/FMS-cwjlkvbqxgbddsairyzxkfxaxriv/Build/Products/Debug-iphonesimulator/PackageFrameworks -F /Users/anushka_sharma/Library/Developer/Xcode/DerivedData/FMS-cwjlkvbqxgbddsairyzxkfxaxriv/Build/Products/Debug-iphonesimulator/PackageFrameworks -F /Users/anushka_sharma/Library/Developer/Xcode/DerivedData/FMS-cwjlkvbqxgbddsairyzxkfxaxriv/Build/Products/Debug-iphonesimulator/PackageFrameworks -F /Users/anushka_sharma/Library/Developer/Xcode/DerivedData/FMS-cwjlkvbqxgbddsairyzxkfxaxriv/Build/Products/Debug-iphonesimulator/PackageFrameworks -F /Users/anushka_sharma/Library/Developer/Xcode/DerivedData/FMS-cwjlkvbqxgbddsairyzxkfxaxriv/Build/Products/Debug-iphonesimulator/PackageFrameworks -F /Users/anushka_sharma/Library/Developer/Xcode/DerivedData/FMS-cwjlkvbqxgbddsairyzxkfxaxriv/Build/Products/Debug-iphonesimulator/PackageFrameworks -F /Users/anushka_sharma/Library/Developer/Xcode/DerivedData/FMS-cwjlkvbqxgbddsairyzxkfxaxriv/Build/Products/Debug-iphonesimulator/PackageFrameworks -F /Users/anushka_sharma/Library/Developer/Xcode/DerivedData/FMS-cwjlkvbqxgbddsairyzxkfxaxriv/Build/Products/Debug-iphonesimulator -F /Applications/Xcode.app/Contents/Developer/Platforms/iPhoneSimulator.platform/Developer/Library/Frameworks -F /Applications/Xcode.app/Contents/Developer/Platforms/iPhoneSimulator.platform/Developer/SDKs/iPhoneSimulator26.2.sdk/Developer/Library/Frameworks -c -j10 -enable-batch-mode -incremental -Xcc -ivfsstatcache -Xcc /Users/anushka_sharma/Library/Developer/Xcode/DerivedData/SDKStatCaches.noindex/iphonesimulator26.2-23C53-7d00a8b37fbd7999ea79df8ebc024bf0.sdkstatcache -output-file-map /Users/anushka_sharma/Library/Developer/Xcode/DerivedData/FMS-cwjlkvbqxgbddsairyzxkfxaxriv/Build/Intermediates.noindex/Supabase.build/Debug-iphonesimulator/Supabase.build/Objects-normal/x86_64/Supabase-OutputFileMap.json -use-frontend-parseable-output -save-temps -no-color-diagnostics -explicit-module-build -module-cache-path /Users/anushka_sharma/Library/Developer/Xcode/DerivedData/FMS-cwjlkvbqxgbddsairyzxkfxaxriv/Build/Intermediates.noindex/SwiftExplicitPrecompiledModules -clang-scanner-module-cache-path /Users/anushka_sharma/Library/Developer/Xcode/DerivedData/ModuleCache.noindex -sdk-module-cache-path /Users/anushka_sharma/Library/Developer/Xcode/DerivedData/ModuleCache.noindex -serialize-diagnostics -emit-dependencies -emit-module -emit-module-path /Users/anushka_sharma/Library/Developer/Xcode/DerivedData/FMS-cwjlkvbqxgbddsairyzxkfxaxriv/Build/Intermediates.noindex/Supabase.build/Debug-iphonesimulator/Supabase.build/Objects-normal/x86_64/Supabase.swiftmodule -validate-clang-modules-once -clang-build-session-file /Users/anushka_sharma/Library/Developer/Xcode/DerivedData/ModuleCache.noindex/Session.modulevalidation -package-name supabase_swift -Xcc -I/Users/anushka_sharma/Library/Developer/Xcode/DerivedData/FMS-cwjlkvbqxgbddsairyzxkfxaxriv/Build/Intermediates.noindex/Supabase.build/Debug-iphonesimulator/Supabase.build/swift-overrides.hmap -emit-const-values -Xfrontend -const-gather-protocols-file -Xfrontend /Users/anushka_sharma/Library/Developer/Xcode/DerivedData/FMS-cwjlkvbqxgbddsairyzxkfxaxriv/Build/Intermediates.noindex/Supabase.build/Debug-iphonesimulator/Supabase.build/Objects-normal/x86_64/Supabase_const_extract_protocols.json -Xcc -I/Users/anushka_sharma/Library/Developer/Xcode/DerivedData/FMS-cwjlkvbqxgbddsairyzxkfxaxriv/Build/Products/Debug-iphonesimulator/include -Xcc -I/Users/anushka_sharma/Library/Developer/Xcode/DerivedData/FMS-cwjlkvbqxgbddsairyzxkfxaxriv/Build/Intermediates.noindex/Supabase.build/Debug-iphonesimulator/Supabase.build/DerivedSources-normal/x86_64 -Xcc -I/Users/anushka_sharma/Library/Developer/Xcode/DerivedData/FMS-cwjlkvbqxgbddsairyzxkfxaxriv/Build/Intermediates.noindex/Supabase.build/Debug-iphonesimulator/Supabase.build/DerivedSources/x86_64 -Xcc -I/Users/anushka_sharma/Library/Developer/Xcode/DerivedData/FMS-cwjlkvbqxgbddsairyzxkfxaxriv/Build/Intermediates.noindex/Supabase.build/Debug-iphonesimulator/Supabase.build/DerivedSources -Xcc -DSWIFT_PACKAGE -Xcc -DDEBUG\=1 -emit-objc-header -emit-objc-header-path /Users/anushka_sharma/Library/Developer/Xcode/DerivedData/FMS-cwjlkvbqxgbddsairyzxkfxaxriv/Build/Intermediates.noindex/Supabase.build/Debug-iphonesimulator/Supabase.build/Objects-normal/x86_64/Supabase-Swift.h -working-directory /Users/anushka_sharma/Documents/FMS/FMS.xcodeproj -experimental-emit-module-separately -disable-cmo

SwiftDriver\ Compilation Supabase normal x86_64 com.apple.xcode.tools.swift.compiler (in target 'Supabase' from project 'Supabase')
    cd /Users/anushka_sharma/Documents/FMS/FMS.xcodeproj
    builtin-Swift-Compilation -- /Applications/Xcode.app/Contents/Developer/Toolchains/XcodeDefault.xctoolchain/usr/bin/swiftc -module-name Supabase -Onone -enforce-exclusivity\=checked @/Users/anushka_sharma/Library/Developer/Xcode/DerivedData/FMS-cwjlkvbqxgbddsairyzxkfxaxriv/Build/Intermediates.noindex/Supabase.build/Debug-iphonesimulator/Supabase.build/Objects-normal/x86_64/Supabase.SwiftFileList -DSWIFT_PACKAGE -DDEBUG -DSWIFT_MODULE_RESOURCE_BUNDLE_UNAVAILABLE -DXcode -enable-upcoming-feature ExistentialAny -enable-experimental-feature StrictConcurrency -plugin-path /Applications/Xcode.app/Contents/Developer/Toolchains/XcodeDefault.xctoolchain/usr/lib/swift/host/plugins/testing -enable-experimental-feature DebugDescriptionMacro -sdk /Applications/Xcode.app/Contents/Developer/Platforms/iPhoneSimulator.platform/Developer/SDKs/iPhoneSimulator26.2.sdk -target x86_64-apple-ios13.0-simulator -g -module-cache-path /Users/anushka_sharma/Library/Developer/Xcode/DerivedData/ModuleCache.noindex -Xfrontend -serialize-debugging-options -enable-testing -suppress-warnings -index-store-path /Users/anushka_sharma/Library/Developer/Xcode/DerivedData/FMS-cwjlkvbqxgbddsairyzxkfxaxriv/Index.noindex/DataStore -Xcc -D_LIBCPP_HARDENING_MODE\=_LIBCPP_HARDENING_MODE_DEBUG -swift-version 5 -I /Users/anushka_sharma/Library/Developer/Xcode/DerivedData/FMS-cwjlkvbqxgbddsairyzxkfxaxriv/Build/Products/Debug-iphonesimulator -Isystem /Applications/Xcode.app/Contents/Developer/Platforms/iPhoneSimulator.platform/Developer/usr/lib -F /Users/anushka_sharma/Library/Developer/Xcode/DerivedData/FMS-cwjlkvbqxgbddsairyzxkfxaxriv/Build/Products/Debug-iphonesimulator/PackageFrameworks -F /Users/anushka_sharma/Library/Developer/Xcode/DerivedData/FMS-cwjlkvbqxgbddsairyzxkfxaxriv/Build/Products/Debug-iphonesimulator/PackageFrameworks -F /Users/anushka_sharma/Library/Developer/Xcode/DerivedData/FMS-cwjlkvbqxgbddsairyzxkfxaxriv/Build/Products/Debug-iphonesimulator/PackageFrameworks -F /Users/anushka_sharma/Library/Developer/Xcode/DerivedData/FMS-cwjlkvbqxgbddsairyzxkfxaxriv/Build/Products/Debug-iphonesimulator/PackageFrameworks -F /Users/anushka_sharma/Library/Developer/Xcode/DerivedData/FMS-cwjlkvbqxgbddsairyzxkfxaxriv/Build/Products/Debug-iphonesimulator/PackageFrameworks -F /Users/anushka_sharma/Library/Developer/Xcode/DerivedData/FMS-cwjlkvbqxgbddsairyzxkfxaxriv/Build/Products/Debug-iphonesimulator/PackageFrameworks -F /Users/anushka_sharma/Library/Developer/Xcode/DerivedData/FMS-cwjlkvbqxgbddsairyzxkfxaxriv/Build/Products/Debug-iphonesimulator/PackageFrameworks -F /Users/anushka_sharma/Library/Developer/Xcode/DerivedData/FMS-cwjlkvbqxgbddsairyzxkfxaxriv/Build/Products/Debug-iphonesimulator/PackageFrameworks -F /Users/anushka_sharma/Library/Developer/Xcode/DerivedData/FMS-cwjlkvbqxgbddsairyzxkfxaxriv/Build/Products/Debug-iphonesimulator/PackageFrameworks -F /Users/anushka_sharma/Library/Developer/Xcode/DerivedData/FMS-cwjlkvbqxgbddsairyzxkfxaxriv/Build/Products/Debug-iphonesimulator/PackageFrameworks -F /Users/anushka_sharma/Library/Developer/Xcode/DerivedData/FMS-cwjlkvbqxgbddsairyzxkfxaxriv/Build/Products/Debug-iphonesimulator/PackageFrameworks -F /Users/anushka_sharma/Library/Developer/Xcode/DerivedData/FMS-cwjlkvbqxgbddsairyzxkfxaxriv/Build/Products/Debug-iphonesimulator/PackageFrameworks -F /Users/anushka_sharma/Library/Developer/Xcode/DerivedData/FMS-cwjlkvbqxgbddsairyzxkfxaxriv/Build/Products/Debug-iphonesimulator/PackageFrameworks -F /Users/anushka_sharma/Library/Developer/Xcode/DerivedData/FMS-cwjlkvbqxgbddsairyzxkfxaxriv/Build/Products/Debug-iphonesimulator -F /Applications/Xcode.app/Contents/Developer/Platforms/iPhoneSimulator.platform/Developer/Library/Frameworks -F /Applications/Xcode.app/Contents/Developer/Platforms/iPhoneSimulator.platform/Developer/SDKs/iPhoneSimulator26.2.sdk/Developer/Library/Frameworks -c -j10 -enable-batch-mode -incremental -Xcc -ivfsstatcache -Xcc /Users/anushka_sharma/Library/Developer/Xcode/DerivedData/SDKStatCaches.noindex/iphonesimulator26.2-23C53-7d00a8b37fbd7999ea79df8ebc024bf0.sdkstatcache -output-file-map /Users/anushka_sharma/Library/Developer/Xcode/DerivedData/FMS-cwjlkvbqxgbddsairyzxkfxaxriv/Build/Intermediates.noindex/Supabase.build/Debug-iphonesimulator/Supabase.build/Objects-normal/x86_64/Supabase-OutputFileMap.json -use-frontend-parseable-output -save-temps -no-color-diagnostics -explicit-module-build -module-cache-path /Users/anushka_sharma/Library/Developer/Xcode/DerivedData/FMS-cwjlkvbqxgbddsairyzxkfxaxriv/Build/Intermediates.noindex/SwiftExplicitPrecompiledModules -clang-scanner-module-cache-path /Users/anushka_sharma/Library/Developer/Xcode/DerivedData/ModuleCache.noindex -sdk-module-cache-path /Users/anushka_sharma/Library/Developer/Xcode/DerivedData/ModuleCache.noindex -serialize-diagnostics -emit-dependencies -emit-module -emit-module-path /Users/anushka_sharma/Library/Developer/Xcode/DerivedData/FMS-cwjlkvbqxgbddsairyzxkfxaxriv/Build/Intermediates.noindex/Supabase.build/Debug-iphonesimulator/Supabase.build/Objects-normal/x86_64/Supabase.swiftmodule -validate-clang-modules-once -clang-build-session-file /Users/anushka_sharma/Library/Developer/Xcode/DerivedData/ModuleCache.noindex/Session.modulevalidation -package-name supabase_swift -Xcc -I/Users/anushka_sharma/Library/Developer/Xcode/DerivedData/FMS-cwjlkvbqxgbddsairyzxkfxaxriv/Build/Intermediates.noindex/Supabase.build/Debug-iphonesimulator/Supabase.build/swift-overrides.hmap -emit-const-values -Xfrontend -const-gather-protocols-file -Xfrontend /Users/anushka_sharma/Library/Developer/Xcode/DerivedData/FMS-cwjlkvbqxgbddsairyzxkfxaxriv/Build/Intermediates.noindex/Supabase.build/Debug-iphonesimulator/Supabase.build/Objects-normal/x86_64/Supabase_const_extract_protocols.json -Xcc -I/Users/anushka_sharma/Library/Developer/Xcode/DerivedData/FMS-cwjlkvbqxgbddsairyzxkfxaxriv/Build/Products/Debug-iphonesimulator/include -Xcc -I/Users/anushka_sharma/Library/Developer/Xcode/DerivedData/FMS-cwjlkvbqxgbddsairyzxkfxaxriv/Build/Intermediates.noindex/Supabase.build/Debug-iphonesimulator/Supabase.build/DerivedSources-normal/x86_64 -Xcc -I/Users/anushka_sharma/Library/Developer/Xcode/DerivedData/FMS-cwjlkvbqxgbddsairyzxkfxaxriv/Build/Intermediates.noindex/Supabase.build/Debug-iphonesimulator/Supabase.build/DerivedSources/x86_64 -Xcc -I/Users/anushka_sharma/Library/Developer/Xcode/DerivedData/FMS-cwjlkvbqxgbddsairyzxkfxaxriv/Build/Intermediates.noindex/Supabase.build/Debug-iphonesimulator/Supabase.build/DerivedSources -Xcc -DSWIFT_PACKAGE -Xcc -DDEBUG\=1 -emit-objc-header -emit-objc-header-path /Users/anushka_sharma/Library/Developer/Xcode/DerivedData/FMS-cwjlkvbqxgbddsairyzxkfxaxriv/Build/Intermediates.noindex/Supabase.build/Debug-iphonesimulator/Supabase.build/Objects-normal/x86_64/Supabase-Swift.h -working-directory /Users/anushka_sharma/Documents/FMS/FMS.xcodeproj -experimental-emit-module-separately -disable-cmo

RegisterExecutionPolicyException /Users/anushka_sharma/Library/Developer/Xcode/DerivedData/FMS-cwjlkvbqxgbddsairyzxkfxaxriv/Build/Products/Debug-iphonesimulator/Auth.o (in target 'Auth' from project 'Supabase')
    cd /Users/anushka_sharma/Library/Developer/Xcode/DerivedData/FMS-cwjlkvbqxgbddsairyzxkfxaxriv/SourcePackages/checkouts/supabase-swift
    builtin-RegisterExecutionPolicyException /Users/anushka_sharma/Library/Developer/Xcode/DerivedData/FMS-cwjlkvbqxgbddsairyzxkfxaxriv/Build/Products/Debug-iphonesimulator/Auth.o

SwiftDriver\ Compilation\ Requirements Supabase normal arm64 com.apple.xcode.tools.swift.compiler (in target 'Supabase' from project 'Supabase')
    cd /Users/anushka_sharma/Documents/FMS/FMS.xcodeproj
    builtin-Swift-Compilation-Requirements -- /Applications/Xcode.app/Contents/Developer/Toolchains/XcodeDefault.xctoolchain/usr/bin/swiftc -module-name Supabase -Onone -enforce-exclusivity\=checked @/Users/anushka_sharma/Library/Developer/Xcode/DerivedData/FMS-cwjlkvbqxgbddsairyzxkfxaxriv/Build/Intermediates.noindex/Supabase.build/Debug-iphonesimulator/Supabase.build/Objects-normal/arm64/Supabase.SwiftFileList -DSWIFT_PACKAGE -DDEBUG -DSWIFT_MODULE_RESOURCE_BUNDLE_UNAVAILABLE -DXcode -enable-upcoming-feature ExistentialAny -enable-experimental-feature StrictConcurrency -plugin-path /Applications/Xcode.app/Contents/Developer/Toolchains/XcodeDefault.xctoolchain/usr/lib/swift/host/plugins/testing -enable-experimental-feature DebugDescriptionMacro -sdk /Applications/Xcode.app/Contents/Developer/Platforms/iPhoneSimulator.platform/Developer/SDKs/iPhoneSimulator26.2.sdk -target arm64-apple-ios13.0-simulator -g -module-cache-path /Users/anushka_sharma/Library/Developer/Xcode/DerivedData/ModuleCache.noindex -Xfrontend -serialize-debugging-options -enable-testing -suppress-warnings -index-store-path /Users/anushka_sharma/Library/Developer/Xcode/DerivedData/FMS-cwjlkvbqxgbddsairyzxkfxaxriv/Index.noindex/DataStore -Xcc -D_LIBCPP_HARDENING_MODE\=_LIBCPP_HARDENING_MODE_DEBUG -swift-version 5 -I /Users/anushka_sharma/Library/Developer/Xcode/DerivedData/FMS-cwjlkvbqxgbddsairyzxkfxaxriv/Build/Products/Debug-iphonesimulator -Isystem /Applications/Xcode.app/Contents/Developer/Platforms/iPhoneSimulator.platform/Developer/usr/lib -F /Users/anushka_sharma/Library/Developer/Xcode/DerivedData/FMS-cwjlkvbqxgbddsairyzxkfxaxriv/Build/Products/Debug-iphonesimulator/PackageFrameworks -F /Users/anushka_sharma/Library/Developer/Xcode/DerivedData/FMS-cwjlkvbqxgbddsairyzxkfxaxriv/Build/Products/Debug-iphonesimulator/PackageFrameworks -F /Users/anushka_sharma/Library/Developer/Xcode/DerivedData/FMS-cwjlkvbqxgbddsairyzxkfxaxriv/Build/Products/Debug-iphonesimulator/PackageFrameworks -F /Users/anushka_sharma/Library/Developer/Xcode/DerivedData/FMS-cwjlkvbqxgbddsairyzxkfxaxriv/Build/Products/Debug-iphonesimulator/PackageFrameworks -F /Users/anushka_sharma/Library/Developer/Xcode/DerivedData/FMS-cwjlkvbqxgbddsairyzxkfxaxriv/Build/Products/Debug-iphonesimulator/PackageFrameworks -F /Users/anushka_sharma/Library/Developer/Xcode/DerivedData/FMS-cwjlkvbqxgbddsairyzxkfxaxriv/Build/Products/Debug-iphonesimulator/PackageFrameworks -F /Users/anushka_sharma/Library/Developer/Xcode/DerivedData/FMS-cwjlkvbqxgbddsairyzxkfxaxriv/Build/Products/Debug-iphonesimulator/PackageFrameworks -F /Users/anushka_sharma/Library/Developer/Xcode/DerivedData/FMS-cwjlkvbqxgbddsairyzxkfxaxriv/Build/Products/Debug-iphonesimulator/PackageFrameworks -F /Users/anushka_sharma/Library/Developer/Xcode/DerivedData/FMS-cwjlkvbqxgbddsairyzxkfxaxriv/Build/Products/Debug-iphonesimulator/PackageFrameworks -F /Users/anushka_sharma/Library/Developer/Xcode/DerivedData/FMS-cwjlkvbqxgbddsairyzxkfxaxriv/Build/Products/Debug-iphonesimulator/PackageFrameworks -F /Users/anushka_sharma/Library/Developer/Xcode/DerivedData/FMS-cwjlkvbqxgbddsairyzxkfxaxriv/Build/Products/Debug-iphonesimulator/PackageFrameworks -F /Users/anushka_sharma/Library/Developer/Xcode/DerivedData/FMS-cwjlkvbqxgbddsairyzxkfxaxriv/Build/Products/Debug-iphonesimulator/PackageFrameworks -F /Users/anushka_sharma/Library/Developer/Xcode/DerivedData/FMS-cwjlkvbqxgbddsairyzxkfxaxriv/Build/Products/Debug-iphonesimulator/PackageFrameworks -F /Users/anushka_sharma/Library/Developer/Xcode/DerivedData/FMS-cwjlkvbqxgbddsairyzxkfxaxriv/Build/Products/Debug-iphonesimulator -F /Applications/Xcode.app/Contents/Developer/Platforms/iPhoneSimulator.platform/Developer/Library/Frameworks -F /Applications/Xcode.app/Contents/Developer/Platforms/iPhoneSimulator.platform/Developer/SDKs/iPhoneSimulator26.2.sdk/Developer/Library/Frameworks -c -j10 -enable-batch-mode -incremental -Xcc -ivfsstatcache -Xcc /Users/anushka_sharma/Library/Developer/Xcode/DerivedData/SDKStatCaches.noindex/iphonesimulator26.2-23C53-7d00a8b37fbd7999ea79df8ebc024bf0.sdkstatcache -output-file-map /Users/anushka_sharma/Library/Developer/Xcode/DerivedData/FMS-cwjlkvbqxgbddsairyzxkfxaxriv/Build/Intermediates.noindex/Supabase.build/Debug-iphonesimulator/Supabase.build/Objects-normal/arm64/Supabase-OutputFileMap.json -use-frontend-parseable-output -save-temps -no-color-diagnostics -explicit-module-build -module-cache-path /Users/anushka_sharma/Library/Developer/Xcode/DerivedData/FMS-cwjlkvbqxgbddsairyzxkfxaxriv/Build/Intermediates.noindex/SwiftExplicitPrecompiledModules -clang-scanner-module-cache-path /Users/anushka_sharma/Library/Developer/Xcode/DerivedData/ModuleCache.noindex -sdk-module-cache-path /Users/anushka_sharma/Library/Developer/Xcode/DerivedData/ModuleCache.noindex -serialize-diagnostics -emit-dependencies -emit-module -emit-module-path /Users/anushka_sharma/Library/Developer/Xcode/DerivedData/FMS-cwjlkvbqxgbddsairyzxkfxaxriv/Build/Intermediates.noindex/Supabase.build/Debug-iphonesimulator/Supabase.build/Objects-normal/arm64/Supabase.swiftmodule -validate-clang-modules-once -clang-build-session-file /Users/anushka_sharma/Library/Developer/Xcode/DerivedData/ModuleCache.noindex/Session.modulevalidation -package-name supabase_swift -Xcc -I/Users/anushka_sharma/Library/Developer/Xcode/DerivedData/FMS-cwjlkvbqxgbddsairyzxkfxaxriv/Build/Intermediates.noindex/Supabase.build/Debug-iphonesimulator/Supabase.build/swift-overrides.hmap -emit-const-values -Xfrontend -const-gather-protocols-file -Xfrontend /Users/anushka_sharma/Library/Developer/Xcode/DerivedData/FMS-cwjlkvbqxgbddsairyzxkfxaxriv/Build/Intermediates.noindex/Supabase.build/Debug-iphonesimulator/Supabase.build/Objects-normal/arm64/Supabase_const_extract_protocols.json -Xcc -I/Users/anushka_sharma/Library/Developer/Xcode/DerivedData/FMS-cwjlkvbqxgbddsairyzxkfxaxriv/Build/Products/Debug-iphonesimulator/include -Xcc -I/Users/anushka_sharma/Library/Developer/Xcode/DerivedData/FMS-cwjlkvbqxgbddsairyzxkfxaxriv/Build/Intermediates.noindex/Supabase.build/Debug-iphonesimulator/Supabase.build/DerivedSources-normal/arm64 -Xcc -I/Users/anushka_sharma/Library/Developer/Xcode/DerivedData/FMS-cwjlkvbqxgbddsairyzxkfxaxriv/Build/Intermediates.noindex/Supabase.build/Debug-iphonesimulator/Supabase.build/DerivedSources/arm64 -Xcc -I/Users/anushka_sharma/Library/Developer/Xcode/DerivedData/FMS-cwjlkvbqxgbddsairyzxkfxaxriv/Build/Intermediates.noindex/Supabase.build/Debug-iphonesimulator/Supabase.build/DerivedSources -Xcc -DSWIFT_PACKAGE -Xcc -DDEBUG\=1 -emit-objc-header -emit-objc-header-path /Users/anushka_sharma/Library/Developer/Xcode/DerivedData/FMS-cwjlkvbqxgbddsairyzxkfxaxriv/Build/Intermediates.noindex/Supabase.build/Debug-iphonesimulator/Supabase.build/Objects-normal/arm64/Supabase-Swift.h -working-directory /Users/anushka_sharma/Documents/FMS/FMS.xcodeproj -experimental-emit-module-separately -disable-cmo

SwiftDriver\ Compilation Supabase normal arm64 com.apple.xcode.tools.swift.compiler (in target 'Supabase' from project 'Supabase')
    cd /Users/anushka_sharma/Documents/FMS/FMS.xcodeproj
    builtin-Swift-Compilation -- /Applications/Xcode.app/Contents/Developer/Toolchains/XcodeDefault.xctoolchain/usr/bin/swiftc -module-name Supabase -Onone -enforce-exclusivity\=checked @/Users/anushka_sharma/Library/Developer/Xcode/DerivedData/FMS-cwjlkvbqxgbddsairyzxkfxaxriv/Build/Intermediates.noindex/Supabase.build/Debug-iphonesimulator/Supabase.build/Objects-normal/arm64/Supabase.SwiftFileList -DSWIFT_PACKAGE -DDEBUG -DSWIFT_MODULE_RESOURCE_BUNDLE_UNAVAILABLE -DXcode -enable-upcoming-feature ExistentialAny -enable-experimental-feature StrictConcurrency -plugin-path /Applications/Xcode.app/Contents/Developer/Toolchains/XcodeDefault.xctoolchain/usr/lib/swift/host/plugins/testing -enable-experimental-feature DebugDescriptionMacro -sdk /Applications/Xcode.app/Contents/Developer/Platforms/iPhoneSimulator.platform/Developer/SDKs/iPhoneSimulator26.2.sdk -target arm64-apple-ios13.0-simulator -g -module-cache-path /Users/anushka_sharma/Library/Developer/Xcode/DerivedData/ModuleCache.noindex -Xfrontend -serialize-debugging-options -enable-testing -suppress-warnings -index-store-path /Users/anushka_sharma/Library/Developer/Xcode/DerivedData/FMS-cwjlkvbqxgbddsairyzxkfxaxriv/Index.noindex/DataStore -Xcc -D_LIBCPP_HARDENING_MODE\=_LIBCPP_HARDENING_MODE_DEBUG -swift-version 5 -I /Users/anushka_sharma/Library/Developer/Xcode/DerivedData/FMS-cwjlkvbqxgbddsairyzxkfxaxriv/Build/Products/Debug-iphonesimulator -Isystem /Applications/Xcode.app/Contents/Developer/Platforms/iPhoneSimulator.platform/Developer/usr/lib -F /Users/anushka_sharma/Library/Developer/Xcode/DerivedData/FMS-cwjlkvbqxgbddsairyzxkfxaxriv/Build/Products/Debug-iphonesimulator/PackageFrameworks -F /Users/anushka_sharma/Library/Developer/Xcode/DerivedData/FMS-cwjlkvbqxgbddsairyzxkfxaxriv/Build/Products/Debug-iphonesimulator/PackageFrameworks -F /Users/anushka_sharma/Library/Developer/Xcode/DerivedData/FMS-cwjlkvbqxgbddsairyzxkfxaxriv/Build/Products/Debug-iphonesimulator/PackageFrameworks -F /Users/anushka_sharma/Library/Developer/Xcode/DerivedData/FMS-cwjlkvbqxgbddsairyzxkfxaxriv/Build/Products/Debug-iphonesimulator/PackageFrameworks -F /Users/anushka_sharma/Library/Developer/Xcode/DerivedData/FMS-cwjlkvbqxgbddsairyzxkfxaxriv/Build/Products/Debug-iphonesimulator/PackageFrameworks -F /Users/anushka_sharma/Library/Developer/Xcode/DerivedData/FMS-cwjlkvbqxgbddsairyzxkfxaxriv/Build/Products/Debug-iphonesimulator/PackageFrameworks -F /Users/anushka_sharma/Library/Developer/Xcode/DerivedData/FMS-cwjlkvbqxgbddsairyzxkfxaxriv/Build/Products/Debug-iphonesimulator/PackageFrameworks -F /Users/anushka_sharma/Library/Developer/Xcode/DerivedData/FMS-cwjlkvbqxgbddsairyzxkfxaxriv/Build/Products/Debug-iphonesimulator/PackageFrameworks -F /Users/anushka_sharma/Library/Developer/Xcode/DerivedData/FMS-cwjlkvbqxgbddsairyzxkfxaxriv/Build/Products/Debug-iphonesimulator/PackageFrameworks -F /Users/anushka_sharma/Library/Developer/Xcode/DerivedData/FMS-cwjlkvbqxgbddsairyzxkfxaxriv/Build/Products/Debug-iphonesimulator/PackageFrameworks -F /Users/anushka_sharma/Library/Developer/Xcode/DerivedData/FMS-cwjlkvbqxgbddsairyzxkfxaxriv/Build/Products/Debug-iphonesimulator/PackageFrameworks -F /Users/anushka_sharma/Library/Developer/Xcode/DerivedData/FMS-cwjlkvbqxgbddsairyzxkfxaxriv/Build/Products/Debug-iphonesimulator/PackageFrameworks -F /Users/anushka_sharma/Library/Developer/Xcode/DerivedData/FMS-cwjlkvbqxgbddsairyzxkfxaxriv/Build/Products/Debug-iphonesimulator/PackageFrameworks -F /Users/anushka_sharma/Library/Developer/Xcode/DerivedData/FMS-cwjlkvbqxgbddsairyzxkfxaxriv/Build/Products/Debug-iphonesimulator -F /Applications/Xcode.app/Contents/Developer/Platforms/iPhoneSimulator.platform/Developer/Library/Frameworks -F /Applications/Xcode.app/Contents/Developer/Platforms/iPhoneSimulator.platform/Developer/SDKs/iPhoneSimulator26.2.sdk/Developer/Library/Frameworks -c -j10 -enable-batch-mode -incremental -Xcc -ivfsstatcache -Xcc /Users/anushka_sharma/Library/Developer/Xcode/DerivedData/SDKStatCaches.noindex/iphonesimulator26.2-23C53-7d00a8b37fbd7999ea79df8ebc024bf0.sdkstatcache -output-file-map /Users/anushka_sharma/Library/Developer/Xcode/DerivedData/FMS-cwjlkvbqxgbddsairyzxkfxaxriv/Build/Intermediates.noindex/Supabase.build/Debug-iphonesimulator/Supabase.build/Objects-normal/arm64/Supabase-OutputFileMap.json -use-frontend-parseable-output -save-temps -no-color-diagnostics -explicit-module-build -module-cache-path /Users/anushka_sharma/Library/Developer/Xcode/DerivedData/FMS-cwjlkvbqxgbddsairyzxkfxaxriv/Build/Intermediates.noindex/SwiftExplicitPrecompiledModules -clang-scanner-module-cache-path /Users/anushka_sharma/Library/Developer/Xcode/DerivedData/ModuleCache.noindex -sdk-module-cache-path /Users/anushka_sharma/Library/Developer/Xcode/DerivedData/ModuleCache.noindex -serialize-diagnostics -emit-dependencies -emit-module -emit-module-path /Users/anushka_sharma/Library/Developer/Xcode/DerivedData/FMS-cwjlkvbqxgbddsairyzxkfxaxriv/Build/Intermediates.noindex/Supabase.build/Debug-iphonesimulator/Supabase.build/Objects-normal/arm64/Supabase.swiftmodule -validate-clang-modules-once -clang-build-session-file /Users/anushka_sharma/Library/Developer/Xcode/DerivedData/ModuleCache.noindex/Session.modulevalidation -package-name supabase_swift -Xcc -I/Users/anushka_sharma/Library/Developer/Xcode/DerivedData/FMS-cwjlkvbqxgbddsairyzxkfxaxriv/Build/Intermediates.noindex/Supabase.build/Debug-iphonesimulator/Supabase.build/swift-overrides.hmap -emit-const-values -Xfrontend -const-gather-protocols-file -Xfrontend /Users/anushka_sharma/Library/Developer/Xcode/DerivedData/FMS-cwjlkvbqxgbddsairyzxkfxaxriv/Build/Intermediates.noindex/Supabase.build/Debug-iphonesimulator/Supabase.build/Objects-normal/arm64/Supabase_const_extract_protocols.json -Xcc -I/Users/anushka_sharma/Library/Developer/Xcode/DerivedData/FMS-cwjlkvbqxgbddsairyzxkfxaxriv/Build/Products/Debug-iphonesimulator/include -Xcc -I/Users/anushka_sharma/Library/Developer/Xcode/DerivedData/FMS-cwjlkvbqxgbddsairyzxkfxaxriv/Build/Intermediates.noindex/Supabase.build/Debug-iphonesimulator/Supabase.build/DerivedSources-normal/arm64 -Xcc -I/Users/anushka_sharma/Library/Developer/Xcode/DerivedData/FMS-cwjlkvbqxgbddsairyzxkfxaxriv/Build/Intermediates.noindex/Supabase.build/Debug-iphonesimulator/Supabase.build/DerivedSources/arm64 -Xcc -I/Users/anushka_sharma/Library/Developer/Xcode/DerivedData/FMS-cwjlkvbqxgbddsairyzxkfxaxriv/Build/Intermediates.noindex/Supabase.build/Debug-iphonesimulator/Supabase.build/DerivedSources -Xcc -DSWIFT_PACKAGE -Xcc -DDEBUG\=1 -emit-objc-header -emit-objc-header-path /Users/anushka_sharma/Library/Developer/Xcode/DerivedData/FMS-cwjlkvbqxgbddsairyzxkfxaxriv/Build/Intermediates.noindex/Supabase.build/Debug-iphonesimulator/Supabase.build/Objects-normal/arm64/Supabase-Swift.h -working-directory /Users/anushka_sharma/Documents/FMS/FMS.xcodeproj -experimental-emit-module-separately -disable-cmo

Copy /Users/anushka_sharma/Library/Developer/Xcode/DerivedData/FMS-cwjlkvbqxgbddsairyzxkfxaxriv/Build/Products/Debug-iphonesimulator/Supabase.swiftmodule/arm64-apple-ios-simulator.swiftmodule /Users/anushka_sharma/Library/Developer/Xcode/DerivedData/FMS-cwjlkvbqxgbddsairyzxkfxaxriv/Build/Intermediates.noindex/Supabase.build/Debug-iphonesimulator/Supabase.build/Objects-normal/arm64/Supabase.swiftmodule (in target 'Supabase' from project 'Supabase')
    cd /Users/anushka_sharma/Library/Developer/Xcode/DerivedData/FMS-cwjlkvbqxgbddsairyzxkfxaxriv/SourcePackages/checkouts/supabase-swift
    builtin-copy -exclude .DS_Store -exclude CVS -exclude .svn -exclude .git -exclude .hg -resolve-src-symlinks -rename /Users/anushka_sharma/Library/Developer/Xcode/DerivedData/FMS-cwjlkvbqxgbddsairyzxkfxaxriv/Build/Intermediates.noindex/Supabase.build/Debug-iphonesimulator/Supabase.build/Objects-normal/arm64/Supabase.swiftmodule /Users/anushka_sharma/Library/Developer/Xcode/DerivedData/FMS-cwjlkvbqxgbddsairyzxkfxaxriv/Build/Products/Debug-iphonesimulator/Supabase.swiftmodule/arm64-apple-ios-simulator.swiftmodule

Copy /Users/anushka_sharma/Library/Developer/Xcode/DerivedData/FMS-cwjlkvbqxgbddsairyzxkfxaxriv/Build/Products/Debug-iphonesimulator/Supabase.swiftmodule/arm64-apple-ios-simulator.abi.json /Users/anushka_sharma/Library/Developer/Xcode/DerivedData/FMS-cwjlkvbqxgbddsairyzxkfxaxriv/Build/Intermediates.noindex/Supabase.build/Debug-iphonesimulator/Supabase.build/Objects-normal/arm64/Supabase.abi.json (in target 'Supabase' from project 'Supabase')
    cd /Users/anushka_sharma/Library/Developer/Xcode/DerivedData/FMS-cwjlkvbqxgbddsairyzxkfxaxriv/SourcePackages/checkouts/supabase-swift
    builtin-copy -exclude .DS_Store -exclude CVS -exclude .svn -exclude .git -exclude .hg -resolve-src-symlinks -rename /Users/anushka_sharma/Library/Developer/Xcode/DerivedData/FMS-cwjlkvbqxgbddsairyzxkfxaxriv/Build/Intermediates.noindex/Supabase.build/Debug-iphonesimulator/Supabase.build/Objects-normal/arm64/Supabase.abi.json /Users/anushka_sharma/Library/Developer/Xcode/DerivedData/FMS-cwjlkvbqxgbddsairyzxkfxaxriv/Build/Products/Debug-iphonesimulator/Supabase.swiftmodule/arm64-apple-ios-simulator.abi.json

SwiftMergeGeneratedHeaders /Users/anushka_sharma/Library/Developer/Xcode/DerivedData/FMS-cwjlkvbqxgbddsairyzxkfxaxriv/Build/Intermediates.noindex/GeneratedModuleMaps-iphonesimulator/Supabase-Swift.h /Users/anushka_sharma/Library/Developer/Xcode/DerivedData/FMS-cwjlkvbqxgbddsairyzxkfxaxriv/Build/Intermediates.noindex/Supabase.build/Debug-iphonesimulator/Supabase.build/Objects-normal/arm64/Supabase-Swift.h /Users/anushka_sharma/Library/Developer/Xcode/DerivedData/FMS-cwjlkvbqxgbddsairyzxkfxaxriv/Build/Intermediates.noindex/Supabase.build/Debug-iphonesimulator/Supabase.build/Objects-normal/x86_64/Supabase-Swift.h (in target 'Supabase' from project 'Supabase')
    cd /Users/anushka_sharma/Library/Developer/Xcode/DerivedData/FMS-cwjlkvbqxgbddsairyzxkfxaxriv/SourcePackages/checkouts/supabase-swift
    builtin-swiftHeaderTool -arch arm64 /Users/anushka_sharma/Library/Developer/Xcode/DerivedData/FMS-cwjlkvbqxgbddsairyzxkfxaxriv/Build/Intermediates.noindex/Supabase.build/Debug-iphonesimulator/Supabase.build/Objects-normal/arm64/Supabase-Swift.h -arch x86_64 /Users/anushka_sharma/Library/Developer/Xcode/DerivedData/FMS-cwjlkvbqxgbddsairyzxkfxaxriv/Build/Intermediates.noindex/Supabase.build/Debug-iphonesimulator/Supabase.build/Objects-normal/x86_64/Supabase-Swift.h -o /Users/anushka_sharma/Library/Developer/Xcode/DerivedData/FMS-cwjlkvbqxgbddsairyzxkfxaxriv/Build/Intermediates.noindex/GeneratedModuleMaps-iphonesimulator/Supabase-Swift.h

Copy /Users/anushka_sharma/Library/Developer/Xcode/DerivedData/FMS-cwjlkvbqxgbddsairyzxkfxaxriv/Build/Products/Debug-iphonesimulator/Supabase.swiftmodule/arm64-apple-ios-simulator.swiftdoc /Users/anushka_sharma/Library/Developer/Xcode/DerivedData/FMS-cwjlkvbqxgbddsairyzxkfxaxriv/Build/Intermediates.noindex/Supabase.build/Debug-iphonesimulator/Supabase.build/Objects-normal/arm64/Supabase.swiftdoc (in target 'Supabase' from project 'Supabase')
    cd /Users/anushka_sharma/Library/Developer/Xcode/DerivedData/FMS-cwjlkvbqxgbddsairyzxkfxaxriv/SourcePackages/checkouts/supabase-swift
    builtin-copy -exclude .DS_Store -exclude CVS -exclude .svn -exclude .git -exclude .hg -resolve-src-symlinks -rename /Users/anushka_sharma/Library/Developer/Xcode/DerivedData/FMS-cwjlkvbqxgbddsairyzxkfxaxriv/Build/Intermediates.noindex/Supabase.build/Debug-iphonesimulator/Supabase.build/Objects-normal/arm64/Supabase.swiftdoc /Users/anushka_sharma/Library/Developer/Xcode/DerivedData/FMS-cwjlkvbqxgbddsairyzxkfxaxriv/Build/Products/Debug-iphonesimulator/Supabase.swiftmodule/arm64-apple-ios-simulator.swiftdoc

Copy /Users/anushka_sharma/Library/Developer/Xcode/DerivedData/FMS-cwjlkvbqxgbddsairyzxkfxaxriv/Build/Products/Debug-iphonesimulator/Supabase.swiftmodule/Project/arm64-apple-ios-simulator.swiftsourceinfo /Users/anushka_sharma/Library/Developer/Xcode/DerivedData/FMS-cwjlkvbqxgbddsairyzxkfxaxriv/Build/Intermediates.noindex/Supabase.build/Debug-iphonesimulator/Supabase.build/Objects-normal/arm64/Supabase.swiftsourceinfo (in target 'Supabase' from project 'Supabase')
    cd /Users/anushka_sharma/Library/Developer/Xcode/DerivedData/FMS-cwjlkvbqxgbddsairyzxkfxaxriv/SourcePackages/checkouts/supabase-swift
    builtin-copy -exclude .DS_Store -exclude CVS -exclude .svn -exclude .git -exclude .hg -resolve-src-symlinks -rename /Users/anushka_sharma/Library/Developer/Xcode/DerivedData/FMS-cwjlkvbqxgbddsairyzxkfxaxriv/Build/Intermediates.noindex/Supabase.build/Debug-iphonesimulator/Supabase.build/Objects-normal/arm64/Supabase.swiftsourceinfo /Users/anushka_sharma/Library/Developer/Xcode/DerivedData/FMS-cwjlkvbqxgbddsairyzxkfxaxriv/Build/Products/Debug-iphonesimulator/Supabase.swiftmodule/Project/arm64-apple-ios-simulator.swiftsourceinfo

Ld /Users/anushka_sharma/Library/Developer/Xcode/DerivedData/FMS-cwjlkvbqxgbddsairyzxkfxaxriv/Build/Intermediates.noindex/Supabase.build/Debug-iphonesimulator/Supabase.build/Objects-normal/arm64/Binary/Supabase.o normal arm64 (in target 'Supabase' from project 'Supabase')
    cd /Users/anushka_sharma/Library/Developer/Xcode/DerivedData/FMS-cwjlkvbqxgbddsairyzxkfxaxriv/SourcePackages/checkouts/supabase-swift
    /Applications/Xcode.app/Contents/Developer/Toolchains/XcodeDefault.xctoolchain/usr/bin/clang -Xlinker -reproducible -target arm64-apple-ios13.0-simulator -r -isysroot /Applications/Xcode.app/Contents/Developer/Platforms/iPhoneSimulator.platform/Developer/SDKs/iPhoneSimulator26.2.sdk -O0 -w -L/Users/anushka_sharma/Library/Developer/Xcode/DerivedData/FMS-cwjlkvbqxgbddsairyzxkfxaxriv/Build/Intermediates.noindex/EagerLinkingTBDs/Debug-iphonesimulator -L/Users/anushka_sharma/Library/Developer/Xcode/DerivedData/FMS-cwjlkvbqxgbddsairyzxkfxaxriv/Build/Products/Debug-iphonesimulator -L/Applications/Xcode.app/Contents/Developer/Platforms/iPhoneSimulator.platform/Developer/usr/lib -F/Users/anushka_sharma/Library/Developer/Xcode/DerivedData/FMS-cwjlkvbqxgbddsairyzxkfxaxriv/Build/Intermediates.noindex/EagerLinkingTBDs/Debug-iphonesimulator -F/Users/anushka_sharma/Library/Developer/Xcode/DerivedData/FMS-cwjlkvbqxgbddsairyzxkfxaxriv/Build/Products/Debug-iphonesimulator/PackageFrameworks -F/Users/anushka_sharma/Library/Developer/Xcode/DerivedData/FMS-cwjlkvbqxgbddsairyzxkfxaxriv/Build/Products/Debug-iphonesimulator/PackageFrameworks -F/Users/anushka_sharma/Library/Developer/Xcode/DerivedData/FMS-cwjlkvbqxgbddsairyzxkfxaxriv/Build/Products/Debug-iphonesimulator/PackageFrameworks -F/Users/anushka_sharma/Library/Developer/Xcode/DerivedData/FMS-cwjlkvbqxgbddsairyzxkfxaxriv/Build/Products/Debug-iphonesimulator/PackageFrameworks -F/Users/anushka_sharma/Library/Developer/Xcode/DerivedData/FMS-cwjlkvbqxgbddsairyzxkfxaxriv/Build/Products/Debug-iphonesimulator/PackageFrameworks -F/Users/anushka_sharma/Library/Developer/Xcode/DerivedData/FMS-cwjlkvbqxgbddsairyzxkfxaxriv/Build/Products/Debug-iphonesimulator/PackageFrameworks -F/Users/anushka_sharma/Library/Developer/Xcode/DerivedData/FMS-cwjlkvbqxgbddsairyzxkfxaxriv/Build/Products/Debug-iphonesimulator/PackageFrameworks -F/Users/anushka_sharma/Library/Developer/Xcode/DerivedData/FMS-cwjlkvbqxgbddsairyzxkfxaxriv/Build/Products/Debug-iphonesimulator/PackageFrameworks -F/Users/anushka_sharma/Library/Developer/Xcode/DerivedData/FMS-cwjlkvbqxgbddsairyzxkfxaxriv/Build/Products/Debug-iphonesimulator/PackageFrameworks -F/Users/anushka_sharma/Library/Developer/Xcode/DerivedData/FMS-cwjlkvbqxgbddsairyzxkfxaxriv/Build/Products/Debug-iphonesimulator/PackageFrameworks -F/Users/anushka_sharma/Library/Developer/Xcode/DerivedData/FMS-cwjlkvbqxgbddsairyzxkfxaxriv/Build/Products/Debug-iphonesimulator/PackageFrameworks -F/Users/anushka_sharma/Library/Developer/Xcode/DerivedData/FMS-cwjlkvbqxgbddsairyzxkfxaxriv/Build/Products/Debug-iphonesimulator/PackageFrameworks -F/Users/anushka_sharma/Library/Developer/Xcode/DerivedData/FMS-cwjlkvbqxgbddsairyzxkfxaxriv/Build/Products/Debug-iphonesimulator/PackageFrameworks -F/Users/anushka_sharma/Library/Developer/Xcode/DerivedData/FMS-cwjlkvbqxgbddsairyzxkfxaxriv/Build/Products/Debug-iphonesimulator -iframework /Applications/Xcode.app/Contents/Developer/Platforms/iPhoneSimulator.platform/Developer/Library/Frameworks -iframework /Applications/Xcode.app/Contents/Developer/Platforms/iPhoneSimulator.platform/Developer/SDKs/iPhoneSimulator26.2.sdk/Developer/Library/Frameworks -filelist /Users/anushka_sharma/Library/Developer/Xcode/DerivedData/FMS-cwjlkvbqxgbddsairyzxkfxaxriv/Build/Intermediates.noindex/Supabase.build/Debug-iphonesimulator/Supabase.build/Objects-normal/arm64/Supabase.LinkFileList -nostdlib -Xlinker -object_path_lto -Xlinker /Users/anushka_sharma/Library/Developer/Xcode/DerivedData/FMS-cwjlkvbqxgbddsairyzxkfxaxriv/Build/Intermediates.noindex/Supabase.build/Debug-iphonesimulator/Supabase.build/Objects-normal/arm64/Supabase_lto.o -rdynamic -Xlinker -no_deduplicate -Xlinker -objc_abi_version -Xlinker 2 -Xlinker -dependency_info -Xlinker /Users/anushka_sharma/Library/Developer/Xcode/DerivedData/FMS-cwjlkvbqxgbddsairyzxkfxaxriv/Build/Intermediates.noindex/Supabase.build/Debug-iphonesimulator/Supabase.build/Objects-normal/arm64/Supabase_dependency_info.dat -fobjc-link-runtime -L/Applications/Xcode.app/Contents/Developer/Toolchains/XcodeDefault.xctoolchain/usr/lib/swift/iphonesimulator -L/usr/lib/swift -Xlinker -add_ast_path -Xlinker /Users/anushka_sharma/Library/Developer/Xcode/DerivedData/FMS-cwjlkvbqxgbddsairyzxkfxaxriv/Build/Intermediates.noindex/Supabase.build/Debug-iphonesimulator/Supabase.build/Objects-normal/arm64/Supabase.swiftmodule @/Users/anushka_sharma/Library/Developer/Xcode/DerivedData/FMS-cwjlkvbqxgbddsairyzxkfxaxriv/Build/Intermediates.noindex/Supabase.build/Debug-iphonesimulator/Supabase.build/Objects-normal/arm64/Supabase-linker-args.resp -o /Users/anushka_sharma/Library/Developer/Xcode/DerivedData/FMS-cwjlkvbqxgbddsairyzxkfxaxriv/Build/Intermediates.noindex/Supabase.build/Debug-iphonesimulator/Supabase.build/Objects-normal/arm64/Binary/Supabase.o

ProcessProductPackaging "" /Users/anushka_sharma/Library/Developer/Xcode/DerivedData/FMS-cwjlkvbqxgbddsairyzxkfxaxriv/Build/Intermediates.noindex/FMS.build/Debug-iphonesimulator/FMS.build/FMS.app-Simulated.xcent (in target 'FMS' from project 'FMS')
    cd /Users/anushka_sharma/Documents/FMS
    
    Entitlements:
    
    {
    "application-identifier" = "2H4ZY39HH3.-332";
}
    
    builtin-productPackagingUtility -entitlements -format xml -o /Users/anushka_sharma/Library/Developer/Xcode/DerivedData/FMS-cwjlkvbqxgbddsairyzxkfxaxriv/Build/Intermediates.noindex/FMS.build/Debug-iphonesimulator/FMS.build/FMS.app-Simulated.xcent

ProcessProductPackagingDER /Users/anushka_sharma/Library/Developer/Xcode/DerivedData/FMS-cwjlkvbqxgbddsairyzxkfxaxriv/Build/Intermediates.noindex/FMS.build/Debug-iphonesimulator/FMS.build/FMS.app-Simulated.xcent /Users/anushka_sharma/Library/Developer/Xcode/DerivedData/FMS-cwjlkvbqxgbddsairyzxkfxaxriv/Build/Intermediates.noindex/FMS.build/Debug-iphonesimulator/FMS.build/FMS.app-Simulated.xcent.der (in target 'FMS' from project 'FMS')
    cd /Users/anushka_sharma/Documents/FMS
    /usr/bin/derq query -f xml -i /Users/anushka_sharma/Library/Developer/Xcode/DerivedData/FMS-cwjlkvbqxgbddsairyzxkfxaxriv/Build/Intermediates.noindex/FMS.build/Debug-iphonesimulator/FMS.build/FMS.app-Simulated.xcent -o /Users/anushka_sharma/Library/Developer/Xcode/DerivedData/FMS-cwjlkvbqxgbddsairyzxkfxaxriv/Build/Intermediates.noindex/FMS.build/Debug-iphonesimulator/FMS.build/FMS.app-Simulated.xcent.der --raw

SwiftDriver FMS normal x86_64 com.apple.xcode.tools.swift.compiler (in target 'FMS' from project 'FMS')
    cd /Users/anushka_sharma/Documents/FMS
    builtin-SwiftDriver -- /Applications/Xcode.app/Contents/Developer/Toolchains/XcodeDefault.xctoolchain/usr/bin/swiftc -module-name FMS -Onone -enforce-exclusivity\=checked @/Users/anushka_sharma/Library/Developer/Xcode/DerivedData/FMS-cwjlkvbqxgbddsairyzxkfxaxriv/Build/Intermediates.noindex/FMS.build/Debug-iphonesimulator/FMS.build/Objects-normal/x86_64/FMS.SwiftFileList -DDEBUG -default-isolation\=MainActor -enable-bare-slash-regex -enable-upcoming-feature DisableOutwardActorInference -enable-upcoming-feature InferSendableFromCaptures -enable-upcoming-feature GlobalActorIsolatedTypesUsability -enable-upcoming-feature MemberImportVisibility -enable-upcoming-feature InferIsolatedConformances -enable-upcoming-feature NonisolatedNonsendingByDefault -enable-experimental-feature DebugDescriptionMacro -sdk /Applications/Xcode.app/Contents/Developer/Platforms/iPhoneSimulator.platform/Developer/SDKs/iPhoneSimulator26.2.sdk -target x86_64-apple-ios26.0-simulator -g -module-cache-path /Users/anushka_sharma/Library/Developer/Xcode/DerivedData/ModuleCache.noindex -Xfrontend -serialize-debugging-options -enable-testing -index-store-path /Users/anushka_sharma/Library/Developer/Xcode/DerivedData/FMS-cwjlkvbqxgbddsairyzxkfxaxriv/Index.noindex/DataStore -Xcc -D_LIBCPP_HARDENING_MODE\=_LIBCPP_HARDENING_MODE_DEBUG -swift-version 5 -I /Users/anushka_sharma/Library/Developer/Xcode/DerivedData/FMS-cwjlkvbqxgbddsairyzxkfxaxriv/Build/Products/Debug-iphonesimulator -F /Users/anushka_sharma/Library/Developer/Xcode/DerivedData/FMS-cwjlkvbqxgbddsairyzxkfxaxriv/Build/Products/Debug-iphonesimulator/PackageFrameworks -F /Users/anushka_sharma/Library/Developer/Xcode/DerivedData/FMS-cwjlkvbqxgbddsairyzxkfxaxriv/Build/Products/Debug-iphonesimulator/PackageFrameworks -F /Users/anushka_sharma/Library/Developer/Xcode/DerivedData/FMS-cwjlkvbqxgbddsairyzxkfxaxriv/Build/Products/Debug-iphonesimulator/PackageFrameworks -F /Users/anushka_sharma/Library/Developer/Xcode/DerivedData/FMS-cwjlkvbqxgbddsairyzxkfxaxriv/Build/Products/Debug-iphonesimulator/PackageFrameworks -F /Users/anushka_sharma/Library/Developer/Xcode/DerivedData/FMS-cwjlkvbqxgbddsairyzxkfxaxriv/Build/Products/Debug-iphonesimulator/PackageFrameworks -F /Users/anushka_sharma/Library/Developer/Xcode/DerivedData/FMS-cwjlkvbqxgbddsairyzxkfxaxriv/Build/Products/Debug-iphonesimulator/PackageFrameworks -F /Users/anushka_sharma/Library/Developer/Xcode/DerivedData/FMS-cwjlkvbqxgbddsairyzxkfxaxriv/Build/Products/Debug-iphonesimulator/PackageFrameworks -F /Users/anushka_sharma/Library/Developer/Xcode/DerivedData/FMS-cwjlkvbqxgbddsairyzxkfxaxriv/Build/Products/Debug-iphonesimulator/PackageFrameworks -F /Users/anushka_sharma/Library/Developer/Xcode/DerivedData/FMS-cwjlkvbqxgbddsairyzxkfxaxriv/Build/Products/Debug-iphonesimulator/PackageFrameworks -F /Users/anushka_sharma/Library/Developer/Xcode/DerivedData/FMS-cwjlkvbqxgbddsairyzxkfxaxriv/Build/Products/Debug-iphonesimulator/PackageFrameworks -F /Users/anushka_sharma/Library/Developer/Xcode/DerivedData/FMS-cwjlkvbqxgbddsairyzxkfxaxriv/Build/Products/Debug-iphonesimulator/PackageFrameworks -F /Users/anushka_sharma/Library/Developer/Xcode/DerivedData/FMS-cwjlkvbqxgbddsairyzxkfxaxriv/Build/Products/Debug-iphonesimulator/PackageFrameworks -F /Users/anushka_sharma/Library/Developer/Xcode/DerivedData/FMS-cwjlkvbqxgbddsairyzxkfxaxriv/Build/Products/Debug-iphonesimulator/PackageFrameworks -F /Users/anushka_sharma/Library/Developer/Xcode/DerivedData/FMS-cwjlkvbqxgbddsairyzxkfxaxriv/Build/Products/Debug-iphonesimulator/PackageFrameworks -F /Users/anushka_sharma/Library/Developer/Xcode/DerivedData/FMS-cwjlkvbqxgbddsairyzxkfxaxriv/Build/Products/Debug-iphonesimulator -emit-localized-strings -emit-localized-strings-path /Users/anushka_sharma/Library/Developer/Xcode/DerivedData/FMS-cwjlkvbqxgbddsairyzxkfxaxriv/Build/Intermediates.noindex/FMS.build/Debug-iphonesimulator/FMS.build/Objects-normal/x86_64 -c -j10 -enable-batch-mode -incremental -Xcc -ivfsstatcache -Xcc /Users/anushka_sharma/Library/Developer/Xcode/DerivedData/SDKStatCaches.noindex/iphonesimulator26.2-23C53-7d00a8b37fbd7999ea79df8ebc024bf0.sdkstatcache -output-file-map /Users/anushka_sharma/Library/Developer/Xcode/DerivedData/FMS-cwjlkvbqxgbddsairyzxkfxaxriv/Build/Intermediates.noindex/FMS.build/Debug-iphonesimulator/FMS.build/Objects-normal/x86_64/FMS-OutputFileMap.json -use-frontend-parseable-output -save-temps -no-color-diagnostics -explicit-module-build -module-cache-path /Users/anushka_sharma/Library/Developer/Xcode/DerivedData/FMS-cwjlkvbqxgbddsairyzxkfxaxriv/Build/Intermediates.noindex/SwiftExplicitPrecompiledModules -clang-scanner-module-cache-path /Users/anushka_sharma/Library/Developer/Xcode/DerivedData/ModuleCache.noindex -sdk-module-cache-path /Users/anushka_sharma/Library/Developer/Xcode/DerivedData/ModuleCache.noindex -serialize-diagnostics -emit-dependencies -emit-module -emit-module-path /Users/anushka_sharma/Library/Developer/Xcode/DerivedData/FMS-cwjlkvbqxgbddsairyzxkfxaxriv/Build/Intermediates.noindex/FMS.build/Debug-iphonesimulator/FMS.build/Objects-normal/x86_64/FMS.swiftmodule -validate-clang-modules-once -clang-build-session-file /Users/anushka_sharma/Library/Developer/Xcode/DerivedData/ModuleCache.noindex/Session.modulevalidation -Xcc -I/Users/anushka_sharma/Library/Developer/Xcode/DerivedData/FMS-cwjlkvbqxgbddsairyzxkfxaxriv/Build/Intermediates.noindex/FMS.build/Debug-iphonesimulator/FMS.build/swift-overrides.hmap -emit-const-values -Xfrontend -const-gather-protocols-file -Xfrontend /Users/anushka_sharma/Library/Developer/Xcode/DerivedData/FMS-cwjlkvbqxgbddsairyzxkfxaxriv/Build/Intermediates.noindex/FMS.build/Debug-iphonesimulator/FMS.build/Objects-normal/x86_64/FMS_const_extract_protocols.json -Xcc -iquote -Xcc /Users/anushka_sharma/Library/Developer/Xcode/DerivedData/FMS-cwjlkvbqxgbddsairyzxkfxaxriv/Build/Intermediates.noindex/FMS.build/Debug-iphonesimulator/FMS.build/FMS-generated-files.hmap -Xcc -I/Users/anushka_sharma/Library/Developer/Xcode/DerivedData/FMS-cwjlkvbqxgbddsairyzxkfxaxriv/Build/Intermediates.noindex/FMS.build/Debug-iphonesimulator/FMS.build/FMS-own-target-headers.hmap -Xcc -I/Users/anushka_sharma/Library/Developer/Xcode/DerivedData/FMS-cwjlkvbqxgbddsairyzxkfxaxriv/Build/Intermediates.noindex/FMS.build/Debug-iphonesimulator/FMS.build/FMS-all-non-framework-target-headers.hmap -Xcc -ivfsoverlay -Xcc /Users/anushka_sharma/Library/Developer/Xcode/DerivedData/FMS-cwjlkvbqxgbddsairyzxkfxaxriv/Build/Intermediates.noindex/FMS.build/Debug-iphonesimulator/FMS-09ac764f5f6a6aaea0b26801b5883ea5-VFS-iphonesimulator/all-product-headers.yaml -Xcc -iquote -Xcc /Users/anushka_sharma/Library/Developer/Xcode/DerivedData/FMS-cwjlkvbqxgbddsairyzxkfxaxriv/Build/Intermediates.noindex/FMS.build/Debug-iphonesimulator/FMS.build/FMS-project-headers.hmap -Xcc -I/Users/anushka_sharma/Library/Developer/Xcode/DerivedData/FMS-cwjlkvbqxgbddsairyzxkfxaxriv/Build/Products/Debug-iphonesimulator/include -Xcc -I/Users/anushka_sharma/Library/Developer/Xcode/DerivedData/FMS-cwjlkvbqxgbddsairyzxkfxaxriv/Build/Intermediates.noindex/FMS.build/Debug-iphonesimulator/FMS.build/DerivedSources-normal/x86_64 -Xcc -I/Users/anushka_sharma/Library/Developer/Xcode/DerivedData/FMS-cwjlkvbqxgbddsairyzxkfxaxriv/Build/Intermediates.noindex/FMS.build/Debug-iphonesimulator/FMS.build/DerivedSources/x86_64 -Xcc -I/Users/anushka_sharma/Library/Developer/Xcode/DerivedData/FMS-cwjlkvbqxgbddsairyzxkfxaxriv/Build/Intermediates.noindex/FMS.build/Debug-iphonesimulator/FMS.build/DerivedSources -Xcc -DDEBUG\=1 -emit-objc-header -emit-objc-header-path /Users/anushka_sharma/Library/Developer/Xcode/DerivedData/FMS-cwjlkvbqxgbddsairyzxkfxaxriv/Build/Intermediates.noindex/FMS.build/Debug-iphonesimulator/FMS.build/Objects-normal/x86_64/FMS-Swift.h -working-directory /Users/anushka_sharma/Documents/FMS -experimental-emit-module-separately -disable-cmo

SwiftDriver FMS normal arm64 com.apple.xcode.tools.swift.compiler (in target 'FMS' from project 'FMS')
    cd /Users/anushka_sharma/Documents/FMS
    builtin-SwiftDriver -- /Applications/Xcode.app/Contents/Developer/Toolchains/XcodeDefault.xctoolchain/usr/bin/swiftc -module-name FMS -Onone -enforce-exclusivity\=checked @/Users/anushka_sharma/Library/Developer/Xcode/DerivedData/FMS-cwjlkvbqxgbddsairyzxkfxaxriv/Build/Intermediates.noindex/FMS.build/Debug-iphonesimulator/FMS.build/Objects-normal/arm64/FMS.SwiftFileList -DDEBUG -default-isolation\=MainActor -enable-bare-slash-regex -enable-upcoming-feature DisableOutwardActorInference -enable-upcoming-feature InferSendableFromCaptures -enable-upcoming-feature GlobalActorIsolatedTypesUsability -enable-upcoming-feature MemberImportVisibility -enable-upcoming-feature InferIsolatedConformances -enable-upcoming-feature NonisolatedNonsendingByDefault -enable-experimental-feature DebugDescriptionMacro -sdk /Applications/Xcode.app/Contents/Developer/Platforms/iPhoneSimulator.platform/Developer/SDKs/iPhoneSimulator26.2.sdk -target arm64-apple-ios26.0-simulator -g -module-cache-path /Users/anushka_sharma/Library/Developer/Xcode/DerivedData/ModuleCache.noindex -Xfrontend -serialize-debugging-options -enable-testing -index-store-path /Users/anushka_sharma/Library/Developer/Xcode/DerivedData/FMS-cwjlkvbqxgbddsairyzxkfxaxriv/Index.noindex/DataStore -Xcc -D_LIBCPP_HARDENING_MODE\=_LIBCPP_HARDENING_MODE_DEBUG -swift-version 5 -I /Users/anushka_sharma/Library/Developer/Xcode/DerivedData/FMS-cwjlkvbqxgbddsairyzxkfxaxriv/Build/Products/Debug-iphonesimulator -F /Users/anushka_sharma/Library/Developer/Xcode/DerivedData/FMS-cwjlkvbqxgbddsairyzxkfxaxriv/Build/Products/Debug-iphonesimulator/PackageFrameworks -F /Users/anushka_sharma/Library/Developer/Xcode/DerivedData/FMS-cwjlkvbqxgbddsairyzxkfxaxriv/Build/Products/Debug-iphonesimulator/PackageFrameworks -F /Users/anushka_sharma/Library/Developer/Xcode/DerivedData/FMS-cwjlkvbqxgbddsairyzxkfxaxriv/Build/Products/Debug-iphonesimulator/PackageFrameworks -F /Users/anushka_sharma/Library/Developer/Xcode/DerivedData/FMS-cwjlkvbqxgbddsairyzxkfxaxriv/Build/Products/Debug-iphonesimulator/PackageFrameworks -F /Users/anushka_sharma/Library/Developer/Xcode/DerivedData/FMS-cwjlkvbqxgbddsairyzxkfxaxriv/Build/Products/Debug-iphonesimulator/PackageFrameworks -F /Users/anushka_sharma/Library/Developer/Xcode/DerivedData/FMS-cwjlkvbqxgbddsairyzxkfxaxriv/Build/Products/Debug-iphonesimulator/PackageFrameworks -F /Users/anushka_sharma/Library/Developer/Xcode/DerivedData/FMS-cwjlkvbqxgbddsairyzxkfxaxriv/Build/Products/Debug-iphonesimulator/PackageFrameworks -F /Users/anushka_sharma/Library/Developer/Xcode/DerivedData/FMS-cwjlkvbqxgbddsairyzxkfxaxriv/Build/Products/Debug-iphonesimulator/PackageFrameworks -F /Users/anushka_sharma/Library/Developer/Xcode/DerivedData/FMS-cwjlkvbqxgbddsairyzxkfxaxriv/Build/Products/Debug-iphonesimulator/PackageFrameworks -F /Users/anushka_sharma/Library/Developer/Xcode/DerivedData/FMS-cwjlkvbqxgbddsairyzxkfxaxriv/Build/Products/Debug-iphonesimulator/PackageFrameworks -F /Users/anushka_sharma/Library/Developer/Xcode/DerivedData/FMS-cwjlkvbqxgbddsairyzxkfxaxriv/Build/Products/Debug-iphonesimulator/PackageFrameworks -F /Users/anushka_sharma/Library/Developer/Xcode/DerivedData/FMS-cwjlkvbqxgbddsairyzxkfxaxriv/Build/Products/Debug-iphonesimulator/PackageFrameworks -F /Users/anushka_sharma/Library/Developer/Xcode/DerivedData/FMS-cwjlkvbqxgbddsairyzxkfxaxriv/Build/Products/Debug-iphonesimulator/PackageFrameworks -F /Users/anushka_sharma/Library/Developer/Xcode/DerivedData/FMS-cwjlkvbqxgbddsairyzxkfxaxriv/Build/Products/Debug-iphonesimulator/PackageFrameworks -F /Users/anushka_sharma/Library/Developer/Xcode/DerivedData/FMS-cwjlkvbqxgbddsairyzxkfxaxriv/Build/Products/Debug-iphonesimulator -emit-localized-strings -emit-localized-strings-path /Users/anushka_sharma/Library/Developer/Xcode/DerivedData/FMS-cwjlkvbqxgbddsairyzxkfxaxriv/Build/Intermediates.noindex/FMS.build/Debug-iphonesimulator/FMS.build/Objects-normal/arm64 -c -j10 -enable-batch-mode -incremental -Xcc -ivfsstatcache -Xcc /Users/anushka_sharma/Library/Developer/Xcode/DerivedData/SDKStatCaches.noindex/iphonesimulator26.2-23C53-7d00a8b37fbd7999ea79df8ebc024bf0.sdkstatcache -output-file-map /Users/anushka_sharma/Library/Developer/Xcode/DerivedData/FMS-cwjlkvbqxgbddsairyzxkfxaxriv/Build/Intermediates.noindex/FMS.build/Debug-iphonesimulator/FMS.build/Objects-normal/arm64/FMS-OutputFileMap.json -use-frontend-parseable-output -save-temps -no-color-diagnostics -explicit-module-build -module-cache-path /Users/anushka_sharma/Library/Developer/Xcode/DerivedData/FMS-cwjlkvbqxgbddsairyzxkfxaxriv/Build/Intermediates.noindex/SwiftExplicitPrecompiledModules -clang-scanner-module-cache-path /Users/anushka_sharma/Library/Developer/Xcode/DerivedData/ModuleCache.noindex -sdk-module-cache-path /Users/anushka_sharma/Library/Developer/Xcode/DerivedData/ModuleCache.noindex -serialize-diagnostics -emit-dependencies -emit-module -emit-module-path /Users/anushka_sharma/Library/Developer/Xcode/DerivedData/FMS-cwjlkvbqxgbddsairyzxkfxaxriv/Build/Intermediates.noindex/FMS.build/Debug-iphonesimulator/FMS.build/Objects-normal/arm64/FMS.swiftmodule -validate-clang-modules-once -clang-build-session-file /Users/anushka_sharma/Library/Developer/Xcode/DerivedData/ModuleCache.noindex/Session.modulevalidation -Xcc -I/Users/anushka_sharma/Library/Developer/Xcode/DerivedData/FMS-cwjlkvbqxgbddsairyzxkfxaxriv/Build/Intermediates.noindex/FMS.build/Debug-iphonesimulator/FMS.build/swift-overrides.hmap -emit-const-values -Xfrontend -const-gather-protocols-file -Xfrontend /Users/anushka_sharma/Library/Developer/Xcode/DerivedData/FMS-cwjlkvbqxgbddsairyzxkfxaxriv/Build/Intermediates.noindex/FMS.build/Debug-iphonesimulator/FMS.build/Objects-normal/arm64/FMS_const_extract_protocols.json -Xcc -iquote -Xcc /Users/anushka_sharma/Library/Developer/Xcode/DerivedData/FMS-cwjlkvbqxgbddsairyzxkfxaxriv/Build/Intermediates.noindex/FMS.build/Debug-iphonesimulator/FMS.build/FMS-generated-files.hmap -Xcc -I/Users/anushka_sharma/Library/Developer/Xcode/DerivedData/FMS-cwjlkvbqxgbddsairyzxkfxaxriv/Build/Intermediates.noindex/FMS.build/Debug-iphonesimulator/FMS.build/FMS-own-target-headers.hmap -Xcc -I/Users/anushka_sharma/Library/Developer/Xcode/DerivedData/FMS-cwjlkvbqxgbddsairyzxkfxaxriv/Build/Intermediates.noindex/FMS.build/Debug-iphonesimulator/FMS.build/FMS-all-non-framework-target-headers.hmap -Xcc -ivfsoverlay -Xcc /Users/anushka_sharma/Library/Developer/Xcode/DerivedData/FMS-cwjlkvbqxgbddsairyzxkfxaxriv/Build/Intermediates.noindex/FMS.build/Debug-iphonesimulator/FMS-09ac764f5f6a6aaea0b26801b5883ea5-VFS-iphonesimulator/all-product-headers.yaml -Xcc -iquote -Xcc /Users/anushka_sharma/Library/Developer/Xcode/DerivedData/FMS-cwjlkvbqxgbddsairyzxkfxaxriv/Build/Intermediates.noindex/FMS.build/Debug-iphonesimulator/FMS.build/FMS-project-headers.hmap -Xcc -I/Users/anushka_sharma/Library/Developer/Xcode/DerivedData/FMS-cwjlkvbqxgbddsairyzxkfxaxriv/Build/Products/Debug-iphonesimulator/include -Xcc -I/Users/anushka_sharma/Library/Developer/Xcode/DerivedData/FMS-cwjlkvbqxgbddsairyzxkfxaxriv/Build/Intermediates.noindex/FMS.build/Debug-iphonesimulator/FMS.build/DerivedSources-normal/arm64 -Xcc -I/Users/anushka_sharma/Library/Developer/Xcode/DerivedData/FMS-cwjlkvbqxgbddsairyzxkfxaxriv/Build/Intermediates.noindex/FMS.build/Debug-iphonesimulator/FMS.build/DerivedSources/arm64 -Xcc -I/Users/anushka_sharma/Library/Developer/Xcode/DerivedData/FMS-cwjlkvbqxgbddsairyzxkfxaxriv/Build/Intermediates.noindex/FMS.build/Debug-iphonesimulator/FMS.build/DerivedSources -Xcc -DDEBUG\=1 -emit-objc-header -emit-objc-header-path /Users/anushka_sharma/Library/Developer/Xcode/DerivedData/FMS-cwjlkvbqxgbddsairyzxkfxaxriv/Build/Intermediates.noindex/FMS.build/Debug-iphonesimulator/FMS.build/Objects-normal/arm64/FMS-Swift.h -working-directory /Users/anushka_sharma/Documents/FMS -experimental-emit-module-separately -disable-cmo

CompileAssetCatalogVariant thinned /Users/anushka_sharma/Library/Developer/Xcode/DerivedData/FMS-cwjlkvbqxgbddsairyzxkfxaxriv/Build/Products/Debug-iphonesimulator/FMS.app /Users/anushka_sharma/Documents/FMS/FMS/Assets.xcassets (in target 'FMS' from project 'FMS')
    cd /Users/anushka_sharma/Documents/FMS
    /Applications/Xcode.app/Contents/Developer/usr/bin/actool /Users/anushka_sharma/Documents/FMS/FMS/Assets.xcassets --compile /Users/anushka_sharma/Library/Developer/Xcode/DerivedData/FMS-cwjlkvbqxgbddsairyzxkfxaxriv/Build/Intermediates.noindex/FMS.build/Debug-iphonesimulator/FMS.build/assetcatalog_output/thinned --output-format human-readable-text --notices --warnings --export-dependency-info /Users/anushka_sharma/Library/Developer/Xcode/DerivedData/FMS-cwjlkvbqxgbddsairyzxkfxaxriv/Build/Intermediates.noindex/FMS.build/Debug-iphonesimulator/FMS.build/assetcatalog_dependencies_thinned --output-partial-info-plist /Users/anushka_sharma/Library/Developer/Xcode/DerivedData/FMS-cwjlkvbqxgbddsairyzxkfxaxriv/Build/Intermediates.noindex/FMS.build/Debug-iphonesimulator/FMS.build/assetcatalog_generated_info.plist_thinned --app-icon AppIcon --accent-color AccentColor --compress-pngs --enable-on-demand-resources YES --development-region en --target-device iphone --target-device ipad --minimum-deployment-target 26.0 --platform iphonesimulator
/* com.apple.actool.compilation-results */
/Users/anushka_sharma/Library/Developer/Xcode/DerivedData/FMS-cwjlkvbqxgbddsairyzxkfxaxriv/Build/Intermediates.noindex/FMS.build/Debug-iphonesimulator/FMS.build/assetcatalog_generated_info.plist_thinned


LinkAssetCatalog /Users/anushka_sharma/Documents/FMS/FMS/Assets.xcassets (in target 'FMS' from project 'FMS')
    cd /Users/anushka_sharma/Documents/FMS
    builtin-linkAssetCatalog --thinned /Users/anushka_sharma/Library/Developer/Xcode/DerivedData/FMS-cwjlkvbqxgbddsairyzxkfxaxriv/Build/Intermediates.noindex/FMS.build/Debug-iphonesimulator/FMS.build/assetcatalog_output/thinned --thinned-dependencies /Users/anushka_sharma/Library/Developer/Xcode/DerivedData/FMS-cwjlkvbqxgbddsairyzxkfxaxriv/Build/Intermediates.noindex/FMS.build/Debug-iphonesimulator/FMS.build/assetcatalog_dependencies_thinned --thinned-info-plist-content /Users/anushka_sharma/Library/Developer/Xcode/DerivedData/FMS-cwjlkvbqxgbddsairyzxkfxaxriv/Build/Intermediates.noindex/FMS.build/Debug-iphonesimulator/FMS.build/assetcatalog_generated_info.plist_thinned --unthinned /Users/anushka_sharma/Library/Developer/Xcode/DerivedData/FMS-cwjlkvbqxgbddsairyzxkfxaxriv/Build/Intermediates.noindex/FMS.build/Debug-iphonesimulator/FMS.build/assetcatalog_output/unthinned --unthinned-dependencies /Users/anushka_sharma/Library/Developer/Xcode/DerivedData/FMS-cwjlkvbqxgbddsairyzxkfxaxriv/Build/Intermediates.noindex/FMS.build/Debug-iphonesimulator/FMS.build/assetcatalog_dependencies_unthinned --unthinned-info-plist-content /Users/anushka_sharma/Library/Developer/Xcode/DerivedData/FMS-cwjlkvbqxgbddsairyzxkfxaxriv/Build/Intermediates.noindex/FMS.build/Debug-iphonesimulator/FMS.build/assetcatalog_generated_info.plist_unthinned --output /Users/anushka_sharma/Library/Developer/Xcode/DerivedData/FMS-cwjlkvbqxgbddsairyzxkfxaxriv/Build/Products/Debug-iphonesimulator/FMS.app --plist-output /Users/anushka_sharma/Library/Developer/Xcode/DerivedData/FMS-cwjlkvbqxgbddsairyzxkfxaxriv/Build/Intermediates.noindex/FMS.build/Debug-iphonesimulator/FMS.build/assetcatalog_generated_info.plist

CreateUniversalBinary /Users/anushka_sharma/Library/Developer/Xcode/DerivedData/FMS-cwjlkvbqxgbddsairyzxkfxaxriv/Build/Products/Debug-iphonesimulator/Supabase.o normal arm64\ x86_64 (in target 'Supabase' from project 'Supabase')
    cd /Users/anushka_sharma/Library/Developer/Xcode/DerivedData/FMS-cwjlkvbqxgbddsairyzxkfxaxriv/SourcePackages/checkouts/supabase-swift
    /Applications/Xcode.app/Contents/Developer/Toolchains/XcodeDefault.xctoolchain/usr/bin/lipo -create /Users/anushka_sharma/Library/Developer/Xcode/DerivedData/FMS-cwjlkvbqxgbddsairyzxkfxaxriv/Build/Intermediates.noindex/Supabase.build/Debug-iphonesimulator/Supabase.build/Objects-normal/arm64/Binary/Supabase.o /Users/anushka_sharma/Library/Developer/Xcode/DerivedData/FMS-cwjlkvbqxgbddsairyzxkfxaxriv/Build/Intermediates.noindex/Supabase.build/Debug-iphonesimulator/Supabase.build/Objects-normal/x86_64/Binary/Supabase.o -output /Users/anushka_sharma/Library/Developer/Xcode/DerivedData/FMS-cwjlkvbqxgbddsairyzxkfxaxriv/Build/Products/Debug-iphonesimulator/Supabase.o

ExtractAppIntentsMetadata (in target 'Supabase' from project 'Supabase')
    cd /Users/anushka_sharma/Library/Developer/Xcode/DerivedData/FMS-cwjlkvbqxgbddsairyzxkfxaxriv/SourcePackages/checkouts/supabase-swift
    /Applications/Xcode.app/Contents/Developer/Toolchains/XcodeDefault.xctoolchain/usr/bin/appintentsmetadataprocessor --toolchain-dir /Applications/Xcode.app/Contents/Developer/Toolchains/XcodeDefault.xctoolchain --module-name Supabase --sdk-root /Applications/Xcode.app/Contents/Developer/Platforms/iPhoneSimulator.platform/Developer/SDKs/iPhoneSimulator26.2.sdk --xcode-version 17C52 --platform-family iOS --deployment-target 13.0 --bundle-identifier supabase-swift.Supabase --output /Users/anushka_sharma/Library/Developer/Xcode/DerivedData/FMS-cwjlkvbqxgbddsairyzxkfxaxriv/Build/Products/Debug-iphonesimulator/Supabase.appintents --target-triple arm64-apple-ios13.0-simulator --target-triple x86_64-apple-ios13.0-simulator --binary-file /Users/anushka_sharma/Library/Developer/Xcode/DerivedData/FMS-cwjlkvbqxgbddsairyzxkfxaxriv/Build/Products/Debug-iphonesimulator/Supabase.o --dependency-file /Users/anushka_sharma/Library/Developer/Xcode/DerivedData/FMS-cwjlkvbqxgbddsairyzxkfxaxriv/Build/Intermediates.noindex/Supabase.build/Debug-iphonesimulator/Supabase.build/Objects-normal/arm64/Supabase_dependency_info.dat --dependency-file /Users/anushka_sharma/Library/Developer/Xcode/DerivedData/FMS-cwjlkvbqxgbddsairyzxkfxaxriv/Build/Intermediates.noindex/Supabase.build/Debug-iphonesimulator/Supabase.build/Objects-normal/x86_64/Supabase_dependency_info.dat --stringsdata-file /Users/anushka_sharma/Library/Developer/Xcode/DerivedData/FMS-cwjlkvbqxgbddsairyzxkfxaxriv/Build/Intermediates.noindex/Supabase.build/Debug-iphonesimulator/Supabase.build/Objects-normal/arm64/ExtractedAppShortcutsMetadata.stringsdata --stringsdata-file /Users/anushka_sharma/Library/Developer/Xcode/DerivedData/FMS-cwjlkvbqxgbddsairyzxkfxaxriv/Build/Intermediates.noindex/Supabase.build/Debug-iphonesimulator/Supabase.build/Objects-normal/x86_64/ExtractedAppShortcutsMetadata.stringsdata --source-file-list /Users/anushka_sharma/Library/Developer/Xcode/DerivedData/FMS-cwjlkvbqxgbddsairyzxkfxaxriv/Build/Intermediates.noindex/Supabase.build/Debug-iphonesimulator/Supabase.build/Objects-normal/arm64/Supabase.SwiftFileList --source-file-list /Users/anushka_sharma/Library/Developer/Xcode/DerivedData/FMS-cwjlkvbqxgbddsairyzxkfxaxriv/Build/Intermediates.noindex/Supabase.build/Debug-iphonesimulator/Supabase.build/Objects-normal/x86_64/Supabase.SwiftFileList --metadata-file-list /Users/anushka_sharma/Library/Developer/Xcode/DerivedData/FMS-cwjlkvbqxgbddsairyzxkfxaxriv/Build/Intermediates.noindex/Supabase.build/Debug-iphonesimulator/Supabase.build/Supabase.DependencyMetadataFileList --static-metadata-file-list /Users/anushka_sharma/Library/Developer/Xcode/DerivedData/FMS-cwjlkvbqxgbddsairyzxkfxaxriv/Build/Intermediates.noindex/Supabase.build/Debug-iphonesimulator/Supabase.build/Supabase.DependencyStaticMetadataFileList --swift-const-vals-list /Users/anushka_sharma/Library/Developer/Xcode/DerivedData/FMS-cwjlkvbqxgbddsairyzxkfxaxriv/Build/Intermediates.noindex/Supabase.build/Debug-iphonesimulator/Supabase.build/Objects-normal/arm64/Supabase.SwiftConstValuesFileList --swift-const-vals-list /Users/anushka_sharma/Library/Developer/Xcode/DerivedData/FMS-cwjlkvbqxgbddsairyzxkfxaxriv/Build/Intermediates.noindex/Supabase.build/Debug-iphonesimulator/Supabase.build/Objects-normal/x86_64/Supabase.SwiftConstValuesFileList --force --compile-time-extraction --deployment-aware-processing --validate-assistant-intents --no-app-shortcuts-localization
2026-05-29 10:07:14.392 appintentsmetadataprocessor[29930:519086] Starting appintentsmetadataprocessor export
2026-05-29 10:07:14.536 appintentsmetadataprocessor[29930:519086] Extracted no relevant App Intents symbols, skipping writing output

RegisterExecutionPolicyException /Users/anushka_sharma/Library/Developer/Xcode/DerivedData/FMS-cwjlkvbqxgbddsairyzxkfxaxriv/Build/Products/Debug-iphonesimulator/Supabase.o (in target 'Supabase' from project 'Supabase')
    cd /Users/anushka_sharma/Library/Developer/Xcode/DerivedData/FMS-cwjlkvbqxgbddsairyzxkfxaxriv/SourcePackages/checkouts/supabase-swift
    builtin-RegisterExecutionPolicyException /Users/anushka_sharma/Library/Developer/Xcode/DerivedData/FMS-cwjlkvbqxgbddsairyzxkfxaxriv/Build/Products/Debug-iphonesimulator/Supabase.o

Copy /Users/anushka_sharma/Library/Developer/Xcode/DerivedData/FMS-cwjlkvbqxgbddsairyzxkfxaxriv/Build/Products/Debug-iphonesimulator/FMS.app/swift-crypto_Crypto.bundle /Users/anushka_sharma/Library/Developer/Xcode/DerivedData/FMS-cwjlkvbqxgbddsairyzxkfxaxriv/Build/Products/Debug-iphonesimulator/swift-crypto_Crypto.bundle (in target 'FMS' from project 'FMS')
    cd /Users/anushka_sharma/Documents/FMS
    builtin-copy -exclude .DS_Store -exclude CVS -exclude .svn -exclude .git -exclude .hg -resolve-src-symlinks /Users/anushka_sharma/Library/Developer/Xcode/DerivedData/FMS-cwjlkvbqxgbddsairyzxkfxaxriv/Build/Products/Debug-iphonesimulator/swift-crypto_Crypto.bundle /Users/anushka_sharma/Library/Developer/Xcode/DerivedData/FMS-cwjlkvbqxgbddsairyzxkfxaxriv/Build/Products/Debug-iphonesimulator/FMS.app

ProcessInfoPlistFile /Users/anushka_sharma/Library/Developer/Xcode/DerivedData/FMS-cwjlkvbqxgbddsairyzxkfxaxriv/Build/Products/Debug-iphonesimulator/FMS.app/Info.plist /Users/anushka_sharma/Documents/FMS/FMS/Info.plist (in target 'FMS' from project 'FMS')
    cd /Users/anushka_sharma/Documents/FMS
    builtin-infoPlistUtility /Users/anushka_sharma/Documents/FMS/FMS/Info.plist -producttype com.apple.product-type.application -genpkginfo /Users/anushka_sharma/Library/Developer/Xcode/DerivedData/FMS-cwjlkvbqxgbddsairyzxkfxaxriv/Build/Products/Debug-iphonesimulator/FMS.app/PkgInfo -expandbuildsettings -format binary -platform iphonesimulator -additionalcontentfile /Users/anushka_sharma/Library/Developer/Xcode/DerivedData/FMS-cwjlkvbqxgbddsairyzxkfxaxriv/Build/Intermediates.noindex/FMS.build/Debug-iphonesimulator/FMS.build/assetcatalog_generated_info.plist -scanforprivacyfile /Users/anushka_sharma/Library/Developer/Xcode/DerivedData/FMS-cwjlkvbqxgbddsairyzxkfxaxriv/Build/Products/Debug-iphonesimulator/FMS.app/swift-crypto_Crypto.bundle -o /Users/anushka_sharma/Library/Developer/Xcode/DerivedData/FMS-cwjlkvbqxgbddsairyzxkfxaxriv/Build/Products/Debug-iphonesimulator/FMS.app/Info.plist

SwiftEmitModule normal arm64 Emitting\ module\ for\ FMS (in target 'FMS' from project 'FMS')

EmitSwiftModule normal arm64 (in target 'FMS' from project 'FMS')
    cd /Users/anushka_sharma/Documents/FMS
    

SwiftDriver\ Compilation FMS normal arm64 com.apple.xcode.tools.swift.compiler (in target 'FMS' from project 'FMS')
    cd /Users/anushka_sharma/Documents/FMS
    builtin-Swift-Compilation -- /Applications/Xcode.app/Contents/Developer/Toolchains/XcodeDefault.xctoolchain/usr/bin/swiftc -module-name FMS -Onone -enforce-exclusivity\=checked @/Users/anushka_sharma/Library/Developer/Xcode/DerivedData/FMS-cwjlkvbqxgbddsairyzxkfxaxriv/Build/Intermediates.noindex/FMS.build/Debug-iphonesimulator/FMS.build/Objects-normal/arm64/FMS.SwiftFileList -DDEBUG -default-isolation\=MainActor -enable-bare-slash-regex -enable-upcoming-feature DisableOutwardActorInference -enable-upcoming-feature InferSendableFromCaptures -enable-upcoming-feature GlobalActorIsolatedTypesUsability -enable-upcoming-feature MemberImportVisibility -enable-upcoming-feature InferIsolatedConformances -enable-upcoming-feature NonisolatedNonsendingByDefault -enable-experimental-feature DebugDescriptionMacro -sdk /Applications/Xcode.app/Contents/Developer/Platforms/iPhoneSimulator.platform/Developer/SDKs/iPhoneSimulator26.2.sdk -target arm64-apple-ios26.0-simulator -g -module-cache-path /Users/anushka_sharma/Library/Developer/Xcode/DerivedData/ModuleCache.noindex -Xfrontend -serialize-debugging-options -enable-testing -index-store-path /Users/anushka_sharma/Library/Developer/Xcode/DerivedData/FMS-cwjlkvbqxgbddsairyzxkfxaxriv/Index.noindex/DataStore -Xcc -D_LIBCPP_HARDENING_MODE\=_LIBCPP_HARDENING_MODE_DEBUG -swift-version 5 -I /Users/anushka_sharma/Library/Developer/Xcode/DerivedData/FMS-cwjlkvbqxgbddsairyzxkfxaxriv/Build/Products/Debug-iphonesimulator -F /Users/anushka_sharma/Library/Developer/Xcode/DerivedData/FMS-cwjlkvbqxgbddsairyzxkfxaxriv/Build/Products/Debug-iphonesimulator/PackageFrameworks -F /Users/anushka_sharma/Library/Developer/Xcode/DerivedData/FMS-cwjlkvbqxgbddsairyzxkfxaxriv/Build/Products/Debug-iphonesimulator/PackageFrameworks -F /Users/anushka_sharma/Library/Developer/Xcode/DerivedData/FMS-cwjlkvbqxgbddsairyzxkfxaxriv/Build/Products/Debug-iphonesimulator/PackageFrameworks -F /Users/anushka_sharma/Library/Developer/Xcode/DerivedData/FMS-cwjlkvbqxgbddsairyzxkfxaxriv/Build/Products/Debug-iphonesimulator/PackageFrameworks -F /Users/anushka_sharma/Library/Developer/Xcode/DerivedData/FMS-cwjlkvbqxgbddsairyzxkfxaxriv/Build/Products/Debug-iphonesimulator/PackageFrameworks -F /Users/anushka_sharma/Library/Developer/Xcode/DerivedData/FMS-cwjlkvbqxgbddsairyzxkfxaxriv/Build/Products/Debug-iphonesimulator/PackageFrameworks -F /Users/anushka_sharma/Library/Developer/Xcode/DerivedData/FMS-cwjlkvbqxgbddsairyzxkfxaxriv/Build/Products/Debug-iphonesimulator/PackageFrameworks -F /Users/anushka_sharma/Library/Developer/Xcode/DerivedData/FMS-cwjlkvbqxgbddsairyzxkfxaxriv/Build/Products/Debug-iphonesimulator/PackageFrameworks -F /Users/anushka_sharma/Library/Developer/Xcode/DerivedData/FMS-cwjlkvbqxgbddsairyzxkfxaxriv/Build/Products/Debug-iphonesimulator/PackageFrameworks -F /Users/anushka_sharma/Library/Developer/Xcode/DerivedData/FMS-cwjlkvbqxgbddsairyzxkfxaxriv/Build/Products/Debug-iphonesimulator/PackageFrameworks -F /Users/anushka_sharma/Library/Developer/Xcode/DerivedData/FMS-cwjlkvbqxgbddsairyzxkfxaxriv/Build/Products/Debug-iphonesimulator/PackageFrameworks -F /Users/anushka_sharma/Library/Developer/Xcode/DerivedData/FMS-cwjlkvbqxgbddsairyzxkfxaxriv/Build/Products/Debug-iphonesimulator/PackageFrameworks -F /Users/anushka_sharma/Library/Developer/Xcode/DerivedData/FMS-cwjlkvbqxgbddsairyzxkfxaxriv/Build/Products/Debug-iphonesimulator/PackageFrameworks -F /Users/anushka_sharma/Library/Developer/Xcode/DerivedData/FMS-cwjlkvbqxgbddsairyzxkfxaxriv/Build/Products/Debug-iphonesimulator/PackageFrameworks -F /Users/anushka_sharma/Library/Developer/Xcode/DerivedData/FMS-cwjlkvbqxgbddsairyzxkfxaxriv/Build/Products/Debug-iphonesimulator -emit-localized-strings -emit-localized-strings-path /Users/anushka_sharma/Library/Developer/Xcode/DerivedData/FMS-cwjlkvbqxgbddsairyzxkfxaxriv/Build/Intermediates.noindex/FMS.build/Debug-iphonesimulator/FMS.build/Objects-normal/arm64 -c -j10 -enable-batch-mode -incremental -Xcc -ivfsstatcache -Xcc /Users/anushka_sharma/Library/Developer/Xcode/DerivedData/SDKStatCaches.noindex/iphonesimulator26.2-23C53-7d00a8b37fbd7999ea79df8ebc024bf0.sdkstatcache -output-file-map /Users/anushka_sharma/Library/Developer/Xcode/DerivedData/FMS-cwjlkvbqxgbddsairyzxkfxaxriv/Build/Intermediates.noindex/FMS.build/Debug-iphonesimulator/FMS.build/Objects-normal/arm64/FMS-OutputFileMap.json -use-frontend-parseable-output -save-temps -no-color-diagnostics -explicit-module-build -module-cache-path /Users/anushka_sharma/Library/Developer/Xcode/DerivedData/FMS-cwjlkvbqxgbddsairyzxkfxaxriv/Build/Intermediates.noindex/SwiftExplicitPrecompiledModules -clang-scanner-module-cache-path /Users/anushka_sharma/Library/Developer/Xcode/DerivedData/ModuleCache.noindex -sdk-module-cache-path /Users/anushka_sharma/Library/Developer/Xcode/DerivedData/ModuleCache.noindex -serialize-diagnostics -emit-dependencies -emit-module -emit-module-path /Users/anushka_sharma/Library/Developer/Xcode/DerivedData/FMS-cwjlkvbqxgbddsairyzxkfxaxriv/Build/Intermediates.noindex/FMS.build/Debug-iphonesimulator/FMS.build/Objects-normal/arm64/FMS.swiftmodule -validate-clang-modules-once -clang-build-session-file /Users/anushka_sharma/Library/Developer/Xcode/DerivedData/ModuleCache.noindex/Session.modulevalidation -Xcc -I/Users/anushka_sharma/Library/Developer/Xcode/DerivedData/FMS-cwjlkvbqxgbddsairyzxkfxaxriv/Build/Intermediates.noindex/FMS.build/Debug-iphonesimulator/FMS.build/swift-overrides.hmap -emit-const-values -Xfrontend -const-gather-protocols-file -Xfrontend /Users/anushka_sharma/Library/Developer/Xcode/DerivedData/FMS-cwjlkvbqxgbddsairyzxkfxaxriv/Build/Intermediates.noindex/FMS.build/Debug-iphonesimulator/FMS.build/Objects-normal/arm64/FMS_const_extract_protocols.json -Xcc -iquote -Xcc /Users/anushka_sharma/Library/Developer/Xcode/DerivedData/FMS-cwjlkvbqxgbddsairyzxkfxaxriv/Build/Intermediates.noindex/FMS.build/Debug-iphonesimulator/FMS.build/FMS-generated-files.hmap -Xcc -I/Users/anushka_sharma/Library/Developer/Xcode/DerivedData/FMS-cwjlkvbqxgbddsairyzxkfxaxriv/Build/Intermediates.noindex/FMS.build/Debug-iphonesimulator/FMS.build/FMS-own-target-headers.hmap -Xcc -I/Users/anushka_sharma/Library/Developer/Xcode/DerivedData/FMS-cwjlkvbqxgbddsairyzxkfxaxriv/Build/Intermediates.noindex/FMS.build/Debug-iphonesimulator/FMS.build/FMS-all-non-framework-target-headers.hmap -Xcc -ivfsoverlay -Xcc /Users/anushka_sharma/Library/Developer/Xcode/DerivedData/FMS-cwjlkvbqxgbddsairyzxkfxaxriv/Build/Intermediates.noindex/FMS.build/Debug-iphonesimulator/FMS-09ac764f5f6a6aaea0b26801b5883ea5-VFS-iphonesimulator/all-product-headers.yaml -Xcc -iquote -Xcc /Users/anushka_sharma/Library/Developer/Xcode/DerivedData/FMS-cwjlkvbqxgbddsairyzxkfxaxriv/Build/Intermediates.noindex/FMS.build/Debug-iphonesimulator/FMS.build/FMS-project-headers.hmap -Xcc -I/Users/anushka_sharma/Library/Developer/Xcode/DerivedData/FMS-cwjlkvbqxgbddsairyzxkfxaxriv/Build/Products/Debug-iphonesimulator/include -Xcc -I/Users/anushka_sharma/Library/Developer/Xcode/DerivedData/FMS-cwjlkvbqxgbddsairyzxkfxaxriv/Build/Intermediates.noindex/FMS.build/Debug-iphonesimulator/FMS.build/DerivedSources-normal/arm64 -Xcc -I/Users/anushka_sharma/Library/Developer/Xcode/DerivedData/FMS-cwjlkvbqxgbddsairyzxkfxaxriv/Build/Intermediates.noindex/FMS.build/Debug-iphonesimulator/FMS.build/DerivedSources/arm64 -Xcc -I/Users/anushka_sharma/Library/Developer/Xcode/DerivedData/FMS-cwjlkvbqxgbddsairyzxkfxaxriv/Build/Intermediates.noindex/FMS.build/Debug-iphonesimulator/FMS.build/DerivedSources -Xcc -DDEBUG\=1 -emit-objc-header -emit-objc-header-path /Users/anushka_sharma/Library/Developer/Xcode/DerivedData/FMS-cwjlkvbqxgbddsairyzxkfxaxriv/Build/Intermediates.noindex/FMS.build/Debug-iphonesimulator/FMS.build/Objects-normal/arm64/FMS-Swift.h -working-directory /Users/anushka_sharma/Documents/FMS -experimental-emit-module-separately -disable-cmo

SwiftCompile normal x86_64 Compiling\ DatabaseSeeder.swift,\ DataModel.swift,\ NavigationManager.swift,\ SupabaseManager.swift /Users/anushka_sharma/Documents/FMS/FMS/Mock/DatabaseSeeder.swift /Users/anushka_sharma/Documents/FMS/FMS/Models/DataModel.swift /Users/anushka_sharma/Documents/FMS/FMS/Services/NavigationManager.swift /Users/anushka_sharma/Documents/FMS/FMS/Supabase/SupabaseManager.swift (in target 'FMS' from project 'FMS')
SwiftCompile normal x86_64 /Users/anushka_sharma/Documents/FMS/FMS/Mock/DatabaseSeeder.swift (in target 'FMS' from project 'FMS')
    cd /Users/anushka_sharma/Documents/FMS
    

SwiftCompile normal x86_64 /Users/anushka_sharma/Documents/FMS/FMS/Models/DataModel.swift (in target 'FMS' from project 'FMS')
    cd /Users/anushka_sharma/Documents/FMS
    

SwiftCompile normal x86_64 /Users/anushka_sharma/Documents/FMS/FMS/Services/NavigationManager.swift (in target 'FMS' from project 'FMS')
    cd /Users/anushka_sharma/Documents/FMS
    
/Users/anushka_sharma/Documents/FMS/FMS/Services/NavigationManager.swift:124:49: warning: 'placemark' was deprecated in iOS 26.0: Use location, address and addressRepresentations instead
        let srcCoord = srcItem?.mapItems.first?.placemark.coordinate
                                                ^
/Users/anushka_sharma/Documents/FMS/FMS/Services/NavigationManager.swift:130:57: warning: 'placemark' was deprecated in iOS 26.0: Use location, address and addressRepresentations instead
        guard let destCoord = destItem?.mapItems.first?.placemark.coordinate else {
                                                        ^
/Users/anushka_sharma/Documents/FMS/FMS/Services/NavigationManager.swift:150:37: warning: 'init(placemark:)' was deprecated in iOS 26.0: Use init(location:address:)
        request.source            = MKMapItem(placemark: MKPlacemark(coordinate: origin))
                                    ^
/Users/anushka_sharma/Documents/FMS/FMS/Services/NavigationManager.swift:150:58: warning: 'MKPlacemark' was deprecated in iOS 26.0: Use MKMapItem's location, address and addressRepresentations properties instead. Use MKAddressRepresentations for formatted address strings for MapKit provided MKMapItems
        request.source            = MKMapItem(placemark: MKPlacemark(coordinate: origin))
                                                         ^
/Users/anushka_sharma/Documents/FMS/FMS/Services/NavigationManager.swift:151:37: warning: 'init(placemark:)' was deprecated in iOS 26.0: Use init(location:address:)
        request.destination       = MKMapItem(placemark: MKPlacemark(coordinate: destination))
                                    ^
/Users/anushka_sharma/Documents/FMS/FMS/Services/NavigationManager.swift:151:58: warning: 'MKPlacemark' was deprecated in iOS 26.0: Use MKMapItem's location, address and addressRepresentations properties instead. Use MKAddressRepresentations for formatted address strings for MapKit provided MKMapItems
        request.destination       = MKMapItem(placemark: MKPlacemark(coordinate: destination))
                                                         ^

SwiftCompile normal x86_64 /Users/anushka_sharma/Documents/FMS/FMS/Supabase/SupabaseManager.swift (in target 'FMS' from project 'FMS')
    cd /Users/anushka_sharma/Documents/FMS
    
/Users/anushka_sharma/Documents/FMS/FMS/Supabase/SupabaseManager.swift:839:14: warning: 'upload(path:file:options:)' is deprecated: renamed to 'upload(_:data:options:)'
            .upload(
             ^
/Users/anushka_sharma/Documents/FMS/FMS/Supabase/SupabaseManager.swift:839:14: note: use 'upload(_:data:options:)' instead
            .upload(
             ^

SwiftCompile normal x86_64 Compiling\ DriverDashboardViewModel.swift,\ EditVehicleViewModel.swift,\ FleetDashboardViewModel.swift /Users/anushka_sharma/Documents/FMS/FMS/ViewModels/Driver/DriverDashboardViewModel.swift /Users/anushka_sharma/Documents/FMS/FMS/ViewModels/Fleet\ Manager/EditVehicleViewModel.swift /Users/anushka_sharma/Documents/FMS/FMS/ViewModels/Fleet\ Manager/FleetDashboardViewModel.swift (in target 'FMS' from project 'FMS')

SwiftCompile normal x86_64 /Users/anushka_sharma/Documents/FMS/FMS/ViewModels/Driver/DriverDashboardViewModel.swift (in target 'FMS' from project 'FMS')
    cd /Users/anushka_sharma/Documents/FMS
    

SwiftCompile normal x86_64 /Users/anushka_sharma/Documents/FMS/FMS/ViewModels/Fleet\ Manager/EditVehicleViewModel.swift (in target 'FMS' from project 'FMS')
    cd /Users/anushka_sharma/Documents/FMS
    

SwiftCompile normal x86_64 /Users/anushka_sharma/Documents/FMS/FMS/ViewModels/Fleet\ Manager/FleetDashboardViewModel.swift (in target 'FMS' from project 'FMS')
    cd /Users/anushka_sharma/Documents/FMS
    

SwiftCompile normal x86_64 Compiling\ MaintenanceFormView.swift,\ TripFormView.swift,\ VehicleFormView.swift /Users/anushka_sharma/Documents/FMS/FMS/Views/Fleet\ Manager/MaintenanceFormView.swift /Users/anushka_sharma/Documents/FMS/FMS/Views/Fleet\ Manager/TripFormView.swift /Users/anushka_sharma/Documents/FMS/FMS/Views/Fleet\ Manager/VehicleFormView.swift (in target 'FMS' from project 'FMS')
SwiftCompile normal x86_64 /Users/anushka_sharma/Documents/FMS/FMS/Views/Fleet\ Manager/MaintenanceFormView.swift (in target 'FMS' from project 'FMS')
    cd /Users/anushka_sharma/Documents/FMS
    

SwiftCompile normal x86_64 /Users/anushka_sharma/Documents/FMS/FMS/Views/Fleet\ Manager/TripFormView.swift (in target 'FMS' from project 'FMS')
    cd /Users/anushka_sharma/Documents/FMS
    
/Users/anushka_sharma/Documents/FMS/FMS/Views/Fleet Manager/TripFormView.swift:334:30: warning: 'init(placemark:)' was deprecated in iOS 26.0: Use init(location:address:)
            request.source = MKMapItem(placemark: MKPlacemark(coordinate: start))
                             ^
/Users/anushka_sharma/Documents/FMS/FMS/Views/Fleet Manager/TripFormView.swift:334:51: warning: 'MKPlacemark' was deprecated in iOS 26.0: Use MKMapItem's location, address and addressRepresentations properties instead. Use MKAddressRepresentations for formatted address strings for MapKit provided MKMapItems
            request.source = MKMapItem(placemark: MKPlacemark(coordinate: start))
                                                  ^
/Users/anushka_sharma/Documents/FMS/FMS/Views/Fleet Manager/TripFormView.swift:335:35: warning: 'init(placemark:)' was deprecated in iOS 26.0: Use init(location:address:)
            request.destination = MKMapItem(placemark: MKPlacemark(coordinate: end))
                                  ^
/Users/anushka_sharma/Documents/FMS/FMS/Views/Fleet Manager/TripFormView.swift:335:56: warning: 'MKPlacemark' was deprecated in iOS 26.0: Use MKMapItem's location, address and addressRepresentations properties instead. Use MKAddressRepresentations for formatted address strings for MapKit provided MKMapItems
            request.destination = MKMapItem(placemark: MKPlacemark(coordinate: end))
                                                       ^
/Users/anushka_sharma/Documents/FMS/FMS/Views/Fleet Manager/TripFormView.swift:791:30: warning: 'init(placemark:)' was deprecated in iOS 26.0: Use init(location:address:)
            request.source = MKMapItem(placemark: MKPlacemark(coordinate: start))
                             ^
/Users/anushka_sharma/Documents/FMS/FMS/Views/Fleet Manager/TripFormView.swift:791:51: warning: 'MKPlacemark' was deprecated in iOS 26.0: Use MKMapItem's location, address and addressRepresentations properties instead. Use MKAddressRepresentations for formatted address strings for MapKit provided MKMapItems
            request.source = MKMapItem(placemark: MKPlacemark(coordinate: start))
                                                  ^
/Users/anushka_sharma/Documents/FMS/FMS/Views/Fleet Manager/TripFormView.swift:792:35: warning: 'init(placemark:)' was deprecated in iOS 26.0: Use init(location:address:)
            request.destination = MKMapItem(placemark: MKPlacemark(coordinate: end))
                                  ^
/Users/anushka_sharma/Documents/FMS/FMS/Views/Fleet Manager/TripFormView.swift:792:56: warning: 'MKPlacemark' was deprecated in iOS 26.0: Use MKMapItem's location, address and addressRepresentations properties instead. Use MKAddressRepresentations for formatted address strings for MapKit provided MKMapItems
            request.destination = MKMapItem(placemark: MKPlacemark(coordinate: end))
                                                       ^
/Users/anushka_sharma/Documents/FMS/FMS/Views/Fleet Manager/TripFormView.swift:1202:41: warning: 'placemark' was deprecated in iOS 26.0: Use location, address and addressRepresentations instead
        return response.mapItems.first?.placemark.coordinate
                                        ^

SwiftCompile normal x86_64 /Users/anushka_sharma/Documents/FMS/FMS/Views/Fleet\ Manager/VehicleFormView.swift (in target 'FMS' from project 'FMS')
    cd /Users/anushka_sharma/Documents/FMS
    

SwiftCompile normal x86_64 Compiling\ FleetDashboardView.swift,\ FleetManageTab.swift,\ LocationPickerSheet.swift /Users/anushka_sharma/Documents/FMS/FMS/Views/Fleet\ Manager/FleetDashboardView.swift /Users/anushka_sharma/Documents/FMS/FMS/Views/Fleet\ Manager/FleetManageTab.swift /Users/anushka_sharma/Documents/FMS/FMS/Views/Fleet\ Manager/LocationPickerSheet.swift (in target 'FMS' from project 'FMS')
SwiftCompile normal x86_64 /Users/anushka_sharma/Documents/FMS/FMS/Views/Fleet\ Manager/FleetDashboardView.swift (in target 'FMS' from project 'FMS')
    cd /Users/anushka_sharma/Documents/FMS
    

SwiftCompile normal x86_64 /Users/anushka_sharma/Documents/FMS/FMS/Views/Fleet\ Manager/FleetManageTab.swift (in target 'FMS' from project 'FMS')
    cd /Users/anushka_sharma/Documents/FMS
    

SwiftCompile normal x86_64 /Users/anushka_sharma/Documents/FMS/FMS/Views/Fleet\ Manager/LocationPickerSheet.swift (in target 'FMS' from project 'FMS')
    cd /Users/anushka_sharma/Documents/FMS
    
/Users/anushka_sharma/Documents/FMS/FMS/Views/Fleet Manager/LocationPickerSheet.swift:188:9: warning: 'CLGeocoder' was deprecated in iOS 26.0: Use MapKit
        CLGeocoder().reverseGeocodeLocation(location) { placemarks, error in
        ^
/Users/anushka_sharma/Documents/FMS/FMS/Views/Fleet Manager/LocationPickerSheet.swift:188:22: warning: 'reverseGeocodeLocation(_:completionHandler:)' was deprecated in iOS 26.0: Use MKReverseGeocodingRequest
        CLGeocoder().reverseGeocodeLocation(location) { placemarks, error in
                     ^
/Users/anushka_sharma/Documents/FMS/FMS/Views/Fleet Manager/LocationPickerSheet.swift:217:62: warning: 'placemark' was deprecated in iOS 26.0: Use location, address and addressRepresentations instead
            guard let coordinate = response?.mapItems.first?.placemark.coordinate else { return }
                                                             ^

SwiftCompile normal x86_64 Compiling\ VehicleMaintenanceHistoryView.swift,\ ChatDetailView.swift,\ CommunicationView.swift /Users/anushka_sharma/Documents/FMS/FMS/Views/Fleet\ Manager/VehicleMaintenanceHistoryView.swift /Users/anushka_sharma/Documents/FMS/FMS/Views/Maintenance/Communication/ChatDetailView.swift /Users/anushka_sharma/Documents/FMS/FMS/Views/Maintenance/Communication/CommunicationView.swift (in target 'FMS' from project 'FMS')

SwiftCompile normal x86_64 /Users/anushka_sharma/Documents/FMS/FMS/Views/Fleet\ Manager/VehicleMaintenanceHistoryView.swift (in target 'FMS' from project 'FMS')
    cd /Users/anushka_sharma/Documents/FMS
    

SwiftCompile normal x86_64 /Users/anushka_sharma/Documents/FMS/FMS/Views/Maintenance/Communication/ChatDetailView.swift (in target 'FMS' from project 'FMS')
    cd /Users/anushka_sharma/Documents/FMS
    

SwiftCompile normal x86_64 /Users/anushka_sharma/Documents/FMS/FMS/Views/Maintenance/Communication/CommunicationView.swift (in target 'FMS' from project 'FMS')
    cd /Users/anushka_sharma/Documents/FMS
    

SwiftCompile normal x86_64 Compiling\ MaintenanceManagementViewModel.swift,\ DriverDashboardView.swift,\ FleetAnalyticsView.swift /Users/anushka_sharma/Documents/FMS/FMS/ViewModels/Fleet\ Manager/MaintenanceManagementViewModel.swift /Users/anushka_sharma/Documents/FMS/FMS/Views/Driver/DriverDashboardView.swift /Users/anushka_sharma/Documents/FMS/FMS/Views/Fleet\ Manager/FleetAnalyticsView.swift (in target 'FMS' from project 'FMS')

SwiftCompile normal x86_64 /Users/anushka_sharma/Documents/FMS/FMS/ViewModels/Fleet\ Manager/MaintenanceManagementViewModel.swift (in target 'FMS' from project 'FMS')
    cd /Users/anushka_sharma/Documents/FMS
    

SwiftCompile normal x86_64 /Users/anushka_sharma/Documents/FMS/FMS/Views/Driver/DriverDashboardView.swift (in target 'FMS' from project 'FMS')
    cd /Users/anushka_sharma/Documents/FMS
    

SwiftCompile normal x86_64 /Users/anushka_sharma/Documents/FMS/FMS/Views/Fleet\ Manager/FleetAnalyticsView.swift (in target 'FMS' from project 'FMS')
    cd /Users/anushka_sharma/Documents/FMS
    

SwiftEmitModule normal x86_64 Emitting\ module\ for\ FMS (in target 'FMS' from project 'FMS')

EmitSwiftModule normal x86_64 (in target 'FMS' from project 'FMS')
    cd /Users/anushka_sharma/Documents/FMS
    

SwiftCompile normal x86_64 Compiling\ MaintenanceEditSheet.swift,\ UpdateMaintenanceView.swift,\ DashboardView.swift /Users/anushka_sharma/Documents/FMS/FMS/Views/Maintenance/QuickActions/MaintenanceEditSheet.swift /Users/anushka_sharma/Documents/FMS/FMS/Views/Maintenance/QuickActions/UpdateMaintenanceView.swift /Users/anushka_sharma/Documents/FMS/FMS/Views/Maintenance/DashboardView.swift (in target 'FMS' from project 'FMS')

SwiftCompile normal x86_64 /Users/anushka_sharma/Documents/FMS/FMS/Views/Maintenance/QuickActions/MaintenanceEditSheet.swift (in target 'FMS' from project 'FMS')
    cd /Users/anushka_sharma/Documents/FMS
    

SwiftCompile normal x86_64 /Users/anushka_sharma/Documents/FMS/FMS/Views/Maintenance/QuickActions/UpdateMaintenanceView.swift (in target 'FMS' from project 'FMS')
    cd /Users/anushka_sharma/Documents/FMS
    

SwiftCompile normal x86_64 /Users/anushka_sharma/Documents/FMS/FMS/Views/Maintenance/DashboardView.swift (in target 'FMS' from project 'FMS')
    cd /Users/anushka_sharma/Documents/FMS
    
/Users/anushka_sharma/Documents/FMS/FMS/Views/Maintenance/DashboardView.swift:113:44: warning: 'main' was deprecated in iOS 26.0: Use a UIScreen instance found through context instead (i.e, view.window.windowScene.screen), or for properties like UIScreen.scale with trait equivalents, use a traitCollection found through context.
                    .frame(width: UIScreen.main.bounds.width)
                                           ^

SwiftCompile normal x86_64 Compiling\ Inventory.swift,\ DriverInnerScreens.swift,\ DriverProfileView.swift /Users/anushka_sharma/Documents/FMS/FMS/Views/Maintenance/Inventory.swift /Users/anushka_sharma/Documents/FMS/FMS/Views/Profile/DriverInnerScreens.swift /Users/anushka_sharma/Documents/FMS/FMS/Views/Profile/DriverProfileView.swift (in target 'FMS' from project 'FMS')

SwiftCompile normal x86_64 /Users/anushka_sharma/Documents/FMS/FMS/Views/Maintenance/Inventory.swift (in target 'FMS' from project 'FMS')
    cd /Users/anushka_sharma/Documents/FMS
    

SwiftCompile normal x86_64 /Users/anushka_sharma/Documents/FMS/FMS/Views/Profile/DriverInnerScreens.swift (in target 'FMS' from project 'FMS')
    cd /Users/anushka_sharma/Documents/FMS
    

SwiftCompile normal x86_64 /Users/anushka_sharma/Documents/FMS/FMS/Views/Profile/DriverProfileView.swift (in target 'FMS' from project 'FMS')
    cd /Users/anushka_sharma/Documents/FMS
    

SwiftCompile normal x86_64 Compiling\ FleetManagerEditProfileView.swift,\ FleetManagerProfileView.swift,\ GeneratedAssetSymbols.swift /Users/anushka_sharma/Documents/FMS/FMS/Views/Profile/FleetManagerEditProfileView.swift /Users/anushka_sharma/Documents/FMS/FMS/Views/Profile/FleetManagerProfileView.swift /Users/anushka_sharma/Library/Developer/Xcode/DerivedData/FMS-cwjlkvbqxgbddsairyzxkfxaxriv/Build/Intermediates.noindex/FMS.build/Debug-iphonesimulator/FMS.build/DerivedSources/GeneratedAssetSymbols.swift (in target 'FMS' from project 'FMS')

SwiftCompile normal x86_64 /Users/anushka_sharma/Documents/FMS/FMS/Views/Profile/FleetManagerEditProfileView.swift (in target 'FMS' from project 'FMS')
    cd /Users/anushka_sharma/Documents/FMS
    

SwiftCompile normal x86_64 /Users/anushka_sharma/Documents/FMS/FMS/Views/Profile/FleetManagerProfileView.swift (in target 'FMS' from project 'FMS')
    cd /Users/anushka_sharma/Documents/FMS
    

SwiftCompile normal x86_64 /Users/anushka_sharma/Library/Developer/Xcode/DerivedData/FMS-cwjlkvbqxgbddsairyzxkfxaxriv/Build/Intermediates.noindex/FMS.build/Debug-iphonesimulator/FMS.build/DerivedSources/GeneratedAssetSymbols.swift (in target 'FMS' from project 'FMS')
    cd /Users/anushka_sharma/Documents/FMS
    

SwiftDriverJobDiscovery normal x86_64 Compiling DriverDashboardViewModel.swift, EditVehicleViewModel.swift, FleetDashboardViewModel.swift (in target 'FMS' from project 'FMS')

SwiftCompile normal x86_64 Compiling\ FleetContentView.swift /Users/anushka_sharma/Documents/FMS/FMS/Views/Fleet\ Manager/FleetContentView.swift (in target 'FMS' from project 'FMS')

SwiftCompile normal x86_64 /Users/anushka_sharma/Documents/FMS/FMS/Views/Fleet\ Manager/FleetContentView.swift (in target 'FMS' from project 'FMS')
    cd /Users/anushka_sharma/Documents/FMS
    

SwiftDriverJobDiscovery normal x86_64 Emitting module for FMS (in target 'FMS' from project 'FMS')

SwiftDriver\ Compilation\ Requirements FMS normal x86_64 com.apple.xcode.tools.swift.compiler (in target 'FMS' from project 'FMS')
    cd /Users/anushka_sharma/Documents/FMS
    builtin-Swift-Compilation-Requirements -- /Applications/Xcode.app/Contents/Developer/Toolchains/XcodeDefault.xctoolchain/usr/bin/swiftc -module-name FMS -Onone -enforce-exclusivity\=checked @/Users/anushka_sharma/Library/Developer/Xcode/DerivedData/FMS-cwjlkvbqxgbddsairyzxkfxaxriv/Build/Intermediates.noindex/FMS.build/Debug-iphonesimulator/FMS.build/Objects-normal/x86_64/FMS.SwiftFileList -DDEBUG -default-isolation\=MainActor -enable-bare-slash-regex -enable-upcoming-feature DisableOutwardActorInference -enable-upcoming-feature InferSendableFromCaptures -enable-upcoming-feature GlobalActorIsolatedTypesUsability -enable-upcoming-feature MemberImportVisibility -enable-upcoming-feature InferIsolatedConformances -enable-upcoming-feature NonisolatedNonsendingByDefault -enable-experimental-feature DebugDescriptionMacro -sdk /Applications/Xcode.app/Contents/Developer/Platforms/iPhoneSimulator.platform/Developer/SDKs/iPhoneSimulator26.2.sdk -target x86_64-apple-ios26.0-simulator -g -module-cache-path /Users/anushka_sharma/Library/Developer/Xcode/DerivedData/ModuleCache.noindex -Xfrontend -serialize-debugging-options -enable-testing -index-store-path /Users/anushka_sharma/Library/Developer/Xcode/DerivedData/FMS-cwjlkvbqxgbddsairyzxkfxaxriv/Index.noindex/DataStore -Xcc -D_LIBCPP_HARDENING_MODE\=_LIBCPP_HARDENING_MODE_DEBUG -swift-version 5 -I /Users/anushka_sharma/Library/Developer/Xcode/DerivedData/FMS-cwjlkvbqxgbddsairyzxkfxaxriv/Build/Products/Debug-iphonesimulator -F /Users/anushka_sharma/Library/Developer/Xcode/DerivedData/FMS-cwjlkvbqxgbddsairyzxkfxaxriv/Build/Products/Debug-iphonesimulator/PackageFrameworks -F /Users/anushka_sharma/Library/Developer/Xcode/DerivedData/FMS-cwjlkvbqxgbddsairyzxkfxaxriv/Build/Products/Debug-iphonesimulator/PackageFrameworks -F /Users/anushka_sharma/Library/Developer/Xcode/DerivedData/FMS-cwjlkvbqxgbddsairyzxkfxaxriv/Build/Products/Debug-iphonesimulator/PackageFrameworks -F /Users/anushka_sharma/Library/Developer/Xcode/DerivedData/FMS-cwjlkvbqxgbddsairyzxkfxaxriv/Build/Products/Debug-iphonesimulator/PackageFrameworks -F /Users/anushka_sharma/Library/Developer/Xcode/DerivedData/FMS-cwjlkvbqxgbddsairyzxkfxaxriv/Build/Products/Debug-iphonesimulator/PackageFrameworks -F /Users/anushka_sharma/Library/Developer/Xcode/DerivedData/FMS-cwjlkvbqxgbddsairyzxkfxaxriv/Build/Products/Debug-iphonesimulator/PackageFrameworks -F /Users/anushka_sharma/Library/Developer/Xcode/DerivedData/FMS-cwjlkvbqxgbddsairyzxkfxaxriv/Build/Products/Debug-iphonesimulator/PackageFrameworks -F /Users/anushka_sharma/Library/Developer/Xcode/DerivedData/FMS-cwjlkvbqxgbddsairyzxkfxaxriv/Build/Products/Debug-iphonesimulator/PackageFrameworks -F /Users/anushka_sharma/Library/Developer/Xcode/DerivedData/FMS-cwjlkvbqxgbddsairyzxkfxaxriv/Build/Products/Debug-iphonesimulator/PackageFrameworks -F /Users/anushka_sharma/Library/Developer/Xcode/DerivedData/FMS-cwjlkvbqxgbddsairyzxkfxaxriv/Build/Products/Debug-iphonesimulator/PackageFrameworks -F /Users/anushka_sharma/Library/Developer/Xcode/DerivedData/FMS-cwjlkvbqxgbddsairyzxkfxaxriv/Build/Products/Debug-iphonesimulator/PackageFrameworks -F /Users/anushka_sharma/Library/Developer/Xcode/DerivedData/FMS-cwjlkvbqxgbddsairyzxkfxaxriv/Build/Products/Debug-iphonesimulator/PackageFrameworks -F /Users/anushka_sharma/Library/Developer/Xcode/DerivedData/FMS-cwjlkvbqxgbddsairyzxkfxaxriv/Build/Products/Debug-iphonesimulator/PackageFrameworks -F /Users/anushka_sharma/Library/Developer/Xcode/DerivedData/FMS-cwjlkvbqxgbddsairyzxkfxaxriv/Build/Products/Debug-iphonesimulator/PackageFrameworks -F /Users/anushka_sharma/Library/Developer/Xcode/DerivedData/FMS-cwjlkvbqxgbddsairyzxkfxaxriv/Build/Products/Debug-iphonesimulator -emit-localized-strings -emit-localized-strings-path /Users/anushka_sharma/Library/Developer/Xcode/DerivedData/FMS-cwjlkvbqxgbddsairyzxkfxaxriv/Build/Intermediates.noindex/FMS.build/Debug-iphonesimulator/FMS.build/Objects-normal/x86_64 -c -j10 -enable-batch-mode -incremental -Xcc -ivfsstatcache -Xcc /Users/anushka_sharma/Library/Developer/Xcode/DerivedData/SDKStatCaches.noindex/iphonesimulator26.2-23C53-7d00a8b37fbd7999ea79df8ebc024bf0.sdkstatcache -output-file-map /Users/anushka_sharma/Library/Developer/Xcode/DerivedData/FMS-cwjlkvbqxgbddsairyzxkfxaxriv/Build/Intermediates.noindex/FMS.build/Debug-iphonesimulator/FMS.build/Objects-normal/x86_64/FMS-OutputFileMap.json -use-frontend-parseable-output -save-temps -no-color-diagnostics -explicit-module-build -module-cache-path /Users/anushka_sharma/Library/Developer/Xcode/DerivedData/FMS-cwjlkvbqxgbddsairyzxkfxaxriv/Build/Intermediates.noindex/SwiftExplicitPrecompiledModules -clang-scanner-module-cache-path /Users/anushka_sharma/Library/Developer/Xcode/DerivedData/ModuleCache.noindex -sdk-module-cache-path /Users/anushka_sharma/Library/Developer/Xcode/DerivedData/ModuleCache.noindex -serialize-diagnostics -emit-dependencies -emit-module -emit-module-path /Users/anushka_sharma/Library/Developer/Xcode/DerivedData/FMS-cwjlkvbqxgbddsairyzxkfxaxriv/Build/Intermediates.noindex/FMS.build/Debug-iphonesimulator/FMS.build/Objects-normal/x86_64/FMS.swiftmodule -validate-clang-modules-once -clang-build-session-file /Users/anushka_sharma/Library/Developer/Xcode/DerivedData/ModuleCache.noindex/Session.modulevalidation -Xcc -I/Users/anushka_sharma/Library/Developer/Xcode/DerivedData/FMS-cwjlkvbqxgbddsairyzxkfxaxriv/Build/Intermediates.noindex/FMS.build/Debug-iphonesimulator/FMS.build/swift-overrides.hmap -emit-const-values -Xfrontend -const-gather-protocols-file -Xfrontend /Users/anushka_sharma/Library/Developer/Xcode/DerivedData/FMS-cwjlkvbqxgbddsairyzxkfxaxriv/Build/Intermediates.noindex/FMS.build/Debug-iphonesimulator/FMS.build/Objects-normal/x86_64/FMS_const_extract_protocols.json -Xcc -iquote -Xcc /Users/anushka_sharma/Library/Developer/Xcode/DerivedData/FMS-cwjlkvbqxgbddsairyzxkfxaxriv/Build/Intermediates.noindex/FMS.build/Debug-iphonesimulator/FMS.build/FMS-generated-files.hmap -Xcc -I/Users/anushka_sharma/Library/Developer/Xcode/DerivedData/FMS-cwjlkvbqxgbddsairyzxkfxaxriv/Build/Intermediates.noindex/FMS.build/Debug-iphonesimulator/FMS.build/FMS-own-target-headers.hmap -Xcc -I/Users/anushka_sharma/Library/Developer/Xcode/DerivedData/FMS-cwjlkvbqxgbddsairyzxkfxaxriv/Build/Intermediates.noindex/FMS.build/Debug-iphonesimulator/FMS.build/FMS-all-non-framework-target-headers.hmap -Xcc -ivfsoverlay -Xcc /Users/anushka_sharma/Library/Developer/Xcode/DerivedData/FMS-cwjlkvbqxgbddsairyzxkfxaxriv/Build/Intermediates.noindex/FMS.build/Debug-iphonesimulator/FMS-09ac764f5f6a6aaea0b26801b5883ea5-VFS-iphonesimulator/all-product-headers.yaml -Xcc -iquote -Xcc /Users/anushka_sharma/Library/Developer/Xcode/DerivedData/FMS-cwjlkvbqxgbddsairyzxkfxaxriv/Build/Intermediates.noindex/FMS.build/Debug-iphonesimulator/FMS.build/FMS-project-headers.hmap -Xcc -I/Users/anushka_sharma/Library/Developer/Xcode/DerivedData/FMS-cwjlkvbqxgbddsairyzxkfxaxriv/Build/Products/Debug-iphonesimulator/include -Xcc -I/Users/anushka_sharma/Library/Developer/Xcode/DerivedData/FMS-cwjlkvbqxgbddsairyzxkfxaxriv/Build/Intermediates.noindex/FMS.build/Debug-iphonesimulator/FMS.build/DerivedSources-normal/x86_64 -Xcc -I/Users/anushka_sharma/Library/Developer/Xcode/DerivedData/FMS-cwjlkvbqxgbddsairyzxkfxaxriv/Build/Intermediates.noindex/FMS.build/Debug-iphonesimulator/FMS.build/DerivedSources/x86_64 -Xcc -I/Users/anushka_sharma/Library/Developer/Xcode/DerivedData/FMS-cwjlkvbqxgbddsairyzxkfxaxriv/Build/Intermediates.noindex/FMS.build/Debug-iphonesimulator/FMS.build/DerivedSources -Xcc -DDEBUG\=1 -emit-objc-header -emit-objc-header-path /Users/anushka_sharma/Library/Developer/Xcode/DerivedData/FMS-cwjlkvbqxgbddsairyzxkfxaxriv/Build/Intermediates.noindex/FMS.build/Debug-iphonesimulator/FMS.build/Objects-normal/x86_64/FMS-Swift.h -working-directory /Users/anushka_sharma/Documents/FMS -experimental-emit-module-separately -disable-cmo

SwiftDriverJobDiscovery normal arm64 Emitting module for FMS (in target 'FMS' from project 'FMS')

SwiftDriver\ Compilation\ Requirements FMS normal arm64 com.apple.xcode.tools.swift.compiler (in target 'FMS' from project 'FMS')
    cd /Users/anushka_sharma/Documents/FMS
    builtin-Swift-Compilation-Requirements -- /Applications/Xcode.app/Contents/Developer/Toolchains/XcodeDefault.xctoolchain/usr/bin/swiftc -module-name FMS -Onone -enforce-exclusivity\=checked @/Users/anushka_sharma/Library/Developer/Xcode/DerivedData/FMS-cwjlkvbqxgbddsairyzxkfxaxriv/Build/Intermediates.noindex/FMS.build/Debug-iphonesimulator/FMS.build/Objects-normal/arm64/FMS.SwiftFileList -DDEBUG -default-isolation\=MainActor -enable-bare-slash-regex -enable-upcoming-feature DisableOutwardActorInference -enable-upcoming-feature InferSendableFromCaptures -enable-upcoming-feature GlobalActorIsolatedTypesUsability -enable-upcoming-feature MemberImportVisibility -enable-upcoming-feature InferIsolatedConformances -enable-upcoming-feature NonisolatedNonsendingByDefault -enable-experimental-feature DebugDescriptionMacro -sdk /Applications/Xcode.app/Contents/Developer/Platforms/iPhoneSimulator.platform/Developer/SDKs/iPhoneSimulator26.2.sdk -target arm64-apple-ios26.0-simulator -g -module-cache-path /Users/anushka_sharma/Library/Developer/Xcode/DerivedData/ModuleCache.noindex -Xfrontend -serialize-debugging-options -enable-testing -index-store-path /Users/anushka_sharma/Library/Developer/Xcode/DerivedData/FMS-cwjlkvbqxgbddsairyzxkfxaxriv/Index.noindex/DataStore -Xcc -D_LIBCPP_HARDENING_MODE\=_LIBCPP_HARDENING_MODE_DEBUG -swift-version 5 -I /Users/anushka_sharma/Library/Developer/Xcode/DerivedData/FMS-cwjlkvbqxgbddsairyzxkfxaxriv/Build/Products/Debug-iphonesimulator -F /Users/anushka_sharma/Library/Developer/Xcode/DerivedData/FMS-cwjlkvbqxgbddsairyzxkfxaxriv/Build/Products/Debug-iphonesimulator/PackageFrameworks -F /Users/anushka_sharma/Library/Developer/Xcode/DerivedData/FMS-cwjlkvbqxgbddsairyzxkfxaxriv/Build/Products/Debug-iphonesimulator/PackageFrameworks -F /Users/anushka_sharma/Library/Developer/Xcode/DerivedData/FMS-cwjlkvbqxgbddsairyzxkfxaxriv/Build/Products/Debug-iphonesimulator/PackageFrameworks -F /Users/anushka_sharma/Library/Developer/Xcode/DerivedData/FMS-cwjlkvbqxgbddsairyzxkfxaxriv/Build/Products/Debug-iphonesimulator/PackageFrameworks -F /Users/anushka_sharma/Library/Developer/Xcode/DerivedData/FMS-cwjlkvbqxgbddsairyzxkfxaxriv/Build/Products/Debug-iphonesimulator/PackageFrameworks -F /Users/anushka_sharma/Library/Developer/Xcode/DerivedData/FMS-cwjlkvbqxgbddsairyzxkfxaxriv/Build/Products/Debug-iphonesimulator/PackageFrameworks -F /Users/anushka_sharma/Library/Developer/Xcode/DerivedData/FMS-cwjlkvbqxgbddsairyzxkfxaxriv/Build/Products/Debug-iphonesimulator/PackageFrameworks -F /Users/anushka_sharma/Library/Developer/Xcode/DerivedData/FMS-cwjlkvbqxgbddsairyzxkfxaxriv/Build/Products/Debug-iphonesimulator/PackageFrameworks -F /Users/anushka_sharma/Library/Developer/Xcode/DerivedData/FMS-cwjlkvbqxgbddsairyzxkfxaxriv/Build/Products/Debug-iphonesimulator/PackageFrameworks -F /Users/anushka_sharma/Library/Developer/Xcode/DerivedData/FMS-cwjlkvbqxgbddsairyzxkfxaxriv/Build/Products/Debug-iphonesimulator/PackageFrameworks -F /Users/anushka_sharma/Library/Developer/Xcode/DerivedData/FMS-cwjlkvbqxgbddsairyzxkfxaxriv/Build/Products/Debug-iphonesimulator/PackageFrameworks -F /Users/anushka_sharma/Library/Developer/Xcode/DerivedData/FMS-cwjlkvbqxgbddsairyzxkfxaxriv/Build/Products/Debug-iphonesimulator/PackageFrameworks -F /Users/anushka_sharma/Library/Developer/Xcode/DerivedData/FMS-cwjlkvbqxgbddsairyzxkfxaxriv/Build/Products/Debug-iphonesimulator/PackageFrameworks -F /Users/anushka_sharma/Library/Developer/Xcode/DerivedData/FMS-cwjlkvbqxgbddsairyzxkfxaxriv/Build/Products/Debug-iphonesimulator/PackageFrameworks -F /Users/anushka_sharma/Library/Developer/Xcode/DerivedData/FMS-cwjlkvbqxgbddsairyzxkfxaxriv/Build/Products/Debug-iphonesimulator -emit-localized-strings -emit-localized-strings-path /Users/anushka_sharma/Library/Developer/Xcode/DerivedData/FMS-cwjlkvbqxgbddsairyzxkfxaxriv/Build/Intermediates.noindex/FMS.build/Debug-iphonesimulator/FMS.build/Objects-normal/arm64 -c -j10 -enable-batch-mode -incremental -Xcc -ivfsstatcache -Xcc /Users/anushka_sharma/Library/Developer/Xcode/DerivedData/SDKStatCaches.noindex/iphonesimulator26.2-23C53-7d00a8b37fbd7999ea79df8ebc024bf0.sdkstatcache -output-file-map /Users/anushka_sharma/Library/Developer/Xcode/DerivedData/FMS-cwjlkvbqxgbddsairyzxkfxaxriv/Build/Intermediates.noindex/FMS.build/Debug-iphonesimulator/FMS.build/Objects-normal/arm64/FMS-OutputFileMap.json -use-frontend-parseable-output -save-temps -no-color-diagnostics -explicit-module-build -module-cache-path /Users/anushka_sharma/Library/Developer/Xcode/DerivedData/FMS-cwjlkvbqxgbddsairyzxkfxaxriv/Build/Intermediates.noindex/SwiftExplicitPrecompiledModules -clang-scanner-module-cache-path /Users/anushka_sharma/Library/Developer/Xcode/DerivedData/ModuleCache.noindex -sdk-module-cache-path /Users/anushka_sharma/Library/Developer/Xcode/DerivedData/ModuleCache.noindex -serialize-diagnostics -emit-dependencies -emit-module -emit-module-path /Users/anushka_sharma/Library/Developer/Xcode/DerivedData/FMS-cwjlkvbqxgbddsairyzxkfxaxriv/Build/Intermediates.noindex/FMS.build/Debug-iphonesimulator/FMS.build/Objects-normal/arm64/FMS.swiftmodule -validate-clang-modules-once -clang-build-session-file /Users/anushka_sharma/Library/Developer/Xcode/DerivedData/ModuleCache.noindex/Session.modulevalidation -Xcc -I/Users/anushka_sharma/Library/Developer/Xcode/DerivedData/FMS-cwjlkvbqxgbddsairyzxkfxaxriv/Build/Intermediates.noindex/FMS.build/Debug-iphonesimulator/FMS.build/swift-overrides.hmap -emit-const-values -Xfrontend -const-gather-protocols-file -Xfrontend /Users/anushka_sharma/Library/Developer/Xcode/DerivedData/FMS-cwjlkvbqxgbddsairyzxkfxaxriv/Build/Intermediates.noindex/FMS.build/Debug-iphonesimulator/FMS.build/Objects-normal/arm64/FMS_const_extract_protocols.json -Xcc -iquote -Xcc /Users/anushka_sharma/Library/Developer/Xcode/DerivedData/FMS-cwjlkvbqxgbddsairyzxkfxaxriv/Build/Intermediates.noindex/FMS.build/Debug-iphonesimulator/FMS.build/FMS-generated-files.hmap -Xcc -I/Users/anushka_sharma/Library/Developer/Xcode/DerivedData/FMS-cwjlkvbqxgbddsairyzxkfxaxriv/Build/Intermediates.noindex/FMS.build/Debug-iphonesimulator/FMS.build/FMS-own-target-headers.hmap -Xcc -I/Users/anushka_sharma/Library/Developer/Xcode/DerivedData/FMS-cwjlkvbqxgbddsairyzxkfxaxriv/Build/Intermediates.noindex/FMS.build/Debug-iphonesimulator/FMS.build/FMS-all-non-framework-target-headers.hmap -Xcc -ivfsoverlay -Xcc /Users/anushka_sharma/Library/Developer/Xcode/DerivedData/FMS-cwjlkvbqxgbddsairyzxkfxaxriv/Build/Intermediates.noindex/FMS.build/Debug-iphonesimulator/FMS-09ac764f5f6a6aaea0b26801b5883ea5-VFS-iphonesimulator/all-product-headers.yaml -Xcc -iquote -Xcc /Users/anushka_sharma/Library/Developer/Xcode/DerivedData/FMS-cwjlkvbqxgbddsairyzxkfxaxriv/Build/Intermediates.noindex/FMS.build/Debug-iphonesimulator/FMS.build/FMS-project-headers.hmap -Xcc -I/Users/anushka_sharma/Library/Developer/Xcode/DerivedData/FMS-cwjlkvbqxgbddsairyzxkfxaxriv/Build/Products/Debug-iphonesimulator/include -Xcc -I/Users/anushka_sharma/Library/Developer/Xcode/DerivedData/FMS-cwjlkvbqxgbddsairyzxkfxaxriv/Build/Intermediates.noindex/FMS.build/Debug-iphonesimulator/FMS.build/DerivedSources-normal/arm64 -Xcc -I/Users/anushka_sharma/Library/Developer/Xcode/DerivedData/FMS-cwjlkvbqxgbddsairyzxkfxaxriv/Build/Intermediates.noindex/FMS.build/Debug-iphonesimulator/FMS.build/DerivedSources/arm64 -Xcc -I/Users/anushka_sharma/Library/Developer/Xcode/DerivedData/FMS-cwjlkvbqxgbddsairyzxkfxaxriv/Build/Intermediates.noindex/FMS.build/Debug-iphonesimulator/FMS.build/DerivedSources -Xcc -DDEBUG\=1 -emit-objc-header -emit-objc-header-path /Users/anushka_sharma/Library/Developer/Xcode/DerivedData/FMS-cwjlkvbqxgbddsairyzxkfxaxriv/Build/Intermediates.noindex/FMS.build/Debug-iphonesimulator/FMS.build/Objects-normal/arm64/FMS-Swift.h -working-directory /Users/anushka_sharma/Documents/FMS -experimental-emit-module-separately -disable-cmo

Copy /Users/anushka_sharma/Library/Developer/Xcode/DerivedData/FMS-cwjlkvbqxgbddsairyzxkfxaxriv/Build/Products/Debug-iphonesimulator/FMS.swiftmodule/x86_64-apple-ios-simulator.swiftmodule /Users/anushka_sharma/Library/Developer/Xcode/DerivedData/FMS-cwjlkvbqxgbddsairyzxkfxaxriv/Build/Intermediates.noindex/FMS.build/Debug-iphonesimulator/FMS.build/Objects-normal/x86_64/FMS.swiftmodule (in target 'FMS' from project 'FMS')
    cd /Users/anushka_sharma/Documents/FMS
    builtin-copy -exclude .DS_Store -exclude CVS -exclude .svn -exclude .git -exclude .hg -resolve-src-symlinks -rename /Users/anushka_sharma/Library/Developer/Xcode/DerivedData/FMS-cwjlkvbqxgbddsairyzxkfxaxriv/Build/Intermediates.noindex/FMS.build/Debug-iphonesimulator/FMS.build/Objects-normal/x86_64/FMS.swiftmodule /Users/anushka_sharma/Library/Developer/Xcode/DerivedData/FMS-cwjlkvbqxgbddsairyzxkfxaxriv/Build/Products/Debug-iphonesimulator/FMS.swiftmodule/x86_64-apple-ios-simulator.swiftmodule

SwiftMergeGeneratedHeaders /Users/anushka_sharma/Library/Developer/Xcode/DerivedData/FMS-cwjlkvbqxgbddsairyzxkfxaxriv/Build/Intermediates.noindex/FMS.build/Debug-iphonesimulator/FMS.build/DerivedSources/FMS-Swift.h /Users/anushka_sharma/Library/Developer/Xcode/DerivedData/FMS-cwjlkvbqxgbddsairyzxkfxaxriv/Build/Intermediates.noindex/FMS.build/Debug-iphonesimulator/FMS.build/Objects-normal/arm64/FMS-Swift.h /Users/anushka_sharma/Library/Developer/Xcode/DerivedData/FMS-cwjlkvbqxgbddsairyzxkfxaxriv/Build/Intermediates.noindex/FMS.build/Debug-iphonesimulator/FMS.build/Objects-normal/x86_64/FMS-Swift.h (in target 'FMS' from project 'FMS')
    cd /Users/anushka_sharma/Documents/FMS
    builtin-swiftHeaderTool -arch arm64 /Users/anushka_sharma/Library/Developer/Xcode/DerivedData/FMS-cwjlkvbqxgbddsairyzxkfxaxriv/Build/Intermediates.noindex/FMS.build/Debug-iphonesimulator/FMS.build/Objects-normal/arm64/FMS-Swift.h -arch x86_64 /Users/anushka_sharma/Library/Developer/Xcode/DerivedData/FMS-cwjlkvbqxgbddsairyzxkfxaxriv/Build/Intermediates.noindex/FMS.build/Debug-iphonesimulator/FMS.build/Objects-normal/x86_64/FMS-Swift.h -o /Users/anushka_sharma/Library/Developer/Xcode/DerivedData/FMS-cwjlkvbqxgbddsairyzxkfxaxriv/Build/Intermediates.noindex/FMS.build/Debug-iphonesimulator/FMS.build/DerivedSources/FMS-Swift.h

Copy /Users/anushka_sharma/Library/Developer/Xcode/DerivedData/FMS-cwjlkvbqxgbddsairyzxkfxaxriv/Build/Products/Debug-iphonesimulator/FMS.swiftmodule/x86_64-apple-ios-simulator.abi.json /Users/anushka_sharma/Library/Developer/Xcode/DerivedData/FMS-cwjlkvbqxgbddsairyzxkfxaxriv/Build/Intermediates.noindex/FMS.build/Debug-iphonesimulator/FMS.build/Objects-normal/x86_64/FMS.abi.json (in target 'FMS' from project 'FMS')
    cd /Users/anushka_sharma/Documents/FMS
    builtin-copy -exclude .DS_Store -exclude CVS -exclude .svn -exclude .git -exclude .hg -resolve-src-symlinks -rename /Users/anushka_sharma/Library/Developer/Xcode/DerivedData/FMS-cwjlkvbqxgbddsairyzxkfxaxriv/Build/Intermediates.noindex/FMS.build/Debug-iphonesimulator/FMS.build/Objects-normal/x86_64/FMS.abi.json /Users/anushka_sharma/Library/Developer/Xcode/DerivedData/FMS-cwjlkvbqxgbddsairyzxkfxaxriv/Build/Products/Debug-iphonesimulator/FMS.swiftmodule/x86_64-apple-ios-simulator.abi.json

Copy /Users/anushka_sharma/Library/Developer/Xcode/DerivedData/FMS-cwjlkvbqxgbddsairyzxkfxaxriv/Build/Products/Debug-iphonesimulator/FMS.swiftmodule/arm64-apple-ios-simulator.swiftmodule /Users/anushka_sharma/Library/Developer/Xcode/DerivedData/FMS-cwjlkvbqxgbddsairyzxkfxaxriv/Build/Intermediates.noindex/FMS.build/Debug-iphonesimulator/FMS.build/Objects-normal/arm64/FMS.swiftmodule (in target 'FMS' from project 'FMS')
    cd /Users/anushka_sharma/Documents/FMS
    builtin-copy -exclude .DS_Store -exclude CVS -exclude .svn -exclude .git -exclude .hg -resolve-src-symlinks -rename /Users/anushka_sharma/Library/Developer/Xcode/DerivedData/FMS-cwjlkvbqxgbddsairyzxkfxaxriv/Build/Intermediates.noindex/FMS.build/Debug-iphonesimulator/FMS.build/Objects-normal/arm64/FMS.swiftmodule /Users/anushka_sharma/Library/Developer/Xcode/DerivedData/FMS-cwjlkvbqxgbddsairyzxkfxaxriv/Build/Products/Debug-iphonesimulator/FMS.swiftmodule/arm64-apple-ios-simulator.swiftmodule

Copy /Users/anushka_sharma/Library/Developer/Xcode/DerivedData/FMS-cwjlkvbqxgbddsairyzxkfxaxriv/Build/Products/Debug-iphonesimulator/FMS.swiftmodule/arm64-apple-ios-simulator.swiftdoc /Users/anushka_sharma/Library/Developer/Xcode/DerivedData/FMS-cwjlkvbqxgbddsairyzxkfxaxriv/Build/Intermediates.noindex/FMS.build/Debug-iphonesimulator/FMS.build/Objects-normal/arm64/FMS.swiftdoc (in target 'FMS' from project 'FMS')
    cd /Users/anushka_sharma/Documents/FMS
    builtin-copy -exclude .DS_Store -exclude CVS -exclude .svn -exclude .git -exclude .hg -resolve-src-symlinks -rename /Users/anushka_sharma/Library/Developer/Xcode/DerivedData/FMS-cwjlkvbqxgbddsairyzxkfxaxriv/Build/Intermediates.noindex/FMS.build/Debug-iphonesimulator/FMS.build/Objects-normal/arm64/FMS.swiftdoc /Users/anushka_sharma/Library/Developer/Xcode/DerivedData/FMS-cwjlkvbqxgbddsairyzxkfxaxriv/Build/Products/Debug-iphonesimulator/FMS.swiftmodule/arm64-apple-ios-simulator.swiftdoc

Copy /Users/anushka_sharma/Library/Developer/Xcode/DerivedData/FMS-cwjlkvbqxgbddsairyzxkfxaxriv/Build/Products/Debug-iphonesimulator/FMS.swiftmodule/arm64-apple-ios-simulator.abi.json /Users/anushka_sharma/Library/Developer/Xcode/DerivedData/FMS-cwjlkvbqxgbddsairyzxkfxaxriv/Build/Intermediates.noindex/FMS.build/Debug-iphonesimulator/FMS.build/Objects-normal/arm64/FMS.abi.json (in target 'FMS' from project 'FMS')
    cd /Users/anushka_sharma/Documents/FMS
    builtin-copy -exclude .DS_Store -exclude CVS -exclude .svn -exclude .git -exclude .hg -resolve-src-symlinks -rename /Users/anushka_sharma/Library/Developer/Xcode/DerivedData/FMS-cwjlkvbqxgbddsairyzxkfxaxriv/Build/Intermediates.noindex/FMS.build/Debug-iphonesimulator/FMS.build/Objects-normal/arm64/FMS.abi.json /Users/anushka_sharma/Library/Developer/Xcode/DerivedData/FMS-cwjlkvbqxgbddsairyzxkfxaxriv/Build/Products/Debug-iphonesimulator/FMS.swiftmodule/arm64-apple-ios-simulator.abi.json

Copy /Users/anushka_sharma/Library/Developer/Xcode/DerivedData/FMS-cwjlkvbqxgbddsairyzxkfxaxriv/Build/Products/Debug-iphonesimulator/FMS.swiftmodule/Project/x86_64-apple-ios-simulator.swiftsourceinfo /Users/anushka_sharma/Library/Developer/Xcode/DerivedData/FMS-cwjlkvbqxgbddsairyzxkfxaxriv/Build/Intermediates.noindex/FMS.build/Debug-iphonesimulator/FMS.build/Objects-normal/x86_64/FMS.swiftsourceinfo (in target 'FMS' from project 'FMS')
    cd /Users/anushka_sharma/Documents/FMS
    builtin-copy -exclude .DS_Store -exclude CVS -exclude .svn -exclude .git -exclude .hg -resolve-src-symlinks -rename /Users/anushka_sharma/Library/Developer/Xcode/DerivedData/FMS-cwjlkvbqxgbddsairyzxkfxaxriv/Build/Intermediates.noindex/FMS.build/Debug-iphonesimulator/FMS.build/Objects-normal/x86_64/FMS.swiftsourceinfo /Users/anushka_sharma/Library/Developer/Xcode/DerivedData/FMS-cwjlkvbqxgbddsairyzxkfxaxriv/Build/Products/Debug-iphonesimulator/FMS.swiftmodule/Project/x86_64-apple-ios-simulator.swiftsourceinfo

Copy /Users/anushka_sharma/Library/Developer/Xcode/DerivedData/FMS-cwjlkvbqxgbddsairyzxkfxaxriv/Build/Products/Debug-iphonesimulator/FMS.swiftmodule/Project/arm64-apple-ios-simulator.swiftsourceinfo /Users/anushka_sharma/Library/Developer/Xcode/DerivedData/FMS-cwjlkvbqxgbddsairyzxkfxaxriv/Build/Intermediates.noindex/FMS.build/Debug-iphonesimulator/FMS.build/Objects-normal/arm64/FMS.swiftsourceinfo (in target 'FMS' from project 'FMS')
    cd /Users/anushka_sharma/Documents/FMS
    builtin-copy -exclude .DS_Store -exclude CVS -exclude .svn -exclude .git -exclude .hg -resolve-src-symlinks -rename /Users/anushka_sharma/Library/Developer/Xcode/DerivedData/FMS-cwjlkvbqxgbddsairyzxkfxaxriv/Build/Intermediates.noindex/FMS.build/Debug-iphonesimulator/FMS.build/Objects-normal/arm64/FMS.swiftsourceinfo /Users/anushka_sharma/Library/Developer/Xcode/DerivedData/FMS-cwjlkvbqxgbddsairyzxkfxaxriv/Build/Products/Debug-iphonesimulator/FMS.swiftmodule/Project/arm64-apple-ios-simulator.swiftsourceinfo

SwiftCompile normal x86_64 Compiling\ AllActivitiesView.swift /Users/anushka_sharma/Documents/FMS/FMS/Views/Fleet\ Manager/AllActivitiesView.swift (in target 'FMS' from project 'FMS')

SwiftCompile normal x86_64 /Users/anushka_sharma/Documents/FMS/FMS/Views/Fleet\ Manager/AllActivitiesView.swift (in target 'FMS' from project 'FMS')
    cd /Users/anushka_sharma/Documents/FMS
    

SwiftDriverJobDiscovery normal x86_64 Compiling DatabaseSeeder.swift, DataModel.swift, NavigationManager.swift, SupabaseManager.swift (in target 'FMS' from project 'FMS')

SwiftCompile normal x86_64 Compiling\ AddInventoryView.swift,\ EditInventoryView.swift,\ InventoryDetailView.swift /Users/anushka_sharma/Documents/FMS/FMS/Views/Maintenance/QuickActions/AddInventoryView.swift /Users/anushka_sharma/Documents/FMS/FMS/Views/Maintenance/QuickActions/EditInventoryView.swift /Users/anushka_sharma/Documents/FMS/FMS/Views/Maintenance/QuickActions/InventoryDetailView.swift (in target 'FMS' from project 'FMS')
SwiftCompile normal x86_64 /Users/anushka_sharma/Documents/FMS/FMS/Views/Maintenance/QuickActions/AddInventoryView.swift (in target 'FMS' from project 'FMS')
    cd /Users/anushka_sharma/Documents/FMS
    

SwiftCompile normal x86_64 /Users/anushka_sharma/Documents/FMS/FMS/Views/Maintenance/QuickActions/EditInventoryView.swift (in target 'FMS' from project 'FMS')
    cd /Users/anushka_sharma/Documents/FMS
    

SwiftCompile normal x86_64 /Users/anushka_sharma/Documents/FMS/FMS/Views/Maintenance/QuickActions/InventoryDetailView.swift (in target 'FMS' from project 'FMS')
    cd /Users/anushka_sharma/Documents/FMS
    

SwiftCompile normal x86_64 Compiling\ CreateWorkOrderView.swift,\ ReportIssueView.swift,\ CompleteTasksView.swift,\ DashboardDetailComponent.swift,\ InProgressTaskView.swift /Users/anushka_sharma/Documents/FMS/FMS/Views/Maintenance/QuickActions/CreateWorkOrderView.swift /Users/anushka_sharma/Documents/FMS/FMS/Views/Maintenance/QuickActions/ReportIssueView.swift /Users/anushka_sharma/Documents/FMS/FMS/Views/Maintenance/CompleteTasksView.swift /Users/anushka_sharma/Documents/FMS/FMS/Views/Maintenance/DashboardDetailComponent.swift /Users/anushka_sharma/Documents/FMS/FMS/Views/Maintenance/InProgressTaskView.swift (in target 'FMS' from project 'FMS')

SwiftCompile normal x86_64 /Users/anushka_sharma/Documents/FMS/FMS/Views/Maintenance/QuickActions/CreateWorkOrderView.swift (in target 'FMS' from project 'FMS')
    cd /Users/anushka_sharma/Documents/FMS
    

SwiftCompile normal x86_64 /Users/anushka_sharma/Documents/FMS/FMS/Views/Maintenance/QuickActions/ReportIssueView.swift (in target 'FMS' from project 'FMS')
    cd /Users/anushka_sharma/Documents/FMS
    

SwiftCompile normal x86_64 /Users/anushka_sharma/Documents/FMS/FMS/Views/Maintenance/CompleteTasksView.swift (in target 'FMS' from project 'FMS')
    cd /Users/anushka_sharma/Documents/FMS
    

SwiftCompile normal x86_64 /Users/anushka_sharma/Documents/FMS/FMS/Views/Maintenance/DashboardDetailComponent.swift (in target 'FMS' from project 'FMS')
    cd /Users/anushka_sharma/Documents/FMS
    

SwiftCompile normal x86_64 /Users/anushka_sharma/Documents/FMS/FMS/Views/Maintenance/InProgressTaskView.swift (in target 'FMS' from project 'FMS')
    cd /Users/anushka_sharma/Documents/FMS
    

SwiftDriverJobDiscovery normal x86_64 Compiling VehicleMaintenanceHistoryView.swift, ChatDetailView.swift, CommunicationView.swift (in target 'FMS' from project 'FMS')

SwiftCompile normal x86_64 Compiling\ MaintenanceQuickActionCard.swift,\ LowStockPartsDetailView.swift,\ MessagePreviewCard.swift,\ MessagePreviewSection.swift,\ PredictiveAlertDetailView.swift /Users/anushka_sharma/Documents/FMS/FMS/Views/Maintenance/Components/MaintenanceQuickActionCard.swift /Users/anushka_sharma/Documents/FMS/FMS/Views/Maintenance/Dashboard/LowStockPartsDetailView.swift /Users/anushka_sharma/Documents/FMS/FMS/Views/Maintenance/Dashboard/MessagePreviewCard.swift /Users/anushka_sharma/Documents/FMS/FMS/Views/Maintenance/Dashboard/MessagePreviewSection.swift /Users/anushka_sharma/Documents/FMS/FMS/Views/Maintenance/Dashboard/PredictiveAlertDetailView.swift (in target 'FMS' from project 'FMS')

SwiftCompile normal x86_64 /Users/anushka_sharma/Documents/FMS/FMS/Views/Maintenance/Components/MaintenanceQuickActionCard.swift (in target 'FMS' from project 'FMS')
    cd /Users/anushka_sharma/Documents/FMS
    

SwiftCompile normal x86_64 /Users/anushka_sharma/Documents/FMS/FMS/Views/Maintenance/Dashboard/LowStockPartsDetailView.swift (in target 'FMS' from project 'FMS')
    cd /Users/anushka_sharma/Documents/FMS
    

SwiftCompile normal x86_64 /Users/anushka_sharma/Documents/FMS/FMS/Views/Maintenance/Dashboard/MessagePreviewCard.swift (in target 'FMS' from project 'FMS')
    cd /Users/anushka_sharma/Documents/FMS
    

SwiftCompile normal x86_64 /Users/anushka_sharma/Documents/FMS/FMS/Views/Maintenance/Dashboard/MessagePreviewSection.swift (in target 'FMS' from project 'FMS')
    cd /Users/anushka_sharma/Documents/FMS
    

SwiftCompile normal x86_64 /Users/anushka_sharma/Documents/FMS/FMS/Views/Maintenance/Dashboard/PredictiveAlertDetailView.swift (in target 'FMS' from project 'FMS')
    cd /Users/anushka_sharma/Documents/FMS
    

SwiftDriverJobDiscovery normal x86_64 Compiling AllActivitiesView.swift (in target 'FMS' from project 'FMS')

SwiftCompile normal x86_64 Compiling\ FleetManagerInnerScreens.swift,\ MaintenanceInnerScreens.swift,\ MaintenanceProfileView.swift,\ ContentView.swift,\ FMSApp.swift /Users/anushka_sharma/Documents/FMS/FMS/Views/Profile/FleetManagerInnerScreens.swift /Users/anushka_sharma/Documents/FMS/FMS/Views/Profile/MaintenanceInnerScreens.swift /Users/anushka_sharma/Documents/FMS/FMS/Views/Profile/MaintenanceProfileView.swift /Users/anushka_sharma/Documents/FMS/FMS/ContentView.swift /Users/anushka_sharma/Documents/FMS/FMS/FMSApp.swift (in target 'FMS' from project 'FMS')

SwiftCompile normal x86_64 /Users/anushka_sharma/Documents/FMS/FMS/Views/Profile/FleetManagerInnerScreens.swift (in target 'FMS' from project 'FMS')
    cd /Users/anushka_sharma/Documents/FMS
    

SwiftCompile normal x86_64 /Users/anushka_sharma/Documents/FMS/FMS/Views/Profile/MaintenanceInnerScreens.swift (in target 'FMS' from project 'FMS')
    cd /Users/anushka_sharma/Documents/FMS
    

SwiftCompile normal x86_64 /Users/anushka_sharma/Documents/FMS/FMS/Views/Profile/MaintenanceProfileView.swift (in target 'FMS' from project 'FMS')
    cd /Users/anushka_sharma/Documents/FMS
    

SwiftCompile normal x86_64 /Users/anushka_sharma/Documents/FMS/FMS/ContentView.swift (in target 'FMS' from project 'FMS')
    cd /Users/anushka_sharma/Documents/FMS
    

SwiftCompile normal x86_64 /Users/anushka_sharma/Documents/FMS/FMS/FMSApp.swift (in target 'FMS' from project 'FMS')
    cd /Users/anushka_sharma/Documents/FMS
    

SwiftDriverJobDiscovery normal x86_64 Compiling FleetContentView.swift (in target 'FMS' from project 'FMS')

SwiftCompile normal x86_64 Compiling\ DriverHomeTab.swift,\ DriverProfileSheet.swift,\ DriverTripsTab.swift,\ SOSCountdownOverlay.swift,\ AlertsFeedView.swift /Users/anushka_sharma/Documents/FMS/FMS/Views/Driver/DriverHomeTab.swift /Users/anushka_sharma/Documents/FMS/FMS/Views/Driver/DriverProfileSheet.swift /Users/anushka_sharma/Documents/FMS/FMS/Views/Driver/DriverTripsTab.swift /Users/anushka_sharma/Documents/FMS/FMS/Views/Driver/SOSCountdownOverlay.swift /Users/anushka_sharma/Documents/FMS/FMS/Views/Fleet\ Manager/AlertsFeedView.swift (in target 'FMS' from project 'FMS')

SwiftCompile normal x86_64 /Users/anushka_sharma/Documents/FMS/FMS/Views/Driver/DriverHomeTab.swift (in target 'FMS' from project 'FMS')
    cd /Users/anushka_sharma/Documents/FMS
    

SwiftCompile normal x86_64 /Users/anushka_sharma/Documents/FMS/FMS/Views/Driver/DriverProfileSheet.swift (in target 'FMS' from project 'FMS')
    cd /Users/anushka_sharma/Documents/FMS
    

SwiftCompile normal x86_64 /Users/anushka_sharma/Documents/FMS/FMS/Views/Driver/DriverTripsTab.swift (in target 'FMS' from project 'FMS')
    cd /Users/anushka_sharma/Documents/FMS
    
/Users/anushka_sharma/Documents/FMS/FMS/Views/Driver/DriverTripsTab.swift:961:40: warning: 'init(placemark:)' was deprecated in iOS 26.0: Use init(location:address:)
                            let item = MKMapItem(placemark: MKPlacemark(coordinate: dest))
                                       ^
/Users/anushka_sharma/Documents/FMS/FMS/Views/Driver/DriverTripsTab.swift:961:61: warning: 'MKPlacemark' was deprecated in iOS 26.0: Use MKMapItem's location, address and addressRepresentations properties instead. Use MKAddressRepresentations for formatted address strings for MapKit provided MKMapItems
                            let item = MKMapItem(placemark: MKPlacemark(coordinate: dest))
                                                            ^

SwiftCompile normal x86_64 /Users/anushka_sharma/Documents/FMS/FMS/Views/Driver/SOSCountdownOverlay.swift (in target 'FMS' from project 'FMS')
    cd /Users/anushka_sharma/Documents/FMS
    

SwiftCompile normal x86_64 /Users/anushka_sharma/Documents/FMS/FMS/Views/Fleet\ Manager/AlertsFeedView.swift (in target 'FMS' from project 'FMS')
    cd /Users/anushka_sharma/Documents/FMS
    

SwiftDriverJobDiscovery normal x86_64 Compiling MaintenanceEditSheet.swift, UpdateMaintenanceView.swift, DashboardView.swift (in target 'FMS' from project 'FMS')

SwiftCompile normal x86_64 Compiling\ MaintenanceManagementView.swift,\ ReportsView.swift,\ MessageBubble.swift,\ MessageFilterView.swift,\ MessageInputView.swift /Users/anushka_sharma/Documents/FMS/FMS/Views/Fleet\ Manager/MaintenanceManagementView.swift /Users/anushka_sharma/Documents/FMS/FMS/Views/Fleet\ Manager/ReportsView.swift /Users/anushka_sharma/Documents/FMS/FMS/Views/Maintenance/Communication/MessageBubble.swift /Users/anushka_sharma/Documents/FMS/FMS/Views/Maintenance/Communication/MessageFilterView.swift /Users/anushka_sharma/Documents/FMS/FMS/Views/Maintenance/Communication/MessageInputView.swift (in target 'FMS' from project 'FMS')

SwiftCompile normal x86_64 /Users/anushka_sharma/Documents/FMS/FMS/Views/Fleet\ Manager/MaintenanceManagementView.swift (in target 'FMS' from project 'FMS')
    cd /Users/anushka_sharma/Documents/FMS
    

SwiftCompile normal x86_64 /Users/anushka_sharma/Documents/FMS/FMS/Views/Fleet\ Manager/ReportsView.swift (in target 'FMS' from project 'FMS')
    cd /Users/anushka_sharma/Documents/FMS
    

SwiftCompile normal x86_64 /Users/anushka_sharma/Documents/FMS/FMS/Views/Maintenance/Communication/MessageBubble.swift (in target 'FMS' from project 'FMS')
    cd /Users/anushka_sharma/Documents/FMS
    

SwiftCompile normal x86_64 /Users/anushka_sharma/Documents/FMS/FMS/Views/Maintenance/Communication/MessageFilterView.swift (in target 'FMS' from project 'FMS')
    cd /Users/anushka_sharma/Documents/FMS
    

SwiftCompile normal x86_64 /Users/anushka_sharma/Documents/FMS/FMS/Views/Maintenance/Communication/MessageInputView.swift (in target 'FMS' from project 'FMS')
    cd /Users/anushka_sharma/Documents/FMS
    

SwiftDriverJobDiscovery normal x86_64 Compiling FleetManagerEditProfileView.swift, FleetManagerProfileView.swift, GeneratedAssetSymbols.swift (in target 'FMS' from project 'FMS')

SwiftCompile normal x86_64 Compiling\ AlertsFeedViewModel.swift,\ FleetAnalyticsViewModel.swift,\ FleetTrackingViewModel.swift,\ AuthView.swift,\ ActiveNavigationView.swift /Users/anushka_sharma/Documents/FMS/FMS/ViewModels/Fleet\ Manager/AlertsFeedViewModel.swift /Users/anushka_sharma/Documents/FMS/FMS/ViewModels/Fleet\ Manager/FleetAnalyticsViewModel.swift /Users/anushka_sharma/Documents/FMS/FMS/ViewModels/Fleet\ Manager/FleetTrackingViewModel.swift /Users/anushka_sharma/Documents/FMS/FMS/Views/Authentication/AuthView.swift /Users/anushka_sharma/Documents/FMS/FMS/Views/Driver/ActiveNavigationView.swift (in target 'FMS' from project 'FMS')

SwiftCompile normal x86_64 /Users/anushka_sharma/Documents/FMS/FMS/ViewModels/Fleet\ Manager/AlertsFeedViewModel.swift (in target 'FMS' from project 'FMS')
    cd /Users/anushka_sharma/Documents/FMS
    

SwiftCompile normal x86_64 /Users/anushka_sharma/Documents/FMS/FMS/ViewModels/Fleet\ Manager/FleetAnalyticsViewModel.swift (in target 'FMS' from project 'FMS')
    cd /Users/anushka_sharma/Documents/FMS
    

SwiftCompile normal x86_64 /Users/anushka_sharma/Documents/FMS/FMS/ViewModels/Fleet\ Manager/FleetTrackingViewModel.swift (in target 'FMS' from project 'FMS')
    cd /Users/anushka_sharma/Documents/FMS
    

SwiftCompile normal x86_64 /Users/anushka_sharma/Documents/FMS/FMS/Views/Authentication/AuthView.swift (in target 'FMS' from project 'FMS')
    cd /Users/anushka_sharma/Documents/FMS
    

SwiftCompile normal x86_64 /Users/anushka_sharma/Documents/FMS/FMS/Views/Driver/ActiveNavigationView.swift (in target 'FMS' from project 'FMS')
    cd /Users/anushka_sharma/Documents/FMS
    

SwiftDriverJobDiscovery normal x86_64 Compiling MaintenanceQuickActionCard.swift, LowStockPartsDetailView.swift, MessagePreviewCard.swift, MessagePreviewSection.swift, PredictiveAlertDetailView.swift (in target 'FMS' from project 'FMS')

SwiftCompile normal x86_64 Compiling\ DriverFormView.swift,\ EditVehicleView.swift,\ FleetManagerChatDetailView.swift,\ FleetManagerChatListView.swift,\ FleetTrackingView.swift /Users/anushka_sharma/Documents/FMS/FMS/Views/Fleet\ Manager/DriverFormView.swift /Users/anushka_sharma/Documents/FMS/FMS/Views/Fleet\ Manager/EditVehicleView.swift /Users/anushka_sharma/Documents/FMS/FMS/Views/Fleet\ Manager/FleetManagerChatDetailView.swift /Users/anushka_sharma/Documents/FMS/FMS/Views/Fleet\ Manager/FleetManagerChatListView.swift /Users/anushka_sharma/Documents/FMS/FMS/Views/Fleet\ Manager/FleetTrackingView.swift (in target 'FMS' from project 'FMS')

SwiftCompile normal x86_64 /Users/anushka_sharma/Documents/FMS/FMS/Views/Fleet\ Manager/DriverFormView.swift (in target 'FMS' from project 'FMS')
    cd /Users/anushka_sharma/Documents/FMS
    

SwiftCompile normal x86_64 /Users/anushka_sharma/Documents/FMS/FMS/Views/Fleet\ Manager/EditVehicleView.swift (in target 'FMS' from project 'FMS')
    cd /Users/anushka_sharma/Documents/FMS
    

SwiftCompile normal x86_64 /Users/anushka_sharma/Documents/FMS/FMS/Views/Fleet\ Manager/FleetManagerChatDetailView.swift (in target 'FMS' from project 'FMS')
    cd /Users/anushka_sharma/Documents/FMS
    

SwiftCompile normal x86_64 /Users/anushka_sharma/Documents/FMS/FMS/Views/Fleet\ Manager/FleetManagerChatListView.swift (in target 'FMS' from project 'FMS')
    cd /Users/anushka_sharma/Documents/FMS
    

SwiftCompile normal x86_64 /Users/anushka_sharma/Documents/FMS/FMS/Views/Fleet\ Manager/FleetTrackingView.swift (in target 'FMS' from project 'FMS')
    cd /Users/anushka_sharma/Documents/FMS
    

SwiftDriverJobDiscovery normal x86_64 Compiling Inventory.swift, DriverInnerScreens.swift, DriverProfileView.swift (in target 'FMS' from project 'FMS')

SwiftCompile normal x86_64 Compiling\ StatCard.swift,\ DashboardMockData.swift,\ LocationService.swift,\ VoiceTripLogger.swift,\ EmailManager.swift /Users/anushka_sharma/Documents/FMS/FMS/Components/StatCard.swift /Users/anushka_sharma/Documents/FMS/FMS/Mock/DashboardMockData.swift /Users/anushka_sharma/Documents/FMS/FMS/Services/LocationService.swift /Users/anushka_sharma/Documents/FMS/FMS/Services/VoiceTripLogger.swift /Users/anushka_sharma/Documents/FMS/FMS/Supabase/EmailManager.swift (in target 'FMS' from project 'FMS')

SwiftCompile normal x86_64 /Users/anushka_sharma/Documents/FMS/FMS/Components/StatCard.swift (in target 'FMS' from project 'FMS')
    cd /Users/anushka_sharma/Documents/FMS
    

SwiftCompile normal x86_64 /Users/anushka_sharma/Documents/FMS/FMS/Mock/DashboardMockData.swift (in target 'FMS' from project 'FMS')
    cd /Users/anushka_sharma/Documents/FMS
    

SwiftCompile normal x86_64 /Users/anushka_sharma/Documents/FMS/FMS/Services/LocationService.swift (in target 'FMS' from project 'FMS')
    cd /Users/anushka_sharma/Documents/FMS
    

SwiftCompile normal x86_64 /Users/anushka_sharma/Documents/FMS/FMS/Services/VoiceTripLogger.swift (in target 'FMS' from project 'FMS')
    cd /Users/anushka_sharma/Documents/FMS
    

SwiftCompile normal x86_64 /Users/anushka_sharma/Documents/FMS/FMS/Supabase/EmailManager.swift (in target 'FMS' from project 'FMS')
    cd /Users/anushka_sharma/Documents/FMS
    

SwiftDriverJobDiscovery normal x86_64 Compiling MaintenanceFormView.swift, TripFormView.swift, VehicleFormView.swift (in target 'FMS' from project 'FMS')

SwiftCompile normal x86_64 Compiling\ MaintenanceTasksView.swift,\ OverdueTasksView.swift,\ Scheduling.swift,\ SharedComponent.swift,\ TabBar.swift /Users/anushka_sharma/Documents/FMS/FMS/Views/Maintenance/MaintenanceTasksView.swift /Users/anushka_sharma/Documents/FMS/FMS/Views/Maintenance/OverdueTasksView.swift /Users/anushka_sharma/Documents/FMS/FMS/Views/Maintenance/Scheduling.swift /Users/anushka_sharma/Documents/FMS/FMS/Views/Maintenance/SharedComponent.swift /Users/anushka_sharma/Documents/FMS/FMS/Views/Maintenance/TabBar.swift (in target 'FMS' from project 'FMS')

SwiftCompile normal x86_64 /Users/anushka_sharma/Documents/FMS/FMS/Views/Maintenance/MaintenanceTasksView.swift (in target 'FMS' from project 'FMS')
    cd /Users/anushka_sharma/Documents/FMS
    

SwiftCompile normal x86_64 /Users/anushka_sharma/Documents/FMS/FMS/Views/Maintenance/OverdueTasksView.swift (in target 'FMS' from project 'FMS')
    cd /Users/anushka_sharma/Documents/FMS
    

SwiftCompile normal x86_64 /Users/anushka_sharma/Documents/FMS/FMS/Views/Maintenance/Scheduling.swift (in target 'FMS' from project 'FMS')
    cd /Users/anushka_sharma/Documents/FMS
    

SwiftCompile normal x86_64 /Users/anushka_sharma/Documents/FMS/FMS/Views/Maintenance/SharedComponent.swift (in target 'FMS' from project 'FMS')
    cd /Users/anushka_sharma/Documents/FMS
    

SwiftCompile normal x86_64 /Users/anushka_sharma/Documents/FMS/FMS/Views/Maintenance/TabBar.swift (in target 'FMS' from project 'FMS')
    cd /Users/anushka_sharma/Documents/FMS
    

SwiftDriverJobDiscovery normal x86_64 Compiling StatCard.swift, DashboardMockData.swift, LocationService.swift, VoiceTripLogger.swift, EmailManager.swift (in target 'FMS' from project 'FMS')

SwiftCompile normal x86_64 Compiling\ ActivityRow.swift,\ AppTheme.swift,\ BottomTabBar.swift,\ ProfileMenuButton.swift,\ QuickActionCard.swift,\ ScheduleCardView.swift /Users/anushka_sharma/Documents/FMS/FMS/Components/ActivityRow.swift /Users/anushka_sharma/Documents/FMS/FMS/Components/AppTheme.swift /Users/anushka_sharma/Documents/FMS/FMS/Components/BottomTabBar.swift /Users/anushka_sharma/Documents/FMS/FMS/Components/ProfileMenuButton.swift /Users/anushka_sharma/Documents/FMS/FMS/Components/QuickActionCard.swift /Users/anushka_sharma/Documents/FMS/FMS/Components/ScheduleCardView.swift (in target 'FMS' from project 'FMS')

SwiftCompile normal x86_64 /Users/anushka_sharma/Documents/FMS/FMS/Components/ActivityRow.swift (in target 'FMS' from project 'FMS')
    cd /Users/anushka_sharma/Documents/FMS
    

SwiftCompile normal x86_64 /Users/anushka_sharma/Documents/FMS/FMS/Components/AppTheme.swift (in target 'FMS' from project 'FMS')
    cd /Users/anushka_sharma/Documents/FMS
    

SwiftCompile normal x86_64 /Users/anushka_sharma/Documents/FMS/FMS/Components/BottomTabBar.swift (in target 'FMS' from project 'FMS')
    cd /Users/anushka_sharma/Documents/FMS
    

SwiftCompile normal x86_64 /Users/anushka_sharma/Documents/FMS/FMS/Components/ProfileMenuButton.swift (in target 'FMS' from project 'FMS')
    cd /Users/anushka_sharma/Documents/FMS
    

SwiftCompile normal x86_64 /Users/anushka_sharma/Documents/FMS/FMS/Components/QuickActionCard.swift (in target 'FMS' from project 'FMS')
    cd /Users/anushka_sharma/Documents/FMS
    

SwiftCompile normal x86_64 /Users/anushka_sharma/Documents/FMS/FMS/Components/ScheduleCardView.swift (in target 'FMS' from project 'FMS')
    cd /Users/anushka_sharma/Documents/FMS
    

SwiftDriverJobDiscovery normal x86_64 Compiling MaintenanceManagementViewModel.swift, DriverDashboardView.swift, FleetAnalyticsView.swift (in target 'FMS' from project 'FMS')

SwiftDriverJobDiscovery normal x86_64 Compiling CreateWorkOrderView.swift, ReportIssueView.swift, CompleteTasksView.swift, DashboardDetailComponent.swift, InProgressTaskView.swift (in target 'FMS' from project 'FMS')

Ld /Users/anushka_sharma/Library/Developer/Xcode/DerivedData/FMS-cwjlkvbqxgbddsairyzxkfxaxriv/Build/Intermediates.noindex/FMS.build/Debug-iphonesimulator/FMS.build/Objects-normal/arm64/Binary/FMS.debug.dylib normal arm64 (in target 'FMS' from project 'FMS')
    cd /Users/anushka_sharma/Documents/FMS
    /Applications/Xcode.app/Contents/Developer/Toolchains/XcodeDefault.xctoolchain/usr/bin/clang -Xlinker -reproducible -target arm64-apple-ios26.0-simulator -dynamiclib -isysroot /Applications/Xcode.app/Contents/Developer/Platforms/iPhoneSimulator.platform/Developer/SDKs/iPhoneSimulator26.2.sdk -O0 -L/Users/anushka_sharma/Library/Developer/Xcode/DerivedData/FMS-cwjlkvbqxgbddsairyzxkfxaxriv/Build/Intermediates.noindex/EagerLinkingTBDs/Debug-iphonesimulator -L/Users/anushka_sharma/Library/Developer/Xcode/DerivedData/FMS-cwjlkvbqxgbddsairyzxkfxaxriv/Build/Products/Debug-iphonesimulator -F/Users/anushka_sharma/Library/Developer/Xcode/DerivedData/FMS-cwjlkvbqxgbddsairyzxkfxaxriv/Build/Intermediates.noindex/EagerLinkingTBDs/Debug-iphonesimulator -F/Users/anushka_sharma/Library/Developer/Xcode/DerivedData/FMS-cwjlkvbqxgbddsairyzxkfxaxriv/Build/Products/Debug-iphonesimulator/PackageFrameworks -F/Users/anushka_sharma/Library/Developer/Xcode/DerivedData/FMS-cwjlkvbqxgbddsairyzxkfxaxriv/Build/Products/Debug-iphonesimulator/PackageFrameworks -F/Users/anushka_sharma/Library/Developer/Xcode/DerivedData/FMS-cwjlkvbqxgbddsairyzxkfxaxriv/Build/Products/Debug-iphonesimulator/PackageFrameworks -F/Users/anushka_sharma/Library/Developer/Xcode/DerivedData/FMS-cwjlkvbqxgbddsairyzxkfxaxriv/Build/Products/Debug-iphonesimulator/PackageFrameworks -F/Users/anushka_sharma/Library/Developer/Xcode/DerivedData/FMS-cwjlkvbqxgbddsairyzxkfxaxriv/Build/Products/Debug-iphonesimulator/PackageFrameworks -F/Users/anushka_sharma/Library/Developer/Xcode/DerivedData/FMS-cwjlkvbqxgbddsairyzxkfxaxriv/Build/Products/Debug-iphonesimulator/PackageFrameworks -F/Users/anushka_sharma/Library/Developer/Xcode/DerivedData/FMS-cwjlkvbqxgbddsairyzxkfxaxriv/Build/Products/Debug-iphonesimulator/PackageFrameworks -F/Users/anushka_sharma/Library/Developer/Xcode/DerivedData/FMS-cwjlkvbqxgbddsairyzxkfxaxriv/Build/Products/Debug-iphonesimulator/PackageFrameworks -F/Users/anushka_sharma/Library/Developer/Xcode/DerivedData/FMS-cwjlkvbqxgbddsairyzxkfxaxriv/Build/Products/Debug-iphonesimulator/PackageFrameworks -F/Users/anushka_sharma/Library/Developer/Xcode/DerivedData/FMS-cwjlkvbqxgbddsairyzxkfxaxriv/Build/Products/Debug-iphonesimulator/PackageFrameworks -F/Users/anushka_sharma/Library/Developer/Xcode/DerivedData/FMS-cwjlkvbqxgbddsairyzxkfxaxriv/Build/Products/Debug-iphonesimulator/PackageFrameworks -F/Users/anushka_sharma/Library/Developer/Xcode/DerivedData/FMS-cwjlkvbqxgbddsairyzxkfxaxriv/Build/Products/Debug-iphonesimulator/PackageFrameworks -F/Users/anushka_sharma/Library/Developer/Xcode/DerivedData/FMS-cwjlkvbqxgbddsairyzxkfxaxriv/Build/Products/Debug-iphonesimulator/PackageFrameworks -F/Users/anushka_sharma/Library/Developer/Xcode/DerivedData/FMS-cwjlkvbqxgbddsairyzxkfxaxriv/Build/Products/Debug-iphonesimulator/PackageFrameworks -F/Users/anushka_sharma/Library/Developer/Xcode/DerivedData/FMS-cwjlkvbqxgbddsairyzxkfxaxriv/Build/Products/Debug-iphonesimulator -filelist /Users/anushka_sharma/Library/Developer/Xcode/DerivedData/FMS-cwjlkvbqxgbddsairyzxkfxaxriv/Build/Intermediates.noindex/FMS.build/Debug-iphonesimulator/FMS.build/Objects-normal/arm64/FMS.LinkFileList -install_name @rpath/FMS.debug.dylib -Xlinker -rpath -Xlinker /Users/anushka_sharma/Library/Developer/Xcode/DerivedData/FMS-cwjlkvbqxgbddsairyzxkfxaxriv/Build/Products/Debug-iphonesimulator/PackageFrameworks -Xlinker -rpath -Xlinker @executable_path/Frameworks -dead_strip -Xlinker -object_path_lto -Xlinker /Users/anushka_sharma/Library/Developer/Xcode/DerivedData/FMS-cwjlkvbqxgbddsairyzxkfxaxriv/Build/Intermediates.noindex/FMS.build/Debug-iphonesimulator/FMS.build/Objects-normal/arm64/FMS_lto.o -rdynamic -Xlinker -no_deduplicate -Xlinker -objc_abi_version -Xlinker 2 -Xlinker -dependency_info -Xlinker /Users/anushka_sharma/Library/Developer/Xcode/DerivedData/FMS-cwjlkvbqxgbddsairyzxkfxaxriv/Build/Intermediates.noindex/FMS.build/Debug-iphonesimulator/FMS.build/Objects-normal/arm64/FMS_dependency_info.dat -fobjc-link-runtime -L/Applications/Xcode.app/Contents/Developer/Toolchains/XcodeDefault.xctoolchain/usr/lib/swift/iphonesimulator -L/usr/lib/swift -Xlinker -add_ast_path -Xlinker /Users/anushka_sharma/Library/Developer/Xcode/DerivedData/FMS-cwjlkvbqxgbddsairyzxkfxaxriv/Build/Intermediates.noindex/FMS.build/Debug-iphonesimulator/FMS.build/Objects-normal/arm64/FMS.swiftmodule @/Users/anushka_sharma/Library/Developer/Xcode/DerivedData/FMS-cwjlkvbqxgbddsairyzxkfxaxriv/Build/Intermediates.noindex/FMS.build/Debug-iphonesimulator/FMS.build/Objects-normal/arm64/FMS-linker-args.resp -Wl,-no_warn_duplicate_libraries -Wl,-no_warn_duplicate_libraries -Wl,-no_warn_duplicate_libraries -Wl,-no_warn_duplicate_libraries -Wl,-no_warn_duplicate_libraries -Wl,-no_warn_duplicate_libraries -Wl,-no_warn_duplicate_libraries -Wl,-no_warn_duplicate_libraries -Wl,-no_warn_duplicate_libraries -Wl,-no_warn_duplicate_libraries -Wl,-no_warn_duplicate_libraries -Wl,-no_warn_duplicate_libraries -Wl,-no_warn_duplicate_libraries -Wl,-no_warn_duplicate_libraries -Xlinker -alias -Xlinker _main -Xlinker ___debug_main_executable_dylib_entry_point -Xlinker -no_adhoc_codesign -o /Users/anushka_sharma/Library/Developer/Xcode/DerivedData/FMS-cwjlkvbqxgbddsairyzxkfxaxriv/Build/Intermediates.noindex/FMS.build/Debug-iphonesimulator/FMS.build/Objects-normal/arm64/Binary/FMS.debug.dylib -Xlinker -add_ast_path -Xlinker /Users/anushka_sharma/Library/Developer/Xcode/DerivedData/FMS-cwjlkvbqxgbddsairyzxkfxaxriv/Build/Intermediates.noindex/Supabase.build/Debug-iphonesimulator/Supabase.build/Objects-normal/arm64/Supabase.swiftmodule @/Users/anushka_sharma/Library/Developer/Xcode/DerivedData/FMS-cwjlkvbqxgbddsairyzxkfxaxriv/Build/Intermediates.noindex/Supabase.build/Debug-iphonesimulator/Supabase.build/Objects-normal/arm64/Supabase-linker-args.resp -Xlinker -add_ast_path -Xlinker /Users/anushka_sharma/Library/Developer/Xcode/DerivedData/FMS-cwjlkvbqxgbddsairyzxkfxaxriv/Build/Intermediates.noindex/swift-concurrency-extras.build/Debug-iphonesimulator/ConcurrencyExtras.build/Objects-normal/arm64/ConcurrencyExtras.swiftmodule @/Users/anushka_sharma/Library/Developer/Xcode/DerivedData/FMS-cwjlkvbqxgbddsairyzxkfxaxriv/Build/Intermediates.noindex/swift-concurrency-extras.build/Debug-iphonesimulator/ConcurrencyExtras.build/Objects-normal/arm64/ConcurrencyExtras-linker-args.resp -Xlinker -add_ast_path -Xlinker /Users/anushka_sharma/Library/Developer/Xcode/DerivedData/FMS-cwjlkvbqxgbddsairyzxkfxaxriv/Build/Intermediates.noindex/swift-http-types.build/Debug-iphonesimulator/HTTPTypes.build/Objects-normal/arm64/HTTPTypes.swiftmodule @/Users/anushka_sharma/Library/Developer/Xcode/DerivedData/FMS-cwjlkvbqxgbddsairyzxkfxaxriv/Build/Intermediates.noindex/swift-http-types.build/Debug-iphonesimulator/HTTPTypes.build/Objects-normal/arm64/HTTPTypes-linker-args.resp -Xlinker -add_ast_path -Xlinker /Users/anushka_sharma/Library/Developer/Xcode/DerivedData/FMS-cwjlkvbqxgbddsairyzxkfxaxriv/Build/Intermediates.noindex/swift-clocks.build/Debug-iphonesimulator/Clocks.build/Objects-normal/arm64/Clocks.swiftmodule @/Users/anushka_sharma/Library/Developer/Xcode/DerivedData/FMS-cwjlkvbqxgbddsairyzxkfxaxriv/Build/Intermediates.noindex/swift-clocks.build/Debug-iphonesimulator/Clocks.build/Objects-normal/arm64/Clocks-linker-args.resp -Xlinker -add_ast_path -Xlinker /Users/anushka_sharma/Library/Developer/Xcode/DerivedData/FMS-cwjlkvbqxgbddsairyzxkfxaxriv/Build/Intermediates.noindex/xctest-dynamic-overlay.build/Debug-iphonesimulator/IssueReporting.build/Objects-normal/arm64/IssueReporting.swiftmodule @/Users/anushka_sharma/Library/Developer/Xcode/DerivedData/FMS-cwjlkvbqxgbddsairyzxkfxaxriv/Build/Intermediates.noindex/xctest-dynamic-overlay.build/Debug-iphonesimulator/IssueReporting.build/Objects-normal/arm64/IssueReporting-linker-args.resp -Xlinker -add_ast_path -Xlinker /Users/anushka_sharma/Library/Developer/Xcode/DerivedData/FMS-cwjlkvbqxgbddsairyzxkfxaxriv/Build/Intermediates.noindex/xctest-dynamic-overlay.build/Debug-iphonesimulator/IssueReportingPackageSupport.build/Objects-normal/arm64/IssueReportingPackageSupport.swiftmodule @/Users/anushka_sharma/Library/Developer/Xcode/DerivedData/FMS-cwjlkvbqxgbddsairyzxkfxaxriv/Build/Intermediates.noindex/xctest-dynamic-overlay.build/Debug-iphonesimulator/IssueReportingPackageSupport.build/Objects-normal/arm64/IssueReportingPackageSupport-linker-args.resp -Xlinker -add_ast_path -Xlinker /Users/anushka_sharma/Library/Developer/Xcode/DerivedData/FMS-cwjlkvbqxgbddsairyzxkfxaxriv/Build/Intermediates.noindex/xctest-dynamic-overlay.build/Debug-iphonesimulator/XCTestDynamicOverlay.build/Objects-normal/arm64/XCTestDynamicOverlay.swiftmodule @/Users/anushka_sharma/Library/Developer/Xcode/DerivedData/FMS-cwjlkvbqxgbddsairyzxkfxaxriv/Build/Intermediates.noindex/xctest-dynamic-overlay.build/Debug-iphonesimulator/XCTestDynamicOverlay.build/Objects-normal/arm64/XCTestDynamicOverlay-linker-args.resp -Xlinker -add_ast_path -Xlinker /Users/anushka_sharma/Library/Developer/Xcode/DerivedData/FMS-cwjlkvbqxgbddsairyzxkfxaxriv/Build/Intermediates.noindex/Supabase.build/Debug-iphonesimulator/Helpers.build/Objects-normal/arm64/Helpers.swiftmodule @/Users/anushka_sharma/Library/Developer/Xcode/DerivedData/FMS-cwjlkvbqxgbddsairyzxkfxaxriv/Build/Intermediates.noindex/Supabase.build/Debug-iphonesimulator/Helpers.build/Objects-normal/arm64/Helpers-linker-args.resp -Xlinker -add_ast_path -Xlinker /Users/anushka_sharma/Library/Developer/Xcode/DerivedData/FMS-cwjlkvbqxgbddsairyzxkfxaxriv/Build/Intermediates.noindex/swift-crypto.build/Debug-iphonesimulator/Crypto.build/Objects-normal/arm64/Crypto.swiftmodule @/Users/anushka_sharma/Library/Developer/Xcode/DerivedData/FMS-cwjlkvbqxgbddsairyzxkfxaxriv/Build/Intermediates.noindex/swift-crypto.build/Debug-iphonesimulator/Crypto.build/Objects-normal/arm64/Crypto-linker-args.resp -Xlinker -add_ast_path -Xlinker /Users/anushka_sharma/Library/Developer/Xcode/DerivedData/FMS-cwjlkvbqxgbddsairyzxkfxaxriv/Build/Intermediates.noindex/Supabase.build/Debug-iphonesimulator/Auth.build/Objects-normal/arm64/Auth.swiftmodule @/Users/anushka_sharma/Library/Developer/Xcode/DerivedData/FMS-cwjlkvbqxgbddsairyzxkfxaxriv/Build/Intermediates.noindex/Supabase.build/Debug-iphonesimulator/Auth.build/Objects-normal/arm64/Auth-linker-args.resp -Xlinker -add_ast_path -Xlinker /Users/anushka_sharma/Library/Developer/Xcode/DerivedData/FMS-cwjlkvbqxgbddsairyzxkfxaxriv/Build/Intermediates.noindex/Supabase.build/Debug-iphonesimulator/Functions.build/Objects-normal/arm64/Functions.swiftmodule @/Users/anushka_sharma/Library/Developer/Xcode/DerivedData/FMS-cwjlkvbqxgbddsairyzxkfxaxriv/Build/Intermediates.noindex/Supabase.build/Debug-iphonesimulator/Functions.build/Objects-normal/arm64/Functions-linker-args.resp -Xlinker -add_ast_path -Xlinker /Users/anushka_sharma/Library/Developer/Xcode/DerivedData/FMS-cwjlkvbqxgbddsairyzxkfxaxriv/Build/Intermediates.noindex/Supabase.build/Debug-iphonesimulator/PostgREST.build/Objects-normal/arm64/PostgREST.swiftmodule @/Users/anushka_sharma/Library/Developer/Xcode/DerivedData/FMS-cwjlkvbqxgbddsairyzxkfxaxriv/Build/Intermediates.noindex/Supabase.build/Debug-iphonesimulator/PostgREST.build/Objects-normal/arm64/PostgREST-linker-args.resp -Xlinker -add_ast_path -Xlinker /Users/anushka_sharma/Library/Developer/Xcode/DerivedData/FMS-cwjlkvbqxgbddsairyzxkfxaxriv/Build/Intermediates.noindex/Supabase.build/Debug-iphonesimulator/Realtime.build/Objects-normal/arm64/Realtime.swiftmodule @/Users/anushka_sharma/Library/Developer/Xcode/DerivedData/FMS-cwjlkvbqxgbddsairyzxkfxaxriv/Build/Intermediates.noindex/Supabase.build/Debug-iphonesimulator/Realtime.build/Objects-normal/arm64/Realtime-linker-args.resp -Xlinker -add_ast_path -Xlinker /Users/anushka_sharma/Library/Developer/Xcode/DerivedData/FMS-cwjlkvbqxgbddsairyzxkfxaxriv/Build/Intermediates.noindex/Supabase.build/Debug-iphonesimulator/Storage.build/Objects-normal/arm64/Storage.swiftmodule @/Users/anushka_sharma/Library/Developer/Xcode/DerivedData/FMS-cwjlkvbqxgbddsairyzxkfxaxriv/Build/Intermediates.noindex/Supabase.build/Debug-iphonesimulator/Storage.build/Objects-normal/arm64/Storage-linker-args.resp

SwiftDriverJobDiscovery normal x86_64 Compiling FleetManagerInnerScreens.swift, MaintenanceInnerScreens.swift, MaintenanceProfileView.swift, ContentView.swift, FMSApp.swift (in target 'FMS' from project 'FMS')

SwiftDriverJobDiscovery normal x86_64 Compiling AlertsFeedViewModel.swift, FleetAnalyticsViewModel.swift, FleetTrackingViewModel.swift, AuthView.swift, ActiveNavigationView.swift (in target 'FMS' from project 'FMS')

ConstructStubExecutorLinkFileList /Users/anushka_sharma/Library/Developer/Xcode/DerivedData/FMS-cwjlkvbqxgbddsairyzxkfxaxriv/Build/Intermediates.noindex/FMS.build/Debug-iphonesimulator/FMS.build/FMS-ExecutorLinkFileList-normal-arm64.txt (in target 'FMS' from project 'FMS')
    cd /Users/anushka_sharma/Documents/FMS
    construct-stub-executor-link-file-list /Users/anushka_sharma/Library/Developer/Xcode/DerivedData/FMS-cwjlkvbqxgbddsairyzxkfxaxriv/Build/Intermediates.noindex/FMS.build/Debug-iphonesimulator/FMS.build/Objects-normal/arm64/Binary/FMS.debug.dylib /Applications/Xcode.app/Contents/Developer/Platforms/iPhoneSimulator.platform/Developer/usr/lib/libPreviewsJITStubExecutor_no_swift_entry_point.a /Applications/Xcode.app/Contents/Developer/Platforms/iPhoneSimulator.platform/Developer/usr/lib/libPreviewsJITStubExecutor.a --output /Users/anushka_sharma/Library/Developer/Xcode/DerivedData/FMS-cwjlkvbqxgbddsairyzxkfxaxriv/Build/Intermediates.noindex/FMS.build/Debug-iphonesimulator/FMS.build/FMS-ExecutorLinkFileList-normal-arm64.txt
note: Using stub executor library with Swift entry point. (in target 'FMS' from project 'FMS')

Ld /Users/anushka_sharma/Library/Developer/Xcode/DerivedData/FMS-cwjlkvbqxgbddsairyzxkfxaxriv/Build/Intermediates.noindex/FMS.build/Debug-iphonesimulator/FMS.build/Objects-normal/arm64/Binary/FMS normal arm64 (in target 'FMS' from project 'FMS')
    cd /Users/anushka_sharma/Documents/FMS
    /Applications/Xcode.app/Contents/Developer/Toolchains/XcodeDefault.xctoolchain/usr/bin/clang -Xlinker -reproducible -target arm64-apple-ios26.0-simulator -isysroot /Applications/Xcode.app/Contents/Developer/Platforms/iPhoneSimulator.platform/Developer/SDKs/iPhoneSimulator26.2.sdk -O0 -L/Users/anushka_sharma/Library/Developer/Xcode/DerivedData/FMS-cwjlkvbqxgbddsairyzxkfxaxriv/Build/Products/Debug-iphonesimulator -F/Users/anushka_sharma/Library/Developer/Xcode/DerivedData/FMS-cwjlkvbqxgbddsairyzxkfxaxriv/Build/Products/Debug-iphonesimulator/PackageFrameworks -F/Users/anushka_sharma/Library/Developer/Xcode/DerivedData/FMS-cwjlkvbqxgbddsairyzxkfxaxriv/Build/Products/Debug-iphonesimulator/PackageFrameworks -F/Users/anushka_sharma/Library/Developer/Xcode/DerivedData/FMS-cwjlkvbqxgbddsairyzxkfxaxriv/Build/Products/Debug-iphonesimulator/PackageFrameworks -F/Users/anushka_sharma/Library/Developer/Xcode/DerivedData/FMS-cwjlkvbqxgbddsairyzxkfxaxriv/Build/Products/Debug-iphonesimulator/PackageFrameworks -F/Users/anushka_sharma/Library/Developer/Xcode/DerivedData/FMS-cwjlkvbqxgbddsairyzxkfxaxriv/Build/Products/Debug-iphonesimulator/PackageFrameworks -F/Users/anushka_sharma/Library/Developer/Xcode/DerivedData/FMS-cwjlkvbqxgbddsairyzxkfxaxriv/Build/Products/Debug-iphonesimulator/PackageFrameworks -F/Users/anushka_sharma/Library/Developer/Xcode/DerivedData/FMS-cwjlkvbqxgbddsairyzxkfxaxriv/Build/Products/Debug-iphonesimulator/PackageFrameworks -F/Users/anushka_sharma/Library/Developer/Xcode/DerivedData/FMS-cwjlkvbqxgbddsairyzxkfxaxriv/Build/Products/Debug-iphonesimulator/PackageFrameworks -F/Users/anushka_sharma/Library/Developer/Xcode/DerivedData/FMS-cwjlkvbqxgbddsairyzxkfxaxriv/Build/Products/Debug-iphonesimulator/PackageFrameworks -F/Users/anushka_sharma/Library/Developer/Xcode/DerivedData/FMS-cwjlkvbqxgbddsairyzxkfxaxriv/Build/Products/Debug-iphonesimulator/PackageFrameworks -F/Users/anushka_sharma/Library/Developer/Xcode/DerivedData/FMS-cwjlkvbqxgbddsairyzxkfxaxriv/Build/Products/Debug-iphonesimulator/PackageFrameworks -F/Users/anushka_sharma/Library/Developer/Xcode/DerivedData/FMS-cwjlkvbqxgbddsairyzxkfxaxriv/Build/Products/Debug-iphonesimulator/PackageFrameworks -F/Users/anushka_sharma/Library/Developer/Xcode/DerivedData/FMS-cwjlkvbqxgbddsairyzxkfxaxriv/Build/Products/Debug-iphonesimulator/PackageFrameworks -F/Users/anushka_sharma/Library/Developer/Xcode/DerivedData/FMS-cwjlkvbqxgbddsairyzxkfxaxriv/Build/Products/Debug-iphonesimulator/PackageFrameworks -F/Users/anushka_sharma/Library/Developer/Xcode/DerivedData/FMS-cwjlkvbqxgbddsairyzxkfxaxriv/Build/Products/Debug-iphonesimulator -Xlinker -rpath -Xlinker @executable_path -Xlinker -rpath -Xlinker /Users/anushka_sharma/Library/Developer/Xcode/DerivedData/FMS-cwjlkvbqxgbddsairyzxkfxaxriv/Build/Products/Debug-iphonesimulator/PackageFrameworks -Xlinker -rpath -Xlinker @executable_path/Frameworks -rdynamic -Xlinker -no_deduplicate -Xlinker -objc_abi_version -Xlinker 2 -e ___debug_blank_executor_main -Xlinker -sectcreate -Xlinker __TEXT -Xlinker __debug_dylib -Xlinker /Users/anushka_sharma/Library/Developer/Xcode/DerivedData/FMS-cwjlkvbqxgbddsairyzxkfxaxriv/Build/Intermediates.noindex/FMS.build/Debug-iphonesimulator/FMS.build/FMS-DebugDylibPath-normal-arm64.txt -Xlinker -sectcreate -Xlinker __TEXT -Xlinker __debug_instlnm -Xlinker /Users/anushka_sharma/Library/Developer/Xcode/DerivedData/FMS-cwjlkvbqxgbddsairyzxkfxaxriv/Build/Intermediates.noindex/FMS.build/Debug-iphonesimulator/FMS.build/FMS-DebugDylibInstallName-normal-arm64.txt -Xlinker -filelist -Xlinker /Users/anushka_sharma/Library/Developer/Xcode/DerivedData/FMS-cwjlkvbqxgbddsairyzxkfxaxriv/Build/Intermediates.noindex/FMS.build/Debug-iphonesimulator/FMS.build/FMS-ExecutorLinkFileList-normal-arm64.txt -Xlinker -sectcreate -Xlinker __TEXT -Xlinker __entitlements -Xlinker /Users/anushka_sharma/Library/Developer/Xcode/DerivedData/FMS-cwjlkvbqxgbddsairyzxkfxaxriv/Build/Intermediates.noindex/FMS.build/Debug-iphonesimulator/FMS.build/FMS.app-Simulated.xcent -Xlinker -sectcreate -Xlinker __TEXT -Xlinker __ents_der -Xlinker /Users/anushka_sharma/Library/Developer/Xcode/DerivedData/FMS-cwjlkvbqxgbddsairyzxkfxaxriv/Build/Intermediates.noindex/FMS.build/Debug-iphonesimulator/FMS.build/FMS.app-Simulated.xcent.der /Users/anushka_sharma/Library/Developer/Xcode/DerivedData/FMS-cwjlkvbqxgbddsairyzxkfxaxriv/Build/Intermediates.noindex/FMS.build/Debug-iphonesimulator/FMS.build/Objects-normal/arm64/Binary/FMS.debug.dylib -Xlinker -no_adhoc_codesign -o /Users/anushka_sharma/Library/Developer/Xcode/DerivedData/FMS-cwjlkvbqxgbddsairyzxkfxaxriv/Build/Intermediates.noindex/FMS.build/Debug-iphonesimulator/FMS.build/Objects-normal/arm64/Binary/FMS

SwiftDriverJobDiscovery normal x86_64 Compiling FleetDashboardView.swift, FleetManageTab.swift, LocationPickerSheet.swift (in target 'FMS' from project 'FMS')

SwiftDriverJobDiscovery normal x86_64 Compiling ActivityRow.swift, AppTheme.swift, BottomTabBar.swift, ProfileMenuButton.swift, QuickActionCard.swift, ScheduleCardView.swift (in target 'FMS' from project 'FMS')

SwiftDriverJobDiscovery normal x86_64 Compiling DriverFormView.swift, EditVehicleView.swift, FleetManagerChatDetailView.swift, FleetManagerChatListView.swift, FleetTrackingView.swift (in target 'FMS' from project 'FMS')

SwiftDriverJobDiscovery normal x86_64 Compiling MaintenanceTasksView.swift, OverdueTasksView.swift, Scheduling.swift, SharedComponent.swift, TabBar.swift (in target 'FMS' from project 'FMS')

SwiftDriverJobDiscovery normal x86_64 Compiling DriverHomeTab.swift, DriverProfileSheet.swift, DriverTripsTab.swift, SOSCountdownOverlay.swift, AlertsFeedView.swift (in target 'FMS' from project 'FMS')

SwiftDriverJobDiscovery normal x86_64 Compiling MaintenanceManagementView.swift, ReportsView.swift, MessageBubble.swift, MessageFilterView.swift, MessageInputView.swift (in target 'FMS' from project 'FMS')

SwiftDriverJobDiscovery normal x86_64 Compiling AddInventoryView.swift, EditInventoryView.swift, InventoryDetailView.swift (in target 'FMS' from project 'FMS')

SwiftDriver\ Compilation FMS normal x86_64 com.apple.xcode.tools.swift.compiler (in target 'FMS' from project 'FMS')
    cd /Users/anushka_sharma/Documents/FMS
    builtin-Swift-Compilation -- /Applications/Xcode.app/Contents/Developer/Toolchains/XcodeDefault.xctoolchain/usr/bin/swiftc -module-name FMS -Onone -enforce-exclusivity\=checked @/Users/anushka_sharma/Library/Developer/Xcode/DerivedData/FMS-cwjlkvbqxgbddsairyzxkfxaxriv/Build/Intermediates.noindex/FMS.build/Debug-iphonesimulator/FMS.build/Objects-normal/x86_64/FMS.SwiftFileList -DDEBUG -default-isolation\=MainActor -enable-bare-slash-regex -enable-upcoming-feature DisableOutwardActorInference -enable-upcoming-feature InferSendableFromCaptures -enable-upcoming-feature GlobalActorIsolatedTypesUsability -enable-upcoming-feature MemberImportVisibility -enable-upcoming-feature InferIsolatedConformances -enable-upcoming-feature NonisolatedNonsendingByDefault -enable-experimental-feature DebugDescriptionMacro -sdk /Applications/Xcode.app/Contents/Developer/Platforms/iPhoneSimulator.platform/Developer/SDKs/iPhoneSimulator26.2.sdk -target x86_64-apple-ios26.0-simulator -g -module-cache-path /Users/anushka_sharma/Library/Developer/Xcode/DerivedData/ModuleCache.noindex -Xfrontend -serialize-debugging-options -enable-testing -index-store-path /Users/anushka_sharma/Library/Developer/Xcode/DerivedData/FMS-cwjlkvbqxgbddsairyzxkfxaxriv/Index.noindex/DataStore -Xcc -D_LIBCPP_HARDENING_MODE\=_LIBCPP_HARDENING_MODE_DEBUG -swift-version 5 -I /Users/anushka_sharma/Library/Developer/Xcode/DerivedData/FMS-cwjlkvbqxgbddsairyzxkfxaxriv/Build/Products/Debug-iphonesimulator -F /Users/anushka_sharma/Library/Developer/Xcode/DerivedData/FMS-cwjlkvbqxgbddsairyzxkfxaxriv/Build/Products/Debug-iphonesimulator/PackageFrameworks -F /Users/anushka_sharma/Library/Developer/Xcode/DerivedData/FMS-cwjlkvbqxgbddsairyzxkfxaxriv/Build/Products/Debug-iphonesimulator/PackageFrameworks -F /Users/anushka_sharma/Library/Developer/Xcode/DerivedData/FMS-cwjlkvbqxgbddsairyzxkfxaxriv/Build/Products/Debug-iphonesimulator/PackageFrameworks -F /Users/anushka_sharma/Library/Developer/Xcode/DerivedData/FMS-cwjlkvbqxgbddsairyzxkfxaxriv/Build/Products/Debug-iphonesimulator/PackageFrameworks -F /Users/anushka_sharma/Library/Developer/Xcode/DerivedData/FMS-cwjlkvbqxgbddsairyzxkfxaxriv/Build/Products/Debug-iphonesimulator/PackageFrameworks -F /Users/anushka_sharma/Library/Developer/Xcode/DerivedData/FMS-cwjlkvbqxgbddsairyzxkfxaxriv/Build/Products/Debug-iphonesimulator/PackageFrameworks -F /Users/anushka_sharma/Library/Developer/Xcode/DerivedData/FMS-cwjlkvbqxgbddsairyzxkfxaxriv/Build/Products/Debug-iphonesimulator/PackageFrameworks -F /Users/anushka_sharma/Library/Developer/Xcode/DerivedData/FMS-cwjlkvbqxgbddsairyzxkfxaxriv/Build/Products/Debug-iphonesimulator/PackageFrameworks -F /Users/anushka_sharma/Library/Developer/Xcode/DerivedData/FMS-cwjlkvbqxgbddsairyzxkfxaxriv/Build/Products/Debug-iphonesimulator/PackageFrameworks -F /Users/anushka_sharma/Library/Developer/Xcode/DerivedData/FMS-cwjlkvbqxgbddsairyzxkfxaxriv/Build/Products/Debug-iphonesimulator/PackageFrameworks -F /Users/anushka_sharma/Library/Developer/Xcode/DerivedData/FMS-cwjlkvbqxgbddsairyzxkfxaxriv/Build/Products/Debug-iphonesimulator/PackageFrameworks -F /Users/anushka_sharma/Library/Developer/Xcode/DerivedData/FMS-cwjlkvbqxgbddsairyzxkfxaxriv/Build/Products/Debug-iphonesimulator/PackageFrameworks -F /Users/anushka_sharma/Library/Developer/Xcode/DerivedData/FMS-cwjlkvbqxgbddsairyzxkfxaxriv/Build/Products/Debug-iphonesimulator/PackageFrameworks -F /Users/anushka_sharma/Library/Developer/Xcode/DerivedData/FMS-cwjlkvbqxgbddsairyzxkfxaxriv/Build/Products/Debug-iphonesimulator/PackageFrameworks -F /Users/anushka_sharma/Library/Developer/Xcode/DerivedData/FMS-cwjlkvbqxgbddsairyzxkfxaxriv/Build/Products/Debug-iphonesimulator -emit-localized-strings -emit-localized-strings-path /Users/anushka_sharma/Library/Developer/Xcode/DerivedData/FMS-cwjlkvbqxgbddsairyzxkfxaxriv/Build/Intermediates.noindex/FMS.build/Debug-iphonesimulator/FMS.build/Objects-normal/x86_64 -c -j10 -enable-batch-mode -incremental -Xcc -ivfsstatcache -Xcc /Users/anushka_sharma/Library/Developer/Xcode/DerivedData/SDKStatCaches.noindex/iphonesimulator26.2-23C53-7d00a8b37fbd7999ea79df8ebc024bf0.sdkstatcache -output-file-map /Users/anushka_sharma/Library/Developer/Xcode/DerivedData/FMS-cwjlkvbqxgbddsairyzxkfxaxriv/Build/Intermediates.noindex/FMS.build/Debug-iphonesimulator/FMS.build/Objects-normal/x86_64/FMS-OutputFileMap.json -use-frontend-parseable-output -save-temps -no-color-diagnostics -explicit-module-build -module-cache-path /Users/anushka_sharma/Library/Developer/Xcode/DerivedData/FMS-cwjlkvbqxgbddsairyzxkfxaxriv/Build/Intermediates.noindex/SwiftExplicitPrecompiledModules -clang-scanner-module-cache-path /Users/anushka_sharma/Library/Developer/Xcode/DerivedData/ModuleCache.noindex -sdk-module-cache-path /Users/anushka_sharma/Library/Developer/Xcode/DerivedData/ModuleCache.noindex -serialize-diagnostics -emit-dependencies -emit-module -emit-module-path /Users/anushka_sharma/Library/Developer/Xcode/DerivedData/FMS-cwjlkvbqxgbddsairyzxkfxaxriv/Build/Intermediates.noindex/FMS.build/Debug-iphonesimulator/FMS.build/Objects-normal/x86_64/FMS.swiftmodule -validate-clang-modules-once -clang-build-session-file /Users/anushka_sharma/Library/Developer/Xcode/DerivedData/ModuleCache.noindex/Session.modulevalidation -Xcc -I/Users/anushka_sharma/Library/Developer/Xcode/DerivedData/FMS-cwjlkvbqxgbddsairyzxkfxaxriv/Build/Intermediates.noindex/FMS.build/Debug-iphonesimulator/FMS.build/swift-overrides.hmap -emit-const-values -Xfrontend -const-gather-protocols-file -Xfrontend /Users/anushka_sharma/Library/Developer/Xcode/DerivedData/FMS-cwjlkvbqxgbddsairyzxkfxaxriv/Build/Intermediates.noindex/FMS.build/Debug-iphonesimulator/FMS.build/Objects-normal/x86_64/FMS_const_extract_protocols.json -Xcc -iquote -Xcc /Users/anushka_sharma/Library/Developer/Xcode/DerivedData/FMS-cwjlkvbqxgbddsairyzxkfxaxriv/Build/Intermediates.noindex/FMS.build/Debug-iphonesimulator/FMS.build/FMS-generated-files.hmap -Xcc -I/Users/anushka_sharma/Library/Developer/Xcode/DerivedData/FMS-cwjlkvbqxgbddsairyzxkfxaxriv/Build/Intermediates.noindex/FMS.build/Debug-iphonesimulator/FMS.build/FMS-own-target-headers.hmap -Xcc -I/Users/anushka_sharma/Library/Developer/Xcode/DerivedData/FMS-cwjlkvbqxgbddsairyzxkfxaxriv/Build/Intermediates.noindex/FMS.build/Debug-iphonesimulator/FMS.build/FMS-all-non-framework-target-headers.hmap -Xcc -ivfsoverlay -Xcc /Users/anushka_sharma/Library/Developer/Xcode/DerivedData/FMS-cwjlkvbqxgbddsairyzxkfxaxriv/Build/Intermediates.noindex/FMS.build/Debug-iphonesimulator/FMS-09ac764f5f6a6aaea0b26801b5883ea5-VFS-iphonesimulator/all-product-headers.yaml -Xcc -iquote -Xcc /Users/anushka_sharma/Library/Developer/Xcode/DerivedData/FMS-cwjlkvbqxgbddsairyzxkfxaxriv/Build/Intermediates.noindex/FMS.build/Debug-iphonesimulator/FMS.build/FMS-project-headers.hmap -Xcc -I/Users/anushka_sharma/Library/Developer/Xcode/DerivedData/FMS-cwjlkvbqxgbddsairyzxkfxaxriv/Build/Products/Debug-iphonesimulator/include -Xcc -I/Users/anushka_sharma/Library/Developer/Xcode/DerivedData/FMS-cwjlkvbqxgbddsairyzxkfxaxriv/Build/Intermediates.noindex/FMS.build/Debug-iphonesimulator/FMS.build/DerivedSources-normal/x86_64 -Xcc -I/Users/anushka_sharma/Library/Developer/Xcode/DerivedData/FMS-cwjlkvbqxgbddsairyzxkfxaxriv/Build/Intermediates.noindex/FMS.build/Debug-iphonesimulator/FMS.build/DerivedSources/x86_64 -Xcc -I/Users/anushka_sharma/Library/Developer/Xcode/DerivedData/FMS-cwjlkvbqxgbddsairyzxkfxaxriv/Build/Intermediates.noindex/FMS.build/Debug-iphonesimulator/FMS.build/DerivedSources -Xcc -DDEBUG\=1 -emit-objc-header -emit-objc-header-path /Users/anushka_sharma/Library/Developer/Xcode/DerivedData/FMS-cwjlkvbqxgbddsairyzxkfxaxriv/Build/Intermediates.noindex/FMS.build/Debug-iphonesimulator/FMS.build/Objects-normal/x86_64/FMS-Swift.h -working-directory /Users/anushka_sharma/Documents/FMS -experimental-emit-module-separately -disable-cmo

Ld /Users/anushka_sharma/Library/Developer/Xcode/DerivedData/FMS-cwjlkvbqxgbddsairyzxkfxaxriv/Build/Intermediates.noindex/FMS.build/Debug-iphonesimulator/FMS.build/Objects-normal/x86_64/Binary/FMS.debug.dylib normal x86_64 (in target 'FMS' from project 'FMS')
    cd /Users/anushka_sharma/Documents/FMS
    /Applications/Xcode.app/Contents/Developer/Toolchains/XcodeDefault.xctoolchain/usr/bin/clang -Xlinker -reproducible -target x86_64-apple-ios26.0-simulator -dynamiclib -isysroot /Applications/Xcode.app/Contents/Developer/Platforms/iPhoneSimulator.platform/Developer/SDKs/iPhoneSimulator26.2.sdk -O0 -L/Users/anushka_sharma/Library/Developer/Xcode/DerivedData/FMS-cwjlkvbqxgbddsairyzxkfxaxriv/Build/Intermediates.noindex/EagerLinkingTBDs/Debug-iphonesimulator -L/Users/anushka_sharma/Library/Developer/Xcode/DerivedData/FMS-cwjlkvbqxgbddsairyzxkfxaxriv/Build/Products/Debug-iphonesimulator -F/Users/anushka_sharma/Library/Developer/Xcode/DerivedData/FMS-cwjlkvbqxgbddsairyzxkfxaxriv/Build/Intermediates.noindex/EagerLinkingTBDs/Debug-iphonesimulator -F/Users/anushka_sharma/Library/Developer/Xcode/DerivedData/FMS-cwjlkvbqxgbddsairyzxkfxaxriv/Build/Products/Debug-iphonesimulator/PackageFrameworks -F/Users/anushka_sharma/Library/Developer/Xcode/DerivedData/FMS-cwjlkvbqxgbddsairyzxkfxaxriv/Build/Products/Debug-iphonesimulator/PackageFrameworks -F/Users/anushka_sharma/Library/Developer/Xcode/DerivedData/FMS-cwjlkvbqxgbddsairyzxkfxaxriv/Build/Products/Debug-iphonesimulator/PackageFrameworks -F/Users/anushka_sharma/Library/Developer/Xcode/DerivedData/FMS-cwjlkvbqxgbddsairyzxkfxaxriv/Build/Products/Debug-iphonesimulator/PackageFrameworks -F/Users/anushka_sharma/Library/Developer/Xcode/DerivedData/FMS-cwjlkvbqxgbddsairyzxkfxaxriv/Build/Products/Debug-iphonesimulator/PackageFrameworks -F/Users/anushka_sharma/Library/Developer/Xcode/DerivedData/FMS-cwjlkvbqxgbddsairyzxkfxaxriv/Build/Products/Debug-iphonesimulator/PackageFrameworks -F/Users/anushka_sharma/Library/Developer/Xcode/DerivedData/FMS-cwjlkvbqxgbddsairyzxkfxaxriv/Build/Products/Debug-iphonesimulator/PackageFrameworks -F/Users/anushka_sharma/Library/Developer/Xcode/DerivedData/FMS-cwjlkvbqxgbddsairyzxkfxaxriv/Build/Products/Debug-iphonesimulator/PackageFrameworks -F/Users/anushka_sharma/Library/Developer/Xcode/DerivedData/FMS-cwjlkvbqxgbddsairyzxkfxaxriv/Build/Products/Debug-iphonesimulator/PackageFrameworks -F/Users/anushka_sharma/Library/Developer/Xcode/DerivedData/FMS-cwjlkvbqxgbddsairyzxkfxaxriv/Build/Products/Debug-iphonesimulator/PackageFrameworks -F/Users/anushka_sharma/Library/Developer/Xcode/DerivedData/FMS-cwjlkvbqxgbddsairyzxkfxaxriv/Build/Products/Debug-iphonesimulator/PackageFrameworks -F/Users/anushka_sharma/Library/Developer/Xcode/DerivedData/FMS-cwjlkvbqxgbddsairyzxkfxaxriv/Build/Products/Debug-iphonesimulator/PackageFrameworks -F/Users/anushka_sharma/Library/Developer/Xcode/DerivedData/FMS-cwjlkvbqxgbddsairyzxkfxaxriv/Build/Products/Debug-iphonesimulator/PackageFrameworks -F/Users/anushka_sharma/Library/Developer/Xcode/DerivedData/FMS-cwjlkvbqxgbddsairyzxkfxaxriv/Build/Products/Debug-iphonesimulator/PackageFrameworks -F/Users/anushka_sharma/Library/Developer/Xcode/DerivedData/FMS-cwjlkvbqxgbddsairyzxkfxaxriv/Build/Products/Debug-iphonesimulator -filelist /Users/anushka_sharma/Library/Developer/Xcode/DerivedData/FMS-cwjlkvbqxgbddsairyzxkfxaxriv/Build/Intermediates.noindex/FMS.build/Debug-iphonesimulator/FMS.build/Objects-normal/x86_64/FMS.LinkFileList -install_name @rpath/FMS.debug.dylib -Xlinker -rpath -Xlinker /Users/anushka_sharma/Library/Developer/Xcode/DerivedData/FMS-cwjlkvbqxgbddsairyzxkfxaxriv/Build/Products/Debug-iphonesimulator/PackageFrameworks -Xlinker -rpath -Xlinker @executable_path/Frameworks -dead_strip -Xlinker -object_path_lto -Xlinker /Users/anushka_sharma/Library/Developer/Xcode/DerivedData/FMS-cwjlkvbqxgbddsairyzxkfxaxriv/Build/Intermediates.noindex/FMS.build/Debug-iphonesimulator/FMS.build/Objects-normal/x86_64/FMS_lto.o -rdynamic -Xlinker -no_deduplicate -Xlinker -objc_abi_version -Xlinker 2 -Xlinker -dependency_info -Xlinker /Users/anushka_sharma/Library/Developer/Xcode/DerivedData/FMS-cwjlkvbqxgbddsairyzxkfxaxriv/Build/Intermediates.noindex/FMS.build/Debug-iphonesimulator/FMS.build/Objects-normal/x86_64/FMS_dependency_info.dat -fobjc-link-runtime -L/Applications/Xcode.app/Contents/Developer/Toolchains/XcodeDefault.xctoolchain/usr/lib/swift/iphonesimulator -L/usr/lib/swift -Xlinker -add_ast_path -Xlinker /Users/anushka_sharma/Library/Developer/Xcode/DerivedData/FMS-cwjlkvbqxgbddsairyzxkfxaxriv/Build/Intermediates.noindex/FMS.build/Debug-iphonesimulator/FMS.build/Objects-normal/x86_64/FMS.swiftmodule @/Users/anushka_sharma/Library/Developer/Xcode/DerivedData/FMS-cwjlkvbqxgbddsairyzxkfxaxriv/Build/Intermediates.noindex/FMS.build/Debug-iphonesimulator/FMS.build/Objects-normal/x86_64/FMS-linker-args.resp -Wl,-no_warn_duplicate_libraries -Wl,-no_warn_duplicate_libraries -Wl,-no_warn_duplicate_libraries -Wl,-no_warn_duplicate_libraries -Wl,-no_warn_duplicate_libraries -Wl,-no_warn_duplicate_libraries -Wl,-no_warn_duplicate_libraries -Wl,-no_warn_duplicate_libraries -Wl,-no_warn_duplicate_libraries -Wl,-no_warn_duplicate_libraries -Wl,-no_warn_duplicate_libraries -Wl,-no_warn_duplicate_libraries -Wl,-no_warn_duplicate_libraries -Wl,-no_warn_duplicate_libraries -Xlinker -alias -Xlinker _main -Xlinker ___debug_main_executable_dylib_entry_point -Xlinker -no_adhoc_codesign -o /Users/anushka_sharma/Library/Developer/Xcode/DerivedData/FMS-cwjlkvbqxgbddsairyzxkfxaxriv/Build/Intermediates.noindex/FMS.build/Debug-iphonesimulator/FMS.build/Objects-normal/x86_64/Binary/FMS.debug.dylib -Xlinker -add_ast_path -Xlinker /Users/anushka_sharma/Library/Developer/Xcode/DerivedData/FMS-cwjlkvbqxgbddsairyzxkfxaxriv/Build/Intermediates.noindex/Supabase.build/Debug-iphonesimulator/Supabase.build/Objects-normal/x86_64/Supabase.swiftmodule @/Users/anushka_sharma/Library/Developer/Xcode/DerivedData/FMS-cwjlkvbqxgbddsairyzxkfxaxriv/Build/Intermediates.noindex/Supabase.build/Debug-iphonesimulator/Supabase.build/Objects-normal/x86_64/Supabase-linker-args.resp -Xlinker -add_ast_path -Xlinker /Users/anushka_sharma/Library/Developer/Xcode/DerivedData/FMS-cwjlkvbqxgbddsairyzxkfxaxriv/Build/Intermediates.noindex/swift-concurrency-extras.build/Debug-iphonesimulator/ConcurrencyExtras.build/Objects-normal/x86_64/ConcurrencyExtras.swiftmodule @/Users/anushka_sharma/Library/Developer/Xcode/DerivedData/FMS-cwjlkvbqxgbddsairyzxkfxaxriv/Build/Intermediates.noindex/swift-concurrency-extras.build/Debug-iphonesimulator/ConcurrencyExtras.build/Objects-normal/x86_64/ConcurrencyExtras-linker-args.resp -Xlinker -add_ast_path -Xlinker /Users/anushka_sharma/Library/Developer/Xcode/DerivedData/FMS-cwjlkvbqxgbddsairyzxkfxaxriv/Build/Intermediates.noindex/swift-http-types.build/Debug-iphonesimulator/HTTPTypes.build/Objects-normal/x86_64/HTTPTypes.swiftmodule @/Users/anushka_sharma/Library/Developer/Xcode/DerivedData/FMS-cwjlkvbqxgbddsairyzxkfxaxriv/Build/Intermediates.noindex/swift-http-types.build/Debug-iphonesimulator/HTTPTypes.build/Objects-normal/x86_64/HTTPTypes-linker-args.resp -Xlinker -add_ast_path -Xlinker /Users/anushka_sharma/Library/Developer/Xcode/DerivedData/FMS-cwjlkvbqxgbddsairyzxkfxaxriv/Build/Intermediates.noindex/swift-clocks.build/Debug-iphonesimulator/Clocks.build/Objects-normal/x86_64/Clocks.swiftmodule @/Users/anushka_sharma/Library/Developer/Xcode/DerivedData/FMS-cwjlkvbqxgbddsairyzxkfxaxriv/Build/Intermediates.noindex/swift-clocks.build/Debug-iphonesimulator/Clocks.build/Objects-normal/x86_64/Clocks-linker-args.resp -Xlinker -add_ast_path -Xlinker /Users/anushka_sharma/Library/Developer/Xcode/DerivedData/FMS-cwjlkvbqxgbddsairyzxkfxaxriv/Build/Intermediates.noindex/xctest-dynamic-overlay.build/Debug-iphonesimulator/IssueReporting.build/Objects-normal/x86_64/IssueReporting.swiftmodule @/Users/anushka_sharma/Library/Developer/Xcode/DerivedData/FMS-cwjlkvbqxgbddsairyzxkfxaxriv/Build/Intermediates.noindex/xctest-dynamic-overlay.build/Debug-iphonesimulator/IssueReporting.build/Objects-normal/x86_64/IssueReporting-linker-args.resp -Xlinker -add_ast_path -Xlinker /Users/anushka_sharma/Library/Developer/Xcode/DerivedData/FMS-cwjlkvbqxgbddsairyzxkfxaxriv/Build/Intermediates.noindex/xctest-dynamic-overlay.build/Debug-iphonesimulator/IssueReportingPackageSupport.build/Objects-normal/x86_64/IssueReportingPackageSupport.swiftmodule @/Users/anushka_sharma/Library/Developer/Xcode/DerivedData/FMS-cwjlkvbqxgbddsairyzxkfxaxriv/Build/Intermediates.noindex/xctest-dynamic-overlay.build/Debug-iphonesimulator/IssueReportingPackageSupport.build/Objects-normal/x86_64/IssueReportingPackageSupport-linker-args.resp -Xlinker -add_ast_path -Xlinker /Users/anushka_sharma/Library/Developer/Xcode/DerivedData/FMS-cwjlkvbqxgbddsairyzxkfxaxriv/Build/Intermediates.noindex/xctest-dynamic-overlay.build/Debug-iphonesimulator/XCTestDynamicOverlay.build/Objects-normal/x86_64/XCTestDynamicOverlay.swiftmodule @/Users/anushka_sharma/Library/Developer/Xcode/DerivedData/FMS-cwjlkvbqxgbddsairyzxkfxaxriv/Build/Intermediates.noindex/xctest-dynamic-overlay.build/Debug-iphonesimulator/XCTestDynamicOverlay.build/Objects-normal/x86_64/XCTestDynamicOverlay-linker-args.resp -Xlinker -add_ast_path -Xlinker /Users/anushka_sharma/Library/Developer/Xcode/DerivedData/FMS-cwjlkvbqxgbddsairyzxkfxaxriv/Build/Intermediates.noindex/Supabase.build/Debug-iphonesimulator/Helpers.build/Objects-normal/x86_64/Helpers.swiftmodule @/Users/anushka_sharma/Library/Developer/Xcode/DerivedData/FMS-cwjlkvbqxgbddsairyzxkfxaxriv/Build/Intermediates.noindex/Supabase.build/Debug-iphonesimulator/Helpers.build/Objects-normal/x86_64/Helpers-linker-args.resp -Xlinker -add_ast_path -Xlinker /Users/anushka_sharma/Library/Developer/Xcode/DerivedData/FMS-cwjlkvbqxgbddsairyzxkfxaxriv/Build/Intermediates.noindex/swift-crypto.build/Debug-iphonesimulator/Crypto.build/Objects-normal/x86_64/Crypto.swiftmodule @/Users/anushka_sharma/Library/Developer/Xcode/DerivedData/FMS-cwjlkvbqxgbddsairyzxkfxaxriv/Build/Intermediates.noindex/swift-crypto.build/Debug-iphonesimulator/Crypto.build/Objects-normal/x86_64/Crypto-linker-args.resp -Xlinker -add_ast_path -Xlinker /Users/anushka_sharma/Library/Developer/Xcode/DerivedData/FMS-cwjlkvbqxgbddsairyzxkfxaxriv/Build/Intermediates.noindex/Supabase.build/Debug-iphonesimulator/Auth.build/Objects-normal/x86_64/Auth.swiftmodule @/Users/anushka_sharma/Library/Developer/Xcode/DerivedData/FMS-cwjlkvbqxgbddsairyzxkfxaxriv/Build/Intermediates.noindex/Supabase.build/Debug-iphonesimulator/Auth.build/Objects-normal/x86_64/Auth-linker-args.resp -Xlinker -add_ast_path -Xlinker /Users/anushka_sharma/Library/Developer/Xcode/DerivedData/FMS-cwjlkvbqxgbddsairyzxkfxaxriv/Build/Intermediates.noindex/Supabase.build/Debug-iphonesimulator/Functions.build/Objects-normal/x86_64/Functions.swiftmodule @/Users/anushka_sharma/Library/Developer/Xcode/DerivedData/FMS-cwjlkvbqxgbddsairyzxkfxaxriv/Build/Intermediates.noindex/Supabase.build/Debug-iphonesimulator/Functions.build/Objects-normal/x86_64/Functions-linker-args.resp -Xlinker -add_ast_path -Xlinker /Users/anushka_sharma/Library/Developer/Xcode/DerivedData/FMS-cwjlkvbqxgbddsairyzxkfxaxriv/Build/Intermediates.noindex/Supabase.build/Debug-iphonesimulator/PostgREST.build/Objects-normal/x86_64/PostgREST.swiftmodule @/Users/anushka_sharma/Library/Developer/Xcode/DerivedData/FMS-cwjlkvbqxgbddsairyzxkfxaxriv/Build/Intermediates.noindex/Supabase.build/Debug-iphonesimulator/PostgREST.build/Objects-normal/x86_64/PostgREST-linker-args.resp -Xlinker -add_ast_path -Xlinker /Users/anushka_sharma/Library/Developer/Xcode/DerivedData/FMS-cwjlkvbqxgbddsairyzxkfxaxriv/Build/Intermediates.noindex/Supabase.build/Debug-iphonesimulator/Realtime.build/Objects-normal/x86_64/Realtime.swiftmodule @/Users/anushka_sharma/Library/Developer/Xcode/DerivedData/FMS-cwjlkvbqxgbddsairyzxkfxaxriv/Build/Intermediates.noindex/Supabase.build/Debug-iphonesimulator/Realtime.build/Objects-normal/x86_64/Realtime-linker-args.resp -Xlinker -add_ast_path -Xlinker /Users/anushka_sharma/Library/Developer/Xcode/DerivedData/FMS-cwjlkvbqxgbddsairyzxkfxaxriv/Build/Intermediates.noindex/Supabase.build/Debug-iphonesimulator/Storage.build/Objects-normal/x86_64/Storage.swiftmodule @/Users/anushka_sharma/Library/Developer/Xcode/DerivedData/FMS-cwjlkvbqxgbddsairyzxkfxaxriv/Build/Intermediates.noindex/Supabase.build/Debug-iphonesimulator/Storage.build/Objects-normal/x86_64/Storage-linker-args.resp

CreateUniversalBinary /Users/anushka_sharma/Library/Developer/Xcode/DerivedData/FMS-cwjlkvbqxgbddsairyzxkfxaxriv/Build/Products/Debug-iphonesimulator/FMS.app/FMS.debug.dylib normal arm64\ x86_64 (in target 'FMS' from project 'FMS')
    cd /Users/anushka_sharma/Documents/FMS
    /Applications/Xcode.app/Contents/Developer/Toolchains/XcodeDefault.xctoolchain/usr/bin/lipo -create /Users/anushka_sharma/Library/Developer/Xcode/DerivedData/FMS-cwjlkvbqxgbddsairyzxkfxaxriv/Build/Intermediates.noindex/FMS.build/Debug-iphonesimulator/FMS.build/Objects-normal/arm64/Binary/FMS.debug.dylib /Users/anushka_sharma/Library/Developer/Xcode/DerivedData/FMS-cwjlkvbqxgbddsairyzxkfxaxriv/Build/Intermediates.noindex/FMS.build/Debug-iphonesimulator/FMS.build/Objects-normal/x86_64/Binary/FMS.debug.dylib -output /Users/anushka_sharma/Library/Developer/Xcode/DerivedData/FMS-cwjlkvbqxgbddsairyzxkfxaxriv/Build/Products/Debug-iphonesimulator/FMS.app/FMS.debug.dylib

ConstructStubExecutorLinkFileList /Users/anushka_sharma/Library/Developer/Xcode/DerivedData/FMS-cwjlkvbqxgbddsairyzxkfxaxriv/Build/Intermediates.noindex/FMS.build/Debug-iphonesimulator/FMS.build/FMS-ExecutorLinkFileList-normal-x86_64.txt (in target 'FMS' from project 'FMS')
    cd /Users/anushka_sharma/Documents/FMS
    construct-stub-executor-link-file-list /Users/anushka_sharma/Library/Developer/Xcode/DerivedData/FMS-cwjlkvbqxgbddsairyzxkfxaxriv/Build/Intermediates.noindex/FMS.build/Debug-iphonesimulator/FMS.build/Objects-normal/x86_64/Binary/FMS.debug.dylib /Applications/Xcode.app/Contents/Developer/Platforms/iPhoneSimulator.platform/Developer/usr/lib/libPreviewsJITStubExecutor_no_swift_entry_point.a /Applications/Xcode.app/Contents/Developer/Platforms/iPhoneSimulator.platform/Developer/usr/lib/libPreviewsJITStubExecutor.a --output /Users/anushka_sharma/Library/Developer/Xcode/DerivedData/FMS-cwjlkvbqxgbddsairyzxkfxaxriv/Build/Intermediates.noindex/FMS.build/Debug-iphonesimulator/FMS.build/FMS-ExecutorLinkFileList-normal-x86_64.txt
note: Using stub executor library with Swift entry point. (in target 'FMS' from project 'FMS')

Ld /Users/anushka_sharma/Library/Developer/Xcode/DerivedData/FMS-cwjlkvbqxgbddsairyzxkfxaxriv/Build/Intermediates.noindex/FMS.build/Debug-iphonesimulator/FMS.build/Objects-normal/x86_64/Binary/FMS normal x86_64 (in target 'FMS' from project 'FMS')
    cd /Users/anushka_sharma/Documents/FMS
    /Applications/Xcode.app/Contents/Developer/Toolchains/XcodeDefault.xctoolchain/usr/bin/clang -Xlinker -reproducible -target x86_64-apple-ios26.0-simulator -isysroot /Applications/Xcode.app/Contents/Developer/Platforms/iPhoneSimulator.platform/Developer/SDKs/iPhoneSimulator26.2.sdk -O0 -L/Users/anushka_sharma/Library/Developer/Xcode/DerivedData/FMS-cwjlkvbqxgbddsairyzxkfxaxriv/Build/Products/Debug-iphonesimulator -F/Users/anushka_sharma/Library/Developer/Xcode/DerivedData/FMS-cwjlkvbqxgbddsairyzxkfxaxriv/Build/Products/Debug-iphonesimulator/PackageFrameworks -F/Users/anushka_sharma/Library/Developer/Xcode/DerivedData/FMS-cwjlkvbqxgbddsairyzxkfxaxriv/Build/Products/Debug-iphonesimulator/PackageFrameworks -F/Users/anushka_sharma/Library/Developer/Xcode/DerivedData/FMS-cwjlkvbqxgbddsairyzxkfxaxriv/Build/Products/Debug-iphonesimulator/PackageFrameworks -F/Users/anushka_sharma/Library/Developer/Xcode/DerivedData/FMS-cwjlkvbqxgbddsairyzxkfxaxriv/Build/Products/Debug-iphonesimulator/PackageFrameworks -F/Users/anushka_sharma/Library/Developer/Xcode/DerivedData/FMS-cwjlkvbqxgbddsairyzxkfxaxriv/Build/Products/Debug-iphonesimulator/PackageFrameworks -F/Users/anushka_sharma/Library/Developer/Xcode/DerivedData/FMS-cwjlkvbqxgbddsairyzxkfxaxriv/Build/Products/Debug-iphonesimulator/PackageFrameworks -F/Users/anushka_sharma/Library/Developer/Xcode/DerivedData/FMS-cwjlkvbqxgbddsairyzxkfxaxriv/Build/Products/Debug-iphonesimulator/PackageFrameworks -F/Users/anushka_sharma/Library/Developer/Xcode/DerivedData/FMS-cwjlkvbqxgbddsairyzxkfxaxriv/Build/Products/Debug-iphonesimulator/PackageFrameworks -F/Users/anushka_sharma/Library/Developer/Xcode/DerivedData/FMS-cwjlkvbqxgbddsairyzxkfxaxriv/Build/Products/Debug-iphonesimulator/PackageFrameworks -F/Users/anushka_sharma/Library/Developer/Xcode/DerivedData/FMS-cwjlkvbqxgbddsairyzxkfxaxriv/Build/Products/Debug-iphonesimulator/PackageFrameworks -F/Users/anushka_sharma/Library/Developer/Xcode/DerivedData/FMS-cwjlkvbqxgbddsairyzxkfxaxriv/Build/Products/Debug-iphonesimulator/PackageFrameworks -F/Users/anushka_sharma/Library/Developer/Xcode/DerivedData/FMS-cwjlkvbqxgbddsairyzxkfxaxriv/Build/Products/Debug-iphonesimulator/PackageFrameworks -F/Users/anushka_sharma/Library/Developer/Xcode/DerivedData/FMS-cwjlkvbqxgbddsairyzxkfxaxriv/Build/Products/Debug-iphonesimulator/PackageFrameworks -F/Users/anushka_sharma/Library/Developer/Xcode/DerivedData/FMS-cwjlkvbqxgbddsairyzxkfxaxriv/Build/Products/Debug-iphonesimulator/PackageFrameworks -F/Users/anushka_sharma/Library/Developer/Xcode/DerivedData/FMS-cwjlkvbqxgbddsairyzxkfxaxriv/Build/Products/Debug-iphonesimulator -Xlinker -rpath -Xlinker @executable_path -Xlinker -rpath -Xlinker /Users/anushka_sharma/Library/Developer/Xcode/DerivedData/FMS-cwjlkvbqxgbddsairyzxkfxaxriv/Build/Products/Debug-iphonesimulator/PackageFrameworks -Xlinker -rpath -Xlinker @executable_path/Frameworks -rdynamic -Xlinker -no_deduplicate -Xlinker -objc_abi_version -Xlinker 2 -e ___debug_blank_executor_main -Xlinker -sectcreate -Xlinker __TEXT -Xlinker __debug_dylib -Xlinker /Users/anushka_sharma/Library/Developer/Xcode/DerivedData/FMS-cwjlkvbqxgbddsairyzxkfxaxriv/Build/Intermediates.noindex/FMS.build/Debug-iphonesimulator/FMS.build/FMS-DebugDylibPath-normal-x86_64.txt -Xlinker -sectcreate -Xlinker __TEXT -Xlinker __debug_instlnm -Xlinker /Users/anushka_sharma/Library/Developer/Xcode/DerivedData/FMS-cwjlkvbqxgbddsairyzxkfxaxriv/Build/Intermediates.noindex/FMS.build/Debug-iphonesimulator/FMS.build/FMS-DebugDylibInstallName-normal-x86_64.txt -Xlinker -filelist -Xlinker /Users/anushka_sharma/Library/Developer/Xcode/DerivedData/FMS-cwjlkvbqxgbddsairyzxkfxaxriv/Build/Intermediates.noindex/FMS.build/Debug-iphonesimulator/FMS.build/FMS-ExecutorLinkFileList-normal-x86_64.txt -Xlinker -sectcreate -Xlinker __TEXT -Xlinker __entitlements -Xlinker /Users/anushka_sharma/Library/Developer/Xcode/DerivedData/FMS-cwjlkvbqxgbddsairyzxkfxaxriv/Build/Intermediates.noindex/FMS.build/Debug-iphonesimulator/FMS.build/FMS.app-Simulated.xcent -Xlinker -sectcreate -Xlinker __TEXT -Xlinker __ents_der -Xlinker /Users/anushka_sharma/Library/Developer/Xcode/DerivedData/FMS-cwjlkvbqxgbddsairyzxkfxaxriv/Build/Intermediates.noindex/FMS.build/Debug-iphonesimulator/FMS.build/FMS.app-Simulated.xcent.der /Users/anushka_sharma/Library/Developer/Xcode/DerivedData/FMS-cwjlkvbqxgbddsairyzxkfxaxriv/Build/Intermediates.noindex/FMS.build/Debug-iphonesimulator/FMS.build/Objects-normal/x86_64/Binary/FMS.debug.dylib -Xlinker -no_adhoc_codesign -o /Users/anushka_sharma/Library/Developer/Xcode/DerivedData/FMS-cwjlkvbqxgbddsairyzxkfxaxriv/Build/Intermediates.noindex/FMS.build/Debug-iphonesimulator/FMS.build/Objects-normal/x86_64/Binary/FMS

CreateUniversalBinary /Users/anushka_sharma/Library/Developer/Xcode/DerivedData/FMS-cwjlkvbqxgbddsairyzxkfxaxriv/Build/Products/Debug-iphonesimulator/FMS.app/FMS normal arm64\ x86_64 (in target 'FMS' from project 'FMS')
    cd /Users/anushka_sharma/Documents/FMS
    /Applications/Xcode.app/Contents/Developer/Toolchains/XcodeDefault.xctoolchain/usr/bin/lipo -create /Users/anushka_sharma/Library/Developer/Xcode/DerivedData/FMS-cwjlkvbqxgbddsairyzxkfxaxriv/Build/Intermediates.noindex/FMS.build/Debug-iphonesimulator/FMS.build/Objects-normal/arm64/Binary/FMS /Users/anushka_sharma/Library/Developer/Xcode/DerivedData/FMS-cwjlkvbqxgbddsairyzxkfxaxriv/Build/Intermediates.noindex/FMS.build/Debug-iphonesimulator/FMS.build/Objects-normal/x86_64/Binary/FMS -output /Users/anushka_sharma/Library/Developer/Xcode/DerivedData/FMS-cwjlkvbqxgbddsairyzxkfxaxriv/Build/Products/Debug-iphonesimulator/FMS.app/FMS

CopySwiftLibs /Users/anushka_sharma/Library/Developer/Xcode/DerivedData/FMS-cwjlkvbqxgbddsairyzxkfxaxriv/Build/Products/Debug-iphonesimulator/FMS.app (in target 'FMS' from project 'FMS')
    cd /Users/anushka_sharma/Documents/FMS
    builtin-swiftStdLibTool --copy --verbose --sign - --scan-executable /Users/anushka_sharma/Library/Developer/Xcode/DerivedData/FMS-cwjlkvbqxgbddsairyzxkfxaxriv/Build/Products/Debug-iphonesimulator/FMS.app/FMS.debug.dylib --scan-folder /Users/anushka_sharma/Library/Developer/Xcode/DerivedData/FMS-cwjlkvbqxgbddsairyzxkfxaxriv/Build/Products/Debug-iphonesimulator/FMS.app/Frameworks --scan-folder /Users/anushka_sharma/Library/Developer/Xcode/DerivedData/FMS-cwjlkvbqxgbddsairyzxkfxaxriv/Build/Products/Debug-iphonesimulator/FMS.app/PlugIns --scan-folder /Users/anushka_sharma/Library/Developer/Xcode/DerivedData/FMS-cwjlkvbqxgbddsairyzxkfxaxriv/Build/Products/Debug-iphonesimulator/FMS.app/SystemExtensions --scan-folder /Users/anushka_sharma/Library/Developer/Xcode/DerivedData/FMS-cwjlkvbqxgbddsairyzxkfxaxriv/Build/Products/Debug-iphonesimulator/FMS.app/Extensions --platform iphonesimulator --toolchain /Applications/Xcode.app/Contents/Developer/Toolchains/XcodeDefault.xctoolchain --destination /Users/anushka_sharma/Library/Developer/Xcode/DerivedData/FMS-cwjlkvbqxgbddsairyzxkfxaxriv/Build/Products/Debug-iphonesimulator/FMS.app/Frameworks --strip-bitcode --strip-bitcode-tool /Applications/Xcode.app/Contents/Developer/Toolchains/XcodeDefault.xctoolchain/usr/bin/bitcode_strip --emit-dependency-info /Users/anushka_sharma/Library/Developer/Xcode/DerivedData/FMS-cwjlkvbqxgbddsairyzxkfxaxriv/Build/Intermediates.noindex/FMS.build/Debug-iphonesimulator/FMS.build/SwiftStdLibToolInputDependencies.dep --filter-for-swift-os

ExtractAppIntentsMetadata (in target 'FMS' from project 'FMS')
    cd /Users/anushka_sharma/Documents/FMS
    /Applications/Xcode.app/Contents/Developer/Toolchains/XcodeDefault.xctoolchain/usr/bin/appintentsmetadataprocessor --toolchain-dir /Applications/Xcode.app/Contents/Developer/Toolchains/XcodeDefault.xctoolchain --module-name FMS --sdk-root /Applications/Xcode.app/Contents/Developer/Platforms/iPhoneSimulator.platform/Developer/SDKs/iPhoneSimulator26.2.sdk --xcode-version 17C52 --platform-family iOS --deployment-target 26.0 --bundle-identifier -332 --output /Users/anushka_sharma/Library/Developer/Xcode/DerivedData/FMS-cwjlkvbqxgbddsairyzxkfxaxriv/Build/Products/Debug-iphonesimulator/FMS.app --target-triple arm64-apple-ios26.0-simulator --target-triple x86_64-apple-ios26.0-simulator --binary-file /Users/anushka_sharma/Library/Developer/Xcode/DerivedData/FMS-cwjlkvbqxgbddsairyzxkfxaxriv/Build/Products/Debug-iphonesimulator/FMS.app/FMS --dependency-file /Users/anushka_sharma/Library/Developer/Xcode/DerivedData/FMS-cwjlkvbqxgbddsairyzxkfxaxriv/Build/Intermediates.noindex/FMS.build/Debug-iphonesimulator/FMS.build/Objects-normal/arm64/FMS_dependency_info.dat --dependency-file /Users/anushka_sharma/Library/Developer/Xcode/DerivedData/FMS-cwjlkvbqxgbddsairyzxkfxaxriv/Build/Intermediates.noindex/FMS.build/Debug-iphonesimulator/FMS.build/Objects-normal/x86_64/FMS_dependency_info.dat --stringsdata-file /Users/anushka_sharma/Library/Developer/Xcode/DerivedData/FMS-cwjlkvbqxgbddsairyzxkfxaxriv/Build/Intermediates.noindex/FMS.build/Debug-iphonesimulator/FMS.build/Objects-normal/arm64/ExtractedAppShortcutsMetadata.stringsdata --stringsdata-file /Users/anushka_sharma/Library/Developer/Xcode/DerivedData/FMS-cwjlkvbqxgbddsairyzxkfxaxriv/Build/Intermediates.noindex/FMS.build/Debug-iphonesimulator/FMS.build/Objects-normal/x86_64/ExtractedAppShortcutsMetadata.stringsdata --source-file-list /Users/anushka_sharma/Library/Developer/Xcode/DerivedData/FMS-cwjlkvbqxgbddsairyzxkfxaxriv/Build/Intermediates.noindex/FMS.build/Debug-iphonesimulator/FMS.build/Objects-normal/arm64/FMS.SwiftFileList --source-file-list /Users/anushka_sharma/Library/Developer/Xcode/DerivedData/FMS-cwjlkvbqxgbddsairyzxkfxaxriv/Build/Intermediates.noindex/FMS.build/Debug-iphonesimulator/FMS.build/Objects-normal/x86_64/FMS.SwiftFileList --metadata-file-list /Users/anushka_sharma/Library/Developer/Xcode/DerivedData/FMS-cwjlkvbqxgbddsairyzxkfxaxriv/Build/Intermediates.noindex/FMS.build/Debug-iphonesimulator/FMS.build/FMS.DependencyMetadataFileList --static-metadata-file-list /Users/anushka_sharma/Library/Developer/Xcode/DerivedData/FMS-cwjlkvbqxgbddsairyzxkfxaxriv/Build/Intermediates.noindex/FMS.build/Debug-iphonesimulator/FMS.build/FMS.DependencyStaticMetadataFileList --swift-const-vals-list /Users/anushka_sharma/Library/Developer/Xcode/DerivedData/FMS-cwjlkvbqxgbddsairyzxkfxaxriv/Build/Intermediates.noindex/FMS.build/Debug-iphonesimulator/FMS.build/Objects-normal/arm64/FMS.SwiftConstValuesFileList --swift-const-vals-list /Users/anushka_sharma/Library/Developer/Xcode/DerivedData/FMS-cwjlkvbqxgbddsairyzxkfxaxriv/Build/Intermediates.noindex/FMS.build/Debug-iphonesimulator/FMS.build/Objects-normal/x86_64/FMS.SwiftConstValuesFileList --compile-time-extraction --deployment-aware-processing --validate-assistant-intents --no-app-shortcuts-localization
2026-05-29 10:07:55.722 appintentsmetadataprocessor[30063:520275] Starting appintentsmetadataprocessor export
2026-05-29 10:07:55.725 appintentsmetadataprocessor[30063:520275] warning: Metadata extraction skipped. No AppIntents.framework dependency found.

CodeSign /Users/anushka_sharma/Library/Developer/Xcode/DerivedData/FMS-cwjlkvbqxgbddsairyzxkfxaxriv/Build/Products/Debug-iphonesimulator/FMS.app/FMS.debug.dylib (in target 'FMS' from project 'FMS')
    cd /Users/anushka_sharma/Documents/FMS
    
    Signing Identity:     "Sign to Run Locally"
    
    /usr/bin/codesign --force --sign - --timestamp\=none --generate-entitlement-der /Users/anushka_sharma/Library/Developer/Xcode/DerivedData/FMS-cwjlkvbqxgbddsairyzxkfxaxriv/Build/Products/Debug-iphonesimulator/FMS.app/FMS.debug.dylib

CodeSign /Users/anushka_sharma/Library/Developer/Xcode/DerivedData/FMS-cwjlkvbqxgbddsairyzxkfxaxriv/Build/Products/Debug-iphonesimulator/FMS.app/__preview.dylib (in target 'FMS' from project 'FMS')
    cd /Users/anushka_sharma/Documents/FMS
    
    Signing Identity:     "Sign to Run Locally"
    
    /usr/bin/codesign --force --sign - --timestamp\=none --generate-entitlement-der /Users/anushka_sharma/Library/Developer/Xcode/DerivedData/FMS-cwjlkvbqxgbddsairyzxkfxaxriv/Build/Products/Debug-iphonesimulator/FMS.app/__preview.dylib
/Users/anushka_sharma/Library/Developer/Xcode/DerivedData/FMS-cwjlkvbqxgbddsairyzxkfxaxriv/Build/Products/Debug-iphonesimulator/FMS.app/__preview.dylib: replacing existing signature

CodeSign /Users/anushka_sharma/Library/Developer/Xcode/DerivedData/FMS-cwjlkvbqxgbddsairyzxkfxaxriv/Build/Products/Debug-iphonesimulator/FMS.app (in target 'FMS' from project 'FMS')
    cd /Users/anushka_sharma/Documents/FMS
    
    Signing Identity:     "Sign to Run Locally"
    
    /usr/bin/codesign --force --sign - --timestamp\=none --generate-entitlement-der /Users/anushka_sharma/Library/Developer/Xcode/DerivedData/FMS-cwjlkvbqxgbddsairyzxkfxaxriv/Build/Products/Debug-iphonesimulator/FMS.app

Validate /Users/anushka_sharma/Library/Developer/Xcode/DerivedData/FMS-cwjlkvbqxgbddsairyzxkfxaxriv/Build/Products/Debug-iphonesimulator/FMS.app (in target 'FMS' from project 'FMS')
    cd /Users/anushka_sharma/Documents/FMS
    builtin-validationUtility /Users/anushka_sharma/Library/Developer/Xcode/DerivedData/FMS-cwjlkvbqxgbddsairyzxkfxaxriv/Build/Products/Debug-iphonesimulator/FMS.app -shallow-bundle -infoplist-subpath Info.plist

** BUILD SUCCEEDED **

